Job: id=49630695 array_task=2 node=lrdn4386
Resources: cpus=112 memory=all-node
R script: /work/R/base_sequential_analysis.R
Started: 2026-07-17T17:42:02+02:00
Resource log: /leonardo_work/IscrC_SPECC/logs/resources_49630695_2.txt
[2026-07-17 17:42:07] > options(warn = 1) # stampa i warning quando accadono (non in blocco a fine run)
[2026-07-17 17:42:07] > 
[2026-07-17 17:42:07] > # Global worker count for BIOMOD_Modeling and BIOMOD_Projection. By default it
[2026-07-17 17:42:07] > # follows the CPUs allocated by Slurm; BIOMOD_NCPU can override it for tests.
[2026-07-17 17:42:07] > n_cpu <- suppressWarnings(as.integer(Sys.getenv(
[2026-07-17 17:42:07] +   "BIOMOD_NCPU",
[2026-07-17 17:42:07] +   Sys.getenv("SLURM_CPUS_PER_TASK", "5")
[2026-07-17 17:42:07] + )))
[2026-07-17 17:42:07] > if (is.na(n_cpu) || n_cpu < 1L) {
[2026-07-17 17:42:07] +   stop("BIOMOD_NCPU must be a positive integer")
[2026-07-17 17:42:07] + }
[2026-07-17 17:42:07] > allocated_cpus <- suppressWarnings(as.integer(Sys.getenv("SLURM_CPUS_PER_TASK", "")))
[2026-07-17 17:42:07] > if (!is.na(allocated_cpus) && n_cpu > allocated_cpus) {
[2026-07-17 17:42:07] +   stop("BIOMOD_NCPU cannot exceed SLURM_CPUS_PER_TASK (", allocated_cpus, ")")
[2026-07-17 17:42:07] + }
[2026-07-17 17:42:07] > ensemble_n_cpu <- min(n_cpu, 2L)
[2026-07-17 17:42:07] > cat(
[2026-07-17 17:42:07] +   "DEBUG: BIOMOD workers =", n_cpu,
[2026-07-17 17:42:07] +   "| ensemble workers =", ensemble_n_cpu,
[2026-07-17 17:42:07] +   "| Slurm CPUs =", ifelse(is.na(allocated_cpus), "unknown", allocated_cpus), "\n"
[2026-07-17 17:42:07] + )
[2026-07-17 17:42:07] DEBUG: BIOMOD workers = 112 | ensemble workers = 2 | Slurm CPUs = 112 
[2026-07-17 17:42:07] > 
[2026-07-17 17:42:07] > library(biomod2)
[2026-07-17 17:42:13] biomod2 4.3-4-5 loaded.
[2026-07-17 17:42:13]  /!\ Welcome to augmented biomod2 with abundance modeling available! (*o*)
[2026-07-17 17:42:13]  Take a look at the HOME and NEWS section on the website to see all the features!
[2026-07-17 17:42:13] 
[2026-07-17 17:42:13] Loading required package: nnet
[2026-07-17 17:42:13] Loading required package: rpart
[2026-07-17 17:42:13] Loading required package: cito
[2026-07-17 17:42:13] Warning in library(package, lib.loc = lib.loc, character.only = TRUE, logical.return = TRUE,  :
[2026-07-17 17:42:13]   there is no package called ‘cito’
[2026-07-17 17:42:13] Loading required package: mda
[2026-07-17 17:42:13] Loading required package: class
[2026-07-17 17:42:13] Loaded mda 0.5-5
[2026-07-17 17:42:13] 
[2026-07-17 17:42:13] Loading required package: gam
[2026-07-17 17:42:13] Loading required package: splines
[2026-07-17 17:42:13] Loading required package: foreach
[2026-07-17 17:42:13] Loaded gam 1.22-7
[2026-07-17 17:42:13] 
[2026-07-17 17:42:13] Loading required package: mgcv
[2026-07-17 17:42:13] Loading required package: nlme
[2026-07-17 17:42:13] This is mgcv 1.9-4. For overview type '?mgcv'.
[2026-07-17 17:42:13] 
[2026-07-17 17:42:13] Attaching package: ‘mgcv’
[2026-07-17 17:42:13] 
[2026-07-17 17:42:13] The following objects are masked from ‘package:gam’:
[2026-07-17 17:42:13] 
[2026-07-17 17:42:13]     gam, gam.control, gam.fit, s
[2026-07-17 17:42:13] 
[2026-07-17 17:42:13] The following object is masked from ‘package:nnet’:
[2026-07-17 17:42:13] 
[2026-07-17 17:42:13]     multinom
[2026-07-17 17:42:13] 
[2026-07-17 17:42:13] Loading required package: gbm
[2026-07-17 17:42:13] Loaded gbm 2.2.3
[2026-07-17 17:42:13] This version of gbm is no longer under development. Consider transitioning to gbm3, https://github.com/gbm-developers/gbm3
[2026-07-17 17:42:13] Loading required package: earth
[2026-07-17 17:42:13] Loading required package: Formula
[2026-07-17 17:42:13] Loading required package: plotmo
[2026-07-17 17:42:13] Loading required package: plotrix
[2026-07-17 17:42:13] Loading required package: maxnet
[2026-07-17 17:42:13] Loading required package: randomForest
[2026-07-17 17:42:13] randomForest 4.7-1.2
[2026-07-17 17:42:13] Type rfNews() to see new features/changes/bug fixes.
[2026-07-17 17:42:13] Loading required package: xgboost
[2026-07-17 17:42:14] > library(terra)
[2026-07-17 17:42:14] terra 1.9.11
[2026-07-17 17:42:14] 
[2026-07-17 17:42:14] Attaching package: ‘terra’
[2026-07-17 17:42:14] 
[2026-07-17 17:42:14] The following object is masked from ‘package:plotrix’:
[2026-07-17 17:42:14] 
[2026-07-17 17:42:14]     rescale
[2026-07-17 17:42:14] 
[2026-07-17 17:42:14] > library(gbm)
[2026-07-17 17:42:14] > library(mda)
[2026-07-17 17:42:14] > library(randomForest)
[2026-07-17 17:42:14] > 
[2026-07-17 17:42:14] > # biomod2 registers its own doParallel backend from nb.cpu; an external cluster
[2026-07-17 17:42:14] > # is unnecessary and previously hung inside the Singularity container.
[2026-07-17 17:42:14] > 
[2026-07-17 17:42:14] > root <- normalizePath(".")
[2026-07-17 17:42:14] > in_dir <- file.path(root, "data/input")
[2026-07-17 17:42:14] > out_dir <- Sys.getenv("BIOMOD_OUTPUT_DIR", file.path(root, "data/output"))
[2026-07-17 17:42:14] > dir.create(out_dir, showWarnings = FALSE)
[2026-07-17 17:42:14] > 
[2026-07-17 17:42:14] > ####################################
[2026-07-17 17:42:14] > # loading species occurrences data
[2026-07-17 17:42:14] > ####################################
[2026-07-17 17:42:14] > spocc <- read.csv(file.path(in_dir, "full_1km_EUNIS.csv"), head = TRUE)
[2026-07-17 17:42:22] > spocc <- spocc[, -1] # drop id -> cols: sp_name, x, y, pseudo-absences
[2026-07-17 17:42:22] > spocc$sp_name <- sub(" ", ".", spocc$sp_name)
[2026-07-17 17:42:22] > sp.names <- levels(factor(spocc[, 1]))
[2026-07-17 17:42:22] > num_sp <- length(sp.names)
[2026-07-17 17:42:22] > cat("DEBUG: num_sp =", num_sp, "| total rows =", nrow(spocc), "\n")
[2026-07-17 17:42:22] DEBUG: num_sp = 167 | total rows = 2583359 
[2026-07-17 17:42:22] > 
[2026-07-17 17:42:22] > #####################################
[2026-07-17 17:42:22] > # CALIBRATION environmental data
[2026-07-17 17:42:22] > #####################################
[2026-07-17 17:42:22] > cat("DEBUG: loading calibration rasters...\n")
[2026-07-17 17:42:22] DEBUG: loading calibration rasters...
[2026-07-17 17:42:22] > clim_cal <- rast(dir(file.path(in_dir, "climate_vars/baseline"), full.names = T))
[2026-07-17 17:42:22] > tri_cal <- rast(dir(file.path(in_dir, "TRI_vars"), full.names = T))
[2026-07-17 17:42:22] > soil_cal <- rast(dir(file.path(in_dir, "soil_vars"), full.names = T))
[2026-07-17 17:42:23] > cur_cal <- c(clim_cal, tri_cal, soil_cal)
[2026-07-17 17:42:23] > names(cur_cal) <- c("PC1_clim", "PC2_clim", "tri", "PC1_soil", "PC2_soil")
[2026-07-17 17:42:23] > cat("DEBUG: raster dim =", dim(cur_cal)[1], "x", dim(cur_cal)[2], "| ncell =", ncell(cur_cal), "\n")
[2026-07-17 17:42:23] DEBUG: raster dim = 5873 x 10889 | ncell = 63951097 
[2026-07-17 17:42:23] > 
[2026-07-17 17:42:23] > #####################################
[2026-07-17 17:42:23] > # PROJECTION environmental data
[2026-07-17 17:42:23] > #####################################
[2026-07-17 17:42:23] > # Projection and calibration use the same baseline rasters. Reuse their handles
[2026-07-17 17:42:23] > # instead of loading a second copy into the R process.
[2026-07-17 17:42:23] > cur_proj <- cur_cal
[2026-07-17 17:42:23] > tri_proj <- tri_cal
[2026-07-17 17:42:23] > soil_proj <- soil_cal
[2026-07-17 17:42:23] > 
[2026-07-17 17:42:23] > #####################################
[2026-07-17 17:42:23] > # loading FUTURE list (leaf dirs containing tif)
[2026-07-17 17:42:23] > #####################################
[2026-07-17 17:42:23] > lf <- list.dirs(file.path(in_dir, "climate_vars/future"), full.names = T, recursive = T)[-1]
[2026-07-17 17:42:23] > lf <- lf[sapply(lf, function(d) length(list.files(d, pattern = "\\.tif$")) > 0)]
[2026-07-17 17:42:23] > cat("DEBUG: testing with", length(lf), "future scenarios\n")
[2026-07-17 17:42:23] DEBUG: testing with 8 future scenarios
[2026-07-17 17:42:23] > 
[2026-07-17 17:42:23] > # outputs (biomod2 writes species folders into the working dir)
[2026-07-17 17:42:23] > setwd(out_dir)
[2026-07-17 17:42:23] > 
[2026-07-17 17:42:23] > selModels <- c("GLM", "GBM", "ANN", "FDA", "MAXNET")
[2026-07-17 17:42:23] > 
[2026-07-17 17:42:23] > # One Slurm array task processes exactly one species.
[2026-07-17 17:42:23] > task_id <- suppressWarnings(as.integer(Sys.getenv("SLURM_ARRAY_TASK_ID", "1")))
[2026-07-17 17:42:23] > if (is.na(task_id) || task_id < 1L || task_id > num_sp) {
[2026-07-17 17:42:23] +   stop("SLURM_ARRAY_TASK_ID must be between 1 and ", num_sp)
[2026-07-17 17:42:23] + }
[2026-07-17 17:42:23] > species_name <- sp.names[[task_id]]
[2026-07-17 17:42:23] > spocc1 <- spocc[spocc[, 1] == species_name, , drop = FALSE]
[2026-07-17 17:42:23] > cat(
[2026-07-17 17:42:23] +   "DEBUG: array task", task_id,
[2026-07-17 17:42:23] +   "-> species =", species_name,
[2026-07-17 17:42:23] +   "| occurrences =", nrow(spocc1), "\n"
[2026-07-17 17:42:23] + )
[2026-07-17 17:42:23] DEBUG: array task 2 -> species = Achillea.clusiana | occurrences = 174 
[2026-07-17 17:42:23] > 
[2026-07-17 17:42:23] > # The full occurrence table is no longer needed by this isolated species task.
[2026-07-17 17:42:23] > rm(spocc)
[2026-07-17 17:42:23] > gc(verbose = FALSE)
[2026-07-17 17:42:23]           used  (Mb) gc trigger  (Mb) max used  (Mb)
[2026-07-17 17:42:23] Ncells 3150309 168.3    9577168 511.5  6188289 330.5
[2026-07-17 17:42:23] Vcells 6882492  52.6   40574414 309.6 50350179 384.2
[2026-07-17 17:42:23] > 
[2026-07-17 17:42:23] > # Per-species cleanup is safe when different array tasks process distinct species.
[2026-07-17 17:42:23] > species_dir <- file.path(out_dir, species_name)
[2026-07-17 17:42:23] > unlink(species_dir, recursive = TRUE)
[2026-07-17 17:42:23] > 
[2026-07-17 17:42:23] > ###########################################################################
[2026-07-17 17:42:23] > ######################     CALIBRATION ON EUROPE      #####################
[2026-07-17 17:42:23] > ###########################################################################
[2026-07-17 17:42:23] > 
[2026-07-17 17:42:23] > start.time <- Sys.time()
[2026-07-17 17:42:23] > myRespName <- species_name
[2026-07-17 17:42:23] > myRespXY <- spocc1[, 2:3] # coordinates of points
[2026-07-17 17:42:23] > myResp <- rep(1, nrow(spocc1)) # species occurences
[2026-07-17 17:42:23] > 
[2026-07-17 17:42:23] > cat("DEBUG: starting BIOMOD_FormatingData at", format(Sys.time(), "%H:%M:%S"), "\n")
[2026-07-17 17:42:23] DEBUG: starting BIOMOD_FormatingData at 17:42:23 
[2026-07-17 17:42:23] > flush.console()
[2026-07-17 17:42:23] > 
[2026-07-17 17:42:23] > # 1. Formatting Data (5 sets of pseudo-absences, 10000 absences each, random strategy)
[2026-07-17 17:42:23] > # resp è la distribuzione della specie
[2026-07-17 17:42:23] > # expl sono le variabili che vanno a spiegare la distribuzione della specie (spiegano la resp) (caldo, freddo, neve, etc)
[2026-07-17 17:42:23] > 
[2026-07-17 17:42:23] > myBiomodData <- BIOMOD_FormatingData(
[2026-07-17 17:42:23] +   resp.var = myResp, # response variable
[2026-07-17 17:42:23] +   expl.var = cur_cal, # explenatory variable
[2026-07-17 17:42:23] +   resp.xy = myRespXY, # longitude and latitude of species occurrences
[2026-07-17 17:42:23] +   resp.name = myRespName,
[2026-07-17 17:42:23] +   PA.nb.rep = 5, # value used by the original analysis
[2026-07-17 17:42:23] +   PA.nb.absences = 10000, # production value (was toy 10); grows modeling only, projection unchanged
[2026-07-17 17:42:23] +   PA.strategy = "random",
[2026-07-17 17:42:23] +   na.rm = TRUE,
[2026-07-17 17:42:23] +   filter.raster = F # se la response var deve essere filtrata (se troppi punti vanno nella stessa cella), se true si rischia di andare a sovrastimare (overfitting)
[2026-07-17 17:42:23] + )
[2026-07-17 17:42:23] 
[2026-07-17 17:42:23] -=-=-=-=-=-=-=-=-=-=-=-= Achillea.clusiana Data Formating -=-=-=-=-=-=-=-=-=-=-=-=
[2026-07-17 17:42:23] 
[2026-07-17 17:42:23] 
[2026-07-17 17:42:23] Checking Pseudo-absence selection arguments...
[2026-07-17 17:42:23] 
[2026-07-17 17:42:23]    > random pseudo absences selection
[2026-07-17 18:58:49]    > Pseudo absences are selected in explanatory variables
[2026-07-17 18:59:02] 
[2026-07-17 18:59:02] -=-=-=-=-=-=-=-=-=-=-=-=-=-=-=-=-=-= Done -=-=-=-=-=-=-=-=-=-=-=-=-=-=-=-=-=-=
[2026-07-17 18:59:02] > 
[2026-07-17 18:59:02] > cat("DEBUG: BIOMOD_FormatingData done at", format(Sys.time(), "%H:%M:%S"), "\n")
[2026-07-17 18:59:02] DEBUG: BIOMOD_FormatingData done at 18:59:02 
[2026-07-17 18:59:02] > end.time <- Sys.time()
[2026-07-17 18:59:02] > time.formating <- end.time - start.time
[2026-07-17 18:59:02] > 
[2026-07-17 18:59:02] > start.time <- Sys.time()
[2026-07-17 18:59:02] > # 2. Defining Models Options (bigboss preset)
[2026-07-17 18:59:02] > opt.b <- bm_ModelingOptions(
[2026-07-17 18:59:02] +   data.type = "binary",
[2026-07-17 18:59:02] +   models = selModels,
[2026-07-17 18:59:02] +   strategy = "bigboss", # statistic method, parametri definiti dal team di biomod2, strategia già definita, parametri ottimali, ps: non sono quelli di default, sono quelli ottimali
[2026-07-17 18:59:02] +   bm.format = myBiomodData
[2026-07-17 18:59:02] + )
[2026-07-17 18:59:02] 
[2026-07-17 18:59:02] -=-=-=-=-=-=-=-=-=-=-=-=-=-= Build Modeling Options -=-=-=-=-=-=-=-=-=-=-=-=-=-=
[2026-07-17 18:59:02] 
[2026-07-17 18:59:03] 	>  GLM options ( datatype: binary , package: stats , function: glm )...
[2026-07-17 18:59:03] 	>  GBM options ( datatype: binary , package: gbm , function: gbm )...
[2026-07-17 18:59:03] 	>  ANN options ( datatype: binary , package: nnet , function: nnet )...
[2026-07-17 18:59:03] 	>  FDA options ( datatype: binary , package: mda , function: fda )...
[2026-07-17 18:59:03] 	>  MAXNET options ( datatype: binary , package: maxnet , function: maxnet )...
[2026-07-17 18:59:03] 
[2026-07-17 18:59:03] -=-=-=-=-=-=-=-=-=-=-=-=-=-=-=-=-=-= Done -=-=-=-=-=-=-=-=-=-=-=-=-=-=-=-=-=-=
[2026-07-17 18:59:03] > 
[2026-07-17 18:59:03] > # 3. Computing the models
[2026-07-17 18:59:03] > myBiomodModelOut <- BIOMOD_Modeling(
[2026-07-17 18:59:03] +   myBiomodData,
[2026-07-17 18:59:03] +   models = selModels,
[2026-07-17 18:59:03] +   CV.strategy = "random",
[2026-07-17 18:59:03] +   CV.nb.rep = 5, # number of repetitions for cross validation, in order to validate the performance of the single model/algorithm
[2026-07-17 18:59:03] +   CV.perc = 0.7, # valuta sul 70% dei dati e anche per calibrarsi (training) e testa querllo che ha imparato sul 30% dei dati, e va a fare un cross validation per vedere quanto è stato performante il modello rispetto al testing
[2026-07-17 18:59:03] +   OPT.strategy = "bigboss",
[2026-07-17 18:59:03] +   metric.eval = c("TSS", "AUCroc", "KAPPA", "POD", "FAR"),
[2026-07-17 18:59:03] +   scale.models = FALSE, # default, chiede se tutte le proiezioni debbano essere scalate in binomiale (TODO check if we can delete this param, as it is default false)
[2026-07-17 18:59:03] +   CV.do.full.models = FALSE, # default a false, chiede se venga fatta calibrazione e valutazione anche sulle pseudo-assenze
[2026-07-17 18:59:03] +   nb.cpu = n_cpu,
[2026-07-17 18:59:03] +   do.progress = T
[2026-07-17 18:59:03] + )
[2026-07-17 18:59:03] 
[2026-07-17 18:59:03] -=-=-=-=-=-=-=-=-=-=-=-=-=-=-= Build Single Models -=-=-=-=-=-=-=-=-=-=-=-=-=-=-=
[2026-07-17 18:59:03] 
[2026-07-17 18:59:03] 
[2026-07-17 18:59:03] Checking Models arguments...
[2026-07-17 18:59:03] 
[2026-07-17 18:59:03] 	> Automatic weights creation to rise a 0.5 prevalence
[2026-07-17 18:59:03] Creating suitable Workdir...
[2026-07-17 18:59:05] 
[2026-07-17 18:59:05] 
[2026-07-17 18:59:05] Checking Cross-Validation arguments...
[2026-07-17 18:59:05] 
[2026-07-17 18:59:05]    > Random cross-validation selection
[2026-07-17 18:59:05] 
[2026-07-17 18:59:05] -=-=-=-=-=-=-=-=-=-=-=-=-=-= Build Modeling Options -=-=-=-=-=-=-=-=-=-=-=-=-=-=
[2026-07-17 18:59:05] 
[2026-07-17 18:59:05] 	>  GLM options ( datatype: binary , package: stats , function: glm )...
[2026-07-17 18:59:05] 	>  GBM options ( datatype: binary , package: gbm , function: gbm )...
[2026-07-17 18:59:05] 	>  ANN options ( datatype: binary , package: nnet , function: nnet )...
[2026-07-17 18:59:05] 	>  FDA options ( datatype: binary , package: mda , function: fda )...
[2026-07-17 18:59:05] 	>  MAXNET options ( datatype: binary , package: maxnet , function: maxnet )...
[2026-07-17 18:59:05] 
[2026-07-17 18:59:05] -=-=-=-=-=-=-=-=-=-=-=-=-=-=-=-=-=-= Done -=-=-=-=-=-=-=-=-=-=-=-=-=-=-=-=-=-=
[2026-07-17 18:59:05] 
[2026-07-17 18:59:05] 
[2026-07-17 18:59:05] 
[2026-07-17 18:59:05] -=-=-=-=-=-=-=-=-=-=-= Achillea.clusiana Modeling Summary -=-=-=-=-=-=-=-=-=-=-=
[2026-07-17 18:59:05] 
[2026-07-17 18:59:05] > 5 environmental variables ( PC1_clim PC2_clim tri PC1_soil PC2_soil )
[2026-07-17 18:59:05] 
[2026-07-17 18:59:05] > Number of PA datasets : 5
[2026-07-17 18:59:05] 
[2026-07-17 18:59:05] > Number of calibration/validation splits : 5
[2026-07-17 18:59:05] 
[2026-07-17 18:59:05] > Algorithms selected : GLM GBM ANN FDA MAXNET
[2026-07-17 18:59:05]  25 models for each algorithm
[2026-07-17 18:59:05] 
[2026-07-17 18:59:05] Total number of model runs: 125 
[2026-07-17 18:59:05] 
[2026-07-17 18:59:05] -=-=-=-=-=-=-=-=-=-=-=-=-=-=-=-=-=-=-=-=-=-=-=-=-=-=-=-=-=-=-=-=-=-=-=-=-=-=-=-=
[2026-07-17 18:59:06] 
[2026-07-17 18:59:06] 
[2026-07-17 18:59:06] -=-=-=--=-=-=- Achillea.clusiana_PA1_RUN1_GLM 
[2026-07-17 18:59:06] 
[2026-07-17 18:59:06] 
[2026-07-17 18:59:06] -=-=-=--=-=-=- Achillea.clusiana_PA1_RUN1_GBM 
[2026-07-17 18:59:06] 
[2026-07-17 18:59:06] 
[2026-07-17 18:59:06] -=-=-=--=-=-=- Achillea.clusiana_PA1_RUN1_ANN 
[2026-07-17 18:59:06] CV: 1 
[2026-07-17 18:59:06] 
[2026-07-17 18:59:06] 
[2026-07-17 18:59:06] -=-=-=--=-=-=- Achillea.clusiana_PA1_RUN1_FDA 
[2026-07-17 18:59:06] 
[2026-07-17 18:59:06] 
[2026-07-17 18:59:06] -=-=-=--=-=-=- Achillea.clusiana_PA1_RUN1_MAXNET 
[2026-07-17 18:59:06] Warning: glm.fit: fitted probabilities numerically 0 or 1 occurred
[2026-07-17 18:59:06] 
[2026-07-17 18:59:06] 
[2026-07-17 18:59:06] -=-=-=--=-=-=- Achillea.clusiana_PA1_RUN2_GLM 
[2026-07-17 18:59:06] 
[2026-07-17 18:59:06] 	Evaluating Model stuff...
[2026-07-17 18:59:06] 
[2026-07-17 18:59:06] -=-=-=--=-=-=- Achillea.clusiana_PA1_RUN2_GBM 
[2026-07-17 18:59:06] CV: 1 
[2026-07-17 18:59:06] 
[2026-07-17 18:59:06] 
[2026-07-17 18:59:06] -=-=-=--=-=-=- Achillea.clusiana_PA1_RUN2_ANN 
[2026-07-17 18:59:06] 
[2026-07-17 18:59:06] 
[2026-07-17 18:59:06] -=-=-=--=-=-=- Achillea.clusiana_PA1_RUN2_FDA 
[2026-07-17 18:59:06] 
[2026-07-17 18:59:06] 
[2026-07-17 18:59:06] -=-=-=--=-=-=- Achillea.clusiana_PA1_RUN2_MAXNET 
[2026-07-17 18:59:06] Warning: glm.fit: fitted probabilities numerically 0 or 1 occurred
[2026-07-17 18:59:06] 
[2026-07-17 18:59:06] 
[2026-07-17 18:59:06] -=-=-=--=-=-=- Achillea.clusiana_PA1_RUN3_GLM 
[2026-07-17 18:59:06] 
[2026-07-17 18:59:06] 	Evaluating Model stuff...
[2026-07-17 18:59:06] 
[2026-07-17 18:59:06] -=-=-=--=-=-=- Achillea.clusiana_PA1_RUN3_GBM 
[2026-07-17 18:59:06] CV: 1 
[2026-07-17 18:59:06] 
[2026-07-17 18:59:06] 
[2026-07-17 18:59:06] -=-=-=--=-=-=- Achillea.clusiana_PA1_RUN3_ANN 
[2026-07-17 18:59:06] 
[2026-07-17 18:59:06] 	Model scaling...
[2026-07-17 18:59:06] 
[2026-07-17 18:59:06] -=-=-=--=-=-=- Achillea.clusiana_PA1_RUN3_FDA 
[2026-07-17 18:59:06] 
[2026-07-17 18:59:06] 
[2026-07-17 18:59:06] -=-=-=--=-=-=- Achillea.clusiana_PA1_RUN3_MAXNET 
[2026-07-17 18:59:06] Warning: glm.fit: fitted probabilities numerically 0 or 1 occurred
[2026-07-17 18:59:06] 
[2026-07-17 18:59:06] 
[2026-07-17 18:59:06] -=-=-=--=-=-=- Achillea.clusiana_PA1_RUN4_GLM 
[2026-07-17 18:59:06] 
[2026-07-17 18:59:06] 	Evaluating Model stuff...
[2026-07-17 18:59:06] 	Model scaling...
[2026-07-17 18:59:06] 
[2026-07-17 18:59:06] -=-=-=--=-=-=- Achillea.clusiana_PA1_RUN4_GBM 
[2026-07-17 18:59:06] CV: 1 
[2026-07-17 18:59:06] 
[2026-07-17 18:59:06] 
[2026-07-17 18:59:06] -=-=-=--=-=-=- Achillea.clusiana_PA1_RUN4_ANN 
[2026-07-17 18:59:06] Warning: glm.fit: algorithm did not converge
[2026-07-17 18:59:06] Warning: glm.fit: fitted probabilities numerically 0 or 1 occurred
[2026-07-17 18:59:06] 
[2026-07-17 18:59:06] 
[2026-07-17 18:59:06] -=-=-=--=-=-=- Achillea.clusiana_PA1_RUN4_FDA 
[2026-07-17 18:59:06] Warning: glm.fit: fitted probabilities numerically 0 or 1 occurred
[2026-07-17 18:59:06] 
[2026-07-17 18:59:06] 
[2026-07-17 18:59:06] -=-=-=--=-=-=- Achillea.clusiana_PA1_RUN4_MAXNET 
[2026-07-17 18:59:06] 
[2026-07-17 18:59:06] 	Evaluating Model stuff...
[2026-07-17 18:59:06] 	Model scaling...
[2026-07-17 18:59:06] 
[2026-07-17 18:59:06] -=-=-=--=-=-=- Achillea.clusiana_PA1_RUN5_GLM 
[2026-07-17 18:59:06] Warning: glm.fit: algorithm did not converge
[2026-07-17 18:59:06] Warning: glm.fit: fitted probabilities numerically 0 or 1 occurred
[2026-07-17 18:59:06] 
[2026-07-17 18:59:06] 	Evaluating Model stuff...
[2026-07-17 18:59:06] 
[2026-07-17 18:59:06] -=-=-=--=-=-=- Achillea.clusiana_PA1_RUN5_GBM 
[2026-07-17 18:59:06] CV: 1 
[2026-07-17 18:59:06] 
[2026-07-17 18:59:06] 
[2026-07-17 18:59:06] -=-=-=--=-=-=- Achillea.clusiana_PA1_RUN5_ANN 
[2026-07-17 18:59:06] 
[2026-07-17 18:59:06] 
[2026-07-17 18:59:06] -=-=-=--=-=-=- Achillea.clusiana_PA1_RUN5_FDA 
[2026-07-17 18:59:06] Warning: glm.fit: fitted probabilities numerically 0 or 1 occurred
[2026-07-17 18:59:06] 
[2026-07-17 18:59:06] 	Evaluating Model stuff...
[2026-07-17 18:59:06] 
[2026-07-17 18:59:06] -=-=-=--=-=-=- Achillea.clusiana_PA1_RUN5_MAXNET 
[2026-07-17 18:59:06] 
[2026-07-17 18:59:06] 	Model scaling...
[2026-07-17 18:59:06] 	Evaluating Model stuff...Warning: glm.fit: algorithm did not converge
[2026-07-17 18:59:06] Warning: glm.fit: fitted probabilities numerically 0 or 1 occurred
[2026-07-17 18:59:06] 
[2026-07-17 18:59:06] 
[2026-07-17 18:59:06] -=-=-=--=-=-=- Achillea.clusiana_PA2_RUN1_GLM 
[2026-07-17 18:59:06] 
[2026-07-17 18:59:06] 
[2026-07-17 18:59:06] -=-=-=--=-=-=- Achillea.clusiana_PA2_RUN1_GBM 
[2026-07-17 18:59:06] 
[2026-07-17 18:59:06] 	Model scaling...
[2026-07-17 18:59:06] 	Model scaling...CV: 1 
[2026-07-17 18:59:06] 
[2026-07-17 18:59:06] 
[2026-07-17 18:59:06] -=-=-=--=-=-=- Achillea.clusiana_PA2_RUN1_ANN 
[2026-07-17 18:59:06] 
[2026-07-17 18:59:06] 	Evaluating Model stuff...
[2026-07-17 18:59:06] 
[2026-07-17 18:59:06] -=-=-=--=-=-=- Achillea.clusiana_PA2_RUN1_FDA 
[2026-07-17 18:59:06] 
[2026-07-17 18:59:06] 	Model scaling...Warning: glm.fit: fitted probabilities numerically 0 or 1 occurred
[2026-07-17 18:59:06] 
[2026-07-17 18:59:06] 
[2026-07-17 18:59:06] -=-=-=--=-=-=- Achillea.clusiana_PA2_RUN1_MAXNET 
[2026-07-17 18:59:06] Warning: glm.fit: algorithm did not converge
[2026-07-17 18:59:06] Warning: glm.fit: fitted probabilities numerically 0 or 1 occurred
[2026-07-17 18:59:06] 
[2026-07-17 18:59:06] 	Model scaling...
[2026-07-17 18:59:06] 	Evaluating Model stuff...
[2026-07-17 18:59:06] 	Evaluating Model stuff...
[2026-07-17 18:59:06] 	Evaluating Model stuff...
[2026-07-17 18:59:06] 
[2026-07-17 18:59:06] -=-=-=--=-=-=- Achillea.clusiana_PA2_RUN2_GLM 
[2026-07-17 18:59:06] Warning: glm.fit: fitted probabilities numerically 0 or 1 occurred
[2026-07-17 18:59:06] 
[2026-07-17 18:59:06] 
[2026-07-17 18:59:06] -=-=-=--=-=-=- Achillea.clusiana_PA2_RUN2_GBM 
[2026-07-17 18:59:06] 
[2026-07-17 18:59:06] 	Evaluating Model stuff...CV: 1 
[2026-07-17 18:59:06] 
[2026-07-17 18:59:06] 
[2026-07-17 18:59:06] -=-=-=--=-=-=- Achillea.clusiana_PA2_RUN2_ANN 
[2026-07-17 18:59:06] 
[2026-07-17 18:59:06] 	Evaluating Model stuff...
[2026-07-17 18:59:06] 
[2026-07-17 18:59:06] -=-=-=--=-=-=- Achillea.clusiana_PA2_RUN2_FDA 
[2026-07-17 18:59:06] Warning: glm.fit: fitted probabilities numerically 0 or 1 occurred
[2026-07-17 18:59:06] 
[2026-07-17 18:59:06] 
[2026-07-17 18:59:06] -=-=-=--=-=-=- Achillea.clusiana_PA2_RUN2_MAXNET 
[2026-07-17 18:59:06] Warning: glm.fit: algorithm did not converge
[2026-07-17 18:59:06] Warning: glm.fit: fitted probabilities numerically 0 or 1 occurred
[2026-07-17 18:59:06] 
[2026-07-17 18:59:06] 	Evaluating Model stuff...
[2026-07-17 18:59:06] 	Model scaling...
[2026-07-17 18:59:06] 
[2026-07-17 18:59:06] -=-=-=--=-=-=- Achillea.clusiana_PA2_RUN3_GLM 
[2026-07-17 18:59:06] 
[2026-07-17 18:59:06] 	Model scaling...
[2026-07-17 18:59:06] 
[2026-07-17 18:59:06] -=-=-=--=-=-=- Achillea.clusiana_PA2_RUN3_GBM 
[2026-07-17 18:59:06] CV: 1 
[2026-07-17 18:59:06] 
[2026-07-17 18:59:06] 	Evaluating Model stuff...
[2026-07-17 18:59:06] 
[2026-07-17 18:59:06] -=-=-=--=-=-=- Achillea.clusiana_PA2_RUN3_ANN 
[2026-07-17 18:59:06] 
[2026-07-17 18:59:06] 
[2026-07-17 18:59:06] -=-=-=--=-=-=- Achillea.clusiana_PA2_RUN3_FDA 
[2026-07-17 18:59:06] Warning: glm.fit: fitted probabilities numerically 0 or 1 occurred
[2026-07-17 18:59:06] Warning: glm.fit: algorithm did not converge
[2026-07-17 18:59:06] Warning: glm.fit: fitted probabilities numerically 0 or 1 occurred
[2026-07-17 18:59:06] 
[2026-07-17 18:59:06] 
[2026-07-17 18:59:06] -=-=-=--=-=-=- Achillea.clusiana_PA2_RUN3_MAXNET 
[2026-07-17 18:59:06] 
[2026-07-17 18:59:06] 	Model scaling...
[2026-07-17 18:59:06] 	Evaluating Model stuff...
[2026-07-17 18:59:06] 	Evaluating Model stuff...
[2026-07-17 18:59:06] 	Model scaling...
[2026-07-17 18:59:06] 
[2026-07-17 18:59:06] -=-=-=--=-=-=- Achillea.clusiana_PA2_RUN4_GLM 
[2026-07-17 18:59:06] 
[2026-07-17 18:59:06] 
[2026-07-17 18:59:06] -=-=-=--=-=-=- Achillea.clusiana_PA2_RUN4_GBM 
[2026-07-17 18:59:06] 
[2026-07-17 18:59:06] 	Evaluating Model stuff...CV: 1 
[2026-07-17 18:59:06] 
[2026-07-17 18:59:06] 
[2026-07-17 18:59:06] -=-=-=--=-=-=- Achillea.clusiana_PA2_RUN4_ANN 
[2026-07-17 18:59:06] Warning: glm.fit: fitted probabilities numerically 0 or 1 occurred
[2026-07-17 18:59:06] 
[2026-07-17 18:59:06] 
[2026-07-17 18:59:06] -=-=-=--=-=-=- Achillea.clusiana_PA2_RUN4_FDA 
[2026-07-17 18:59:06] Warning: glm.fit: fitted probabilities numerically 0 or 1 occurred
[2026-07-17 18:59:06] 
[2026-07-17 18:59:06] 	Evaluating Model stuff...Warning: glm.fit: algorithm did not converge
[2026-07-17 18:59:06] Warning: glm.fit: fitted probabilities numerically 0 or 1 occurred
[2026-07-17 18:59:06] 
[2026-07-17 18:59:06] 	Model scaling...
[2026-07-17 18:59:06] 	Evaluating Model stuff...
[2026-07-17 18:59:06] 	Model scaling...
[2026-07-17 18:59:06] 
[2026-07-17 18:59:06] -=-=-=--=-=-=- Achillea.clusiana_PA2_RUN4_MAXNET 
[2026-07-17 18:59:06] 
[2026-07-17 18:59:06] 
[2026-07-17 18:59:06] -=-=-=--=-=-=- Achillea.clusiana_PA2_RUN5_GLM 
[2026-07-17 18:59:06] 
[2026-07-17 18:59:06] 
[2026-07-17 18:59:06] -=-=-=--=-=-=- Achillea.clusiana_PA2_RUN5_GBM 
[2026-07-17 18:59:06] 
[2026-07-17 18:59:06] 	Evaluating Model stuff...CV: 1 
[2026-07-17 18:59:06] 
[2026-07-17 18:59:06] 	Evaluating Model stuff...
[2026-07-17 18:59:06] 
[2026-07-17 18:59:06] -=-=-=--=-=-=- Achillea.clusiana_PA2_RUN5_ANN 
[2026-07-17 18:59:06] 
[2026-07-17 18:59:06] 
[2026-07-17 18:59:06] -=-=-=--=-=-=- Achillea.clusiana_PA2_RUN5_FDA 
[2026-07-17 18:59:06] Warning: glm.fit: fitted probabilities numerically 0 or 1 occurred
[2026-07-17 18:59:06] Warning: glm.fit: algorithm did not converge
[2026-07-17 18:59:06] Warning: glm.fit: fitted probabilities numerically 0 or 1 occurred
[2026-07-17 18:59:06] 
[2026-07-17 18:59:06] 	Model scaling...
[2026-07-17 18:59:06] 
[2026-07-17 18:59:06] -=-=-=--=-=-=- Achillea.clusiana_PA2_RUN5_MAXNET 
[2026-07-17 18:59:06] 
[2026-07-17 18:59:06] 	Evaluating Model stuff...
[2026-07-17 18:59:06] 
[2026-07-17 18:59:06] -=-=-=--=-=-=- Achillea.clusiana_PA3_RUN1_GLM 
[2026-07-17 18:59:06] 
[2026-07-17 18:59:06] 
[2026-07-17 18:59:06] -=-=-=--=-=-=- Achillea.clusiana_PA3_RUN1_GBM 
[2026-07-17 18:59:06] 
[2026-07-17 18:59:06] 	Model scaling...
[2026-07-17 18:59:06] 	Evaluating Model stuff...CV: 1 
[2026-07-17 18:59:06] 
[2026-07-17 18:59:06] 
[2026-07-17 18:59:06] -=-=-=--=-=-=- Achillea.clusiana_PA3_RUN1_ANN 
[2026-07-17 18:59:06] 
[2026-07-17 18:59:06] 	Model scaling...
[2026-07-17 18:59:06] 
[2026-07-17 18:59:06] -=-=-=--=-=-=- Achillea.clusiana_PA3_RUN1_FDA 
[2026-07-17 18:59:06] Warning: glm.fit: algorithm did not converge
[2026-07-17 18:59:06] Warning: glm.fit: fitted probabilities numerically 0 or 1 occurred
[2026-07-17 18:59:06] Warning: glm.fit: fitted probabilities numerically 0 or 1 occurred
[2026-07-17 18:59:06] 
[2026-07-17 18:59:06] 	Model scaling...
[2026-07-17 18:59:06] 	Evaluating Model stuff...Warning: glm.fit: fitted probabilities numerically 0 or 1 occurred
[2026-07-17 18:59:06] 
[2026-07-17 18:59:06] 
[2026-07-17 18:59:06] -=-=-=--=-=-=- Achillea.clusiana_PA3_RUN1_MAXNET 
[2026-07-17 18:59:06] 
[2026-07-17 18:59:06] 	Evaluating Model stuff...
[2026-07-17 18:59:06] 
[2026-07-17 18:59:06] -=-=-=--=-=-=- Achillea.clusiana_PA3_RUN2_GLM 
[2026-07-17 18:59:06] 
[2026-07-17 18:59:06] 	Evaluating Model stuff...
[2026-07-17 18:59:06] 	Evaluating Model stuff...
[2026-07-17 18:59:06] 
[2026-07-17 18:59:06] -=-=-=--=-=-=- Achillea.clusiana_PA3_RUN2_GBM 
[2026-07-17 18:59:07] CV: 1 
[2026-07-17 18:59:07] 
[2026-07-17 18:59:07] 
[2026-07-17 18:59:07] -=-=-=--=-=-=- Achillea.clusiana_PA3_RUN2_ANN 
[2026-07-17 18:59:07] 
[2026-07-17 18:59:07] 
[2026-07-17 18:59:07] -=-=-=--=-=-=- Achillea.clusiana_PA3_RUN2_FDA 
[2026-07-17 18:59:07] Warning: glm.fit: fitted probabilities numerically 0 or 1 occurred
[2026-07-17 18:59:07] Warning: glm.fit: algorithm did not converge
[2026-07-17 18:59:07] Warning: glm.fit: fitted probabilities numerically 0 or 1 occurred
[2026-07-17 18:59:07] 
[2026-07-17 18:59:07] 	Model scaling...
[2026-07-17 18:59:07] 	Evaluating Model stuff...
[2026-07-17 18:59:07] 
[2026-07-17 18:59:07] -=-=-=--=-=-=- Achillea.clusiana_PA3_RUN2_MAXNET 
[2026-07-17 18:59:07] 
[2026-07-17 18:59:07] 
[2026-07-17 18:59:07] -=-=-=--=-=-=- Achillea.clusiana_PA3_RUN3_GLM 
[2026-07-17 18:59:07] 
[2026-07-17 18:59:07] 
[2026-07-17 18:59:07] -=-=-=--=-=-=- Achillea.clusiana_PA3_RUN3_GBM 
[2026-07-17 18:59:07] 
[2026-07-17 18:59:07] 	Evaluating Model stuff...
[2026-07-17 18:59:07] 	Model scaling...CV: 1 
[2026-07-17 18:59:07] 
[2026-07-17 18:59:07] 
[2026-07-17 18:59:07] -=-=-=--=-=-=- Achillea.clusiana_PA3_RUN3_ANN 
[2026-07-17 18:59:07] 
[2026-07-17 18:59:07] 
[2026-07-17 18:59:07] -=-=-=--=-=-=- Achillea.clusiana_PA3_RUN3_FDA 
[2026-07-17 18:59:07] Warning: glm.fit: fitted probabilities numerically 0 or 1 occurred
[2026-07-17 18:59:07] Warning: glm.fit: algorithm did not converge
[2026-07-17 18:59:07] Warning: glm.fit: fitted probabilities numerically 0 or 1 occurred
[2026-07-17 18:59:07] 
[2026-07-17 18:59:07] 	Model scaling...
[2026-07-17 18:59:07] 
[2026-07-17 18:59:07] -=-=-=--=-=-=- Achillea.clusiana_PA3_RUN3_MAXNET 
[2026-07-17 18:59:07] 
[2026-07-17 18:59:07] 	Evaluating Model stuff...Warning: glm.fit: fitted probabilities numerically 0 or 1 occurred
[2026-07-17 18:59:07] 
[2026-07-17 18:59:07] 	Model scaling...
[2026-07-17 18:59:07] 
[2026-07-17 18:59:07] -=-=-=--=-=-=- Achillea.clusiana_PA3_RUN4_GLM 
[2026-07-17 18:59:07] 
[2026-07-17 18:59:07] 	Evaluating Model stuff...
[2026-07-17 18:59:07] 
[2026-07-17 18:59:07] -=-=-=--=-=-=- Achillea.clusiana_PA3_RUN4_GBM 
[2026-07-17 18:59:07] 
[2026-07-17 18:59:07] 	Evaluating Model stuff...Warning: glm.fit: fitted probabilities numerically 0 or 1 occurred
[2026-07-17 18:59:07] CV: 1 
[2026-07-17 18:59:07] 
[2026-07-17 18:59:07] 
[2026-07-17 18:59:07] -=-=-=--=-=-=- Achillea.clusiana_PA3_RUN4_ANN 
[2026-07-17 18:59:07] 
[2026-07-17 18:59:07] 	Model scaling...
[2026-07-17 18:59:07] 
[2026-07-17 18:59:07] -=-=-=--=-=-=- Achillea.clusiana_PA3_RUN4_FDA 
[2026-07-17 18:59:07] Warning: glm.fit: fitted probabilities numerically 0 or 1 occurred
[2026-07-17 18:59:07] 
[2026-07-17 18:59:07] 	Evaluating Model stuff...
[2026-07-17 18:59:07] 	Model scaling...
[2026-07-17 18:59:07] 	Evaluating Model stuff...
[2026-07-17 18:59:07] 
[2026-07-17 18:59:07] -=-=-=--=-=-=- Achillea.clusiana_PA3_RUN4_MAXNET 
[2026-07-17 18:59:07] 
[2026-07-17 18:59:07] 
[2026-07-17 18:59:07] -=-=-=--=-=-=- Achillea.clusiana_PA5_RUN3_ANN 
[2026-07-17 18:59:07] 
[2026-07-17 18:59:07] 	Evaluating Model stuff...
[2026-07-17 18:59:07] 
[2026-07-17 18:59:07] -=-=-=--=-=-=- Achillea.clusiana_PA3_RUN5_GLM 
[2026-07-17 18:59:07] 
[2026-07-17 18:59:07] 	Evaluating Model stuff...
[2026-07-17 18:59:07] 
[2026-07-17 18:59:07] -=-=-=--=-=-=- Achillea.clusiana_PA3_RUN5_GBM 
[2026-07-17 18:59:07] Warning: glm.fit: fitted probabilities numerically 0 or 1 occurred
[2026-07-17 18:59:07] CV: 1 
[2026-07-17 18:59:07] 
[2026-07-17 18:59:07] 
[2026-07-17 18:59:07] -=-=-=--=-=-=- Achillea.clusiana_PA3_RUN5_ANN 
[2026-07-17 18:59:07] 
[2026-07-17 18:59:07] 
[2026-07-17 18:59:07] -=-=-=--=-=-=- Achillea.clusiana_PA5_RUN4_ANN 
[2026-07-17 18:59:07] 
[2026-07-17 18:59:07] 	Model scaling...
[2026-07-17 18:59:07] 
[2026-07-17 18:59:07] -=-=-=--=-=-=- Achillea.clusiana_PA3_RUN5_FDA 
[2026-07-17 18:59:07] Warning: glm.fit: fitted probabilities numerically 0 or 1 occurred
[2026-07-17 18:59:07] 
[2026-07-17 18:59:07] 	Model scaling...
[2026-07-17 18:59:07] 
[2026-07-17 18:59:07] -=-=-=--=-=-=- Achillea.clusiana_PA3_RUN5_MAXNET 
[2026-07-17 18:59:07] 
[2026-07-17 18:59:07] 	Evaluating Model stuff...
[2026-07-17 18:59:07] 	Evaluating Model stuff...
[2026-07-17 18:59:07] 
[2026-07-17 18:59:07] -=-=-=--=-=-=- Achillea.clusiana_PA4_RUN1_GLM 
[2026-07-17 18:59:07] 
[2026-07-17 18:59:07] 
[2026-07-17 18:59:07] -=-=-=--=-=-=- Achillea.clusiana_PA5_RUN5_ANN 
[2026-07-17 18:59:07] 
[2026-07-17 18:59:07] 
[2026-07-17 18:59:07] -=-=-=--=-=-=- Achillea.clusiana_PA4_RUN1_GBM 
[2026-07-17 18:59:07] 
[2026-07-17 18:59:07] 	Evaluating Model stuff...CV: 1 
[2026-07-17 18:59:07] 
[2026-07-17 18:59:07] 
[2026-07-17 18:59:07] -=-=-=--=-=-=- Achillea.clusiana_PA4_RUN1_ANN 
[2026-07-17 18:59:07] 
[2026-07-17 18:59:07] 
[2026-07-17 18:59:07] -=-=-=--=-=-=- Achillea.clusiana_PA4_RUN1_FDA 
[2026-07-17 18:59:07] 
[2026-07-17 18:59:07] 	Model scaling...Warning: glm.fit: fitted probabilities numerically 0 or 1 occurred
[2026-07-17 18:59:07] 
[2026-07-17 18:59:07] 	Model scaling...Warning: glm.fit: algorithm did not converge
[2026-07-17 18:59:07] Warning: glm.fit: fitted probabilities numerically 0 or 1 occurred
[2026-07-17 18:59:07] 
[2026-07-17 18:59:07] 
[2026-07-17 18:59:07] -=-=-=--=-=-=- Achillea.clusiana_PA4_RUN1_MAXNET 
[2026-07-17 18:59:07] 
[2026-07-17 18:59:07] 	Evaluating Model stuff...
[2026-07-17 18:59:07] 	Model scaling...
[2026-07-17 18:59:07] 
[2026-07-17 18:59:07] -=-=-=--=-=-=- Achillea.clusiana_PA4_RUN2_GLM 
[2026-07-17 18:59:07] Warning: glm.fit: fitted probabilities numerically 0 or 1 occurred
[2026-07-17 18:59:07] 
[2026-07-17 18:59:07] 
[2026-07-17 18:59:07] -=-=-=--=-=-=- Achillea.clusiana_PA4_RUN2_GBM 
[2026-07-17 18:59:07] 
[2026-07-17 18:59:07] 	Evaluating Model stuff...
[2026-07-17 18:59:07] 
[2026-07-17 18:59:07] -=-=-=--=-=-=- Achillea.clusiana_PA5_RUN4_GLM 
[2026-07-17 18:59:07] 
[2026-07-17 18:59:07] 	Evaluating Model stuff...
[2026-07-17 18:59:07] 	Evaluating Model stuff...CV: 1 
[2026-07-17 18:59:07] 
[2026-07-17 18:59:07] 
[2026-07-17 18:59:07] -=-=-=--=-=-=- Achillea.clusiana_PA4_RUN2_ANN 
[2026-07-17 18:59:07] 
[2026-07-17 18:59:07] 
[2026-07-17 18:59:07] -=-=-=--=-=-=- Achillea.clusiana_PA4_RUN2_FDA 
[2026-07-17 18:59:07] Warning: glm.fit: fitted probabilities numerically 0 or 1 occurred
[2026-07-17 18:59:07] Warning: glm.fit: algorithm did not converge
[2026-07-17 18:59:07] Warning: glm.fit: fitted probabilities numerically 0 or 1 occurred
[2026-07-17 18:59:07] 
[2026-07-17 18:59:07] 
[2026-07-17 18:59:07] -=-=-=--=-=-=- Achillea.clusiana_PA5_RUN5_GLM 
[2026-07-17 18:59:07] 
[2026-07-17 18:59:07] 
[2026-07-17 18:59:07] -=-=-=--=-=-=- Achillea.clusiana_PA4_RUN2_MAXNET 
[2026-07-17 18:59:07] 
[2026-07-17 18:59:07] 	Model scaling...Warning: glm.fit: fitted probabilities numerically 0 or 1 occurred
[2026-07-17 18:59:07] 
[2026-07-17 18:59:07] 	Model scaling...
[2026-07-17 18:59:07] 	Evaluating Model stuff...
[2026-07-17 18:59:07] 	Evaluating Model stuff...
[2026-07-17 18:59:07] 
[2026-07-17 18:59:07] -=-=-=--=-=-=- Achillea.clusiana_PA4_RUN3_GLM 
[2026-07-17 18:59:07] 
[2026-07-17 18:59:07] 
[2026-07-17 18:59:07] -=-=-=--=-=-=- Achillea.clusiana_PA4_RUN3_GBM 
[2026-07-17 18:59:07] Warning: glm.fit: fitted probabilities numerically 0 or 1 occurred
[2026-07-17 18:59:07] 
[2026-07-17 18:59:07] 	Evaluating Model stuff...CV: 1 
[2026-07-17 18:59:07] 
[2026-07-17 18:59:07] 	Evaluating Model stuff...Warning: glm.fit: fitted probabilities numerically 0 or 1 occurred
[2026-07-17 18:59:07] 
[2026-07-17 18:59:07] 
[2026-07-17 18:59:07] -=-=-=--=-=-=- Achillea.clusiana_PA4_RUN3_ANN 
[2026-07-17 18:59:07] 
[2026-07-17 18:59:07] 	Evaluating Model stuff...
[2026-07-17 18:59:07] 
[2026-07-17 18:59:07] -=-=-=--=-=-=- Achillea.clusiana_PA4_RUN3_FDA 
[2026-07-17 18:59:07] Warning: glm.fit: fitted probabilities numerically 0 or 1 occurred
[2026-07-17 18:59:07] 
[2026-07-17 18:59:07] 	Model scaling...
[2026-07-17 18:59:07] 
[2026-07-17 18:59:07] -=-=-=--=-=-=- Achillea.clusiana_PA5_RUN5_MAXNET 
[2026-07-17 18:59:07] 
[2026-07-17 18:59:07] 
[2026-07-17 18:59:07] -=-=-=--=-=-=- Achillea.clusiana_PA5_RUN4_MAXNET 
[2026-07-17 18:59:07] 
[2026-07-17 18:59:07] 
[2026-07-17 18:59:07] -=-=-=--=-=-=- Achillea.clusiana_PA4_RUN3_MAXNET 
[2026-07-17 18:59:07] 
[2026-07-17 18:59:07] 	Model scaling...
[2026-07-17 18:59:07] 	Evaluating Model stuff...
[2026-07-17 18:59:07] 	Evaluating Model stuff...
[2026-07-17 18:59:07] 
[2026-07-17 18:59:07] -=-=-=--=-=-=- Achillea.clusiana_PA4_RUN4_GLM 
[2026-07-17 18:59:07] 
[2026-07-17 18:59:07] 
[2026-07-17 18:59:07] -=-=-=--=-=-=- Achillea.clusiana_PA5_RUN3_MAXNET 
[2026-07-17 18:59:07] 
[2026-07-17 18:59:07] 	Model scaling...
[2026-07-17 18:59:07] 	Model scaling...
[2026-07-17 18:59:07] 
[2026-07-17 18:59:07] -=-=-=--=-=-=- Achillea.clusiana_PA4_RUN4_GBM 
[2026-07-17 18:59:07] CV: 1 
[2026-07-17 18:59:07] 
[2026-07-17 18:59:07] 	Evaluating Model stuff...
[2026-07-17 18:59:07] 
[2026-07-17 18:59:07] -=-=-=--=-=-=- Achillea.clusiana_PA4_RUN4_ANN 
[2026-07-17 18:59:07] 
[2026-07-17 18:59:07] 
[2026-07-17 18:59:07] -=-=-=--=-=-=- Achillea.clusiana_PA4_RUN4_FDA 
[2026-07-17 18:59:07] Warning: glm.fit: fitted probabilities numerically 0 or 1 occurred
[2026-07-17 18:59:07] Warning: glm.fit: fitted probabilities numerically 0 or 1 occurred
[2026-07-17 18:59:07] Warning: glm.fit: algorithm did not converge
[2026-07-17 18:59:07] Warning: glm.fit: fitted probabilities numerically 0 or 1 occurred
[2026-07-17 18:59:07] 
[2026-07-17 18:59:07] 	Evaluating Model stuff...
[2026-07-17 18:59:07] 	Evaluating Model stuff...
[2026-07-17 18:59:07] 	Evaluating Model stuff...
[2026-07-17 18:59:07] 	Model scaling...
[2026-07-17 18:59:07] 
[2026-07-17 18:59:07] -=-=-=--=-=-=- Achillea.clusiana_PA4_RUN4_MAXNET 
[2026-07-17 18:59:07] 
[2026-07-17 18:59:07] 
[2026-07-17 18:59:07] -=-=-=--=-=-=- Achillea.clusiana_PA4_RUN5_GLM 
[2026-07-17 18:59:07] 
[2026-07-17 18:59:07] 	Model scaling...
[2026-07-17 18:59:07] 
[2026-07-17 18:59:07] -=-=-=--=-=-=- Achillea.clusiana_PA4_RUN5_GBM 
[2026-07-17 18:59:07] 
[2026-07-17 18:59:07] 	Evaluating Model stuff...
[2026-07-17 18:59:07] 	Model scaling...CV: 1 
[2026-07-17 18:59:07] 
[2026-07-17 18:59:07] 
[2026-07-17 18:59:07] -=-=-=--=-=-=- Achillea.clusiana_PA4_RUN5_ANN 
[2026-07-17 18:59:07] Warning: glm.fit: fitted probabilities numerically 0 or 1 occurred
[2026-07-17 18:59:07] 
[2026-07-17 18:59:07] 
[2026-07-17 18:59:07] -=-=-=--=-=-=- Achillea.clusiana_PA4_RUN5_FDA 
[2026-07-17 18:59:07] Warning: glm.fit: algorithm did not converge
[2026-07-17 18:59:07] Warning: glm.fit: fitted probabilities numerically 0 or 1 occurred
[2026-07-17 18:59:07] 
[2026-07-17 18:59:07] 	Evaluating Model stuff...
[2026-07-17 18:59:07] 	Model scaling...
[2026-07-17 18:59:07] 	Evaluating Model stuff...
[2026-07-17 18:59:07] 
[2026-07-17 18:59:07] -=-=-=--=-=-=- Achillea.clusiana_PA4_RUN5_MAXNET 
[2026-07-17 18:59:07] 
[2026-07-17 18:59:07] 	Evaluating Model stuff...
[2026-07-17 18:59:07] 
[2026-07-17 18:59:07] -=-=-=--=-=-=- Achillea.clusiana_PA5_RUN1_GLM 
[2026-07-17 18:59:07] 
[2026-07-17 18:59:07] 
[2026-07-17 18:59:07] -=-=-=--=-=-=- Achillea.clusiana_PA5_RUN1_GBM 
[2026-07-17 18:59:07] 
[2026-07-17 18:59:07] 	Evaluating Model stuff...Warning: glm.fit: fitted probabilities numerically 0 or 1 occurred
[2026-07-17 18:59:07] 
[2026-07-17 18:59:07] 	Model scaling...CV: 1 
[2026-07-17 18:59:07] 
[2026-07-17 18:59:07] 
[2026-07-17 18:59:07] -=-=-=--=-=-=- Achillea.clusiana_PA5_RUN1_ANN 
[2026-07-17 18:59:07] 
[2026-07-17 18:59:07] 
[2026-07-17 18:59:07] -=-=-=--=-=-=- Achillea.clusiana_PA5_RUN1_FDA 
[2026-07-17 18:59:07] Warning: glm.fit: fitted probabilities numerically 0 or 1 occurred
[2026-07-17 18:59:07] 
[2026-07-17 18:59:07] 	Model scaling...
[2026-07-17 18:59:07] 	Evaluating Model stuff...
[2026-07-17 18:59:07] 
[2026-07-17 18:59:07] -=-=-=--=-=-=- Achillea.clusiana_PA5_RUN1_MAXNET 
[2026-07-17 18:59:07] 
[2026-07-17 18:59:07] 	Evaluating Model stuff...
[2026-07-17 18:59:07] 	Evaluating Model stuff...
[2026-07-17 18:59:07] 
[2026-07-17 18:59:07] -=-=-=--=-=-=- Achillea.clusiana_PA5_RUN2_GLM 
[2026-07-17 18:59:07] 
[2026-07-17 18:59:07] 
[2026-07-17 18:59:07] -=-=-=--=-=-=- Achillea.clusiana_PA5_RUN2_GBM 
[2026-07-17 18:59:07] CV: 1 
[2026-07-17 18:59:07] 
[2026-07-17 18:59:07] 
[2026-07-17 18:59:07] -=-=-=--=-=-=- Achillea.clusiana_PA5_RUN2_ANN 
[2026-07-17 18:59:07] Warning: glm.fit: fitted probabilities numerically 0 or 1 occurred
[2026-07-17 18:59:07] 
[2026-07-17 18:59:07] 
[2026-07-17 18:59:07] -=-=-=--=-=-=- Achillea.clusiana_PA5_RUN2_FDA 
[2026-07-17 18:59:07] Warning: glm.fit: algorithm did not converge
[2026-07-17 18:59:07] Warning: glm.fit: fitted probabilities numerically 0 or 1 occurred
[2026-07-17 18:59:08] 
[2026-07-17 18:59:08] 	Evaluating Model stuff...
[2026-07-17 18:59:08] 	Model scaling...
[2026-07-17 18:59:08] 
[2026-07-17 18:59:08] -=-=-=--=-=-=- Achillea.clusiana_PA5_RUN2_MAXNET 
[2026-07-17 18:59:08] 
[2026-07-17 18:59:08] 
[2026-07-17 18:59:08] -=-=-=--=-=-=- Achillea.clusiana_PA5_RUN3_GLM 
[2026-07-17 18:59:08] 
[2026-07-17 18:59:08] 	Model scaling...
[2026-07-17 18:59:08] 	Evaluating Model stuff...
[2026-07-17 18:59:08] 
[2026-07-17 18:59:08] -=-=-=--=-=-=- Achillea.clusiana_PA5_RUN3_GBM 
[2026-07-17 18:59:08] CV: 1 
[2026-07-17 18:59:08] Warning: glm.fit: fitted probabilities numerically 0 or 1 occurred
[2026-07-17 18:59:08] 
[2026-07-17 18:59:08] 	Model scaling...Warning: glm.fit: algorithm did not converge
[2026-07-17 18:59:08] Warning: glm.fit: fitted probabilities numerically 0 or 1 occurred
[2026-07-17 18:59:08] Warning: glm.fit: fitted probabilities numerically 0 or 1 occurred
[2026-07-17 18:59:08] 
[2026-07-17 18:59:08] 	Evaluating Model stuff...
[2026-07-17 18:59:08] 	Model scaling...
[2026-07-17 18:59:08] 	Evaluating Model stuff...Warning: glm.fit: fitted probabilities numerically 0 or 1 occurred
[2026-07-17 18:59:08] 
[2026-07-17 18:59:08] 	Evaluating Model stuff...
[2026-07-17 18:59:08] 	Evaluating Model stuff...Warning: glm.fit: algorithm did not converge
[2026-07-17 18:59:08] Warning: glm.fit: fitted probabilities numerically 0 or 1 occurred
[2026-07-17 18:59:08] 
[2026-07-17 18:59:08] 	Model scaling...
[2026-07-17 18:59:08] 	Evaluating Model stuff...
[2026-07-17 18:59:08] 	Evaluating Model stuff...
[2026-07-17 18:59:08] 	Model scaling...
[2026-07-17 18:59:09] 	Evaluating Model stuff...
[2026-07-17 18:59:09] 	Evaluating Model stuff...
[2026-07-17 18:59:09] 	Evaluating Model stuff...
[2026-07-17 18:59:09] 	Evaluating Model stuff...
[2026-07-17 18:59:09] 	Evaluating Model stuff...
[2026-07-17 18:59:10] 	Evaluating Model stuff...
[2026-07-17 18:59:10] 	Evaluating Model stuff...
[2026-07-17 18:59:10] 	Evaluating Model stuff...
[2026-07-17 18:59:10] 	Evaluating Model stuff...
[2026-07-17 18:59:10] 	Evaluating Model stuff...
[2026-07-17 18:59:10] 	Evaluating Model stuff...CV: 2 
[2026-07-17 18:59:10] 
[2026-07-17 18:59:10] 	Evaluating Model stuff...
[2026-07-17 18:59:10] 
[2026-07-17 18:59:10] -=-=-=--=-=-=- Achillea.clusiana_PA5_RUN4_GBM 
[2026-07-17 18:59:10] CV: 1 
[2026-07-17 18:59:10] CV: 2 
[2026-07-17 18:59:10] 
[2026-07-17 18:59:10] 	Evaluating Model stuff...
[2026-07-17 18:59:10] 
[2026-07-17 18:59:10] -=-=-=--=-=-=- Achillea.clusiana_PA5_RUN5_GBM 
[2026-07-17 18:59:10] CV: 1 
[2026-07-17 18:59:10] CV: 2 
[2026-07-17 18:59:10] 
[2026-07-17 18:59:10] 	Evaluating Model stuff...
[2026-07-17 18:59:10] 	Evaluating Model stuff...
[2026-07-17 18:59:10] 	Evaluating Model stuff...CV: 2 
[2026-07-17 18:59:10] CV: 2 
[2026-07-17 18:59:10] 
[2026-07-17 18:59:10] 	Evaluating Model stuff...
[2026-07-17 18:59:10] 	Evaluating Model stuff...
[2026-07-17 18:59:10] 	Evaluating Model stuff...
[2026-07-17 18:59:10] 	Evaluating Model stuff...CV: 2 
[2026-07-17 18:59:10] CV: 2 
[2026-07-17 18:59:10] CV: 2 
[2026-07-17 18:59:11] 
[2026-07-17 18:59:11] 	Evaluating Model stuff...
[2026-07-17 18:59:11] 	Evaluating Model stuff...CV: 2 
[2026-07-17 18:59:11] 
[2026-07-17 18:59:11] 	Evaluating Model stuff...CV: 2 
[2026-07-17 18:59:11] 
[2026-07-17 18:59:11] 	Evaluating Model stuff...
[2026-07-17 18:59:11] 	Evaluating Model stuff...CV: 2 
[2026-07-17 18:59:11] 
[2026-07-17 18:59:11] 	Evaluating Model stuff...CV: 2 
[2026-07-17 18:59:11] CV: 2 
[2026-07-17 18:59:11] Warning in max(calcStat, na.rm = TRUE) :
[2026-07-17 18:59:11]   no non-missing arguments to max; returning -Inf
[2026-07-17 18:59:11] CV: 2 
[2026-07-17 18:59:11] CV: 2 
[2026-07-17 18:59:11] CV: 2 
[2026-07-17 18:59:11] CV: 2 
[2026-07-17 18:59:11] Warning in max(calcStat, na.rm = TRUE) :
[2026-07-17 18:59:11]   no non-missing arguments to max; returning -Inf
[2026-07-17 18:59:11] CV: 2 
[2026-07-17 18:59:11] CV: 2 
[2026-07-17 18:59:12] CV: 2 
[2026-07-17 18:59:12] CV: 2 
[2026-07-17 18:59:12] CV: 2 
[2026-07-17 18:59:12] CV: 2 
[2026-07-17 18:59:14] CV: 3 
[2026-07-17 18:59:14] CV: 2 
[2026-07-17 18:59:14] CV: 3 
[2026-07-17 18:59:14] CV: 2 
[2026-07-17 18:59:14] CV: 3 
[2026-07-17 18:59:14] CV: 3 
[2026-07-17 18:59:14] CV: 3 
[2026-07-17 18:59:14] CV: 3 
[2026-07-17 18:59:14] CV: 3 
[2026-07-17 18:59:14] CV: 3 
[2026-07-17 18:59:14] CV: 3 
[2026-07-17 18:59:14] CV: 3 
[2026-07-17 18:59:14] CV: 3 
[2026-07-17 18:59:15] CV: 3 
[2026-07-17 18:59:15] CV: 3 
[2026-07-17 18:59:15] CV: 3 
[2026-07-17 18:59:15] CV: 3 
[2026-07-17 18:59:15] CV: 3 
[2026-07-17 18:59:15] CV: 3 
[2026-07-17 18:59:15] CV: 3 
[2026-07-17 18:59:15] CV: 3 
[2026-07-17 18:59:15] CV: 3 
[2026-07-17 18:59:15] CV: 3 
[2026-07-17 18:59:15] CV: 3 
[2026-07-17 18:59:15] CV: 3 
[2026-07-17 18:59:18] CV: 3 
[2026-07-17 18:59:18] CV: 3 
[2026-07-17 18:59:24] 
[2026-07-17 18:59:24] 	Evaluating Model stuff...
[2026-07-17 18:59:24] 	Evaluating Model stuff...
[2026-07-17 18:59:24] 	Evaluating Model stuff...
[2026-07-17 18:59:24] 	Evaluating Model stuff...
[2026-07-17 18:59:24] 	Evaluating Model stuff...
[2026-07-17 18:59:24] 	Evaluating Model stuff...
[2026-07-17 18:59:24] 	Evaluating Model stuff...
[2026-07-17 18:59:24] 	Evaluating Model stuff...
[2026-07-17 18:59:24] 	Evaluating Model stuff...
[2026-07-17 18:59:24] 	Evaluating Model stuff...
[2026-07-17 18:59:24] 	Evaluating Model stuff...
[2026-07-17 18:59:24] 
[2026-07-17 18:59:24] -=-=-=--=-=-=- Achillea.clusiana_PA5_RUN3_FDA 
[2026-07-17 18:59:24] 
[2026-07-17 18:59:25] 	Model scaling...Warning: glm.fit: fitted probabilities numerically 0 or 1 occurred
[2026-07-17 18:59:25] 
[2026-07-17 18:59:25] 	Evaluating Model stuff...
[2026-07-17 18:59:25] 	Evaluating Model stuff...
[2026-07-17 18:59:25] 	Evaluating Model stuff...
[2026-07-17 18:59:25] 
[2026-07-17 18:59:25] -=-=-=--=-=-=- Achillea.clusiana_PA5_RUN5_FDA 
[2026-07-17 18:59:25] 
[2026-07-17 18:59:25] 	Evaluating Model stuff...
[2026-07-17 18:59:25] 
[2026-07-17 18:59:25] -=-=-=--=-=-=- Achillea.clusiana_PA5_RUN4_FDA 
[2026-07-17 18:59:25] 
[2026-07-17 18:59:25] 	Model scaling...
[2026-07-17 18:59:25] 	Evaluating Model stuff...
[2026-07-17 18:59:25] 	Evaluating Model stuff...
[2026-07-17 18:59:25] 	Evaluating Model stuff...Warning: glm.fit: fitted probabilities numerically 0 or 1 occurred
[2026-07-17 18:59:25] 
[2026-07-17 18:59:25] 	Model scaling...
[2026-07-17 18:59:25] 	Evaluating Model stuff...Warning: glm.fit: fitted probabilities numerically 0 or 1 occurred
[2026-07-17 18:59:25] 
[2026-07-17 18:59:25] 	Evaluating Model stuff...
[2026-07-17 18:59:25] 	Evaluating Model stuff...
[2026-07-17 18:59:25] 	Evaluating Model stuff...Warning in max(calcStat, na.rm = TRUE) :
[2026-07-17 18:59:25]   no non-missing arguments to max; returning -Inf
[2026-07-17 18:59:25] 
[2026-07-17 18:59:25] 	Evaluating Model stuff...
[2026-07-17 18:59:25] 	Evaluating Model stuff...
[2026-07-17 18:59:25] 	Evaluating Model stuff...
[2026-07-17 18:59:26] 	Evaluating Model stuff...Warning in max(calcStat, na.rm = TRUE) :
[2026-07-17 18:59:26]   no non-missing arguments to max; returning -Inf
[2026-07-17 18:59:26] Warning in max(calcStat, na.rm = TRUE) :
[2026-07-17 18:59:26]   no non-missing arguments to max; returning -Inf
[2026-07-17 18:59:26] Warning in max(calcStat, na.rm = TRUE) :
[2026-07-17 18:59:26]   no non-missing arguments to max; returning -Inf
[2026-07-17 18:59:27] 
[2026-07-17 18:59:28] 	Evaluating Model stuff...
[2026-07-17 18:59:28] 	Evaluating Model stuff...Warning in max(calcStat, na.rm = TRUE) :
[2026-07-17 18:59:28]   no non-missing arguments to max; returning -Inf
[2026-07-17 18:59:31] 
[2026-07-17 18:59:31] -=-=-=-=-=-=-=-=-=-=-=-=-=-=-=-=-=-= Done -=-=-=-=-=-=-=-=-=-=-=-=-=-=-=-=-=-=
[2026-07-17 18:59:31] > end.time <- Sys.time()
[2026-07-17 18:59:31] > time.modeling <- end.time - start.time
[2026-07-17 18:59:31] > 
[2026-07-17 18:59:31] > # Modeling leaves its global foreach backend registered. Select the intended
[2026-07-17 18:59:31] > # backend explicitly before building the two ensemble algorithms.
[2026-07-17 18:59:31] > doParallel::registerDoParallel(cores = ensemble_n_cpu)
[2026-07-17 18:59:31] > 
[2026-07-17 18:59:31] > start.time <- Sys.time()
[2026-07-17 18:59:31] > # 4. Model ensemble models
[2026-07-17 18:59:31] > myBiomodEM <- BIOMOD_EnsembleModeling(
[2026-07-17 18:59:31] +   bm.mod = myBiomodModelOut,
[2026-07-17 18:59:31] +   models.chosen = "all",
[2026-07-17 18:59:31] +   em.by = "all",
[2026-07-17 18:59:31] +   em.algo = c("EMmean", "EMcv"), # c(...) is for multiple options, chose these 2 algorithms because we do not need the median. it does the mean of all models and then does a standard deviation of them (covariance)
[2026-07-17 18:59:31] +   metric.select = "AUCroc", # standard, most used, various articles say it's the best
[2026-07-17 18:59:31] +   metric.select.thresh = 0.6, # threshold value for exclude the models that are not performing over a certain threshold, in this case 0.6
[2026-07-17 18:59:31] +   metric.eval = c("TSS", "AUCroc", "KAPPA"), # 3 most used
[2026-07-17 18:59:31] +   nb.cpu = ensemble_n_cpu
[2026-07-17 18:59:31] + )
[2026-07-17 18:59:31] 
[2026-07-17 18:59:31] -=-=-=-=-=-=-=-=-=-=-=-=-=-= Build Ensemble Models -=-=-=-=-=-=-=-=-=-=-=-=-=-=
[2026-07-17 18:59:31] 
[2026-07-17 18:59:31]    ! all models available will be included in ensemble.modeling
[2026-07-17 18:59:31]   ! Ensemble Models will be filtered and/or weighted using validation dataset (if possible). Please use `metric.select.dataset` for alternative options.
[2026-07-17 18:59:31]    > Evaluation & Weighting methods summary :
[2026-07-17 18:59:31]       AUCroc over 0.6
[2026-07-17 18:59:33] 
[2026-07-17 18:59:33] 
[2026-07-17 18:59:37]   > mergedData_mergedRun_mergedAlgo ensemble modeling
[2026-07-17 18:59:40]    ! Additional projection required for ensemble models merging several pseudo-absence dataset...
[2026-07-17 18:59:40] -=-=-=-=-=-=-=-=-=-=-=-=-= Do Single Models Projection -=-=-=-=-=-=-=-=-=-=-=-=-=
[2026-07-17 18:59:40] 
[2026-07-17 18:59:40] 	> Projecting Achillea.clusiana_PA1_RUN1_GLM ...
[2026-07-17 18:59:40] 	> Projecting Achillea.clusiana_PA1_RUN1_GBM ...
[2026-07-17 18:59:40] 	> Projecting Achillea.clusiana_PA1_RUN1_ANN ...
[2026-07-17 18:59:40] 	> Projecting Achillea.clusiana_PA1_RUN1_MAXNET ...
[2026-07-17 18:59:41] 	> Projecting Achillea.clusiana_PA1_RUN2_GBM ...
[2026-07-17 18:59:41] 	> Projecting Achillea.clusiana_PA1_RUN1_FDA ...
[2026-07-17 18:59:41] 	> Projecting Achillea.clusiana_PA1_RUN2_GLM ...
[2026-07-17 18:59:41] 	> Projecting Achillea.clusiana_PA1_RUN2_ANN ...
[2026-07-17 18:59:41] 	> Projecting Achillea.clusiana_PA1_RUN2_FDA ...
[2026-07-17 18:59:42] 	> Projecting Achillea.clusiana_PA1_RUN2_MAXNET ...
[2026-07-17 18:59:42] 	> Projecting Achillea.clusiana_PA1_RUN3_GBM ...
[2026-07-17 18:59:42] 	> Projecting Achillea.clusiana_PA1_RUN3_GLM ...
[2026-07-17 18:59:42] 	> Projecting Achillea.clusiana_PA1_RUN3_ANN ...
[2026-07-17 18:59:42] 	> Projecting Achillea.clusiana_PA1_RUN3_MAXNET ...
[2026-07-17 18:59:43] 	> Projecting Achillea.clusiana_PA1_RUN4_GBM ...
[2026-07-17 18:59:43] 	> Projecting Achillea.clusiana_PA1_RUN3_FDA ...
[2026-07-17 18:59:43] 	> Projecting Achillea.clusiana_PA1_RUN4_GLM ...
[2026-07-17 18:59:43] 	> Projecting Achillea.clusiana_PA1_RUN4_ANN ...
[2026-07-17 18:59:43] 	> Projecting Achillea.clusiana_PA1_RUN4_MAXNET ...
[2026-07-17 18:59:43] 	> Projecting Achillea.clusiana_PA1_RUN4_FDA ...
[2026-07-17 18:59:43] 	> Projecting Achillea.clusiana_PA1_RUN5_GBM ...
[2026-07-17 18:59:44] 	> Projecting Achillea.clusiana_PA1_RUN5_GLM ...
[2026-07-17 18:59:44] 	> Projecting Achillea.clusiana_PA1_RUN5_ANN ...
[2026-07-17 18:59:45] 	> Projecting Achillea.clusiana_PA1_RUN5_MAXNET ...
[2026-07-17 18:59:52] 	> Projecting Achillea.clusiana_PA1_RUN5_FDA ...
[2026-07-17 18:59:52] -=-=-=-=-=-=-=-=-=-=-=-=-=-=-=-=-=-= Done -=-=-=-=-=-=-=-=-=-=-=-=-=-=-=-=-=-=
[2026-07-17 18:59:55] 
[2026-07-17 18:59:55] -=-=-=-=-=-=-=-=-=-=-=-=-= Do Single Models Projection -=-=-=-=-=-=-=-=-=-=-=-=-=
[2026-07-17 18:59:55] 
[2026-07-17 18:59:55] 	> Projecting Achillea.clusiana_PA2_RUN1_GLM ...
[2026-07-17 18:59:56] 	> Projecting Achillea.clusiana_PA2_RUN1_GBM ...
[2026-07-17 18:59:56] 	> Projecting Achillea.clusiana_PA2_RUN1_ANN ...
[2026-07-17 18:59:56] 	> Projecting Achillea.clusiana_PA2_RUN1_MAXNET ...
[2026-07-17 18:59:57] 	> Projecting Achillea.clusiana_PA2_RUN2_GBM ...
[2026-07-17 18:59:57] 	> Projecting Achillea.clusiana_PA2_RUN1_FDA ...
[2026-07-17 18:59:57] 	> Projecting Achillea.clusiana_PA2_RUN2_GLM ...
[2026-07-17 18:59:57] 	> Projecting Achillea.clusiana_PA2_RUN2_ANN ...
[2026-07-17 18:59:57] 	> Projecting Achillea.clusiana_PA2_RUN2_MAXNET ...
[2026-07-17 18:59:57] 	> Projecting Achillea.clusiana_PA2_RUN2_FDA ...
[2026-07-17 18:59:58] 	> Projecting Achillea.clusiana_PA2_RUN3_GBM ...
[2026-07-17 18:59:58] 	> Projecting Achillea.clusiana_PA2_RUN3_GLM ...
[2026-07-17 18:59:58] 	> Projecting Achillea.clusiana_PA2_RUN3_ANN ...
[2026-07-17 18:59:58] 	> Projecting Achillea.clusiana_PA2_RUN3_MAXNET ...
[2026-07-17 18:59:59] 	> Projecting Achillea.clusiana_PA2_RUN4_GBM ...
[2026-07-17 18:59:59] 	> Projecting Achillea.clusiana_PA2_RUN3_FDA ...
[2026-07-17 18:59:59] 	> Projecting Achillea.clusiana_PA2_RUN4_GLM ...
[2026-07-17 18:59:59] 	> Projecting Achillea.clusiana_PA2_RUN4_ANN ...
[2026-07-17 18:59:59] 	> Projecting Achillea.clusiana_PA2_RUN4_FDA ...
[2026-07-17 18:59:59] 	> Projecting Achillea.clusiana_PA2_RUN4_MAXNET ...
[2026-07-17 18:59:59] 	> Projecting Achillea.clusiana_PA2_RUN5_GLM ...
[2026-07-17 18:59:59] 	> Projecting Achillea.clusiana_PA2_RUN5_GBM ...
[2026-07-17 19:00:00] 	> Projecting Achillea.clusiana_PA2_RUN5_ANN ...
[2026-07-17 19:00:01] 	> Projecting Achillea.clusiana_PA2_RUN5_MAXNET ...
[2026-07-17 19:00:09] 	> Projecting Achillea.clusiana_PA2_RUN5_FDA ...
[2026-07-17 19:00:09] -=-=-=-=-=-=-=-=-=-=-=-=-=-=-=-=-=-= Done -=-=-=-=-=-=-=-=-=-=-=-=-=-=-=-=-=-=
[2026-07-17 19:00:13] 
[2026-07-17 19:00:13] -=-=-=-=-=-=-=-=-=-=-=-=-= Do Single Models Projection -=-=-=-=-=-=-=-=-=-=-=-=-=
[2026-07-17 19:00:13] 
[2026-07-17 19:00:13] 	> Projecting Achillea.clusiana_PA3_RUN1_GLM ...
[2026-07-17 19:00:13] 	> Projecting Achillea.clusiana_PA3_RUN1_GBM ...
[2026-07-17 19:00:13] 	> Projecting Achillea.clusiana_PA3_RUN1_ANN ...
[2026-07-17 19:00:13] 	> Projecting Achillea.clusiana_PA3_RUN1_MAXNET ...
[2026-07-17 19:00:14] 	> Projecting Achillea.clusiana_PA3_RUN2_GBM ...
[2026-07-17 19:00:14] 	> Projecting Achillea.clusiana_PA3_RUN1_FDA ...
[2026-07-17 19:00:14] 	> Projecting Achillea.clusiana_PA3_RUN2_GLM ...
[2026-07-17 19:00:14] 	> Projecting Achillea.clusiana_PA3_RUN2_ANN ...
[2026-07-17 19:00:15] 	> Projecting Achillea.clusiana_PA3_RUN2_FDA ...
[2026-07-17 19:00:15] 	> Projecting Achillea.clusiana_PA3_RUN2_MAXNET ...
[2026-07-17 19:00:15] 	> Projecting Achillea.clusiana_PA3_RUN3_GLM ...
[2026-07-17 19:00:15] 	> Projecting Achillea.clusiana_PA3_RUN3_ANN ...
[2026-07-17 19:00:15] 	> Projecting Achillea.clusiana_PA3_RUN3_GBM ...
[2026-07-17 19:00:15] 	> Projecting Achillea.clusiana_PA3_RUN3_MAXNET ...
[2026-07-17 19:00:16] 	> Projecting Achillea.clusiana_PA3_RUN4_GBM ...
[2026-07-17 19:00:16] 	> Projecting Achillea.clusiana_PA3_RUN3_FDA ...
[2026-07-17 19:00:16] 	> Projecting Achillea.clusiana_PA3_RUN4_GLM ...
[2026-07-17 19:00:16] 	> Projecting Achillea.clusiana_PA3_RUN4_ANN ...
[2026-07-17 19:00:16] 	> Projecting Achillea.clusiana_PA3_RUN4_FDA ...
[2026-07-17 19:00:16] 	> Projecting Achillea.clusiana_PA3_RUN4_MAXNET ...
[2026-07-17 19:00:17] 	> Projecting Achillea.clusiana_PA3_RUN5_GLM ...
[2026-07-17 19:00:17] 	> Projecting Achillea.clusiana_PA3_RUN5_GBM ...
[2026-07-17 19:00:17] 	> Projecting Achillea.clusiana_PA3_RUN5_ANN ...
[2026-07-17 19:00:18] 	> Projecting Achillea.clusiana_PA3_RUN5_MAXNET ...
[2026-07-17 19:00:27] 	> Projecting Achillea.clusiana_PA3_RUN5_FDA ...
[2026-07-17 19:00:27] -=-=-=-=-=-=-=-=-=-=-=-=-=-=-=-=-=-= Done -=-=-=-=-=-=-=-=-=-=-=-=-=-=-=-=-=-=
[2026-07-17 19:00:31] 
[2026-07-17 19:00:31] -=-=-=-=-=-=-=-=-=-=-=-=-= Do Single Models Projection -=-=-=-=-=-=-=-=-=-=-=-=-=
[2026-07-17 19:00:31] 
[2026-07-17 19:00:31] 	> Projecting Achillea.clusiana_PA4_RUN1_GLM ...
[2026-07-17 19:00:32] 	> Projecting Achillea.clusiana_PA4_RUN1_GBM ...
[2026-07-17 19:00:32] 	> Projecting Achillea.clusiana_PA4_RUN1_ANN ...
[2026-07-17 19:00:32] 	> Projecting Achillea.clusiana_PA4_RUN1_MAXNET ...
[2026-07-17 19:00:33] 	> Projecting Achillea.clusiana_PA4_RUN2_GBM ...
[2026-07-17 19:00:33] 	> Projecting Achillea.clusiana_PA4_RUN1_FDA ...
[2026-07-17 19:00:33] 	> Projecting Achillea.clusiana_PA4_RUN2_GLM ...
[2026-07-17 19:00:33] 	> Projecting Achillea.clusiana_PA4_RUN2_ANN ...
[2026-07-17 19:00:33] 	> Projecting Achillea.clusiana_PA4_RUN2_FDA ...
[2026-07-17 19:00:33] 	> Projecting Achillea.clusiana_PA4_RUN2_MAXNET ...
[2026-07-17 19:00:33] 	> Projecting Achillea.clusiana_PA4_RUN3_GLM ...
[2026-07-17 19:00:34] 	> Projecting Achillea.clusiana_PA4_RUN3_GBM ...
[2026-07-17 19:00:34] 	> Projecting Achillea.clusiana_PA4_RUN3_ANN ...
[2026-07-17 19:00:34] 	> Projecting Achillea.clusiana_PA4_RUN3_MAXNET ...
[2026-07-17 19:00:35] 	> Projecting Achillea.clusiana_PA4_RUN4_GBM ...
[2026-07-17 19:00:35] 	> Projecting Achillea.clusiana_PA4_RUN3_FDA ...
[2026-07-17 19:00:35] 	> Projecting Achillea.clusiana_PA4_RUN4_GLM ...
[2026-07-17 19:00:35] 	> Projecting Achillea.clusiana_PA4_RUN4_ANN ...
[2026-07-17 19:00:35] 	> Projecting Achillea.clusiana_PA4_RUN4_FDA ...
[2026-07-17 19:00:35] 	> Projecting Achillea.clusiana_PA4_RUN4_MAXNET ...
[2026-07-17 19:00:35] 	> Projecting Achillea.clusiana_PA4_RUN5_GLM ...
[2026-07-17 19:00:35] 	> Projecting Achillea.clusiana_PA4_RUN5_GBM ...
[2026-07-17 19:00:35] 	> Projecting Achillea.clusiana_PA4_RUN5_ANN ...
[2026-07-17 19:00:37] 	> Projecting Achillea.clusiana_PA4_RUN5_MAXNET ...
[2026-07-17 19:00:45] 	> Projecting Achillea.clusiana_PA4_RUN5_FDA ...
[2026-07-17 19:00:45] -=-=-=-=-=-=-=-=-=-=-=-=-=-=-=-=-=-= Done -=-=-=-=-=-=-=-=-=-=-=-=-=-=-=-=-=-=
[2026-07-17 19:00:49] 
[2026-07-17 19:00:49] -=-=-=-=-=-=-=-=-=-=-=-=-= Do Single Models Projection -=-=-=-=-=-=-=-=-=-=-=-=-=
[2026-07-17 19:00:49] 
[2026-07-17 19:00:49] 	> Projecting Achillea.clusiana_PA5_RUN1_GLM ...
[2026-07-17 19:00:50] 	> Projecting Achillea.clusiana_PA5_RUN1_GBM ...
[2026-07-17 19:00:50] 	> Projecting Achillea.clusiana_PA5_RUN1_ANN ...
[2026-07-17 19:00:50] 	> Projecting Achillea.clusiana_PA5_RUN1_MAXNET ...
[2026-07-17 19:00:51] 	> Projecting Achillea.clusiana_PA5_RUN2_GBM ...
[2026-07-17 19:00:51] 	> Projecting Achillea.clusiana_PA5_RUN1_FDA ...
[2026-07-17 19:00:51] 	> Projecting Achillea.clusiana_PA5_RUN2_GLM ...
[2026-07-17 19:00:51] 	> Projecting Achillea.clusiana_PA5_RUN2_ANN ...
[2026-07-17 19:00:51] 	> Projecting Achillea.clusiana_PA5_RUN2_FDA ...
[2026-07-17 19:00:51] 	> Projecting Achillea.clusiana_PA5_RUN2_MAXNET ...
[2026-07-17 19:00:51] 	> Projecting Achillea.clusiana_PA5_RUN3_GLM ...
[2026-07-17 19:00:52] 	> Projecting Achillea.clusiana_PA5_RUN3_GBM ...
[2026-07-17 19:00:52] 	> Projecting Achillea.clusiana_PA5_RUN3_ANN ...
[2026-07-17 19:00:52] 	> Projecting Achillea.clusiana_PA5_RUN3_MAXNET ...
[2026-07-17 19:00:53] 	> Projecting Achillea.clusiana_PA5_RUN4_GBM ...
[2026-07-17 19:00:53] 	> Projecting Achillea.clusiana_PA5_RUN3_FDA ...
[2026-07-17 19:00:53] 	> Projecting Achillea.clusiana_PA5_RUN4_GLM ...
[2026-07-17 19:00:53] 	> Projecting Achillea.clusiana_PA5_RUN4_ANN ...
[2026-07-17 19:00:53] 	> Projecting Achillea.clusiana_PA5_RUN4_MAXNET ...
[2026-07-17 19:00:53] 	> Projecting Achillea.clusiana_PA5_RUN4_FDA ...
[2026-07-17 19:00:53] 	> Projecting Achillea.clusiana_PA5_RUN5_GLM ...
[2026-07-17 19:00:53] 	> Projecting Achillea.clusiana_PA5_RUN5_GBM ...
[2026-07-17 19:00:54] 	> Projecting Achillea.clusiana_PA5_RUN5_ANN ...
[2026-07-17 19:00:55] 	> Projecting Achillea.clusiana_PA5_RUN5_MAXNET ...
[2026-07-17 19:01:05] 	> Projecting Achillea.clusiana_PA5_RUN5_FDA ...
[2026-07-17 19:01:05] -=-=-=-=-=-=-=-=-=-=-=-=-=-=-=-=-=-= Done -=-=-=-=-=-=-=-=-=-=-=-=-=-=-=-=-=-=
[2026-07-17 19:01:14] 
[2026-07-17 19:01:15] 
[2026-07-17 19:01:15] 
[2026-07-17 19:01:15]    > Mean of probabilities by AUCroc ...
[2026-07-17 19:01:15] 
[2026-07-17 19:01:43]    > Coef of variation of probabilities by AUCroc ...
[2026-07-17 19:01:46] 			Evaluating Model stuff...Warning in forecast_0 * observed_0 : NAs produced by integer overflow
[2026-07-17 19:01:46] Warning in forecast_0 * observed_0 : NAs produced by integer overflow
[2026-07-17 19:01:46] Warning in forecast_0 * observed_0 : NAs produced by integer overflow
[2026-07-17 19:01:46] Warning in forecast_0 * observed_0 : NAs produced by integer overflow
[2026-07-17 19:01:46] Warning in forecast_0 * observed_0 : NAs produced by integer overflow
[2026-07-17 19:01:46] Warning in forecast_0 * observed_0 : NAs produced by integer overflow
[2026-07-17 19:01:46] Warning in forecast_0 * observed_0 : NAs produced by integer overflow
[2026-07-17 19:01:46] Warning in forecast_0 * observed_0 : NAs produced by integer overflow
[2026-07-17 19:01:46] Warning in forecast_0 * observed_0 : NAs produced by integer overflow
[2026-07-17 19:01:46] Warning in forecast_0 * observed_0 : NAs produced by integer overflow
[2026-07-17 19:01:46] Warning in forecast_0 * observed_0 : NAs produced by integer overflow
[2026-07-17 19:01:46] Warning in forecast_0 * observed_0 : NAs produced by integer overflow
[2026-07-17 19:01:46] Warning in forecast_0 * observed_0 : NAs produced by integer overflow
[2026-07-17 19:01:46] Warning in forecast_0 * observed_0 : NAs produced by integer overflow
[2026-07-17 19:01:46] Warning in forecast_0 * observed_0 : NAs produced by integer overflow
[2026-07-17 19:01:46] Warning in forecast_0 * observed_0 : NAs produced by integer overflow
[2026-07-17 19:01:46] Warning in forecast_0 * observed_0 : NAs produced by integer overflow
[2026-07-17 19:01:46] Warning in forecast_0 * observed_0 : NAs produced by integer overflow
[2026-07-17 19:01:46] Warning in forecast_0 * observed_0 : NAs produced by integer overflow
[2026-07-17 19:01:46] Warning in forecast_0 * observed_0 : NAs produced by integer overflow
[2026-07-17 19:01:46] Warning in forecast_0 * observed_0 : NAs produced by integer overflow
[2026-07-17 19:01:46] Warning in forecast_0 * observed_0 : NAs produced by integer overflow
[2026-07-17 19:01:46] Warning in forecast_0 * observed_0 : NAs produced by integer overflow
[2026-07-17 19:01:46] Warning in forecast_0 * observed_0 : NAs produced by integer overflow
[2026-07-17 19:01:46] Warning in forecast_0 * observed_0 : NAs produced by integer overflow
[2026-07-17 19:01:46] Warning in forecast_0 * observed_0 : NAs produced by integer overflow
[2026-07-17 19:01:46] Warning in forecast_0 * observed_0 : NAs produced by integer overflow
[2026-07-17 19:01:46] Warning in forecast_0 * observed_0 : NAs produced by integer overflow
[2026-07-17 19:01:46] Warning in forecast_0 * observed_0 : NAs produced by integer overflow
[2026-07-17 19:01:46] Warning in forecast_0 * observed_0 : NAs produced by integer overflow
[2026-07-17 19:01:46] Warning in forecast_0 * observed_0 : NAs produced by integer overflow
[2026-07-17 19:01:46] Warning in forecast_0 * observed_0 : NAs produced by integer overflow
[2026-07-17 19:01:46] Warning in forecast_0 * observed_0 : NAs produced by integer overflow
[2026-07-17 19:01:46] Warning in forecast_0 * observed_0 : NAs produced by integer overflow
[2026-07-17 19:01:46] Warning in forecast_0 * observed_0 : NAs produced by integer overflow
[2026-07-17 19:01:46] Warning in forecast_0 * observed_0 : NAs produced by integer overflow
[2026-07-17 19:01:46] Warning in forecast_0 * observed_0 : NAs produced by integer overflow
[2026-07-17 19:01:46] Warning in forecast_0 * observed_0 : NAs produced by integer overflow
[2026-07-17 19:01:46] Warning in forecast_0 * observed_0 : NAs produced by integer overflow
[2026-07-17 19:01:46] Warning in forecast_0 * observed_0 : NAs produced by integer overflow
[2026-07-17 19:01:46] Warning in forecast_0 * observed_0 : NAs produced by integer overflow
[2026-07-17 19:01:46] Warning in forecast_0 * observed_0 : NAs produced by integer overflow
[2026-07-17 19:01:46] Warning in forecast_0 * observed_0 : NAs produced by integer overflow
[2026-07-17 19:01:46] Warning in forecast_0 * observed_0 : NAs produced by integer overflow
[2026-07-17 19:01:46] Warning in forecast_0 * observed_0 : NAs produced by integer overflow
[2026-07-17 19:01:46] Warning in forecast_0 * observed_0 : NAs produced by integer overflow
[2026-07-17 19:01:46] Warning in forecast_0 * observed_0 : NAs produced by integer overflow
[2026-07-17 19:01:46] Warning in forecast_0 * observed_0 : NAs produced by integer overflow
[2026-07-17 19:01:46] Warning in forecast_0 * observed_0 : NAs produced by integer overflow
[2026-07-17 19:01:46] Warning in forecast_0 * observed_0 : NAs produced by integer overflow
[2026-07-17 19:01:46] Warning in forecast_0 * observed_0 : NAs produced by integer overflow
[2026-07-17 19:01:46] Warning in forecast_0 * observed_0 : NAs produced by integer overflow
[2026-07-17 19:01:46] Warning in forecast_0 * observed_0 : NAs produced by integer overflow
[2026-07-17 19:01:46] Warning in forecast_0 * observed_0 : NAs produced by integer overflow
[2026-07-17 19:01:46] Warning in forecast_0 * observed_0 : NAs produced by integer overflow
[2026-07-17 19:01:46] Warning in forecast_0 * observed_0 : NAs produced by integer overflow
[2026-07-17 19:01:46] Warning in forecast_0 * observed_0 : NAs produced by integer overflow
[2026-07-17 19:01:46] Warning in forecast_0 * observed_0 : NAs produced by integer overflow
[2026-07-17 19:01:46] Warning in forecast_0 * observed_0 : NAs produced by integer overflow
[2026-07-17 19:01:46] Warning in forecast_0 * observed_0 : NAs produced by integer overflow
[2026-07-17 19:01:46] Warning in forecast_0 * observed_0 : NAs produced by integer overflow
[2026-07-17 19:01:46] Warning in forecast_0 * observed_0 : NAs produced by integer overflow
[2026-07-17 19:01:46] Warning in forecast_0 * observed_0 : NAs produced by integer overflow
[2026-07-17 19:01:46] Warning in forecast_0 * observed_0 : NAs produced by integer overflow
[2026-07-17 19:01:46] Warning in forecast_0 * observed_0 : NAs produced by integer overflow
[2026-07-17 19:01:46] Warning in forecast_0 * observed_0 : NAs produced by integer overflow
[2026-07-17 19:01:46] Warning in forecast_0 * observed_0 : NAs produced by integer overflow
[2026-07-17 19:01:46] Warning in forecast_0 * observed_0 : NAs produced by integer overflow
[2026-07-17 19:01:46] Warning in forecast_0 * observed_0 : NAs produced by integer overflow
[2026-07-17 19:01:46] Warning in forecast_0 * observed_0 : NAs produced by integer overflow
[2026-07-17 19:01:46] Warning in forecast_0 * observed_0 : NAs produced by integer overflow
[2026-07-17 19:01:46] Warning in forecast_0 * observed_0 : NAs produced by integer overflow
[2026-07-17 19:01:46] Warning in forecast_0 * observed_0 : NAs produced by integer overflow
[2026-07-17 19:01:46] Warning in forecast_0 * observed_0 : NAs produced by integer overflow
[2026-07-17 19:01:46] Warning in forecast_0 * observed_0 : NAs produced by integer overflow
[2026-07-17 19:01:46] Warning in forecast_0 * observed_0 : NAs produced by integer overflow
[2026-07-17 19:01:46] Warning in forecast_0 * observed_0 : NAs produced by integer overflow
[2026-07-17 19:01:46] Warning in forecast_0 * observed_0 : NAs produced by integer overflow
[2026-07-17 19:01:46] Warning in forecast_0 * observed_0 : NAs produced by integer overflow
[2026-07-17 19:01:46] Warning in forecast_0 * observed_0 : NAs produced by integer overflow
[2026-07-17 19:01:46] Warning in forecast_0 * observed_0 : NAs produced by integer overflow
[2026-07-17 19:01:46] Warning in forecast_0 * observed_0 : NAs produced by integer overflow
[2026-07-17 19:01:46] Warning in forecast_0 * observed_0 : NAs produced by integer overflow
[2026-07-17 19:01:46] Warning in forecast_0 * observed_0 : NAs produced by integer overflow
[2026-07-17 19:01:46] Warning in forecast_0 * observed_0 : NAs produced by integer overflow
[2026-07-17 19:01:46] Warning in forecast_0 * observed_0 : NAs produced by integer overflow
[2026-07-17 19:01:46] Warning in forecast_0 * observed_0 : NAs produced by integer overflow
[2026-07-17 19:01:46] Warning in forecast_0 * observed_0 : NAs produced by integer overflow
[2026-07-17 19:01:46] Warning in forecast_0 * observed_0 : NAs produced by integer overflow
[2026-07-17 19:01:46] Warning in forecast_0 * observed_0 : NAs produced by integer overflow
[2026-07-17 19:01:46] Warning in forecast_0 * observed_0 : NAs produced by integer overflow
[2026-07-17 19:01:46] Warning in forecast_0 * observed_0 : NAs produced by integer overflow
[2026-07-17 19:01:46] Warning in forecast_0 * observed_0 : NAs produced by integer overflow
[2026-07-17 19:01:46] Warning in forecast_0 * observed_0 : NAs produced by integer overflow
[2026-07-17 19:01:46] Warning in forecast_0 * observed_0 : NAs produced by integer overflow
[2026-07-17 19:01:46] Warning in forecast_0 * observed_0 : NAs produced by integer overflow
[2026-07-17 19:01:46] Warning in forecast_0 * observed_0 : NAs produced by integer overflow
[2026-07-17 19:01:46] Warning in forecast_0 * observed_0 : NAs produced by integer overflow
[2026-07-17 19:01:46] Warning in forecast_0 * observed_0 : NAs produced by integer overflow
[2026-07-17 19:01:47] 
[2026-07-17 19:01:47] -=-=-=-=-=-=-=-=-=-=-=-=-=-=-=-=-=-= Done -=-=-=-=-=-=-=-=-=-=-=-=-=-=-=-=-=-=
[2026-07-17 19:01:47] > end.time <- Sys.time()
[2026-07-17 19:01:47] > time.modeling_EM <- end.time - start.time
[2026-07-17 19:01:47] > 
[2026-07-17 19:01:47] > ### Models evaluations
[2026-07-17 19:01:47] > myBiomodModelEval <- get_evaluations(myBiomodModelOut)
[2026-07-17 19:01:47] > myBiomodModelEval_ensamble <- get_evaluations(myBiomodEM)
[2026-07-17 19:01:47] > 
[2026-07-17 19:01:47] > # TODO change output to csv
[2026-07-17 19:01:47] > nome <- paste0("Eval_", species_name, ".txt", sep = "")
[2026-07-17 19:01:47] > write.table(myBiomodModelEval, file = nome, sep = "\t")
[2026-07-17 19:01:47] > 
[2026-07-17 19:01:47] > nome1 <- paste0("Eval_EM_", species_name, ".txt", sep = "")
[2026-07-17 19:01:47] > write.table(myBiomodModelEval_ensamble, file = nome1, sep = "\t")
[2026-07-17 19:01:47] > 
[2026-07-17 19:01:47] > ###########################################################################
[2026-07-17 19:01:47] > ######################      PROJECTION ON ALPS        #####################
[2026-07-17 19:01:47] > ###########################################################################
[2026-07-17 19:01:47] > 
[2026-07-17 19:01:47] > ###########################################################################
[2026-07-17 19:01:47] > ###########################           CURRENT   ###########################
[2026-07-17 19:01:47] > ###########################################################################
[2026-07-17 19:01:47] > 
[2026-07-17 19:01:47] > # 5. Individual models projections on current environmental conditions
[2026-07-17 19:01:47] > start.time <- Sys.time()
[2026-07-17 19:01:47] > myBiomodProj <- BIOMOD_Projection(
[2026-07-17 19:01:47] +   bm.mod = myBiomodModelOut,
[2026-07-17 19:01:47] +   proj.name = "current",
[2026-07-17 19:01:47] +   new.env = cur_proj,
[2026-07-17 19:01:47] +   models.chosen = "all",
[2026-07-17 19:01:47] +   build.clamping.mask = T, # opzione per avere un'idea delle località in cui la predizione è incerta, dove non è sicuro di quello che sta predicendo, predizione potrebbe essere incerta, perchè i dati ambientali potrebbero non essere così fedeli alle variabili attinenti alla presenza vera delal specie (un modo per capire l'incertezza della predizione per ogni cella (km quadrato))
[2026-07-17 19:01:47] +   keep.in.memory = TRUE,
[2026-07-17 19:01:47] +   do.stack = TRUE,
[2026-07-17 19:01:47] +   nb.cpu = n_cpu
[2026-07-17 19:01:47] + )
[2026-07-17 19:01:47] 
[2026-07-17 19:01:47] -=-=-=-=-=-=-=-=-=-=-=-=-= Do Single Models Projection -=-=-=-=-=-=-=-=-=-=-=-=-=
[2026-07-17 19:02:13] 
[2026-07-17 19:02:13] 	> Building clamping mask
[2026-07-17 19:03:19] 
[2026-07-17 19:03:19] 	> Projecting Achillea.clusiana_PA1_RUN1_GLM ...
[2026-07-17 19:03:19] 	> Projecting Achillea.clusiana_PA1_RUN1_GBM ...
[2026-07-17 19:03:19] 	> Projecting Achillea.clusiana_PA1_RUN1_ANN ...
[2026-07-17 19:03:19] 	> Projecting Achillea.clusiana_PA1_RUN1_FDA ...
[2026-07-17 19:03:20] 	> Projecting Achillea.clusiana_PA1_RUN1_MAXNET ...
[2026-07-17 19:03:20] 	> Projecting Achillea.clusiana_PA1_RUN2_GLM ...
[2026-07-17 19:03:20] 	> Projecting Achillea.clusiana_PA1_RUN2_GBM ...
[2026-07-17 19:03:20] 	> Projecting Achillea.clusiana_PA1_RUN2_ANN ...
[2026-07-17 19:03:20] 	> Projecting Achillea.clusiana_PA1_RUN2_FDA ...
[2026-07-17 19:03:20] 	> Projecting Achillea.clusiana_PA1_RUN2_MAXNET ...
[2026-07-17 19:03:20] 	> Projecting Achillea.clusiana_PA1_RUN3_GLM ...
[2026-07-17 19:03:20] 	> Projecting Achillea.clusiana_PA1_RUN3_GBM ...
[2026-07-17 19:03:20] 	> Projecting Achillea.clusiana_PA1_RUN3_ANN ...
[2026-07-17 19:03:21] 	> Projecting Achillea.clusiana_PA1_RUN3_FDA ...
[2026-07-17 19:03:21] 	> Projecting Achillea.clusiana_PA1_RUN3_MAXNET ...
[2026-07-17 19:03:21] 	> Projecting Achillea.clusiana_PA1_RUN4_GLM ...
[2026-07-17 19:03:21] 	> Projecting Achillea.clusiana_PA1_RUN4_GBM ...
[2026-07-17 19:03:21] 	> Projecting Achillea.clusiana_PA1_RUN4_ANN ...
[2026-07-17 19:03:21] 	> Projecting Achillea.clusiana_PA1_RUN4_FDA ...
[2026-07-17 19:03:21] 	> Projecting Achillea.clusiana_PA1_RUN4_MAXNET ...
[2026-07-17 19:03:22] 	> Projecting Achillea.clusiana_PA1_RUN5_GLM ...
[2026-07-17 19:03:22] 	> Projecting Achillea.clusiana_PA1_RUN5_GBM ...
[2026-07-17 19:03:22] 	> Projecting Achillea.clusiana_PA1_RUN5_ANN ...
[2026-07-17 19:03:22] 	> Projecting Achillea.clusiana_PA1_RUN5_FDA ...
[2026-07-17 19:03:22] 	> Projecting Achillea.clusiana_PA1_RUN5_MAXNET ...
[2026-07-17 19:03:22] 	> Projecting Achillea.clusiana_PA2_RUN1_GLM ...
[2026-07-17 19:03:22] 	> Projecting Achillea.clusiana_PA2_RUN1_GBM ...
[2026-07-17 19:03:23] 	> Projecting Achillea.clusiana_PA2_RUN1_ANN ...
[2026-07-17 19:03:23] 	> Projecting Achillea.clusiana_PA2_RUN1_FDA ...
[2026-07-17 19:03:23] 	> Projecting Achillea.clusiana_PA2_RUN1_MAXNET ...
[2026-07-17 19:03:23] 	> Projecting Achillea.clusiana_PA2_RUN2_GLM ...
[2026-07-17 19:03:23] 	> Projecting Achillea.clusiana_PA2_RUN2_GBM ...
[2026-07-17 19:03:23] 	> Projecting Achillea.clusiana_PA2_RUN2_ANN ...
[2026-07-17 19:03:24] 	> Projecting Achillea.clusiana_PA2_RUN2_FDA ...
[2026-07-17 19:03:24] 	> Projecting Achillea.clusiana_PA2_RUN2_MAXNET ...
[2026-07-17 19:03:24] 	> Projecting Achillea.clusiana_PA2_RUN3_GLM ...
[2026-07-17 19:03:24] 	> Projecting Achillea.clusiana_PA2_RUN3_GBM ...
[2026-07-17 19:03:24] 	> Projecting Achillea.clusiana_PA2_RUN3_ANN ...
[2026-07-17 19:03:24] 	> Projecting Achillea.clusiana_PA2_RUN3_FDA ...
[2026-07-17 19:03:25] 	> Projecting Achillea.clusiana_PA2_RUN3_MAXNET ...
[2026-07-17 19:03:25] 	> Projecting Achillea.clusiana_PA2_RUN4_GLM ...
[2026-07-17 19:03:25] 	> Projecting Achillea.clusiana_PA2_RUN4_GBM ...
[2026-07-17 19:03:25] 	> Projecting Achillea.clusiana_PA2_RUN4_ANN ...
[2026-07-17 19:03:25] 	> Projecting Achillea.clusiana_PA2_RUN4_FDA ...
[2026-07-17 19:03:25] 	> Projecting Achillea.clusiana_PA2_RUN4_MAXNET ...
[2026-07-17 19:03:26] 	> Projecting Achillea.clusiana_PA2_RUN5_GLM ...
[2026-07-17 19:03:26] 	> Projecting Achillea.clusiana_PA2_RUN5_GBM ...
[2026-07-17 19:03:26] 	> Projecting Achillea.clusiana_PA2_RUN5_ANN ...
[2026-07-17 19:03:26] 	> Projecting Achillea.clusiana_PA2_RUN5_FDA ...
[2026-07-17 19:03:26] 	> Projecting Achillea.clusiana_PA2_RUN5_MAXNET ...
[2026-07-17 19:03:26] 	> Projecting Achillea.clusiana_PA3_RUN1_GLM ...
[2026-07-17 19:03:27] 	> Projecting Achillea.clusiana_PA3_RUN1_GBM ...
[2026-07-17 19:03:27] 	> Projecting Achillea.clusiana_PA3_RUN1_ANN ...
[2026-07-17 19:03:27] 	> Projecting Achillea.clusiana_PA3_RUN1_FDA ...
[2026-07-17 19:03:27] 	> Projecting Achillea.clusiana_PA3_RUN1_MAXNET ...
[2026-07-17 19:03:27] 	> Projecting Achillea.clusiana_PA3_RUN2_GLM ...
[2026-07-17 19:03:27] 	> Projecting Achillea.clusiana_PA3_RUN2_GBM ...
[2026-07-17 19:03:28] 	> Projecting Achillea.clusiana_PA3_RUN2_ANN ...
[2026-07-17 19:03:28] 	> Projecting Achillea.clusiana_PA3_RUN2_FDA ...
[2026-07-17 19:03:28] 	> Projecting Achillea.clusiana_PA3_RUN2_MAXNET ...
[2026-07-17 19:03:28] 	> Projecting Achillea.clusiana_PA3_RUN3_GLM ...
[2026-07-17 19:03:28] 	> Projecting Achillea.clusiana_PA3_RUN3_GBM ...
[2026-07-17 19:03:29] 	> Projecting Achillea.clusiana_PA3_RUN3_ANN ...
[2026-07-17 19:03:29] 	> Projecting Achillea.clusiana_PA3_RUN3_FDA ...
[2026-07-17 19:03:29] 	> Projecting Achillea.clusiana_PA3_RUN3_MAXNET ...
[2026-07-17 19:03:29] 	> Projecting Achillea.clusiana_PA3_RUN4_GLM ...
[2026-07-17 19:03:29] 	> Projecting Achillea.clusiana_PA3_RUN4_GBM ...
[2026-07-17 19:03:30] 	> Projecting Achillea.clusiana_PA3_RUN4_ANN ...
[2026-07-17 19:03:30] 	> Projecting Achillea.clusiana_PA3_RUN4_FDA ...
[2026-07-17 19:03:30] 	> Projecting Achillea.clusiana_PA3_RUN4_MAXNET ...
[2026-07-17 19:03:30] 	> Projecting Achillea.clusiana_PA3_RUN5_GLM ...
[2026-07-17 19:03:30] 	> Projecting Achillea.clusiana_PA3_RUN5_GBM ...
[2026-07-17 19:03:30] 	> Projecting Achillea.clusiana_PA3_RUN5_ANN ...
[2026-07-17 19:03:31] 	> Projecting Achillea.clusiana_PA3_RUN5_FDA ...
[2026-07-17 19:03:31] 	> Projecting Achillea.clusiana_PA3_RUN5_MAXNET ...
[2026-07-17 19:03:31] 	> Projecting Achillea.clusiana_PA4_RUN1_GLM ...
[2026-07-17 19:03:31] 	> Projecting Achillea.clusiana_PA4_RUN1_GBM ...
[2026-07-17 19:03:32] 	> Projecting Achillea.clusiana_PA4_RUN1_ANN ...
[2026-07-17 19:03:32] 	> Projecting Achillea.clusiana_PA4_RUN1_FDA ...
[2026-07-17 19:03:32] 	> Projecting Achillea.clusiana_PA4_RUN1_MAXNET ...|---------|---------|---------|---------|
[2026-07-17 19:03:32] 	> Projecting Achillea.clusiana_PA4_RUN2_GLM ...
[2026-07-17 19:03:32] 	> Projecting Achillea.clusiana_PA4_RUN2_GBM ...|---------|---------|---------|---------|
[2026-07-17 19:03:33] 	> Projecting Achillea.clusiana_PA4_RUN2_ANN ...
[2026-07-17 19:03:33] 	> Projecting Achillea.clusiana_PA4_RUN2_FDA ...|---------|---------|---------|---------||---------|---------|---------|---------||---------|---------|---------|---------|
[2026-07-17 19:03:44] 	> Projecting Achillea.clusiana_PA4_RUN2_MAXNET ...
[2026-07-17 19:03:45] 	> Projecting Achillea.clusiana_PA4_RUN3_GLM ...
[2026-07-17 19:03:45] 	> Projecting Achillea.clusiana_PA4_RUN3_GBM ...
[2026-07-17 19:03:45] 	> Projecting Achillea.clusiana_PA4_RUN3_ANN ...
[2026-07-17 19:03:45] 	> Projecting Achillea.clusiana_PA4_RUN3_FDA ...|---------|---------|---------|---------|
[2026-07-17 19:03:55] 	> Projecting Achillea.clusiana_PA4_RUN3_MAXNET ...|---------|---------|---------|---------||---------|---------|---------|---------||---------|---------|---------|---------|
[2026-07-17 19:03:56] 	> Projecting Achillea.clusiana_PA4_RUN4_GLM ...
[2026-07-17 19:03:56] 	> Projecting
[2026-07-17 19:03:56] 	> Projecting
[2026-07-17 19:03:58] 	> Projecting   Achillea.clusiana_PA4_RUN4_FDA Achillea.clusiana_PA4_RUN4_GBMAchillea.clusiana_PA4_RUN4_ANN ...... ...
[2026-07-17 19:04:02] 	> Projecting Achillea.clusiana_PA4_RUN4_MAXNET ...
[2026-07-17 19:04:02] 	> Projecting Achillea.clusiana_PA4_RUN5_GLM ...
[2026-07-17 19:04:03] 	> Projecting Achillea.clusiana_PA4_RUN5_GBM ...
[2026-07-17 19:04:03] 	> Projecting Achillea.clusiana_PA4_RUN5_ANN ...
[2026-07-17 19:04:03] 	> Projecting Achillea.clusiana_PA4_RUN5_FDA ...
[2026-07-17 19:04:03] 	> Projecting Achillea.clusiana_PA4_RUN5_MAXNET ...
[2026-07-17 19:04:03] 	> Projecting Achillea.clusiana_PA5_RUN1_GLM ...
[2026-07-17 19:04:03] 	> Projecting Achillea.clusiana_PA5_RUN1_GBM ...|---------|---------|---------|---------|
[2026-07-17 19:04:04] 	> Projecting Achillea.clusiana_PA5_RUN1_ANN ...
[2026-07-17 19:04:23] 	> Projecting Achillea.clusiana_PA5_RUN1_FDA ...
[2026-07-17 19:04:23] 	> Projecting Achillea.clusiana_PA5_RUN1_MAXNET ...
[2026-07-17 19:04:23] 	> Projecting Achillea.clusiana_PA5_RUN2_GLM ...
[2026-07-17 19:04:23] 	> Projecting Achillea.clusiana_PA5_RUN2_GBM ...
[2026-07-17 19:04:23] 	> Projecting Achillea.clusiana_PA5_RUN2_ANN ...
[2026-07-17 19:04:23] 	> Projecting Achillea.clusiana_PA5_RUN2_FDA ...|---------|---------|---------|---------||---------|---------|---------|---------|
[2026-07-17 19:04:32] 	> Projecting Achillea.clusiana_PA5_RUN2_MAXNET ...|---------|---------|---------|---------|
[2026-07-17 19:04:32] 	> Projecting
[2026-07-17 19:16:18] 	> Projecting  Achillea.clusiana_PA5_RUN3_GLMAchillea.clusiana_PA5_RUN3_GBM  ......|---------|---------|---------|---------||---------|---------|---------|---------||---------|---------|---------|---------||---------|---------|---------|---------||---------|---------|---------|---------||---------|---------|---------|---------||---------|---------|---------|---------||---------|---------|---------|---------||---------|---------|---------|---------||---------|---------|---------|---------||---------|---------|---------|---------||---------|---------|---------|---------||---------|---------|---------|---------||---------|---------|---------|---------|=====|---------|---------|---------|---------||---------|---------|---------|---------||---------|---------|---------|---------||---------|---------|---------|---------||---------|---------|---------|---------||---------|---------|---------|---------||---------|---------|---------|---------||---------|---------|---------|---------||---------|---------|---------|---------||---------|---------|---------|---------||---------|---------|---------|---------||---------|---------|---------|---------||---------|---------|---------|---------|================================================================================================================================================================================================================================================================================================================================================================================================================================================================================================                                          =========================================================================================                                                                                    =========================================                                          =================                                          ====================                                          ===========================                                          =============================================                                          =========                                          ==================================                                          ====================                                          ==========================================                                          ================                                          ======================================================                                                                                    ====================                                          =============================                                          ==============                                          ==================================                                          ==============                                          ================                                          =================================                                          ====================                                          ====================                                          ================                                          ==============                                          ===========================                                          ===========================                                          ====================                                          ===========================                                          =========================================================================================================================================================================================================                                          ================                                          =============================                                          ====================                                          ================                                          ===========================                                          ===========================                                          ===========================                                          ====================                                          ===========================                                          Warning in mclapply(argsList, FUN, mc.preschedule = preschedule, mc.set.seed = set.seed,  :
[2026-07-17 19:16:18]   scheduled cores 1, 2, 3, 4, 5, 6, 7, 8, 9, 10, 11, 12, 13, 14, 15, 16, 17, 18, 19, 20, 21, 22, 24, 25, 26, 27, 28, 29, 30, 31, 32, 33, 34, 35, 36, 37, 38, 40, 45, 46, 50, 51, 53, 55, 58, 60, 62, 65, 70, 71, 74, 75, 80, 82, 83, 84, 85, 86, 90, 91, 95, 96, 100, 101, 105, 110 did not deliver results, all values of the jobs will be affected
[2026-07-17 19:17:03] Warning: [rast] 79 out of 125 elements of x are not a SpatRaster
[2026-07-17 19:17:27] Error: [names<-] incorrect number of names
[2026-07-17 19:17:27] Execution halted
Finished: 2026-07-17T19:17:34+02:00
Elapsed: 0d 1h 35m 32s
slurmstepd: error: Detected 66 oom_kill events in StepId=49630695.batch. Some of the step tasks have been OOM Killed.
