[14:56:12] > options(warn = 1) # stampa i warning quando accadono (non in blocco a fine run)
[14:56:12] > 
[14:56:12] > library(biomod2)
[14:56:17] biomod2 4.3-4-5 loaded.
[14:56:17]  /!\ Welcome to augmented biomod2 with abundance modeling available! (*o*)
[14:56:17]  Take a look at the HOME and NEWS section on the website to see all the features!
[14:56:17] 
[14:56:17] Loading required package: nnet
[14:56:17] Loading required package: rpart
[14:56:17] Loading required package: cito
[14:56:17] Warning in library(package, lib.loc = lib.loc, character.only = TRUE, logical.return = TRUE,  :
[14:56:17]   there is no package called ‘cito’
[14:56:17] Loading required package: mda
[14:56:17] Loading required package: class
[14:56:17] Loaded mda 0.5-5
[14:56:17] 
[14:56:17] Loading required package: gam
[14:56:17] Loading required package: splines
[14:56:17] Loading required package: foreach
[14:56:17] Loaded gam 1.22-7
[14:56:17] 
[14:56:17] Loading required package: mgcv
[14:56:17] Loading required package: nlme
[14:56:17] This is mgcv 1.9-4. For overview type '?mgcv'.
[14:56:17] 
[14:56:17] Attaching package: ‘mgcv’
[14:56:17] 
[14:56:17] The following objects are masked from ‘package:gam’:
[14:56:17] 
[14:56:17]     gam, gam.control, gam.fit, s
[14:56:17] 
[14:56:17] The following object is masked from ‘package:nnet’:
[14:56:17] 
[14:56:17]     multinom
[14:56:17] 
[14:56:17] Loading required package: gbm
[14:56:17] Loaded gbm 2.2.3
[14:56:17] This version of gbm is no longer under development. Consider transitioning to gbm3, https://github.com/gbm-developers/gbm3
[14:56:17] Loading required package: earth
[14:56:17] Loading required package: Formula
[14:56:17] Loading required package: plotmo
[14:56:17] Loading required package: plotrix
[14:56:17] Loading required package: maxnet
[14:56:17] Loading required package: randomForest
[14:56:17] randomForest 4.7-1.2
[14:56:17] Type rfNews() to see new features/changes/bug fixes.
[14:56:17] Loading required package: xgboost
[14:56:17] > library(terra)
[14:56:17] terra 1.9.11
[14:56:17] 
[14:56:17] Attaching package: ‘terra’
[14:56:17] 
[14:56:17] The following object is masked from ‘package:plotrix’:
[14:56:17] 
[14:56:17]     rescale
[14:56:17] 
[14:56:17] > library(gbm)
[14:56:17] > library(mda)
[14:56:17] > library(randomForest)
[14:56:17] > 
[14:56:17] > # NOTE: makeCluster/registerDoParallel removed - hangs inside Singularity container.
[14:56:17] > 
[14:56:17] > root <- normalizePath(".")
[14:56:17] > in_dir <- file.path(root, "data/input")
[14:56:17] > out_dir <- file.path(root, "data/output")
[14:56:17] > dir.create(out_dir, showWarnings = FALSE)
[14:56:17] > 
[14:56:17] > ####################################
[14:56:17] > # loading species occurrences data
[14:56:17] > ####################################
[14:56:17] > spocc <- read.csv(file.path(in_dir, "full_1km_EUNIS.csv"), head = TRUE)
[14:56:25] > spocc <- spocc[, -1] # drop id -> cols: sp_name, x, y, pseudo-absences
[14:56:25] > spocc$sp_name <- sub(" ", ".", spocc$sp_name)
[14:56:25] > sp.names <- levels(factor(spocc[, 1]))
[14:56:26] > num_sp <- length(sp.names)
[14:56:26] > cat("DEBUG: num_sp =", num_sp, "| total rows =", nrow(spocc), "\n")
[14:56:26] DEBUG: num_sp = 167 | total rows = 2583359 
[14:56:26] > 
[14:56:26] > #####################################
[14:56:26] > # CALIBRATION environmental data
[14:56:26] > #####################################
[14:56:26] > cat("DEBUG: loading calibration rasters...\n")
[14:56:26] DEBUG: loading calibration rasters...
[14:56:26] > clim_cal <- rast(dir(file.path(in_dir, "climate_vars/baseline"), full.names = T))
[14:56:26] > tri_cal <- rast(dir(file.path(in_dir, "TRI_vars"), full.names = T))
[14:56:26] > soil_cal <- rast(dir(file.path(in_dir, "soil_vars"), full.names = T))
[14:56:26] > cur_cal <- c(clim_cal, tri_cal, soil_cal)
[14:56:26] > names(cur_cal) <- c("PC1_clim", "PC2_clim", "tri", "PC1_soil", "PC2_soil")
[14:56:26] > cat("DEBUG: raster dim =", dim(cur_cal)[1], "x", dim(cur_cal)[2], "| ncell =", ncell(cur_cal), "\n")
[14:56:26] DEBUG: raster dim = 5873 x 10889 | ncell = 63951097 
[14:56:26] > 
[14:56:26] > #####################################
[14:56:26] > # PROJECTION environmental data
[14:56:26] > #####################################
[14:56:26] > clim_proj <- rast(dir(file.path(in_dir, "climate_vars/baseline"), full.names = T))
[14:56:26] > tri_proj <- rast(dir(file.path(in_dir, "TRI_vars"), full.names = T))
[14:56:26] > soil_proj <- rast(dir(file.path(in_dir, "soil_vars"), full.names = T))
[14:56:26] > cur_proj <- c(clim_proj, tri_proj, soil_proj)
[14:56:26] > names(cur_proj) <- c("PC1_clim", "PC2_clim", "tri", "PC1_soil", "PC2_soil")
[14:56:26] > 
[14:56:26] > #####################################
[14:56:26] > # loading FUTURE list (leaf dirs containing tif)
[14:56:26] > #####################################
[14:56:26] > lf <- list.dirs(file.path(in_dir, "climate_vars/future"), full.names = T, recursive = T)[-1]
[14:56:26] > lf <- lf[sapply(lf, function(d) length(list.files(d, pattern = "\\.tif$")) > 0)]
[14:56:26] > cat("DEBUG: testing with", length(lf), "future scenarios\n")
[14:56:26] DEBUG: testing with 8 future scenarios
[14:56:26] > 
[14:56:26] > # outputs (biomod2 writes species folders into the working dir)
[14:56:26] > setwd(out_dir)
[14:56:26] > 
[14:56:26] > pb <- txtProgressBar(min = 0, max = num_sp, style = 3, width = 50, char = "=")
[14:56:26]   |                                                          |                                                  |   0%> 
[14:56:26] > selModels <- c("GLM", "GBM", "ANN", "FDA", "MAXNET")
[14:56:26] > 
[14:56:26] > # parallel fork count for Modeling + Projection only. EnsembleForecasting stays nb.cpu=1:
[14:56:26] > # its bm.proj reuse already avoids the re-projection fork that caused the step-6 OOM.
[14:56:26] > # Cap modest: nb.cpu >= 16 historically OOM'd (big-parent forks). Raise only after a clean test.
[14:56:26] > n_cpu <- 4L
[14:56:26] > 
[14:56:26] > # SLURM array task -> one species from the test set (size-spread: large/median/small)
[14:56:26] > test_species <- c("Potentilla.erecta", "Galium.anisophyllon", "Festuca.glauca")
[14:56:26] > k <- as.integer(Sys.getenv("SLURM_ARRAY_TASK_ID", "1"))
[14:56:26] > i <- match(test_species[k], sp.names)
[14:56:26] > spocc1 <- subset(spocc, spocc[, 1] == sp.names[i])
[14:56:26] > cat("DEBUG: array task", k, "-> species =", sp.names[i], "| occurrences =", nrow(spocc1), "\n")
[14:56:26] DEBUG: array task 3 -> species = Festuca.glauca | occurrences = 332 
[14:56:26] > 
[14:56:26] > # per-species output wipe (array-safe: only this task's species dir, not sibling tasks')
[14:56:26] > unlink(file.path(out_dir, sp.names[i]), recursive = TRUE)
[14:56:26] > 
[14:56:26] > ###########################################################################
[14:56:26] > ######################     CALIBRATION ON EUROPE      #####################
[14:56:26] > ###########################################################################
[14:56:26] > 
[14:56:26] > start.time <- Sys.time()
[14:56:26] > myRespName <- paste(sp.names[i], sep = ".")
[14:56:26] > myRespXY <- spocc1[, 2:3] # coordinates of points
[14:56:26] > myResp <- rep(1, nrow(spocc1)) # species occurences
[14:56:26] > 
[14:56:26] > cat("DEBUG: starting BIOMOD_FormatingData at", format(Sys.time(), "%H:%M:%S"), "\n")
[14:56:26] DEBUG: starting BIOMOD_FormatingData at 14:56:26 
[14:56:26] > flush.console()
[14:56:26] > 
[14:56:26] > # 1. Formatting Data
[14:56:26] > myBiomodData <- BIOMOD_FormatingData(
[14:56:26] +   resp.var = myResp,
[14:56:26] +   expl.var = cur_cal,
[14:56:26] +   resp.xy = myRespXY,
[14:56:26] +   resp.name = myRespName,
[14:56:26] +   PA.nb.rep = 3,
[14:56:26] +   PA.nb.absences = 10000, # production value (was toy 10); grows modeling only, projection unchanged
[14:56:26] +   PA.strategy = "random",
[14:56:26] +   na.rm = TRUE,
[14:56:26] +   filter.raster = F
[14:56:26] + )
[14:56:26] 
[14:56:26] -=-=-=-=-=-=-=-=-=-=-=-= Festuca.glauca Data Formating -=-=-=-=-=-=-=-=-=-=-=-=
[14:56:26] 
[14:56:26] 
[14:56:26] Checking Pseudo-absence selection arguments...
[14:56:26] 
[14:56:26]    > random pseudo absences selection
[15:40:30]    > Pseudo absences are selected in explanatory variables
[15:40:30] 
[15:40:42]  ! Some NAs have been automatically removed from your data
[15:40:42] -=-=-=-=-=-=-=-=-=-=-=-=-=-=-=-=-=-= Done -=-=-=-=-=-=-=-=-=-=-=-=-=-=-=-=-=-=
[15:40:42] > 
[15:40:42] > cat("DEBUG: BIOMOD_FormatingData done at", format(Sys.time(), "%H:%M:%S"), "\n")
[15:40:42] DEBUG: BIOMOD_FormatingData done at 15:40:42 
[15:40:42] > end.time <- Sys.time()
[15:40:42] > time.formating <- end.time - start.time
[15:40:42] > 
[15:40:42] > start.time <- Sys.time()
[15:40:42] > # 2. Defining Models Options (bigboss preset)
[15:40:42] > opt.b <- bm_ModelingOptions(
[15:40:42] +   data.type = "binary",
[15:40:42] +   models = selModels,
[15:40:42] +   strategy = "bigboss",
[15:40:42] +   bm.format = myBiomodData
[15:40:42] + )
[15:40:42] 
[15:40:42] -=-=-=-=-=-=-=-=-=-=-=-=-=-= Build Modeling Options -=-=-=-=-=-=-=-=-=-=-=-=-=-=
[15:40:42] 
[15:40:42] 	>  GLM options ( datatype: binary , package: stats , function: glm )...
[15:40:42] 	>  GBM options ( datatype: binary , package: gbm , function: gbm )...
[15:40:42] 	>  ANN options ( datatype: binary , package: nnet , function: nnet )...
[15:40:42] 	>  FDA options ( datatype: binary , package: mda , function: fda )...
[15:40:42] 	>  MAXNET options ( datatype: binary , package: maxnet , function: maxnet )...
[15:40:42] 
[15:40:42] -=-=-=-=-=-=-=-=-=-=-=-=-=-=-=-=-=-= Done -=-=-=-=-=-=-=-=-=-=-=-=-=-=-=-=-=-=
[15:40:42] > 
[15:40:42] > # 3. Computing the models
[15:40:42] > myBiomodModelOut <- BIOMOD_Modeling(
[15:40:42] +   myBiomodData,
[15:40:42] +   models = selModels,
[15:40:42] +   CV.strategy = "random",
[15:40:42] +   CV.nb.rep = 2, # DEBUG: reduced from 5
[15:40:42] +   CV.perc = 0.7,
[15:40:42] +   OPT.strategy = "bigboss",
[15:40:42] +   metric.eval = c("TSS", "AUCroc", "KAPPA", "POD", "FAR"),
[15:40:42] +   scale.models = FALSE,
[15:40:42] +   CV.do.full.models = FALSE,
[15:40:42] +   nb.cpu = n_cpu,
[15:40:42] +   do.progress = T
[15:40:42] + )
[15:40:42] 
[15:40:42] -=-=-=-=-=-=-=-=-=-=-=-=-=-=-= Build Single Models -=-=-=-=-=-=-=-=-=-=-=-=-=-=-=
[15:40:42] 
[15:40:42] 
[15:40:42] Checking Models arguments...
[15:40:42] 
[15:40:42] 	> Automatic weights creation to rise a 0.5 prevalence
[15:40:42] Creating suitable Workdir...
[15:40:44] 
[15:40:44] 
[15:40:44] Checking Cross-Validation arguments...
[15:40:44] 
[15:40:44]    > Random cross-validation selection
[15:40:44] 
[15:40:44] -=-=-=-=-=-=-=-=-=-=-=-=-=-= Build Modeling Options -=-=-=-=-=-=-=-=-=-=-=-=-=-=
[15:40:44] 
[15:40:44] 	>  GLM options ( datatype: binary , package: stats , function: glm )...
[15:40:45] 	>  GBM options ( datatype: binary , package: gbm , function: gbm )...
[15:40:45] 	>  ANN options ( datatype: binary , package: nnet , function: nnet )...
[15:40:45] 	>  FDA options ( datatype: binary , package: mda , function: fda )...
[15:40:45] 	>  MAXNET options ( datatype: binary , package: maxnet , function: maxnet )...
[15:40:45] 
[15:40:45] -=-=-=-=-=-=-=-=-=-=-=-=-=-=-=-=-=-= Done -=-=-=-=-=-=-=-=-=-=-=-=-=-=-=-=-=-=
[15:40:45] 
[15:40:45] 
[15:40:45] 
[15:40:45] -=-=-=-=-=-=-=-=-=-=-=-= Festuca.glauca Modeling Summary -=-=-=-=-=-=-=-=-=-=-=-=
[15:40:45] 
[15:40:45] > 5 environmental variables ( PC1_clim PC2_clim tri PC1_soil PC2_soil )
[15:40:45] 
[15:40:45] > Number of PA datasets : 3
[15:40:45] 
[15:40:45] > Number of calibration/validation splits : 2
[15:40:45] 
[15:40:45] > Algorithms selected : GLM GBM ANN FDA MAXNET
[15:40:45]  6 models for each algorithm
[15:40:45] 
[15:40:45] Total number of model runs: 30 
[15:40:45] 
[15:40:45] -=-=-=-=-=-=-=-=-=-=-=-=-=-=-=-=-=-=-=-=-=-=-=-=-=-=-=-=-=-=-=-=-=-=-=-=-=-=-=-=
[15:40:45] 
[15:40:45] 
[15:40:45] -=-=-=--=-=-=- Festuca.glauca_PA1_RUN1_GLM 
[15:40:45] 
[15:40:45] 
[15:40:45] -=-=-=--=-=-=- Festuca.glauca_PA1_RUN1_GBM 
[15:40:45] CV: 1 
[15:40:45] 
[15:40:45] 
[15:40:45] -=-=-=--=-=-=- Festuca.glauca_PA1_RUN1_ANN 
[15:40:45] Warning: glm.fit: fitted probabilities numerically 0 or 1 occurred
[15:40:45] 
[15:40:45] 
[15:40:45] -=-=-=--=-=-=- Festuca.glauca_PA1_RUN1_FDA 
[15:40:45] 
[15:40:45] 	Evaluating Model stuff...
[15:40:45] 	Model scaling...
[15:40:45] 	Model scaling...
[15:40:45] 	Evaluating Model stuff...
[15:40:46] 	Evaluating Model stuff...
[15:40:46] 
[15:40:46] -=-=-=--=-=-=- Festuca.glauca_PA1_RUN1_MAXNET 
[15:40:46] 
[15:40:46] 
[15:40:46] -=-=-=--=-=-=- Festuca.glauca_PA1_RUN2_GBM 
[15:40:46] CV: 1 
[15:40:46] 
[15:40:46] 
[15:40:46] -=-=-=--=-=-=- Festuca.glauca_PA1_RUN2_ANN 
[15:40:47] 
[15:40:47] 	Model scaling...
[15:40:47] 	Evaluating Model stuff...Warning in max(calcStat, na.rm = TRUE) :
[15:40:47]   no non-missing arguments to max; returning -Inf
[15:40:48] 
[15:40:48] 
[15:40:48] -=-=-=--=-=-=- Festuca.glauca_PA2_RUN1_GBM 
[15:40:48] CV: 1 
[15:40:49] CV: 2 
[15:40:49] 
[15:40:50] 	Evaluating Model stuff...Warning in max(calcStat, na.rm = TRUE) :
[15:40:50]   no non-missing arguments to max; returning -Inf
[15:40:50] 
[15:40:50] 
[15:40:50] -=-=-=--=-=-=- Festuca.glauca_PA1_RUN2_FDA 
[15:40:50] 
[15:40:50] 	Model scaling...
[15:40:50] 	Evaluating Model stuff...CV: 2 
[15:40:51] 
[15:40:51] 
[15:40:51] -=-=-=--=-=-=- Festuca.glauca_PA2_RUN1_ANN 
[15:40:51] 
[15:40:51] 	Model scaling...
[15:40:52] 	Evaluating Model stuff...CV: 2 
[15:40:52] 
[15:40:52] 
[15:40:52] -=-=-=--=-=-=- Festuca.glauca_PA2_RUN2_GBM 
[15:40:52] CV: 1 
[15:40:54] CV: 3 
[15:40:54] CV: 3 
[15:40:56] CV: 3 
[15:40:56] CV: 2 
[15:41:01] CV: 3 
[15:41:05] 
[15:41:06] 	Evaluating Model stuff...
[15:41:06] 	Evaluating Model stuff...Warning in max(calcStat, na.rm = TRUE) :
[15:41:06]   no non-missing arguments to max; returning -Inf
[15:41:06] 
[15:41:06] 
[15:41:06] -=-=-=--=-=-=- Festuca.glauca_PA1_RUN2_GLM 
[15:41:06] Warning: glm.fit: fitted probabilities numerically 0 or 1 occurred
[15:41:06] 
[15:41:06] 	Evaluating Model stuff...Warning in max(calcStat, na.rm = TRUE) :
[15:41:06]   no non-missing arguments to max; returning -Inf
[15:41:07] 
[15:41:07] 
[15:41:07] -=-=-=--=-=-=- Festuca.glauca_PA2_RUN1_GLM 
[15:41:07] Warning: glm.fit: fitted probabilities numerically 0 or 1 occurred
[15:41:07] 
[15:41:07] 	Evaluating Model stuff...
[15:41:07] 
[15:41:07] -=-=-=--=-=-=- Festuca.glauca_PA1_RUN2_MAXNET 
[15:41:08] 
[15:41:08] 
[15:41:08] -=-=-=--=-=-=- Festuca.glauca_PA2_RUN1_MAXNET 
[15:41:08] 
[15:41:08] 	Evaluating Model stuff...
[15:41:08] 
[15:41:08] -=-=-=--=-=-=- Festuca.glauca_PA2_RUN2_GLM 
[15:41:08] Warning: glm.fit: fitted probabilities numerically 0 or 1 occurred
[15:41:08] 
[15:41:09] 	Evaluating Model stuff...
[15:41:09] 
[15:41:09] -=-=-=--=-=-=- Festuca.glauca_PA2_RUN2_MAXNET 
[15:41:10] 
[15:41:11] 	Evaluating Model stuff...
[15:41:11] 	Evaluating Model stuff...
[15:41:11] 
[15:41:11] -=-=-=--=-=-=- Festuca.glauca_PA2_RUN1_FDA 
[15:41:11] 
[15:41:11] 	Model scaling...
[15:41:11] 	Evaluating Model stuff...
[15:41:11] 
[15:41:11] -=-=-=--=-=-=- Festuca.glauca_PA2_RUN2_FDA 
[15:41:11] 
[15:41:11] 	Model scaling...
[15:41:12] 	Evaluating Model stuff...
[15:41:12] 
[15:41:12] -=-=-=--=-=-=- Festuca.glauca_PA2_RUN2_ANN 
[15:41:12] 
[15:41:12] 	Evaluating Model stuff...
[15:41:12] 	Model scaling...
[15:41:12] 	Evaluating Model stuff...
[15:41:12] 
[15:41:12] -=-=-=--=-=-=- Festuca.glauca_PA3_RUN1_ANN 
[15:41:12] 
[15:41:13] 	Evaluating Model stuff...
[15:41:13] 	Model scaling...
[15:41:13] 	Evaluating Model stuff...
[15:41:13] 
[15:41:13] -=-=-=--=-=-=- Festuca.glauca_PA3_RUN1_GLM 
[15:41:13] Warning: glm.fit: fitted probabilities numerically 0 or 1 occurred
[15:41:13] 
[15:41:13] 	Evaluating Model stuff...
[15:41:13] 
[15:41:13] -=-=-=--=-=-=- Festuca.glauca_PA3_RUN1_GBM 
[15:41:13] CV: 1 
[15:41:13] 
[15:41:13] 
[15:41:13] -=-=-=--=-=-=- Festuca.glauca_PA3_RUN1_FDA 
[15:41:13] 
[15:41:13] 	Model scaling...
[15:41:13] 	Evaluating Model stuff...
[15:41:13] 
[15:41:13] -=-=-=--=-=-=- Festuca.glauca_PA3_RUN2_GBM 
[15:41:13] CV: 1 
[15:41:14] 
[15:41:14] 
[15:41:14] -=-=-=--=-=-=- Festuca.glauca_PA3_RUN1_MAXNET 
[15:41:14] 
[15:41:14] 
[15:41:14] -=-=-=--=-=-=- Festuca.glauca_PA3_RUN2_ANN 
[15:41:14] 
[15:41:14] 	Model scaling...
[15:41:17] 	Evaluating Model stuff...
[15:41:17] 	Evaluating Model stuff...
[15:41:17] 
[15:41:17] -=-=-=--=-=-=- Festuca.glauca_PA3_RUN2_FDA 
[15:41:17] CV: 2 
[15:41:17] 
[15:41:17] 	Model scaling...
[15:41:18] 	Evaluating Model stuff...CV: 2 
[15:41:22] CV: 3 
[15:41:22] CV: 3 
[15:41:33] 
[15:41:33] 	Evaluating Model stuff...
[15:41:34] 	Evaluating Model stuff...Warning in max(calcStat, na.rm = TRUE) :
[15:41:34]   no non-missing arguments to max; returning -Inf
[15:41:34] 
[15:41:34] 
[15:41:34] -=-=-=--=-=-=- Festuca.glauca_PA3_RUN2_GLM 
[15:41:34] Warning: glm.fit: fitted probabilities numerically 0 or 1 occurred
[15:41:34] 
[15:41:35] 	Evaluating Model stuff...
[15:41:35] 
[15:41:35] -=-=-=--=-=-=- Festuca.glauca_PA3_RUN2_MAXNET 
[15:41:38] 
[15:41:39] 	Evaluating Model stuff...
[15:41:39] -=-=-=-=-=-=-=-=-=-=-=-=-=-=-=-=-=-= Done -=-=-=-=-=-=-=-=-=-=-=-=-=-=-=-=-=-=
[15:41:39] > end.time <- Sys.time()
[15:41:39] > time.modeling <- end.time - start.time
[15:41:39] > 
[15:41:39] > start.time <- Sys.time()
[15:41:39] > # 4. Model ensemble models
[15:41:39] > myBiomodEM <- BIOMOD_EnsembleModeling(
[15:41:39] +   bm.mod = myBiomodModelOut,
[15:41:39] +   models.chosen = "all",
[15:41:39] +   em.by = "all",
[15:41:39] +   em.algo = c("EMmean", "EMcv"),
[15:41:39] +   metric.select = c("AUCroc"),
[15:41:39] +   metric.select.thresh = c(0.6),
[15:41:39] +   metric.eval = c("TSS", "AUCroc", "KAPPA"),
[15:41:39] +   nb.cpu = 1
[15:41:39] + )
[15:41:39] 
[15:41:39] -=-=-=-=-=-=-=-=-=-=-=-=-=-= Build Ensemble Models -=-=-=-=-=-=-=-=-=-=-=-=-=-=
[15:41:39] 
[15:41:39]    ! all models available will be included in ensemble.modeling
[15:41:39]   ! Ensemble Models will be filtered and/or weighted using validation dataset (if possible). Please use `metric.select.dataset` for alternative options.
[15:41:39]    > Evaluation & Weighting methods summary :
[15:41:39]       AUCroc over 0.6
[15:41:40] 
[15:41:40] 
[15:41:44]   > mergedData_mergedRun_mergedAlgo ensemble modeling
[15:41:47]    ! Additional projection required for ensemble models merging several pseudo-absence dataset...
[15:41:47] -=-=-=-=-=-=-=-=-=-=-=-=-= Do Single Models Projection -=-=-=-=-=-=-=-=-=-=-=-=-=
[15:41:47] 
[15:41:47] 	> Projecting Festuca.glauca_PA1_RUN1_GLM ...
[15:41:47] 	> Projecting Festuca.glauca_PA1_RUN1_GBM ...
[15:41:47] 	> Projecting Festuca.glauca_PA1_RUN1_ANN ...
[15:41:47] 	> Projecting Festuca.glauca_PA1_RUN1_FDA ...
[15:41:47] 	> Projecting Festuca.glauca_PA1_RUN1_MAXNET ...
[15:41:47] 	> Projecting Festuca.glauca_PA1_RUN2_GBM ...
[15:41:47] 	> Projecting Festuca.glauca_PA1_RUN2_ANN ...
[15:41:48] 	> Projecting Festuca.glauca_PA1_RUN2_FDA ...
[15:41:48] 	> Projecting Festuca.glauca_PA1_RUN2_GLM ...
[15:41:50] 	> Projecting Festuca.glauca_PA1_RUN2_MAXNET ...
[15:41:50] -=-=-=-=-=-=-=-=-=-=-=-=-=-=-=-=-=-= Done -=-=-=-=-=-=-=-=-=-=-=-=-=-=-=-=-=-=
[15:41:52] 
[15:41:52] -=-=-=-=-=-=-=-=-=-=-=-=-= Do Single Models Projection -=-=-=-=-=-=-=-=-=-=-=-=-=
[15:41:52] 
[15:41:52] 	> Projecting Festuca.glauca_PA2_RUN1_GLM ...
[15:41:52] 	> Projecting Festuca.glauca_PA2_RUN1_GBM ...
[15:41:52] 	> Projecting Festuca.glauca_PA2_RUN1_ANN ...
[15:41:52] 	> Projecting Festuca.glauca_PA2_RUN1_FDA ...
[15:41:52] 	> Projecting Festuca.glauca_PA2_RUN1_MAXNET ...
[15:41:52] 	> Projecting Festuca.glauca_PA2_RUN2_GBM ...
[15:41:52] 	> Projecting Festuca.glauca_PA2_RUN2_ANN ...
[15:41:53] 	> Projecting Festuca.glauca_PA2_RUN2_FDA ...
[15:41:53] 	> Projecting Festuca.glauca_PA2_RUN2_GLM ...
[15:41:55] 	> Projecting Festuca.glauca_PA2_RUN2_MAXNET ...
[15:41:55] -=-=-=-=-=-=-=-=-=-=-=-=-=-=-=-=-=-= Done -=-=-=-=-=-=-=-=-=-=-=-=-=-=-=-=-=-=
[15:41:57] 
[15:41:57] -=-=-=-=-=-=-=-=-=-=-=-=-= Do Single Models Projection -=-=-=-=-=-=-=-=-=-=-=-=-=
[15:41:57] 
[15:41:57] 	> Projecting Festuca.glauca_PA3_RUN1_GLM ...
[15:41:57] 	> Projecting Festuca.glauca_PA3_RUN1_GBM ...
[15:41:57] 	> Projecting Festuca.glauca_PA3_RUN1_ANN ...
[15:41:57] 	> Projecting Festuca.glauca_PA3_RUN1_FDA ...
[15:41:57] 	> Projecting Festuca.glauca_PA3_RUN1_MAXNET ...
[15:41:57] 	> Projecting Festuca.glauca_PA3_RUN2_GBM ...
[15:41:57] 	> Projecting Festuca.glauca_PA3_RUN2_ANN ...
[15:41:58] 	> Projecting Festuca.glauca_PA3_RUN2_FDA ...
[15:41:58] 	> Projecting Festuca.glauca_PA3_RUN2_GLM ...
[15:42:00] 	> Projecting Festuca.glauca_PA3_RUN2_MAXNET ...
[15:42:00] -=-=-=-=-=-=-=-=-=-=-=-=-=-=-=-=-=-= Done -=-=-=-=-=-=-=-=-=-=-=-=-=-=-=-=-=-=
[15:42:00] 
[15:42:01] 
[15:42:01] 
[15:42:01]    > Mean of probabilities by AUCroc ...
[15:42:01] 
[15:42:04]    > Coef of variation of probabilities by AUCroc ...
[15:42:06] 			Evaluating Model stuff...
[15:42:06] -=-=-=-=-=-=-=-=-=-=-=-=-=-=-=-=-=-= Done -=-=-=-=-=-=-=-=-=-=-=-=-=-=-=-=-=-=
[15:42:06] > end.time <- Sys.time()
[15:42:06] > time.modeling_EM <- end.time - start.time
[15:42:06] > 
[15:42:06] > ### Models evaluations
[15:42:06] > myBiomodModelEval <- get_evaluations(myBiomodModelOut)
[15:42:06] > myBiomodModelEval_ensamble <- get_evaluations(myBiomodEM)
[15:42:06] > 
[15:42:06] > nome <- paste0("Eval_", sp.names[i], ".txt", sep = "")
[15:42:06] > write.table(myBiomodModelEval, file = nome, sep = "\t")
[15:42:06] > 
[15:42:06] > nome1 <- paste0("Eval_EM_", sp.names[i], ".txt", sep = "")
[15:42:06] > write.table(myBiomodModelEval_ensamble, file = nome1, sep = "\t")
[15:42:06] > 
[15:42:06] > ###########################################################################
[15:42:06] > ######################      PROJECTION ON ALPS        #####################
[15:42:06] > ###########################################################################
[15:42:06] > 
[15:42:06] > ###########################################################################
[15:42:06] > ###########################           CURRENT   ###########################
[15:42:06] > ###########################################################################
[15:42:06] > 
[15:42:06] > # 5. Individual models projections on current environmental conditions
[15:42:06] > start.time <- Sys.time()
[15:42:06] > myBiomodProj <- BIOMOD_Projection(
[15:42:06] +   bm.mod = myBiomodModelOut,
[15:42:06] +   proj.name = "current",
[15:42:06] +   new.env = cur_proj,
[15:42:06] +   models.chosen = "all",
[15:42:06] +   build.clamping.mask = T,
[15:42:06] +   nb.cpu = n_cpu
[15:42:06] + )
[15:42:06] 
[15:42:06] -=-=-=-=-=-=-=-=-=-=-=-=-= Do Single Models Projection -=-=-=-=-=-=-=-=-=-=-=-=-=
[15:42:30] 
[15:42:30] 	> Building clamping mask
[15:43:34] 
[15:43:34] 	> Projecting Festuca.glauca_PA1_RUN1_GLM ...
[15:43:34] 	> Projecting Festuca.glauca_PA1_RUN1_GBM ...
[15:43:34] 	> Projecting Festuca.glauca_PA1_RUN1_ANN ...
[15:44:17] 	> Projecting Festuca.glauca_PA1_RUN1_FDA ...
[15:44:37] 	> Projecting Festuca.glauca_PA1_RUN1_MAXNET ...
[15:44:52] 	> Projecting Festuca.glauca_PA1_RUN2_ANN ...
[15:44:53] 	> Projecting Festuca.glauca_PA1_RUN2_FDA ...
[15:45:45] 	> Projecting Festuca.glauca_PA1_RUN2_GBM ...
[15:45:49] 	> Projecting Festuca.glauca_PA2_RUN1_ANN ...
[15:46:45] 	> Projecting Festuca.glauca_PA2_RUN1_GBM ...
[15:59:33] 	> Projecting Festuca.glauca_PA2_RUN2_GBM ...
[16:00:13] 	> Projecting Festuca.glauca_PA1_RUN2_GLM ...
[16:00:14] 	> Projecting Festuca.glauca_PA2_RUN1_GLM ...
[16:00:49] 	> Projecting Festuca.glauca_PA1_RUN2_MAXNET ...
[16:00:51] 	> Projecting Festuca.glauca_PA2_RUN1_FDA ...
[16:01:23] 	> Projecting Festuca.glauca_PA2_RUN1_MAXNET ...
[16:01:30] 	> Projecting Festuca.glauca_PA2_RUN2_GLM ...
[16:01:42] 	> Projecting Festuca.glauca_PA2_RUN2_FDA ...
[16:02:03] 	> Projecting Festuca.glauca_PA2_RUN2_ANN ...
[16:02:13] 	> Projecting Festuca.glauca_PA2_RUN2_MAXNET ...
[16:02:37] 	> Projecting Festuca.glauca_PA3_RUN1_ANN ...
[16:02:41] 	> Projecting Festuca.glauca_PA3_RUN1_GBM ...
[16:02:58] 	> Projecting Festuca.glauca_PA3_RUN1_FDA ...
[16:03:09] 	> Projecting Festuca.glauca_PA3_RUN1_GLM ...
[16:03:33] 	> Projecting Festuca.glauca_PA3_RUN2_GBM ...
[16:03:35] 	> Projecting Festuca.glauca_PA3_RUN1_MAXNET ...
[16:04:12] 	> Projecting Festuca.glauca_PA3_RUN2_ANN ...
[16:18:35] 	> Projecting Festuca.glauca_PA3_RUN2_FDA ...
[16:19:18] 	> Projecting Festuca.glauca_PA3_RUN2_GLM ...
[16:24:46] 	> Projecting Festuca.glauca_PA3_RUN2_MAXNET ...
[16:24:46] -=-=-=-=-=-=-=-=-=-=-=-=-=-=-=-=-=-= Done -=-=-=-=-=-=-=-=-=-=-=-=-=-=-=-=-=-=
[16:24:46] > end.time <- Sys.time()
[16:24:46] > time.cur_proj <- end.time - start.time
[16:24:46] > 
[16:24:46] > # 6. Project ensemble models (reuse bm.proj to avoid internal re-projection)
[16:24:46] > start.time <- Sys.time()
[16:24:46] > myBiomodEMProj <- BIOMOD_EnsembleForecasting(
[16:24:46] +   bm.em = myBiomodEM,
[16:24:46] +   bm.proj = myBiomodProj, # reuse computed projection; biomod2 wants XOR(bm.proj, new.env)
[16:24:46] +   proj.name = "CurrentEM",
[16:24:46] +   models.chosen = "all",
[16:24:46] +   metric.binary = "all",
[16:24:46] +   metric.filter = "all",
[16:24:46] +   nb.cpu = 1
[16:24:46] + )
[16:24:46] 
[16:24:46] -=-=-=-=-=-=-=-=-=-=-=-= Do Ensemble Models Projection -=-=-=-=-=-=-=-=-=-=-=-=
[16:24:46] 
[16:24:46] Creating suitable Workdir...
[16:25:21] 
[16:25:21] 	> Projecting Festuca.glauca_EMmeanByAUCroc_mergedData_mergedRun_mergedAlgo ...
[16:42:13] 	> Projecting Festuca.glauca_EMcvByAUCroc_mergedData_mergedRun_mergedAlgo ...
[16:42:13] 
[16:42:13] ! Binary/Filtered transformation automatically desactivated for ensemble models with coefficient of variation or confidence intervals
[16:42:20] 	> Building TSS binaries / filtered
[16:42:26] 	> Building AUCroc binaries / filtered
[16:42:33] 	> Building KAPPA binaries / filtered
[16:42:45] 
[16:42:45] -=-=-=-=-=-=-=-=-=-=-=-=-=-=-=-=-=-= Done -=-=-=-=-=-=-=-=-=-=-=-=-=-=-=-=-=-=
[16:42:45] > end.time <- Sys.time()
[16:42:45] > time.cur_proj_EM <- end.time - start.time
[16:42:45] > 
[16:42:45] > ###########################################################################
[16:42:45] > #######################################   FUTURE     ######################
[16:42:45] > ###########################################################################
[16:42:45] > 
[16:42:45] > ## Number of future projections
[16:42:45] > nf <- length(lf)
[16:42:45] > 
[16:42:45] > start.time <- Sys.time()
[16:42:45] > for (k in 1:nf) {
[16:42:45] +   name <- lf[k]
[16:42:45] +   cat("\n\nDEBUG: Processing future scenario", k, "of", nf, ":", name, "\n")
[16:42:45] + 
[16:42:45] +   fut_files <- dir(lf[k], full.names = T)
[16:42:45] +   fut1 <- rast(fut_files)
[16:42:45] +   cat("DEBUG: Raster loaded, ncell =", ncell(fut1), ", hasValues =", hasValues(fut1), "\n")
[16:42:45] + 
[16:42:45] +   fut <- fut1
[16:42:45] +   fut_proj <- c(fut[[1]], fut[[2]], tri_proj, soil_proj[[1]], soil_proj[[2]])
[16:42:45] +   names(fut_proj) <- c("PC1_clim", "PC2_clim", "tri", "PC1_soil", "PC2_soil")
[16:42:45] + 
[16:42:45] +   # path-depth independent: <gcm>/<ssp> are the last two path components
[16:42:45] +   nm1 <- strsplit(name, "/")[[1]]
[16:42:45] +   nm <- paste0(nm1[length(nm1) - 1], "_", nm1[length(nm1)])
[16:42:45] +   nm2 <- paste0("futureEM_", nm1[length(nm1) - 1], "_", nm1[length(nm1)])
[16:42:45] + 
[16:42:45] +   # 5. Individual models projections on future environmental conditions
[16:42:45] +   myBiomodProj_fut <- BIOMOD_Projection(
[16:42:45] +     bm.mod = myBiomodModelOut,
[16:42:45] +     proj.name = nm,
[16:42:45] +     new.env = fut_proj,
[16:42:45] +     models.chosen = "all",
[16:42:45] +     build.clamping.mask = T,
[16:42:45] +     nb.cpu = n_cpu
[16:42:45] +   )
[16:42:45] + 
[16:42:45] +   myBiomodEMProj_fut <- BIOMOD_EnsembleForecasting(
[16:42:45] +     bm.em = myBiomodEM,
[16:42:45] +     bm.proj = myBiomodProj_fut, # reuse computed projection; biomod2 wants XOR(bm.proj, new.env)
[16:42:45] +     proj.name = nm2,
[16:42:45] +     models.chosen = "all",
[16:42:45] +     metric.binary = "all",
[16:42:45] +     metric.filter = "all",
[16:42:45] +     nb.cpu = 1
[16:42:45] +   )
[16:42:45] + }
[16:42:45] 
[16:42:45] 
[16:42:45] DEBUG: Processing future scenario 1 of 8 : /work/data/input/climate_vars/future/gfdl.esm4/ssp370 
[16:42:45] DEBUG: Raster loaded, ncell = 63951097 , hasValues = TRUE 
[16:42:45] 
[16:42:45] -=-=-=-=-=-=-=-=-=-=-=-=-= Do Single Models Projection -=-=-=-=-=-=-=-=-=-=-=-=-=
[16:43:09] 
[16:43:09] 	> Building clamping mask
[16:44:13] 
[16:44:13] 	> Projecting Festuca.glauca_PA1_RUN1_GLM ...
[16:44:13] 	> Projecting Festuca.glauca_PA1_RUN1_GBM ...
[16:44:14] 	> Projecting Festuca.glauca_PA1_RUN1_ANN ...
[16:44:55] 	> Projecting Festuca.glauca_PA1_RUN1_FDA ...
[16:45:12] 	> Projecting Festuca.glauca_PA1_RUN1_MAXNET ...
[16:45:25] 	> Projecting Festuca.glauca_PA1_RUN2_ANN ...
[16:45:32] 	> Projecting Festuca.glauca_PA1_RUN2_GBM ...
[16:46:18] 	> Projecting Festuca.glauca_PA1_RUN2_FDA ...
[16:46:22] 	> Projecting Festuca.glauca_PA2_RUN1_GBM ...
[16:47:21] 	> Projecting Festuca.glauca_PA2_RUN1_ANN ...
[17:01:08] 	> Projecting Festuca.glauca_PA2_RUN2_GBM ...
[17:01:36] 	> Projecting Festuca.glauca_PA1_RUN2_GLM ...
[17:01:50] 	> Projecting Festuca.glauca_PA2_RUN1_GLM ...
[17:02:15] 	> Projecting Festuca.glauca_PA1_RUN2_MAXNET ...
[17:02:26] 	> Projecting Festuca.glauca_PA2_RUN1_MAXNET ...
[17:02:47] 	> Projecting Festuca.glauca_PA2_RUN1_FDA ...
[17:02:54] 	> Projecting Festuca.glauca_PA2_RUN2_GLM ...
[17:03:20] 	> Projecting Festuca.glauca_PA2_RUN2_FDA ...
[17:03:28] 	> Projecting Festuca.glauca_PA2_RUN2_ANN ...
[17:03:40] 	> Projecting Festuca.glauca_PA2_RUN2_MAXNET ...
[17:04:10] 	> Projecting Festuca.glauca_PA3_RUN1_ANN ...
[17:04:10] 	> Projecting Festuca.glauca_PA3_RUN1_FDA ...
[17:04:27] 	> Projecting Festuca.glauca_PA3_RUN1_GBM ...
[17:04:43] 	> Projecting Festuca.glauca_PA3_RUN1_GLM ...
[17:04:55] 	> Projecting Festuca.glauca_PA3_RUN2_GBM ...
[17:05:02] 	> Projecting Festuca.glauca_PA3_RUN2_ANN ...
[17:05:44] 	> Projecting Festuca.glauca_PA3_RUN1_MAXNET ...
[17:21:09] 	> Projecting Festuca.glauca_PA3_RUN2_FDA ...
[17:21:42] 	> Projecting Festuca.glauca_PA3_RUN2_GLM ...
[17:27:23] 	> Projecting Festuca.glauca_PA3_RUN2_MAXNET ...
[17:27:23] -=-=-=-=-=-=-=-=-=-=-=-=-=-=-=-=-=-= Done -=-=-=-=-=-=-=-=-=-=-=-=-=-=-=-=-=-=
[17:27:23] 
[17:27:23] -=-=-=-=-=-=-=-=-=-=-=-= Do Ensemble Models Projection -=-=-=-=-=-=-=-=-=-=-=-=
[17:27:23] 
[17:27:23] Creating suitable Workdir...
[17:28:00] 
[17:28:01] 	> Projecting Festuca.glauca_EMmeanByAUCroc_mergedData_mergedRun_mergedAlgo ...
[17:45:00] 	> Projecting Festuca.glauca_EMcvByAUCroc_mergedData_mergedRun_mergedAlgo ...
[17:45:00] 
[17:45:00] ! Binary/Filtered transformation automatically desactivated for ensemble models with coefficient of variation or confidence intervals
[17:45:06] 	> Building TSS binaries / filtered
[17:45:13] 	> Building AUCroc binaries / filtered
[17:45:19] 	> Building KAPPA binaries / filtered
[17:45:31] 
[17:45:31] -=-=-=-=-=-=-=-=-=-=-=-=-=-=-=-=-=-= Done -=-=-=-=-=-=-=-=-=-=-=-=-=-=-=-=-=-=
[17:45:31] 
[17:45:31] 
[17:45:31] DEBUG: Processing future scenario 2 of 8 : /work/data/input/climate_vars/future/gfdl.esm4/ssp585 
[17:45:31] DEBUG: Raster loaded, ncell = 63951097 , hasValues = TRUE 
[17:45:31] 
[17:45:31] -=-=-=-=-=-=-=-=-=-=-=-=-= Do Single Models Projection -=-=-=-=-=-=-=-=-=-=-=-=-=
[17:45:55] 
[17:45:55] 	> Building clamping mask
[17:46:59] 
[17:47:00] 	> Projecting Festuca.glauca_PA1_RUN1_GLM ...
[17:47:01] 	> Projecting Festuca.glauca_PA1_RUN1_GBM ...
[17:47:01] 	> Projecting Festuca.glauca_PA1_RUN1_ANN ...
[17:47:43] 	> Projecting Festuca.glauca_PA1_RUN1_FDA ...
[17:48:00] 	> Projecting Festuca.glauca_PA1_RUN1_MAXNET ...
[17:48:12] 	> Projecting Festuca.glauca_PA1_RUN2_ANN ...
[17:48:21] 	> Projecting Festuca.glauca_PA1_RUN2_GBM ...
[17:48:59] 	> Projecting Festuca.glauca_PA1_RUN2_FDA ...
[17:49:14] 	> Projecting Festuca.glauca_PA2_RUN1_GBM ...
[17:50:18] 	> Projecting Festuca.glauca_PA2_RUN1_ANN ...
[18:04:01] 	> Projecting Festuca.glauca_PA2_RUN2_GBM ...
[18:04:23] 	> Projecting Festuca.glauca_PA1_RUN2_GLM ...
[18:04:43] 	> Projecting Festuca.glauca_PA2_RUN1_GLM ...
[18:04:59] 	> Projecting Festuca.glauca_PA1_RUN2_MAXNET ...
[18:05:19] 	> Projecting Festuca.glauca_PA2_RUN1_MAXNET ...
[18:05:36] 	> Projecting Festuca.glauca_PA2_RUN1_FDA ...
[18:05:41] 	> Projecting Festuca.glauca_PA2_RUN2_GLM ...
[18:06:04] 	> Projecting Festuca.glauca_PA2_RUN2_FDA ...
[18:06:12] 	> Projecting Festuca.glauca_PA2_RUN2_ANN ...
[18:06:31] 	> Projecting Festuca.glauca_PA2_RUN2_MAXNET ...
[18:06:52] 	> Projecting Festuca.glauca_PA3_RUN1_ANN ...
[18:07:05] 	> Projecting Festuca.glauca_PA3_RUN1_FDA ...
[18:07:36] 	> Projecting Festuca.glauca_PA3_RUN1_GBM ...
[18:07:38] 	> Projecting Festuca.glauca_PA3_RUN2_GBM ...
[18:07:44] 	> Projecting Festuca.glauca_PA3_RUN1_GLM ...
[18:08:15] 	> Projecting Festuca.glauca_PA3_RUN2_ANN ...
[18:08:53] 	> Projecting Festuca.glauca_PA3_RUN1_MAXNET ...
[18:24:12] 	> Projecting Festuca.glauca_PA3_RUN2_FDA ...
[18:24:43] 	> Projecting Festuca.glauca_PA3_RUN2_GLM ...
[18:30:26] 	> Projecting Festuca.glauca_PA3_RUN2_MAXNET ...
[18:30:26] -=-=-=-=-=-=-=-=-=-=-=-=-=-=-=-=-=-= Done -=-=-=-=-=-=-=-=-=-=-=-=-=-=-=-=-=-=
[18:30:26] 
[18:30:26] -=-=-=-=-=-=-=-=-=-=-=-= Do Ensemble Models Projection -=-=-=-=-=-=-=-=-=-=-=-=
[18:30:26] 
[18:30:26] Creating suitable Workdir...
[18:31:04] 
[18:31:05] 	> Projecting Festuca.glauca_EMmeanByAUCroc_mergedData_mergedRun_mergedAlgo ...
[18:48:21] 	> Projecting Festuca.glauca_EMcvByAUCroc_mergedData_mergedRun_mergedAlgo ...
[18:48:21] 
[18:48:21] ! Binary/Filtered transformation automatically desactivated for ensemble models with coefficient of variation or confidence intervals
[18:48:27] 	> Building TSS binaries / filtered
[18:48:34] 	> Building AUCroc binaries / filtered
[18:48:41] 	> Building KAPPA binaries / filtered
[18:48:53] 
[18:48:53] -=-=-=-=-=-=-=-=-=-=-=-=-=-=-=-=-=-= Done -=-=-=-=-=-=-=-=-=-=-=-=-=-=-=-=-=-=
[18:48:53] 
[18:48:53] 
[18:48:53] DEBUG: Processing future scenario 3 of 8 : /work/data/input/climate_vars/future/ipsl.cm6a.lr/ssp370 
[18:48:53] DEBUG: Raster loaded, ncell = 63951097 , hasValues = TRUE 
[18:48:53] 
[18:48:53] -=-=-=-=-=-=-=-=-=-=-=-=-= Do Single Models Projection -=-=-=-=-=-=-=-=-=-=-=-=-=
[18:49:17] 
[18:49:17] 	> Building clamping mask
[18:50:23] 
[18:50:24] 	> Projecting Festuca.glauca_PA1_RUN1_GLM ...
[18:50:24] 	> Projecting Festuca.glauca_PA1_RUN1_GBM ...
[18:50:25] 	> Projecting Festuca.glauca_PA1_RUN1_ANN ...
[18:51:07] 	> Projecting Festuca.glauca_PA1_RUN1_FDA ...
[18:51:25] 	> Projecting Festuca.glauca_PA1_RUN1_MAXNET ...
[18:51:34] 	> Projecting Festuca.glauca_PA1_RUN2_ANN ...
[18:51:41] 	> Projecting Festuca.glauca_PA1_RUN2_GBM ...
[18:52:24] 	> Projecting Festuca.glauca_PA1_RUN2_FDA ...
[18:52:29] 	> Projecting Festuca.glauca_PA2_RUN1_GBM ...
[18:53:22] 	> Projecting Festuca.glauca_PA2_RUN1_ANN ...
[19:07:27] 	> Projecting Festuca.glauca_PA2_RUN2_GBM ...
[19:07:39] 	> Projecting Festuca.glauca_PA1_RUN2_GLM ...
[19:08:13] 	> Projecting Festuca.glauca_PA2_RUN1_GLM ...
[19:08:14] 	> Projecting Festuca.glauca_PA2_RUN1_MAXNET ...
[19:08:52] 	> Projecting Festuca.glauca_PA1_RUN2_MAXNET ...
[19:08:55] 	> Projecting Festuca.glauca_PA2_RUN2_FDA ...
[19:08:57] 	> Projecting Festuca.glauca_PA2_RUN1_FDA ...
[19:09:33] 	> Projecting Festuca.glauca_PA2_RUN2_GLM ...
[19:09:40] 	> Projecting Festuca.glauca_PA2_RUN2_MAXNET ...
[19:09:44] 	> Projecting Festuca.glauca_PA2_RUN2_ANN ...
[19:10:14] 	> Projecting Festuca.glauca_PA3_RUN1_ANN ...
[19:10:32] 	> Projecting Festuca.glauca_PA3_RUN1_FDA ...
[19:10:34] 	> Projecting Festuca.glauca_PA3_RUN1_GLM ...
[19:10:41] 	> Projecting Festuca.glauca_PA3_RUN2_GBM ...
[19:11:03] 	> Projecting Festuca.glauca_PA3_RUN1_GBM ...
[19:11:14] 	> Projecting Festuca.glauca_PA3_RUN1_MAXNET ...
[19:11:39] 	> Projecting Festuca.glauca_PA3_RUN2_ANN ...
[19:27:49] 	> Projecting Festuca.glauca_PA3_RUN2_FDA ...
[19:28:22] 	> Projecting Festuca.glauca_PA3_RUN2_GLM ...
[19:34:03] 	> Projecting Festuca.glauca_PA3_RUN2_MAXNET ...
[19:34:03] -=-=-=-=-=-=-=-=-=-=-=-=-=-=-=-=-=-= Done -=-=-=-=-=-=-=-=-=-=-=-=-=-=-=-=-=-=
[19:34:03] 
[19:34:03] -=-=-=-=-=-=-=-=-=-=-=-= Do Ensemble Models Projection -=-=-=-=-=-=-=-=-=-=-=-=
[19:34:03] 
[19:34:03] Creating suitable Workdir...
[19:34:40] 
[19:34:41] 	> Projecting Festuca.glauca_EMmeanByAUCroc_mergedData_mergedRun_mergedAlgo ...
[19:51:49] 	> Projecting Festuca.glauca_EMcvByAUCroc_mergedData_mergedRun_mergedAlgo ...
[19:51:49] 
[19:51:49] ! Binary/Filtered transformation automatically desactivated for ensemble models with coefficient of variation or confidence intervals
[19:51:56] 	> Building TSS binaries / filtered
[19:52:02] 	> Building AUCroc binaries / filtered
[19:52:09] 	> Building KAPPA binaries / filtered
[19:52:21] 
[19:52:21] -=-=-=-=-=-=-=-=-=-=-=-=-=-=-=-=-=-= Done -=-=-=-=-=-=-=-=-=-=-=-=-=-=-=-=-=-=
[19:52:21] 
[19:52:21] 
[19:52:21] DEBUG: Processing future scenario 4 of 8 : /work/data/input/climate_vars/future/ipsl.cm6a.lr/ssp585 
[19:52:21] DEBUG: Raster loaded, ncell = 63951097 , hasValues = TRUE 
[19:52:21] 
[19:52:21] -=-=-=-=-=-=-=-=-=-=-=-=-= Do Single Models Projection -=-=-=-=-=-=-=-=-=-=-=-=-=
[19:52:45] 
[19:52:45] 	> Building clamping mask
[19:53:51] 
[19:53:52] 	> Projecting Festuca.glauca_PA1_RUN1_GLM ...
[19:53:54] 	> Projecting Festuca.glauca_PA1_RUN1_GBM ...
[19:53:55] 	> Projecting Festuca.glauca_PA1_RUN1_ANN ...
[19:54:37] 	> Projecting Festuca.glauca_PA1_RUN1_FDA ...
[19:54:56] 	> Projecting Festuca.glauca_PA1_RUN1_MAXNET ...
[19:55:06] 	> Projecting Festuca.glauca_PA1_RUN2_ANN ...
[19:55:13] 	> Projecting Festuca.glauca_PA1_RUN2_GBM ...
[19:56:00] 	> Projecting Festuca.glauca_PA1_RUN2_FDA ...
[19:56:03] 	> Projecting Festuca.glauca_PA2_RUN1_GBM ...
[19:57:02] 	> Projecting Festuca.glauca_PA2_RUN1_ANN ...
[20:11:25] 	> Projecting Festuca.glauca_PA2_RUN2_GBM ...
[20:11:47] 	> Projecting Festuca.glauca_PA1_RUN2_GLM ...
[20:12:11] 	> Projecting Festuca.glauca_PA2_RUN1_GLM ...
[20:12:23] 	> Projecting Festuca.glauca_PA1_RUN2_MAXNET ...
[20:12:53] 	> Projecting Festuca.glauca_PA2_RUN1_MAXNET ...
[20:13:05] 	> Projecting Festuca.glauca_PA2_RUN1_FDA ...|---------|---------|---------|---------|
[20:13:11] 	> Projecting Festuca.glauca_PA2_RUN2_GLM ...
[20:13:46] 	> Projecting Festuca.glauca_PA2_RUN2_FDA ...|---------|---------|---------|---------|=======================================================                                          
[20:14:04] 	> Projecting Festuca.glauca_PA2_RUN2_MAXNET ...===========================                                          
[20:14:14] 	> Projecting Festuca.glauca_PA2_RUN2_ANN ...
[20:14:28] 	> Projecting Festuca.glauca_PA3_RUN1_ANN ...
[20:14:50] 	> Projecting Festuca.glauca_PA3_RUN1_FDA ...|---------|---------|---------|---------|
[20:15:11] 	> Projecting Festuca.glauca_PA3_RUN1_GLM ...|---------|---------|---------|---------|============================
[20:15:15] 	> Projecting Festuca.glauca_PA3_RUN1_GBM ...
[20:15:26] 	> Projecting Festuca.glauca_PA3_RUN2_GBM ...===========================                                          ===========================                                          
[20:15:34] 	> Projecting Festuca.glauca_PA3_RUN1_MAXNET ...
[20:16:07] 	> Projecting Festuca.glauca_PA3_RUN2_ANN ...
[20:32:47] 	> Projecting Festuca.glauca_PA3_RUN2_FDA ...|---------|---------|---------|---------|=========================================                                          
[20:33:19] 	> Projecting Festuca.glauca_PA3_RUN2_GLM ...
[20:39:11] 	> Projecting Festuca.glauca_PA3_RUN2_MAXNET ...
[20:39:11] -=-=-=-=-=-=-=-=-=-=-=-=-=-=-=-=-=-= Done -=-=-=-=-=-=-=-=-=-=-=-=-=-=-=-=-=-=
[20:39:11] 
[20:39:11] -=-=-=-=-=-=-=-=-=-=-=-= Do Ensemble Models Projection -=-=-=-=-=-=-=-=-=-=-=-=
[20:39:11] 
[20:39:11] Creating suitable Workdir...
[20:39:52] 
[20:39:53] 	> Projecting Festuca.glauca_EMmeanByAUCroc_mergedData_mergedRun_mergedAlgo ...
[20:56:56] 	> Projecting Festuca.glauca_EMcvByAUCroc_mergedData_mergedRun_mergedAlgo ...
[20:56:56] 
[20:56:56] ! Binary/Filtered transformation automatically desactivated for ensemble models with coefficient of variation or confidence intervals
[20:57:03] 	> Building TSS binaries / filtered
[20:57:09] 	> Building AUCroc binaries / filtered
[20:57:16] 	> Building KAPPA binaries / filtered
[20:57:27] 
[20:57:27] -=-=-=-=-=-=-=-=-=-=-=-=-=-=-=-=-=-= Done -=-=-=-=-=-=-=-=-=-=-=-=-=-=-=-=-=-=
[20:57:27] 
[20:57:27] 
[20:57:27] DEBUG: Processing future scenario 5 of 8 : /work/data/input/climate_vars/future/mpi.esm1.2.hr/ssp370 
[20:57:28] DEBUG: Raster loaded, ncell = 63951097 , hasValues = TRUE 
[20:57:28] 
[20:57:28] -=-=-=-=-=-=-=-=-=-=-=-=-= Do Single Models Projection -=-=-=-=-=-=-=-=-=-=-=-=-=
[20:57:52] 
[20:57:52] 	> Building clamping mask
[20:58:59] 
[20:59:00] 	> Projecting Festuca.glauca_PA1_RUN1_GLM ...
[20:59:01] 	> Projecting Festuca.glauca_PA1_RUN1_GBM ...
[20:59:03] 	> Projecting Festuca.glauca_PA1_RUN1_ANN ...
[20:59:43] 	> Projecting Festuca.glauca_PA1_RUN1_FDA ...
[21:00:07] 	> Projecting Festuca.glauca_PA1_RUN1_MAXNET ...
[21:00:14] 	> Projecting Festuca.glauca_PA1_RUN2_ANN ...
[21:00:19] 	> Projecting Festuca.glauca_PA1_RUN2_GBM ...
[21:01:06] 	> Projecting Festuca.glauca_PA1_RUN2_FDA ...
[21:01:10] 	> Projecting Festuca.glauca_PA2_RUN1_GBM ...
[21:02:08] 	> Projecting Festuca.glauca_PA2_RUN1_ANN ...
[21:15:29] 	> Projecting Festuca.glauca_PA2_RUN2_GBM ...
[21:15:54] 	> Projecting Festuca.glauca_PA1_RUN2_GLM ...
[21:16:18] 	> Projecting Festuca.glauca_PA2_RUN1_GLM ...
[21:16:28] 	> Projecting Festuca.glauca_PA1_RUN2_MAXNET ...
[21:16:58] 	> Projecting Festuca.glauca_PA2_RUN1_MAXNET ...
[21:17:05] 	> Projecting Festuca.glauca_PA2_RUN1_FDA ...
[21:17:18] 	> Projecting Festuca.glauca_PA2_RUN2_GLM ...
[21:17:42] 	> Projecting Festuca.glauca_PA2_RUN2_FDA ...
[21:17:54] 	> Projecting Festuca.glauca_PA2_RUN2_MAXNET ...
[21:18:12] 	> Projecting Festuca.glauca_PA2_RUN2_ANN ...
[21:18:26] 	> Projecting Festuca.glauca_PA3_RUN1_ANN ...
[21:18:47] 	> Projecting Festuca.glauca_PA3_RUN1_FDA ...
[21:19:01] 	> Projecting Festuca.glauca_PA3_RUN1_GLM ...
[21:19:15] 	> Projecting Festuca.glauca_PA3_RUN1_GBM ...
[21:19:22] 	> Projecting Festuca.glauca_PA3_RUN2_GBM ...
[21:19:26] 	> Projecting Festuca.glauca_PA3_RUN1_MAXNET ...
[21:20:02] 	> Projecting Festuca.glauca_PA3_RUN2_ANN ...
[21:35:34] 	> Projecting Festuca.glauca_PA3_RUN2_FDA ...
[21:36:08] 	> Projecting Festuca.glauca_PA3_RUN2_GLM ...
[21:41:47] 	> Projecting Festuca.glauca_PA3_RUN2_MAXNET ...
[21:41:47] -=-=-=-=-=-=-=-=-=-=-=-=-=-=-=-=-=-= Done -=-=-=-=-=-=-=-=-=-=-=-=-=-=-=-=-=-=
[21:41:47] 
[21:41:47] -=-=-=-=-=-=-=-=-=-=-=-= Do Ensemble Models Projection -=-=-=-=-=-=-=-=-=-=-=-=
[21:41:47] 
[21:41:47] Creating suitable Workdir...
[21:42:21] 
[21:42:22] 	> Projecting Festuca.glauca_EMmeanByAUCroc_mergedData_mergedRun_mergedAlgo ...
[22:01:31] 	> Projecting Festuca.glauca_EMcvByAUCroc_mergedData_mergedRun_mergedAlgo ...
[22:01:31] 
[22:01:32] ! Binary/Filtered transformation automatically desactivated for ensemble models with coefficient of variation or confidence intervals
[22:01:38] 	> Building TSS binaries / filtered
[22:01:45] 	> Building AUCroc binaries / filtered
[22:01:53] 	> Building KAPPA binaries / filtered
[22:02:05] 
[22:02:05] -=-=-=-=-=-=-=-=-=-=-=-=-=-=-=-=-=-= Done -=-=-=-=-=-=-=-=-=-=-=-=-=-=-=-=-=-=
[22:02:05] 
[22:02:05] 
[22:02:05] DEBUG: Processing future scenario 6 of 8 : /work/data/input/climate_vars/future/mpi.esm1.2.hr/ssp585 
[22:02:05] DEBUG: Raster loaded, ncell = 63951097 , hasValues = TRUE 
[22:02:05] 
[22:02:05] -=-=-=-=-=-=-=-=-=-=-=-=-= Do Single Models Projection -=-=-=-=-=-=-=-=-=-=-=-=-=
[22:02:33] 
[22:02:33] 	> Building clamping mask
[22:03:45] 
[22:03:46] 	> Projecting Festuca.glauca_PA1_RUN1_GLM ...
[22:03:48] 	> Projecting Festuca.glauca_PA1_RUN1_GBM ...
[22:03:49] 	> Projecting Festuca.glauca_PA1_RUN1_ANN ...
[22:04:32] 	> Projecting Festuca.glauca_PA1_RUN1_FDA ...
[22:04:51] 	> Projecting Festuca.glauca_PA1_RUN1_MAXNET ...
[22:04:59] 	> Projecting Festuca.glauca_PA1_RUN2_ANN ...
[22:05:11] 	> Projecting Festuca.glauca_PA1_RUN2_GBM ...
[22:05:54] 	> Projecting Festuca.glauca_PA1_RUN2_FDA ...
[22:06:04] 	> Projecting Festuca.glauca_PA2_RUN1_GBM ...
[22:07:05] 	> Projecting Festuca.glauca_PA2_RUN1_ANN ...
[22:20:34] 	> Projecting Festuca.glauca_PA2_RUN2_GBM ...
[22:21:14] 	> Projecting Festuca.glauca_PA1_RUN2_GLM ...
[22:21:26] 	> Projecting Festuca.glauca_PA2_RUN1_GLM ...
[22:21:46] 	> Projecting Festuca.glauca_PA1_RUN2_MAXNET ...
[22:22:07] 	> Projecting Festuca.glauca_PA2_RUN1_MAXNET ...
[22:22:16] 	> Projecting Festuca.glauca_PA2_RUN1_FDA ...|---------|---------|---------|---------|
[22:22:35] 	> Projecting Festuca.glauca_PA2_RUN2_GLM ...
[22:22:56] 	> Projecting Festuca.glauca_PA2_RUN2_FDA ...=========================================                                          
[22:23:16] 	> Projecting Festuca.glauca_PA2_RUN2_MAXNET ...
[22:23:32] 	> Projecting Festuca.glauca_PA2_RUN2_ANN ...
[22:23:39] 	> Projecting Festuca.glauca_PA3_RUN1_ANN ...
[22:24:00] 	> Projecting Festuca.glauca_PA3_RUN1_FDA ...|---------|---------|---------|---------|==========
[22:24:26] 	> Projecting Festuca.glauca_PA3_RUN1_GLM ...|---------|---------|---------|---------|=============================================                                          
[22:24:40] 	> Projecting Festuca.glauca_PA3_RUN1_GBM ...===========================                                          
[22:24:43] 	> Projecting Festuca.glauca_PA3_RUN1_MAXNET ...
[22:24:45] 	> Projecting Festuca.glauca_PA3_RUN2_ANN ...
[22:25:22] 	> Projecting Festuca.glauca_PA3_RUN2_GBM ...
[22:41:15] 	> Projecting Festuca.glauca_PA3_RUN2_FDA ...
[22:41:52] 	> Projecting Festuca.glauca_PA3_RUN2_GLM ...
[22:47:34] 	> Projecting Festuca.glauca_PA3_RUN2_MAXNET ...
[22:47:34] -=-=-=-=-=-=-=-=-=-=-=-=-=-=-=-=-=-= Done -=-=-=-=-=-=-=-=-=-=-=-=-=-=-=-=-=-=
[22:47:34] 
[22:47:34] -=-=-=-=-=-=-=-=-=-=-=-= Do Ensemble Models Projection -=-=-=-=-=-=-=-=-=-=-=-=
[22:47:34] 
[22:47:34] Creating suitable Workdir...
[22:48:11] 
[22:48:12] 	> Projecting Festuca.glauca_EMmeanByAUCroc_mergedData_mergedRun_mergedAlgo ...
[23:05:08] 	> Projecting Festuca.glauca_EMcvByAUCroc_mergedData_mergedRun_mergedAlgo ...
[23:05:08] 
[23:05:08] ! Binary/Filtered transformation automatically desactivated for ensemble models with coefficient of variation or confidence intervals
[23:05:14] 	> Building TSS binaries / filtered
[23:05:21] 	> Building AUCroc binaries / filtered
[23:05:27] 	> Building KAPPA binaries / filtered
[23:05:39] 
[23:05:39] -=-=-=-=-=-=-=-=-=-=-=-=-=-=-=-=-=-= Done -=-=-=-=-=-=-=-=-=-=-=-=-=-=-=-=-=-=
[23:05:39] 
[23:05:39] 
[23:05:39] DEBUG: Processing future scenario 7 of 8 : /work/data/input/climate_vars/future/mri.esm2.0/ssp370 
[23:05:39] DEBUG: Raster loaded, ncell = 63951097 , hasValues = TRUE 
[23:05:39] 
[23:05:39] -=-=-=-=-=-=-=-=-=-=-=-=-= Do Single Models Projection -=-=-=-=-=-=-=-=-=-=-=-=-=
[23:06:03] 
[23:06:03] 	> Building clamping mask
[23:07:10] 
[23:07:12] 	> Projecting Festuca.glauca_PA1_RUN1_GLM ...
[23:07:13] 	> Projecting Festuca.glauca_PA1_RUN1_GBM ...
[23:07:15] 	> Projecting Festuca.glauca_PA1_RUN1_ANN ...
[23:07:54] 	> Projecting Festuca.glauca_PA1_RUN1_FDA ...
[23:08:19] 	> Projecting Festuca.glauca_PA1_RUN1_MAXNET ...
[23:08:30] 	> Projecting Festuca.glauca_PA1_RUN2_ANN ...
[23:08:31] 	> Projecting Festuca.glauca_PA1_RUN2_FDA ...
[23:09:25] 	> Projecting Festuca.glauca_PA1_RUN2_GBM ...
[23:09:28] 	> Projecting Festuca.glauca_PA2_RUN1_GBM ...
[23:10:29] 	> Projecting Festuca.glauca_PA2_RUN1_ANN ...
[23:23:39] 	> Projecting Festuca.glauca_PA2_RUN2_GBM ...
[23:24:22] 	> Projecting Festuca.glauca_PA1_RUN2_GLM ...
[23:24:33] 	> Projecting Festuca.glauca_PA1_RUN2_MAXNET ...
[23:25:00] 	> Projecting Festuca.glauca_PA2_RUN1_GLM ...
[23:25:13] 	> Projecting Festuca.glauca_PA2_RUN1_FDA ...
[23:25:43] 	> Projecting Festuca.glauca_PA2_RUN1_MAXNET ...
[23:26:05] 	> Projecting Festuca.glauca_PA2_RUN2_GLM ...
[23:26:05] 	> Projecting Festuca.glauca_PA2_RUN2_ANN ...
[23:26:26] 	> Projecting Festuca.glauca_PA2_RUN2_FDA ...|---------|---------|---------|---------|
[23:27:08] 	> Projecting Festuca.glauca_PA2_RUN2_MAXNET ...=========================================                                          
[23:27:09] 	> Projecting Festuca.glauca_PA3_RUN1_ANN ...
[23:27:10] 	> Projecting Festuca.glauca_PA3_RUN1_FDA ...
[23:27:14] 	> Projecting Festuca.glauca_PA3_RUN1_GLM ...
[23:27:44] 	> Projecting Festuca.glauca_PA3_RUN1_GBM ...
[23:28:05] 	> Projecting Festuca.glauca_PA3_RUN1_MAXNET ...
[23:28:13] 	> Projecting Festuca.glauca_PA3_RUN2_ANN ...
[23:28:22] 	> Projecting Festuca.glauca_PA3_RUN2_GBM ...
[23:29:09] 	> Projecting Festuca.glauca_PA3_RUN2_FDA ...Error in sendMaster(try(lapply(X = S, FUN = FUN, ...), silent = TRUE)) : 
[23:29:09]   ignoring SIGPIPE signal
[23:29:09] Calls: BIOMOD_Projection ... <Anonymous> -> mclapply -> lapply -> FUN -> sendMaster
[23:29:17] Error in sendMaster(try(lapply(X = S, FUN = FUN, ...), silent = TRUE)) : 
[23:29:17]   ignoring SIGPIPE signal
[23:29:17] Calls: BIOMOD_Projection ... <Anonymous> -> mclapply -> lapply -> FUN -> sendMaster
[23:43:45] 
[23:44:20] 	> Projecting Festuca.glauca_PA3_RUN2_GLM ...
[23:44:50] 	> Projecting Festuca.glauca_PA3_RUN2_MAXNET ...Error in sendMaster(try(lapply(X = S, FUN = FUN, ...), silent = TRUE)) : 
[23:44:50]   ignoring SIGPIPE signal
[23:44:50] Calls: BIOMOD_Projection ... <Anonymous> -> mclapply -> lapply -> FUN -> sendMaster
[23:45:01] Error in sendMaster(try(lapply(X = S, FUN = FUN, ...), silent = TRUE)) : 
[23:45:01]   ignoring SIGPIPE signal
[23:45:01] Calls: BIOMOD_Projection ... <Anonymous> -> mclapply -> lapply -> FUN -> sendMaster
slurmstepd: error: *** JOB 47510573 ON lrdn3458 CANCELLED AT 2026-06-22T09:19:55 ***
slurmstepd: error: Detected 1 oom_kill event in StepId=47510573.batch. Some of the step tasks have been OOM Killed.
