[09:43:16] > options(warn = 1) # stampa i warning quando accadono (non in blocco a fine run)
[09:43:16] > 
[09:43:16] > library(biomod2)
[09:43:20] biomod2 4.3-4-5 loaded.
[09:43:20]  /!\ Welcome to augmented biomod2 with abundance modeling available! (*o*)
[09:43:20]  Take a look at the HOME and NEWS section on the website to see all the features!
[09:43:20] 
[09:43:20] Loading required package: nnet
[09:43:20] Loading required package: rpart
[09:43:20] Loading required package: cito
[09:43:20] Warning in library(package, lib.loc = lib.loc, character.only = TRUE, logical.return = TRUE,  :
[09:43:20]   there is no package called ‘cito’
[09:43:20] Loading required package: mda
[09:43:20] Loading required package: class
[09:43:20] Loaded mda 0.5-5
[09:43:20] 
[09:43:20] Loading required package: gam
[09:43:20] Loading required package: splines
[09:43:20] Loading required package: foreach
[09:43:20] Loaded gam 1.22-7
[09:43:20] 
[09:43:20] Loading required package: mgcv
[09:43:20] Loading required package: nlme
[09:43:20] This is mgcv 1.9-4. For overview type '?mgcv'.
[09:43:20] 
[09:43:20] Attaching package: ‘mgcv’
[09:43:20] 
[09:43:20] The following objects are masked from ‘package:gam’:
[09:43:20] 
[09:43:20]     gam, gam.control, gam.fit, s
[09:43:20] 
[09:43:20] The following object is masked from ‘package:nnet’:
[09:43:20] 
[09:43:20]     multinom
[09:43:20] 
[09:43:20] Loading required package: gbm
[09:43:20] Loaded gbm 2.2.3
[09:43:20] This version of gbm is no longer under development. Consider transitioning to gbm3, https://github.com/gbm-developers/gbm3
[09:43:20] Loading required package: earth
[09:43:20] Loading required package: Formula
[09:43:20] Loading required package: plotmo
[09:43:20] Loading required package: plotrix
[09:43:20] Loading required package: maxnet
[09:43:20] Loading required package: randomForest
[09:43:20] randomForest 4.7-1.2
[09:43:20] Type rfNews() to see new features/changes/bug fixes.
[09:43:20] Loading required package: xgboost
[09:43:20] > library(terra)
[09:43:20] terra 1.9.11
[09:43:20] 
[09:43:20] Attaching package: ‘terra’
[09:43:20] 
[09:43:20] The following object is masked from ‘package:plotrix’:
[09:43:20] 
[09:43:20]     rescale
[09:43:20] 
[09:43:20] > library(gbm)
[09:43:20] > library(mda)
[09:43:20] > library(randomForest)
[09:43:20] > 
[09:43:20] > # NOTE: makeCluster/registerDoParallel removed - hangs inside Singularity container.
[09:43:20] > 
[09:43:20] > root <- normalizePath(".")
[09:43:20] > in_dir <- file.path(root, "data/input")
[09:43:20] > out_dir <- file.path(root, "data/output")
[09:43:20] > dir.create(out_dir, showWarnings = FALSE)
[09:43:20] > 
[09:43:20] > ####################################
[09:43:20] > # loading species occurrences data
[09:43:20] > ####################################
[09:43:20] > spocc <- read.csv(file.path(in_dir, "full_1km_EUNIS.csv"), head = TRUE)
[09:43:28] > spocc <- spocc[, -1] # drop id -> cols: sp_name, x, y, pseudo-absences
[09:43:28] > spocc$sp_name <- sub(" ", ".", spocc$sp_name)
[09:43:28] > sp.names <- levels(factor(spocc[, 1]))
[09:43:28] > num_sp <- length(sp.names)
[09:43:28] > cat("DEBUG: num_sp =", num_sp, "| total rows =", nrow(spocc), "\n")
[09:43:28] DEBUG: num_sp = 167 | total rows = 2583359 
[09:43:28] > 
[09:43:28] > #####################################
[09:43:28] > # CALIBRATION environmental data
[09:43:28] > #####################################
[09:43:28] > cat("DEBUG: loading calibration rasters...\n")
[09:43:28] DEBUG: loading calibration rasters...
[09:43:28] > clim_cal <- rast(dir(file.path(in_dir, "climate_vars/baseline"), full.names = T))
[09:43:28] > tri_cal <- rast(dir(file.path(in_dir, "TRI_vars"), full.names = T))
[09:43:28] > soil_cal <- rast(dir(file.path(in_dir, "soil_vars"), full.names = T))
[09:43:28] > cur_cal <- c(clim_cal, tri_cal, soil_cal)
[09:43:28] > names(cur_cal) <- c("PC1_clim", "PC2_clim", "tri", "PC1_soil", "PC2_soil")
[09:43:28] > cat("DEBUG: raster dim =", dim(cur_cal)[1], "x", dim(cur_cal)[2], "| ncell =", ncell(cur_cal), "\n")
[09:43:28] DEBUG: raster dim = 5873 x 10889 | ncell = 63951097 
[09:43:28] > 
[09:43:28] > #####################################
[09:43:28] > # PROJECTION environmental data
[09:43:28] > #####################################
[09:43:28] > clim_proj <- rast(dir(file.path(in_dir, "climate_vars/baseline"), full.names = T))
[09:43:28] > tri_proj <- rast(dir(file.path(in_dir, "TRI_vars"), full.names = T))
[09:43:28] > soil_proj <- rast(dir(file.path(in_dir, "soil_vars"), full.names = T))
[09:43:28] > cur_proj <- c(clim_proj, tri_proj, soil_proj)
[09:43:28] > names(cur_proj) <- c("PC1_clim", "PC2_clim", "tri", "PC1_soil", "PC2_soil")
[09:43:28] > 
[09:43:28] > #####################################
[09:43:28] > # loading FUTURE list (leaf dirs containing tif)
[09:43:28] > #####################################
[09:43:28] > lf <- list.dirs(file.path(in_dir, "climate_vars/future"), full.names = T, recursive = T)[-1]
[09:43:28] > lf <- lf[sapply(lf, function(d) length(list.files(d, pattern = "\\.tif$")) > 0)]
[09:43:28] > cat("DEBUG: testing with", length(lf), "future scenarios\n")
[09:43:28] DEBUG: testing with 8 future scenarios
[09:43:28] > 
[09:43:28] > # outputs (biomod2 writes species folders into the working dir)
[09:43:28] > setwd(out_dir)
[09:43:28] > 
[09:43:28] > pb <- txtProgressBar(min = 0, max = num_sp, style = 3, width = 50, char = "=")
[09:43:28]   |                                                          |                                                  |   0%> 
[09:43:28] > selModels <- c("GLM", "GBM", "ANN", "FDA", "MAXNET")
[09:43:28] > 
[09:43:28] > # SLURM array task -> one species from the test set (size-spread: large/median/small)
[09:43:28] > test_species <- c("Potentilla.erecta", "Galium.anisophyllon", "Festuca.glauca")
[09:43:28] > k <- as.integer(Sys.getenv("SLURM_ARRAY_TASK_ID", "1"))
[09:43:28] > i <- match(test_species[k], sp.names)
[09:43:28] > spocc1 <- subset(spocc, spocc[, 1] == sp.names[i])
[09:43:29] > cat("DEBUG: array task", k, "-> species =", sp.names[i], "| occurrences =", nrow(spocc1), "\n")
[09:43:29] DEBUG: array task 3 -> species = Festuca.glauca | occurrences = 332 
[09:43:29] > 
[09:43:29] > # parallel fork count for Modeling + Projection only. EnsembleForecasting stays nb.cpu=1.
[09:43:29] > # Small datasets (<50k occ) trigger mclapply SIGPIPE race conditions at n_cpu>1 (job 47510573_2/_3).
[09:43:29] > # Use n_cpu=1 for small species to avoid the forking bug.
[09:43:29] > n_cpu <- if (nrow(spocc1) >= 50000) 4L else 1L
[09:43:29] > cat("DEBUG: n_cpu =", n_cpu, "(threshold 50k)\n")
[09:43:29] DEBUG: n_cpu = 1 (threshold 50k)
[09:43:29] > 
[09:43:29] > # per-species output wipe (array-safe: only this task's species dir, not sibling tasks')
[09:43:29] > unlink(file.path(out_dir, sp.names[i]), recursive = TRUE)
[09:43:29] > 
[09:43:29] > ###########################################################################
[09:43:29] > ######################     CALIBRATION ON EUROPE      #####################
[09:43:29] > ###########################################################################
[09:43:29] > 
[09:43:29] > start.time <- Sys.time()
[09:43:29] > myRespName <- paste(sp.names[i], sep = ".")
[09:43:29] > myRespXY <- spocc1[, 2:3] # coordinates of points
[09:43:29] > myResp <- rep(1, nrow(spocc1)) # species occurences
[09:43:29] > 
[09:43:29] > cat("DEBUG: starting BIOMOD_FormatingData at", format(Sys.time(), "%H:%M:%S"), "\n")
[09:43:29] DEBUG: starting BIOMOD_FormatingData at 09:43:29 
[09:43:29] > flush.console()
[09:43:29] > 
[09:43:29] > # 1. Formatting Data
[09:43:29] > myBiomodData <- BIOMOD_FormatingData(
[09:43:29] +   resp.var = myResp,
[09:43:29] +   expl.var = cur_cal,
[09:43:29] +   resp.xy = myRespXY,
[09:43:29] +   resp.name = myRespName,
[09:43:29] +   PA.nb.rep = 3,
[09:43:29] +   PA.nb.absences = 10000, # production value (was toy 10); grows modeling only, projection unchanged
[09:43:29] +   PA.strategy = "random",
[09:43:29] +   na.rm = TRUE,
[09:43:29] +   filter.raster = F
[09:43:29] + )
[09:43:29] 
[09:43:29] -=-=-=-=-=-=-=-=-=-=-=-= Festuca.glauca Data Formating -=-=-=-=-=-=-=-=-=-=-=-=
[09:43:29] 
[09:43:29] 
[09:43:29] Checking Pseudo-absence selection arguments...
[09:43:29] 
[09:43:29]    > random pseudo absences selection
[10:28:50]    > Pseudo absences are selected in explanatory variables
[10:28:50] 
[10:29:03]  ! Some NAs have been automatically removed from your data
[10:29:03] -=-=-=-=-=-=-=-=-=-=-=-=-=-=-=-=-=-= Done -=-=-=-=-=-=-=-=-=-=-=-=-=-=-=-=-=-=
[10:29:03] > 
[10:29:03] > cat("DEBUG: BIOMOD_FormatingData done at", format(Sys.time(), "%H:%M:%S"), "\n")
[10:29:03] DEBUG: BIOMOD_FormatingData done at 10:29:03 
[10:29:03] > end.time <- Sys.time()
[10:29:03] > time.formating <- end.time - start.time
[10:29:03] > 
[10:29:03] > start.time <- Sys.time()
[10:29:03] > # 2. Defining Models Options (bigboss preset)
[10:29:03] > opt.b <- bm_ModelingOptions(
[10:29:03] +   data.type = "binary",
[10:29:03] +   models = selModels,
[10:29:03] +   strategy = "bigboss",
[10:29:03] +   bm.format = myBiomodData
[10:29:03] + )
[10:29:03] 
[10:29:03] -=-=-=-=-=-=-=-=-=-=-=-=-=-= Build Modeling Options -=-=-=-=-=-=-=-=-=-=-=-=-=-=
[10:29:03] 
[10:29:03] 	>  GLM options ( datatype: binary , package: stats , function: glm )...
[10:29:03] 	>  GBM options ( datatype: binary , package: gbm , function: gbm )...
[10:29:03] 	>  ANN options ( datatype: binary , package: nnet , function: nnet )...
[10:29:03] 	>  FDA options ( datatype: binary , package: mda , function: fda )...
[10:29:03] 	>  MAXNET options ( datatype: binary , package: maxnet , function: maxnet )...
[10:29:03] 
[10:29:03] -=-=-=-=-=-=-=-=-=-=-=-=-=-=-=-=-=-= Done -=-=-=-=-=-=-=-=-=-=-=-=-=-=-=-=-=-=
[10:29:03] > 
[10:29:03] > # 3. Computing the models
[10:29:03] > myBiomodModelOut <- BIOMOD_Modeling(
[10:29:03] +   myBiomodData,
[10:29:03] +   models = selModels,
[10:29:03] +   CV.strategy = "random",
[10:29:03] +   CV.nb.rep = 2, # DEBUG: reduced from 5
[10:29:03] +   CV.perc = 0.7,
[10:29:03] +   OPT.strategy = "bigboss",
[10:29:03] +   metric.eval = c("TSS", "AUCroc", "KAPPA", "POD", "FAR"),
[10:29:03] +   scale.models = FALSE,
[10:29:03] +   CV.do.full.models = FALSE,
[10:29:03] +   nb.cpu = n_cpu,
[10:29:03] +   do.progress = T
[10:29:03] + )
[10:29:03] 
[10:29:03] -=-=-=-=-=-=-=-=-=-=-=-=-=-=-= Build Single Models -=-=-=-=-=-=-=-=-=-=-=-=-=-=-=
[10:29:03] 
[10:29:03] 
[10:29:03] Checking Models arguments...
[10:29:03] 
[10:29:03] 	> Automatic weights creation to rise a 0.5 prevalence
[10:29:03] Creating suitable Workdir...
[10:29:05] 
[10:29:05] 
[10:29:05] Checking Cross-Validation arguments...
[10:29:05] 
[10:29:05]    > Random cross-validation selection
[10:29:05] 
[10:29:05] -=-=-=-=-=-=-=-=-=-=-=-=-=-= Build Modeling Options -=-=-=-=-=-=-=-=-=-=-=-=-=-=
[10:29:05] 
[10:29:05] 	>  GLM options ( datatype: binary , package: stats , function: glm )...
[10:29:05] 	>  GBM options ( datatype: binary , package: gbm , function: gbm )...
[10:29:05] 	>  ANN options ( datatype: binary , package: nnet , function: nnet )...
[10:29:05] 	>  FDA options ( datatype: binary , package: mda , function: fda )...
[10:29:05] 	>  MAXNET options ( datatype: binary , package: maxnet , function: maxnet )...
[10:29:05] 
[10:29:05] -=-=-=-=-=-=-=-=-=-=-=-=-=-=-=-=-=-= Done -=-=-=-=-=-=-=-=-=-=-=-=-=-=-=-=-=-=
[10:29:05] 
[10:29:05] 
[10:29:05] 
[10:29:05] -=-=-=-=-=-=-=-=-=-=-=-= Festuca.glauca Modeling Summary -=-=-=-=-=-=-=-=-=-=-=-=
[10:29:05] 
[10:29:05] > 5 environmental variables ( PC1_clim PC2_clim tri PC1_soil PC2_soil )
[10:29:05] 
[10:29:05] > Number of PA datasets : 3
[10:29:05] 
[10:29:05] > Number of calibration/validation splits : 2
[10:29:05] 
[10:29:05] > Algorithms selected : GLM GBM ANN FDA MAXNET
[10:29:05]  6 models for each algorithm
[10:29:05] 
[10:29:05] Total number of model runs: 30 
[10:29:05] 
[10:29:05] -=-=-=-=-=-=-=-=-=-=-=-=-=-=-=-=-=-=-=-=-=-=-=-=-=-=-=-=-=-=-=-=-=-=-=-=-=-=-=-=
[10:29:06] Warning: executing %dopar% sequentially: no parallel backend registered
[10:29:06] 
[10:29:06] 
[10:29:06] -=-=-=--=-=-=- Festuca.glauca_PA1_RUN1_GLM 
[10:29:06] Warning: glm.fit: fitted probabilities numerically 0 or 1 occurred
[10:29:06] 
[10:29:06] 	Evaluating Model stuff...Warning in max(calcStat, na.rm = TRUE) :
[10:29:06]   no non-missing arguments to max; returning -Inf
[10:29:06] 
[10:29:06] 
[10:29:06] -=-=-=--=-=-=- Festuca.glauca_PA1_RUN1_GBM 
[10:29:06] CV: 1 
[10:29:11] CV: 2 
[10:29:15] CV: 3 
[10:29:26] 
[10:29:27] 	Evaluating Model stuff...
[10:29:27] 
[10:29:27] -=-=-=--=-=-=- Festuca.glauca_PA1_RUN1_ANN 
[10:29:28] 
[10:29:28] 	Model scaling...
[10:29:29] 	Evaluating Model stuff...
[10:29:29] 
[10:29:29] -=-=-=--=-=-=- Festuca.glauca_PA1_RUN1_FDA 
[10:29:29] 
[10:29:29] 	Model scaling...
[10:29:30] 	Evaluating Model stuff...
[10:29:30] 
[10:29:30] -=-=-=--=-=-=- Festuca.glauca_PA1_RUN1_MAXNET 
[10:29:33] 
[10:29:33] 	Evaluating Model stuff...Warning in max(calcStat, na.rm = TRUE) :
[10:29:33]   no non-missing arguments to max; returning -Inf
[10:29:33] 
[10:29:33] 
[10:29:33] -=-=-=--=-=-=- Festuca.glauca_PA1_RUN2_GLM 
[10:29:33] Warning: glm.fit: fitted probabilities numerically 0 or 1 occurred
[10:29:33] 
[10:29:34] 	Evaluating Model stuff...
[10:29:34] 
[10:29:34] -=-=-=--=-=-=- Festuca.glauca_PA1_RUN2_GBM 
[10:29:34] CV: 1 
[10:29:39] CV: 2 
[10:29:43] CV: 3 
[10:29:54] 
[10:29:55] 	Evaluating Model stuff...
[10:29:55] 
[10:29:55] -=-=-=--=-=-=- Festuca.glauca_PA1_RUN2_ANN 
[10:29:55] 
[10:29:55] 	Model scaling...
[10:29:56] 	Evaluating Model stuff...
[10:29:56] 
[10:29:56] -=-=-=--=-=-=- Festuca.glauca_PA1_RUN2_FDA 
[10:29:56] 
[10:29:56] 	Model scaling...
[10:29:57] 	Evaluating Model stuff...
[10:29:57] 
[10:29:57] -=-=-=--=-=-=- Festuca.glauca_PA1_RUN2_MAXNET 
[10:30:00] 
[10:30:01] 	Evaluating Model stuff...
[10:30:01] 
[10:30:01] -=-=-=--=-=-=- Festuca.glauca_PA2_RUN1_GLM 
[10:30:01] Warning: glm.fit: fitted probabilities numerically 0 or 1 occurred
[10:30:01] 
[10:30:02] 	Evaluating Model stuff...
[10:30:02] 
[10:30:02] -=-=-=--=-=-=- Festuca.glauca_PA2_RUN1_GBM 
[10:30:02] CV: 1 
[10:30:06] CV: 2 
[10:30:10] CV: 3 
[10:30:21] 
[10:30:22] 	Evaluating Model stuff...
[10:30:22] 
[10:30:22] -=-=-=--=-=-=- Festuca.glauca_PA2_RUN1_ANN 
[10:30:22] 
[10:30:22] 	Model scaling...
[10:30:23] 	Evaluating Model stuff...
[10:30:23] 
[10:30:23] -=-=-=--=-=-=- Festuca.glauca_PA2_RUN1_FDA 
[10:30:23] 
[10:30:23] 	Model scaling...
[10:30:24] 	Evaluating Model stuff...
[10:30:24] 
[10:30:24] -=-=-=--=-=-=- Festuca.glauca_PA2_RUN1_MAXNET 
[10:30:27] 
[10:30:28] 	Evaluating Model stuff...
[10:30:28] 
[10:30:28] -=-=-=--=-=-=- Festuca.glauca_PA2_RUN2_GLM 
[10:30:28] Warning: glm.fit: fitted probabilities numerically 0 or 1 occurred
[10:30:28] 
[10:30:29] 	Evaluating Model stuff...
[10:30:29] 
[10:30:29] -=-=-=--=-=-=- Festuca.glauca_PA2_RUN2_GBM 
[10:30:29] CV: 1 
[10:30:33] CV: 2 
[10:30:37] CV: 3 
[10:30:48] 
[10:30:49] 	Evaluating Model stuff...
[10:30:49] 
[10:30:49] -=-=-=--=-=-=- Festuca.glauca_PA2_RUN2_ANN 
[10:30:49] 
[10:30:49] 	Model scaling...
[10:30:50] 	Evaluating Model stuff...
[10:30:50] 
[10:30:50] -=-=-=--=-=-=- Festuca.glauca_PA2_RUN2_FDA 
[10:30:50] 
[10:30:50] 	Model scaling...
[10:30:51] 	Evaluating Model stuff...
[10:30:51] 
[10:30:51] -=-=-=--=-=-=- Festuca.glauca_PA2_RUN2_MAXNET 
[10:30:54] 
[10:30:55] 	Evaluating Model stuff...
[10:30:55] 
[10:30:55] -=-=-=--=-=-=- Festuca.glauca_PA3_RUN1_GLM 
[10:30:55] Warning: glm.fit: fitted probabilities numerically 0 or 1 occurred
[10:30:55] 
[10:30:56] 	Evaluating Model stuff...Warning in max(calcStat, na.rm = TRUE) :
[10:30:56]   no non-missing arguments to max; returning -Inf
[10:30:56] 
[10:30:56] 
[10:30:56] -=-=-=--=-=-=- Festuca.glauca_PA3_RUN1_GBM 
[10:30:56] CV: 1 
[10:31:00] CV: 2 
[10:31:04] CV: 3 
[10:31:16] 
[10:31:16] 	Evaluating Model stuff...Warning in max(calcStat, na.rm = TRUE) :
[10:31:16]   no non-missing arguments to max; returning -Inf
[10:31:17] 
[10:31:17] 
[10:31:17] -=-=-=--=-=-=- Festuca.glauca_PA3_RUN1_ANN 
[10:31:17] 
[10:31:17] 	Model scaling...
[10:31:18] 	Evaluating Model stuff...
[10:31:18] 
[10:31:18] -=-=-=--=-=-=- Festuca.glauca_PA3_RUN1_FDA 
[10:31:18] 
[10:31:18] 	Model scaling...
[10:31:19] 	Evaluating Model stuff...
[10:31:19] 
[10:31:19] -=-=-=--=-=-=- Festuca.glauca_PA3_RUN1_MAXNET 
[10:31:22] 
[10:31:22] 	Evaluating Model stuff...
[10:31:22] 
[10:31:22] -=-=-=--=-=-=- Festuca.glauca_PA3_RUN2_GLM 
[10:31:23] Warning: glm.fit: fitted probabilities numerically 0 or 1 occurred
[10:31:23] 
[10:31:23] 	Evaluating Model stuff...Warning in max(calcStat, na.rm = TRUE) :
[10:31:23]   no non-missing arguments to max; returning -Inf
[10:31:23] 
[10:31:23] 
[10:31:23] -=-=-=--=-=-=- Festuca.glauca_PA3_RUN2_GBM 
[10:31:23] CV: 1 
[10:31:28] CV: 2 
[10:31:32] CV: 3 
[10:31:43] 
[10:31:44] 	Evaluating Model stuff...
[10:31:44] 
[10:31:44] -=-=-=--=-=-=- Festuca.glauca_PA3_RUN2_ANN 
[10:31:44] 
[10:31:44] 	Model scaling...
[10:31:45] 	Evaluating Model stuff...
[10:31:45] 
[10:31:45] -=-=-=--=-=-=- Festuca.glauca_PA3_RUN2_FDA 
[10:31:45] 
[10:31:45] 	Model scaling...
[10:31:46] 	Evaluating Model stuff...
[10:31:46] 
[10:31:46] -=-=-=--=-=-=- Festuca.glauca_PA3_RUN2_MAXNET 
[10:31:49] 
[10:31:50] 	Evaluating Model stuff...Warning in max(calcStat, na.rm = TRUE) :
[10:31:50]   no non-missing arguments to max; returning -Inf
[10:31:51] 
[10:31:51] -=-=-=-=-=-=-=-=-=-=-=-=-=-=-=-=-=-= Done -=-=-=-=-=-=-=-=-=-=-=-=-=-=-=-=-=-=
[10:31:51] > end.time <- Sys.time()
[10:31:51] > time.modeling <- end.time - start.time
[10:31:51] > 
[10:31:51] > start.time <- Sys.time()
[10:31:51] > # 4. Model ensemble models
[10:31:51] > myBiomodEM <- BIOMOD_EnsembleModeling(
[10:31:51] +   bm.mod = myBiomodModelOut,
[10:31:51] +   models.chosen = "all",
[10:31:51] +   em.by = "all",
[10:31:51] +   em.algo = c("EMmean", "EMcv"),
[10:31:51] +   metric.select = c("AUCroc"),
[10:31:51] +   metric.select.thresh = c(0.6),
[10:31:51] +   metric.eval = c("TSS", "AUCroc", "KAPPA"),
[10:31:51] +   nb.cpu = 1
[10:31:51] + )
[10:31:51] 
[10:31:51] -=-=-=-=-=-=-=-=-=-=-=-=-=-= Build Ensemble Models -=-=-=-=-=-=-=-=-=-=-=-=-=-=
[10:31:51] 
[10:31:51]    ! all models available will be included in ensemble.modeling
[10:31:51]   ! Ensemble Models will be filtered and/or weighted using validation dataset (if possible). Please use `metric.select.dataset` for alternative options.
[10:31:51]    > Evaluation & Weighting methods summary :
[10:31:51]       AUCroc over 0.6
[10:31:52] 
[10:31:52] 
[10:31:56]   > mergedData_mergedRun_mergedAlgo ensemble modeling
[10:31:58]    ! Additional projection required for ensemble models merging several pseudo-absence dataset...
[10:31:58] -=-=-=-=-=-=-=-=-=-=-=-=-= Do Single Models Projection -=-=-=-=-=-=-=-=-=-=-=-=-=
[10:31:58] 
[10:31:58] 	> Projecting Festuca.glauca_PA1_RUN1_GLM ...
[10:31:59] 	> Projecting Festuca.glauca_PA1_RUN1_GBM ...
[10:31:59] 	> Projecting Festuca.glauca_PA1_RUN1_ANN ...
[10:32:00] 	> Projecting Festuca.glauca_PA1_RUN1_FDA ...
[10:32:00] 	> Projecting Festuca.glauca_PA1_RUN1_MAXNET ...
[10:32:00] 	> Projecting Festuca.glauca_PA1_RUN2_GLM ...
[10:32:01] 	> Projecting Festuca.glauca_PA1_RUN2_GBM ...
[10:32:01] 	> Projecting Festuca.glauca_PA1_RUN2_ANN ...
[10:32:01] 	> Projecting Festuca.glauca_PA1_RUN2_FDA ...
[10:32:02] 	> Projecting Festuca.glauca_PA1_RUN2_MAXNET ...
[10:32:02] -=-=-=-=-=-=-=-=-=-=-=-=-=-=-=-=-=-= Done -=-=-=-=-=-=-=-=-=-=-=-=-=-=-=-=-=-=
[10:32:04] 
[10:32:04] -=-=-=-=-=-=-=-=-=-=-=-=-= Do Single Models Projection -=-=-=-=-=-=-=-=-=-=-=-=-=
[10:32:04] 
[10:32:04] 	> Projecting Festuca.glauca_PA2_RUN1_GLM ...
[10:32:05] 	> Projecting Festuca.glauca_PA2_RUN1_GBM ...
[10:32:05] 	> Projecting Festuca.glauca_PA2_RUN1_ANN ...
[10:32:05] 	> Projecting Festuca.glauca_PA2_RUN1_FDA ...
[10:32:05] 	> Projecting Festuca.glauca_PA2_RUN1_MAXNET ...
[10:32:05] 	> Projecting Festuca.glauca_PA2_RUN2_GLM ...
[10:32:06] 	> Projecting Festuca.glauca_PA2_RUN2_GBM ...
[10:32:06] 	> Projecting Festuca.glauca_PA2_RUN2_ANN ...
[10:32:06] 	> Projecting Festuca.glauca_PA2_RUN2_FDA ...
[10:32:08] 	> Projecting Festuca.glauca_PA2_RUN2_MAXNET ...
[10:32:08] -=-=-=-=-=-=-=-=-=-=-=-=-=-=-=-=-=-= Done -=-=-=-=-=-=-=-=-=-=-=-=-=-=-=-=-=-=
[10:32:09] 
[10:32:09] -=-=-=-=-=-=-=-=-=-=-=-=-= Do Single Models Projection -=-=-=-=-=-=-=-=-=-=-=-=-=
[10:32:10] 
[10:32:10] 	> Projecting Festuca.glauca_PA3_RUN1_GLM ...
[10:32:11] 	> Projecting Festuca.glauca_PA3_RUN1_GBM ...
[10:32:11] 	> Projecting Festuca.glauca_PA3_RUN1_ANN ...
[10:32:11] 	> Projecting Festuca.glauca_PA3_RUN1_FDA ...
[10:32:11] 	> Projecting Festuca.glauca_PA3_RUN1_MAXNET ...
[10:32:11] 	> Projecting Festuca.glauca_PA3_RUN2_GLM ...
[10:32:12] 	> Projecting Festuca.glauca_PA3_RUN2_GBM ...
[10:32:12] 	> Projecting Festuca.glauca_PA3_RUN2_ANN ...
[10:32:12] 	> Projecting Festuca.glauca_PA3_RUN2_FDA ...
[10:32:13] 	> Projecting Festuca.glauca_PA3_RUN2_MAXNET ...
[10:32:13] -=-=-=-=-=-=-=-=-=-=-=-=-=-=-=-=-=-= Done -=-=-=-=-=-=-=-=-=-=-=-=-=-=-=-=-=-=
[10:32:14] 
[10:32:14] 
[10:32:14] 
[10:32:18]    > Mean of probabilities by AUCroc ...
[10:32:19] 			Evaluating Model stuff...
[10:32:19] 
[10:32:24]    > Coef of variation of probabilities by AUCroc ...
[10:32:24] -=-=-=-=-=-=-=-=-=-=-=-=-=-=-=-=-=-= Done -=-=-=-=-=-=-=-=-=-=-=-=-=-=-=-=-=-=
[10:32:24] > end.time <- Sys.time()
[10:32:24] > time.modeling_EM <- end.time - start.time
[10:32:24] > 
[10:32:24] > ### Models evaluations
[10:32:24] > myBiomodModelEval <- get_evaluations(myBiomodModelOut)
[10:32:24] > myBiomodModelEval_ensamble <- get_evaluations(myBiomodEM)
[10:32:24] > 
[10:32:24] > nome <- paste0("Eval_", sp.names[i], ".txt", sep = "")
[10:32:24] > write.table(myBiomodModelEval, file = nome, sep = "\t")
[10:32:24] > 
[10:32:24] > nome1 <- paste0("Eval_EM_", sp.names[i], ".txt", sep = "")
[10:32:24] > write.table(myBiomodModelEval_ensamble, file = nome1, sep = "\t")
[10:32:24] > 
[10:32:24] > ###########################################################################
[10:32:24] > ######################      PROJECTION ON ALPS        #####################
[10:32:24] > ###########################################################################
[10:32:24] > 
[10:32:24] > ###########################################################################
[10:32:24] > ###########################           CURRENT   ###########################
[10:32:24] > ###########################################################################
[10:32:24] > 
[10:32:24] > # 5. Individual models projections on current environmental conditions
[10:32:24] > start.time <- Sys.time()
[10:32:24] > myBiomodProj <- BIOMOD_Projection(
[10:32:24] +   bm.mod = myBiomodModelOut,
[10:32:24] +   proj.name = "current",
[10:32:24] +   new.env = cur_proj,
[10:32:24] +   models.chosen = "all",
[10:32:24] +   build.clamping.mask = T,
[10:32:24] +   nb.cpu = n_cpu
[10:32:24] + )
[10:32:24] 
[10:32:24] -=-=-=-=-=-=-=-=-=-=-=-=-= Do Single Models Projection -=-=-=-=-=-=-=-=-=-=-=-=-=
[10:32:47] 
[10:32:47] 	> Building clamping mask
[10:33:52] 
[10:34:33] 	> Projecting Festuca.glauca_PA1_RUN1_GLM ...
[10:50:35] 	> Projecting Festuca.glauca_PA1_RUN1_GBM ...
[10:51:40] 	> Projecting Festuca.glauca_PA1_RUN1_ANN ...
[10:52:33] 	> Projecting Festuca.glauca_PA1_RUN1_FDA ...
[10:53:15] 	> Projecting Festuca.glauca_PA1_RUN1_MAXNET ...
[10:53:50] 	> Projecting Festuca.glauca_PA1_RUN2_GLM ...
[11:09:22] 	> Projecting Festuca.glauca_PA1_RUN2_GBM ...
[11:10:21] 	> Projecting Festuca.glauca_PA1_RUN2_ANN ...
[11:11:09] 	> Projecting Festuca.glauca_PA1_RUN2_FDA ...
[11:11:48] 	> Projecting Festuca.glauca_PA1_RUN2_MAXNET ...
[11:12:23] 	> Projecting Festuca.glauca_PA2_RUN1_GLM ...
[11:27:18] 	> Projecting Festuca.glauca_PA2_RUN1_GBM ...
[11:28:14] 	> Projecting Festuca.glauca_PA2_RUN1_ANN ...
[11:29:03] 	> Projecting Festuca.glauca_PA2_RUN1_FDA ...
[11:29:39] 	> Projecting Festuca.glauca_PA2_RUN1_MAXNET ...
[11:30:15] 	> Projecting Festuca.glauca_PA2_RUN2_GLM ...
[11:44:30] 	> Projecting Festuca.glauca_PA2_RUN2_GBM ...
[11:45:24] 	> Projecting Festuca.glauca_PA2_RUN2_ANN ...
[11:46:00] 	> Projecting Festuca.glauca_PA2_RUN2_FDA ...
[11:46:27] 	> Projecting Festuca.glauca_PA2_RUN2_MAXNET ...
[11:46:58] 	> Projecting Festuca.glauca_PA3_RUN1_GLM ...
[12:02:49] 	> Projecting Festuca.glauca_PA3_RUN1_GBM ...
[12:03:47] 	> Projecting Festuca.glauca_PA3_RUN1_ANN ...
[12:04:28] 	> Projecting Festuca.glauca_PA3_RUN1_FDA ...
[12:05:03] 	> Projecting Festuca.glauca_PA3_RUN1_MAXNET ...
[12:05:39] 	> Projecting Festuca.glauca_PA3_RUN2_GLM ...
[12:20:58] 	> Projecting Festuca.glauca_PA3_RUN2_GBM ...
[12:21:49] 	> Projecting Festuca.glauca_PA3_RUN2_ANN ...
[12:22:35] 	> Projecting Festuca.glauca_PA3_RUN2_FDA ...
[12:27:49] 	> Projecting Festuca.glauca_PA3_RUN2_MAXNET ...
[12:27:49] -=-=-=-=-=-=-=-=-=-=-=-=-=-=-=-=-=-= Done -=-=-=-=-=-=-=-=-=-=-=-=-=-=-=-=-=-=
[12:27:49] > end.time <- Sys.time()
[12:27:49] > time.cur_proj <- end.time - start.time
[12:27:49] > 
[12:27:49] > # 6. Project ensemble models (reuse bm.proj to avoid internal re-projection)
[12:27:49] > start.time <- Sys.time()
[12:27:49] > myBiomodEMProj <- BIOMOD_EnsembleForecasting(
[12:27:49] +   bm.em = myBiomodEM,
[12:27:49] +   bm.proj = myBiomodProj, # reuse computed projection; biomod2 wants XOR(bm.proj, new.env)
[12:27:49] +   proj.name = "CurrentEM",
[12:27:49] +   models.chosen = "all",
[12:27:49] +   metric.binary = "all",
[12:27:49] +   metric.filter = "all",
[12:27:49] +   nb.cpu = 1
[12:27:49] + )
[12:27:49] 
[12:27:49] -=-=-=-=-=-=-=-=-=-=-=-= Do Ensemble Models Projection -=-=-=-=-=-=-=-=-=-=-=-=
[12:27:49] 
[12:27:49] Creating suitable Workdir...
[12:28:26] 
[12:38:01] 	> Projecting Festuca.glauca_EMmeanByAUCroc_mergedData_mergedRun_mergedAlgo ...
[12:54:29] 	> Projecting Festuca.glauca_EMcvByAUCroc_mergedData_mergedRun_mergedAlgo ...
[12:54:29] 
[12:54:29] ! Binary/Filtered transformation automatically desactivated for ensemble models with coefficient of variation or confidence intervals
[12:54:31] 	> Building TSS binaries / filtered
[12:54:34] 	> Building AUCroc binaries / filtered
[12:54:41] 	> Building KAPPA binaries / filtered
[12:54:53] 
[12:54:53] -=-=-=-=-=-=-=-=-=-=-=-=-=-=-=-=-=-= Done -=-=-=-=-=-=-=-=-=-=-=-=-=-=-=-=-=-=
[12:54:53] > end.time <- Sys.time()
[12:54:53] > time.cur_proj_EM <- end.time - start.time
[12:54:53] > 
[12:54:53] > ###########################################################################
[12:54:53] > #######################################   FUTURE     ######################
[12:54:53] > ###########################################################################
[12:54:53] > 
[12:54:53] > ## Number of future projections
[12:54:53] > nf <- length(lf)
[12:54:53] > 
[12:54:53] > start.time <- Sys.time()
[12:54:53] > for (k in 1:nf) {
[12:54:53] +   name <- lf[k]
[12:54:53] +   cat("\n\nDEBUG: Processing future scenario", k, "of", nf, ":", name, "\n")
[12:54:53] + 
[12:54:53] +   fut_files <- dir(lf[k], full.names = T)
[12:54:53] +   fut1 <- rast(fut_files)
[12:54:53] +   cat("DEBUG: Raster loaded, ncell =", ncell(fut1), ", hasValues =", hasValues(fut1), "\n")
[12:54:53] + 
[12:54:53] +   fut <- fut1
[12:54:53] +   fut_proj <- c(fut[[1]], fut[[2]], tri_proj, soil_proj[[1]], soil_proj[[2]])
[12:54:53] +   names(fut_proj) <- c("PC1_clim", "PC2_clim", "tri", "PC1_soil", "PC2_soil")
[12:54:53] + 
[12:54:53] +   # path-depth independent: <gcm>/<ssp> are the last two path components
[12:54:53] +   nm1 <- strsplit(name, "/")[[1]]
[12:54:53] +   nm <- paste0(nm1[length(nm1) - 1], "_", nm1[length(nm1)])
[12:54:53] +   nm2 <- paste0("futureEM_", nm1[length(nm1) - 1], "_", nm1[length(nm1)])
[12:54:53] + 
[12:54:53] +   # 5. Individual models projections on future environmental conditions
[12:54:53] +   myBiomodProj_fut <- BIOMOD_Projection(
[12:54:53] +     bm.mod = myBiomodModelOut,
[12:54:53] +     proj.name = nm,
[12:54:53] +     new.env = fut_proj,
[12:54:53] +     models.chosen = "all",
[12:54:53] +     build.clamping.mask = T,
[12:54:53] +     nb.cpu = n_cpu
[12:54:53] +   )
[12:54:53] + 
[12:54:53] +   myBiomodEMProj_fut <- BIOMOD_EnsembleForecasting(
[12:54:53] +     bm.em = myBiomodEM,
[12:54:53] +     bm.proj = myBiomodProj_fut, # reuse computed projection; biomod2 wants XOR(bm.proj, new.env)
[12:54:53] +     proj.name = nm2,
[12:54:53] +     models.chosen = "all",
[12:54:53] +     metric.binary = "all",
[12:54:53] +     metric.filter = "all",
[12:54:53] +     nb.cpu = 1
[12:54:53] +   )
[12:54:53] + }
[12:54:53] 
[12:54:53] 
[12:54:53] DEBUG: Processing future scenario 1 of 8 : /work/data/input/climate_vars/future/gfdl.esm4/ssp370 
[12:54:53] DEBUG: Raster loaded, ncell = 63951097 , hasValues = TRUE 
[12:54:53] 
[12:54:53] -=-=-=-=-=-=-=-=-=-=-=-=-= Do Single Models Projection -=-=-=-=-=-=-=-=-=-=-=-=-=
[12:55:21] 
[12:55:21] 	> Building clamping mask
[12:56:22] 
[12:57:06] 	> Projecting Festuca.glauca_PA1_RUN1_GLM ...
[13:13:53] 	> Projecting Festuca.glauca_PA1_RUN1_GBM ...
[13:14:48] 	> Projecting Festuca.glauca_PA1_RUN1_ANN ...
[13:15:31] 	> Projecting Festuca.glauca_PA1_RUN1_FDA ...
[13:16:08] 	> Projecting Festuca.glauca_PA1_RUN1_MAXNET ...
[13:16:39] 	> Projecting Festuca.glauca_PA1_RUN2_GLM ...
[13:33:08] 	> Projecting Festuca.glauca_PA1_RUN2_GBM ...
[13:34:02] 	> Projecting Festuca.glauca_PA1_RUN2_ANN ...
[13:34:48] 	> Projecting Festuca.glauca_PA1_RUN2_FDA ...
[13:35:24] 	> Projecting Festuca.glauca_PA1_RUN2_MAXNET ...
[13:35:54] 	> Projecting Festuca.glauca_PA2_RUN1_GLM ...
[13:52:06] 	> Projecting Festuca.glauca_PA2_RUN1_GBM ...
[13:53:03] 	> Projecting Festuca.glauca_PA2_RUN1_ANN ...
[13:53:41] 	> Projecting Festuca.glauca_PA2_RUN1_FDA ...
[13:54:14] 	> Projecting Festuca.glauca_PA2_RUN1_MAXNET ...
[13:54:39] 	> Projecting Festuca.glauca_PA2_RUN2_GLM ...
[14:09:50] 	> Projecting Festuca.glauca_PA2_RUN2_GBM ...
[14:10:41] 	> Projecting Festuca.glauca_PA2_RUN2_ANN ...
[14:11:23] 	> Projecting Festuca.glauca_PA2_RUN2_FDA ...
[14:11:56] 	> Projecting Festuca.glauca_PA2_RUN2_MAXNET ...
[14:12:29] 	> Projecting Festuca.glauca_PA3_RUN1_GLM ...
[14:29:12] 	> Projecting Festuca.glauca_PA3_RUN1_GBM ...
[14:30:08] 	> Projecting Festuca.glauca_PA3_RUN1_ANN ...
[14:30:44] 	> Projecting Festuca.glauca_PA3_RUN1_FDA ...
[14:31:14] 	> Projecting Festuca.glauca_PA3_RUN1_MAXNET ...
[14:31:50] 	> Projecting Festuca.glauca_PA3_RUN2_GLM ...
[14:47:58] 	> Projecting Festuca.glauca_PA3_RUN2_GBM ...
[14:48:50] 	> Projecting Festuca.glauca_PA3_RUN2_ANN ...
[14:49:23] 	> Projecting Festuca.glauca_PA3_RUN2_FDA ...
[14:54:38] 	> Projecting Festuca.glauca_PA3_RUN2_MAXNET ...
[14:54:38] -=-=-=-=-=-=-=-=-=-=-=-=-=-=-=-=-=-= Done -=-=-=-=-=-=-=-=-=-=-=-=-=-=-=-=-=-=
[14:54:38] 
[14:54:38] -=-=-=-=-=-=-=-=-=-=-=-= Do Ensemble Models Projection -=-=-=-=-=-=-=-=-=-=-=-=
[14:54:38] 
[14:54:38] Creating suitable Workdir...
[14:55:16] 
[15:04:14] 	> Projecting Festuca.glauca_EMmeanByAUCroc_mergedData_mergedRun_mergedAlgo ...
[15:20:14] 	> Projecting Festuca.glauca_EMcvByAUCroc_mergedData_mergedRun_mergedAlgo ...
[15:20:14] 
[15:20:14] ! Binary/Filtered transformation automatically desactivated for ensemble models with coefficient of variation or confidence intervals
[15:20:17] 	> Building TSS binaries / filtered
[15:20:24] 	> Building AUCroc binaries / filtered
[15:20:31] 	> Building KAPPA binaries / filtered
[15:20:43] 
[15:20:43] -=-=-=-=-=-=-=-=-=-=-=-=-=-=-=-=-=-= Done -=-=-=-=-=-=-=-=-=-=-=-=-=-=-=-=-=-=
[15:20:43] 
[15:20:43] 
[15:20:43] DEBUG: Processing future scenario 2 of 8 : /work/data/input/climate_vars/future/gfdl.esm4/ssp585 
[15:20:43] DEBUG: Raster loaded, ncell = 63951097 , hasValues = TRUE 
[15:20:43] 
[15:20:43] -=-=-=-=-=-=-=-=-=-=-=-=-= Do Single Models Projection -=-=-=-=-=-=-=-=-=-=-=-=-=
[15:21:11] 
[15:21:11] 	> Building clamping mask
[15:22:21] 
[15:23:10] 	> Projecting Festuca.glauca_PA1_RUN1_GLM ...
[15:40:13] 	> Projecting Festuca.glauca_PA1_RUN1_GBM ...
[15:41:11] 	> Projecting Festuca.glauca_PA1_RUN1_ANN ...
[15:42:01] 	> Projecting Festuca.glauca_PA1_RUN1_FDA ...
[15:42:41] 	> Projecting Festuca.glauca_PA1_RUN1_MAXNET ...
[15:43:14] 	> Projecting Festuca.glauca_PA1_RUN2_GLM ...
[15:59:58] 	> Projecting Festuca.glauca_PA1_RUN2_GBM ...
[16:00:57] 	> Projecting Festuca.glauca_PA1_RUN2_ANN ...
[16:01:50] 	> Projecting Festuca.glauca_PA1_RUN2_FDA ...
[16:02:26] 	> Projecting Festuca.glauca_PA1_RUN2_MAXNET ...
[16:03:03] 	> Projecting Festuca.glauca_PA2_RUN1_GLM ...
[16:19:26] 	> Projecting Festuca.glauca_PA2_RUN1_GBM ...
[16:20:25] 	> Projecting Festuca.glauca_PA2_RUN1_ANN ...
[16:21:17] 	> Projecting Festuca.glauca_PA2_RUN1_FDA ...
[16:21:55] 	> Projecting Festuca.glauca_PA2_RUN1_MAXNET ...
[16:22:30] 	> Projecting Festuca.glauca_PA2_RUN2_GLM ...
[16:37:50] 	> Projecting Festuca.glauca_PA2_RUN2_GBM ...
[16:38:45] 	> Projecting Festuca.glauca_PA2_RUN2_ANN ...
[16:39:31] 	> Projecting Festuca.glauca_PA2_RUN2_FDA ...
[16:40:07] 	> Projecting Festuca.glauca_PA2_RUN2_MAXNET ...
[16:40:40] 	> Projecting Festuca.glauca_PA3_RUN1_GLM ...
[16:57:46] 	> Projecting Festuca.glauca_PA3_RUN1_GBM ...
[16:58:45] 	> Projecting Festuca.glauca_PA3_RUN1_ANN ...
[16:59:36] 	> Projecting Festuca.glauca_PA3_RUN1_FDA ...
[17:00:16] 	> Projecting Festuca.glauca_PA3_RUN1_MAXNET ...
[17:00:53] 	> Projecting Festuca.glauca_PA3_RUN2_GLM ...
[17:17:11] 	> Projecting Festuca.glauca_PA3_RUN2_GBM ...
[17:18:10] 	> Projecting Festuca.glauca_PA3_RUN2_ANN ...
[17:19:01] 	> Projecting Festuca.glauca_PA3_RUN2_FDA ...
[17:24:44] 	> Projecting Festuca.glauca_PA3_RUN2_MAXNET ...
[17:24:44] -=-=-=-=-=-=-=-=-=-=-=-=-=-=-=-=-=-= Done -=-=-=-=-=-=-=-=-=-=-=-=-=-=-=-=-=-=
[17:24:44] 
[17:24:44] -=-=-=-=-=-=-=-=-=-=-=-= Do Ensemble Models Projection -=-=-=-=-=-=-=-=-=-=-=-=
[17:24:44] 
[17:24:44] Creating suitable Workdir...
[17:25:22] 
[17:34:20] 	> Projecting Festuca.glauca_EMmeanByAUCroc_mergedData_mergedRun_mergedAlgo ...
[17:50:20] 	> Projecting Festuca.glauca_EMcvByAUCroc_mergedData_mergedRun_mergedAlgo ...
[17:50:20] 
[17:50:20] ! Binary/Filtered transformation automatically desactivated for ensemble models with coefficient of variation or confidence intervals
[17:50:24] 	> Building TSS binaries / filtered
[17:50:31] 	> Building AUCroc binaries / filtered
[17:50:37] 	> Building KAPPA binaries / filtered
[17:50:49] 
[17:50:49] -=-=-=-=-=-=-=-=-=-=-=-=-=-=-=-=-=-= Done -=-=-=-=-=-=-=-=-=-=-=-=-=-=-=-=-=-=
[17:50:49] 
[17:50:49] 
[17:50:49] DEBUG: Processing future scenario 3 of 8 : /work/data/input/climate_vars/future/ipsl.cm6a.lr/ssp370 
[17:50:49] DEBUG: Raster loaded, ncell = 63951097 , hasValues = TRUE 
[17:50:49] 
[17:50:49] -=-=-=-=-=-=-=-=-=-=-=-=-= Do Single Models Projection -=-=-=-=-=-=-=-=-=-=-=-=-=
[17:51:16] 
[17:51:16] 	> Building clamping mask
[17:52:25] 
[17:53:15] 	> Projecting Festuca.glauca_PA1_RUN1_GLM ...
[18:10:12] 	> Projecting Festuca.glauca_PA1_RUN1_GBM ...
[18:11:10] 	> Projecting Festuca.glauca_PA1_RUN1_ANN ...
[18:12:00] 	> Projecting Festuca.glauca_PA1_RUN1_FDA ...
[18:12:39] 	> Projecting Festuca.glauca_PA1_RUN1_MAXNET ...
[18:13:14] 	> Projecting Festuca.glauca_PA1_RUN2_GLM ...
[18:29:58] 	> Projecting Festuca.glauca_PA1_RUN2_GBM ...
[18:30:58] 	> Projecting Festuca.glauca_PA1_RUN2_ANN ...
[18:31:49] 	> Projecting Festuca.glauca_PA1_RUN2_FDA ...
[18:32:28] 	> Projecting Festuca.glauca_PA1_RUN2_MAXNET ...
[18:33:02] 	> Projecting Festuca.glauca_PA2_RUN1_GLM ...
[18:49:16] 	> Projecting Festuca.glauca_PA2_RUN1_GBM ...
[18:50:12] 	> Projecting Festuca.glauca_PA2_RUN1_ANN ...
[18:51:01] 	> Projecting Festuca.glauca_PA2_RUN1_FDA ...
[18:51:37] 	> Projecting Festuca.glauca_PA2_RUN1_MAXNET ...
[18:52:11] 	> Projecting Festuca.glauca_PA2_RUN2_GLM ...
[19:07:40] 	> Projecting Festuca.glauca_PA2_RUN2_GBM ...
[19:08:39] 	> Projecting Festuca.glauca_PA2_RUN2_ANN ...
[19:09:31] 	> Projecting Festuca.glauca_PA2_RUN2_FDA ...
[19:10:08] 	> Projecting Festuca.glauca_PA2_RUN2_MAXNET ...
[19:10:42] 	> Projecting Festuca.glauca_PA3_RUN1_GLM ...
[19:27:46] 	> Projecting Festuca.glauca_PA3_RUN1_GBM ...
[19:28:39] 	> Projecting Festuca.glauca_PA3_RUN1_ANN ...
[19:29:22] 	> Projecting Festuca.glauca_PA3_RUN1_FDA ...
[19:30:02] 	> Projecting Festuca.glauca_PA3_RUN1_MAXNET ...
[19:30:35] 	> Projecting Festuca.glauca_PA3_RUN2_GLM ...
[19:46:52] 	> Projecting Festuca.glauca_PA3_RUN2_GBM ...
[19:47:46] 	> Projecting Festuca.glauca_PA3_RUN2_ANN ...
[19:48:38] 	> Projecting Festuca.glauca_PA3_RUN2_FDA ...
[19:54:20] 	> Projecting Festuca.glauca_PA3_RUN2_MAXNET ...
[19:54:20] -=-=-=-=-=-=-=-=-=-=-=-=-=-=-=-=-=-= Done -=-=-=-=-=-=-=-=-=-=-=-=-=-=-=-=-=-=
[19:54:20] 
[19:54:20] -=-=-=-=-=-=-=-=-=-=-=-= Do Ensemble Models Projection -=-=-=-=-=-=-=-=-=-=-=-=
[19:54:20] 
[19:54:20] Creating suitable Workdir...
[19:54:57] 
[20:03:22] 	> Projecting Festuca.glauca_EMmeanByAUCroc_mergedData_mergedRun_mergedAlgo ...
[20:20:06] 	> Projecting Festuca.glauca_EMcvByAUCroc_mergedData_mergedRun_mergedAlgo ...
[20:20:06] 
[20:20:06] ! Binary/Filtered transformation automatically desactivated for ensemble models with coefficient of variation or confidence intervals
[20:20:10] 	> Building TSS binaries / filtered
[20:20:18] 	> Building AUCroc binaries / filtered
[20:20:25] 	> Building KAPPA binaries / filtered
[20:20:37] 
[20:20:37] -=-=-=-=-=-=-=-=-=-=-=-=-=-=-=-=-=-= Done -=-=-=-=-=-=-=-=-=-=-=-=-=-=-=-=-=-=
[20:20:37] 
[20:20:37] 
[20:20:37] DEBUG: Processing future scenario 4 of 8 : /work/data/input/climate_vars/future/ipsl.cm6a.lr/ssp585 
[20:20:37] DEBUG: Raster loaded, ncell = 63951097 , hasValues = TRUE 
[20:20:37] 
[20:20:37] -=-=-=-=-=-=-=-=-=-=-=-=-= Do Single Models Projection -=-=-=-=-=-=-=-=-=-=-=-=-=
[20:21:04] 
[20:21:04] 	> Building clamping mask
[20:22:13] 
[20:23:02] 	> Projecting Festuca.glauca_PA1_RUN1_GLM ...
[20:40:25] 	> Projecting Festuca.glauca_PA1_RUN1_GBM ...
[20:41:24] 	> Projecting Festuca.glauca_PA1_RUN1_ANN ...
[20:42:14] 	> Projecting Festuca.glauca_PA1_RUN1_FDA ...
[20:42:53] 	> Projecting Festuca.glauca_PA1_RUN1_MAXNET ...
[20:43:27] 	> Projecting Festuca.glauca_PA1_RUN2_GLM ...
[21:00:38] 	> Projecting Festuca.glauca_PA1_RUN2_GBM ...
[21:01:36] 	> Projecting Festuca.glauca_PA1_RUN2_ANN ...
[21:02:28] 	> Projecting Festuca.glauca_PA1_RUN2_FDA ...
[21:03:07] 	> Projecting Festuca.glauca_PA1_RUN2_MAXNET ...
[21:03:39] 	> Projecting Festuca.glauca_PA2_RUN1_GLM ...
[21:20:22] 	> Projecting Festuca.glauca_PA2_RUN1_GBM ...
[21:21:22] 	> Projecting Festuca.glauca_PA2_RUN1_ANN ...
[21:22:06] 	> Projecting Festuca.glauca_PA2_RUN1_FDA ...
[21:22:39] 	> Projecting Festuca.glauca_PA2_RUN1_MAXNET ...
[21:23:13] 	> Projecting Festuca.glauca_PA2_RUN2_GLM ...
[21:39:06] 	> Projecting Festuca.glauca_PA2_RUN2_GBM ...
[21:40:04] 	> Projecting Festuca.glauca_PA2_RUN2_ANN ...
[21:40:51] 	> Projecting Festuca.glauca_PA2_RUN2_FDA ...
[21:41:27] 	> Projecting Festuca.glauca_PA2_RUN2_MAXNET ...
[21:41:59] 	> Projecting Festuca.glauca_PA3_RUN1_GLM ...
[21:59:36] 	> Projecting Festuca.glauca_PA3_RUN1_GBM ...
[22:00:39] 	> Projecting Festuca.glauca_PA3_RUN1_ANN ...
[22:01:22] 	> Projecting Festuca.glauca_PA3_RUN1_FDA ...
[22:02:01] 	> Projecting Festuca.glauca_PA3_RUN1_MAXNET ...
[22:02:30] 	> Projecting Festuca.glauca_PA3_RUN2_GLM ...
[22:19:05] 	> Projecting Festuca.glauca_PA3_RUN2_GBM ...
[22:20:17] 	> Projecting Festuca.glauca_PA3_RUN2_ANN ...
[22:21:07] 	> Projecting Festuca.glauca_PA3_RUN2_FDA ...
[22:26:46] 	> Projecting Festuca.glauca_PA3_RUN2_MAXNET ...
[22:26:46] -=-=-=-=-=-=-=-=-=-=-=-=-=-=-=-=-=-= Done -=-=-=-=-=-=-=-=-=-=-=-=-=-=-=-=-=-=
[22:26:46] 
[22:26:46] -=-=-=-=-=-=-=-=-=-=-=-= Do Ensemble Models Projection -=-=-=-=-=-=-=-=-=-=-=-=
[22:26:46] 
[22:26:46] Creating suitable Workdir...
[22:27:28] 
[22:36:53] 	> Projecting Festuca.glauca_EMmeanByAUCroc_mergedData_mergedRun_mergedAlgo ...
[22:53:05] 	> Projecting Festuca.glauca_EMcvByAUCroc_mergedData_mergedRun_mergedAlgo ...
[22:53:05] 
[22:53:05] ! Binary/Filtered transformation automatically desactivated for ensemble models with coefficient of variation or confidence intervals
[22:53:09] 	> Building TSS binaries / filtered
[22:53:15] 	> Building AUCroc binaries / filtered
[22:53:22] 	> Building KAPPA binaries / filtered
[22:53:34] 
[22:53:34] -=-=-=-=-=-=-=-=-=-=-=-=-=-=-=-=-=-= Done -=-=-=-=-=-=-=-=-=-=-=-=-=-=-=-=-=-=
[22:53:34] 
[22:53:34] 
[22:53:34] DEBUG: Processing future scenario 5 of 8 : /work/data/input/climate_vars/future/mpi.esm1.2.hr/ssp370 
[22:53:34] DEBUG: Raster loaded, ncell = 63951097 , hasValues = TRUE 
[22:53:34] 
[22:53:34] -=-=-=-=-=-=-=-=-=-=-=-=-= Do Single Models Projection -=-=-=-=-=-=-=-=-=-=-=-=-=
[22:54:02] 
[22:54:02] 	> Building clamping mask
[22:55:12] 
[22:56:02] 	> Projecting Festuca.glauca_PA1_RUN1_GLM ...
[23:12:24] 	> Projecting Festuca.glauca_PA1_RUN1_GBM ...
[23:13:22] 	> Projecting Festuca.glauca_PA1_RUN1_ANN ...
[23:14:12] 	> Projecting Festuca.glauca_PA1_RUN1_FDA ...
[23:14:50] 	> Projecting Festuca.glauca_PA1_RUN1_MAXNET ...
[23:15:26] 	> Projecting Festuca.glauca_PA1_RUN2_GLM ...
[23:31:31] 	> Projecting Festuca.glauca_PA1_RUN2_GBM ...
[23:32:30] 	> Projecting Festuca.glauca_PA1_RUN2_ANN ...
[23:33:22] 	> Projecting Festuca.glauca_PA1_RUN2_FDA ...
[23:34:01] 	> Projecting Festuca.glauca_PA1_RUN2_MAXNET ...
[23:34:32] 	> Projecting Festuca.glauca_PA2_RUN1_GLM ...
[23:50:06] 	> Projecting Festuca.glauca_PA2_RUN1_GBM ...
[23:51:03] 	> Projecting Festuca.glauca_PA2_RUN1_ANN ...
[23:51:54] 	> Projecting Festuca.glauca_PA2_RUN1_FDA ...
[23:52:28] 	> Projecting Festuca.glauca_PA2_RUN1_MAXNET ...
[23:53:03] 	> Projecting Festuca.glauca_PA2_RUN2_GLM ...
[00:07:58] 	> Projecting Festuca.glauca_PA2_RUN2_GBM ...
[00:08:56] 	> Projecting Festuca.glauca_PA2_RUN2_ANN ...
[00:09:46] 	> Projecting Festuca.glauca_PA2_RUN2_FDA ...
[00:10:23] 	> Projecting Festuca.glauca_PA2_RUN2_MAXNET ...
[00:10:54] 	> Projecting Festuca.glauca_PA3_RUN1_GLM ...
[00:27:19] 	> Projecting Festuca.glauca_PA3_RUN1_GBM ...
[00:28:16] 	> Projecting Festuca.glauca_PA3_RUN1_ANN ...
[00:29:07] 	> Projecting Festuca.glauca_PA3_RUN1_FDA ...
[00:29:46] 	> Projecting Festuca.glauca_PA3_RUN1_MAXNET ...
[00:30:19] 	> Projecting Festuca.glauca_PA3_RUN2_GLM ...
[00:46:07] 	> Projecting Festuca.glauca_PA3_RUN2_GBM ...
[00:47:04] 	> Projecting Festuca.glauca_PA3_RUN2_ANN ...
[00:47:59] 	> Projecting Festuca.glauca_PA3_RUN2_FDA ...
[00:53:35] 	> Projecting Festuca.glauca_PA3_RUN2_MAXNET ...
[00:53:35] -=-=-=-=-=-=-=-=-=-=-=-=-=-=-=-=-=-= Done -=-=-=-=-=-=-=-=-=-=-=-=-=-=-=-=-=-=
[00:53:35] 
[00:53:35] -=-=-=-=-=-=-=-=-=-=-=-= Do Ensemble Models Projection -=-=-=-=-=-=-=-=-=-=-=-=
[00:53:35] 
[00:53:35] Creating suitable Workdir...
[00:54:14] 
[01:02:42] 	> Projecting Festuca.glauca_EMmeanByAUCroc_mergedData_mergedRun_mergedAlgo ...
[01:19:26] 	> Projecting Festuca.glauca_EMcvByAUCroc_mergedData_mergedRun_mergedAlgo ...
[01:19:26] 
[01:19:26] ! Binary/Filtered transformation automatically desactivated for ensemble models with coefficient of variation or confidence intervals
[01:19:30] 	> Building TSS binaries / filtered
[01:19:36] 	> Building AUCroc binaries / filtered
[01:19:43] 	> Building KAPPA binaries / filtered
[01:19:55] 
[01:19:55] -=-=-=-=-=-=-=-=-=-=-=-=-=-=-=-=-=-= Done -=-=-=-=-=-=-=-=-=-=-=-=-=-=-=-=-=-=
[01:19:55] 
[01:19:55] 
[01:19:55] DEBUG: Processing future scenario 6 of 8 : /work/data/input/climate_vars/future/mpi.esm1.2.hr/ssp585 
[01:19:55] DEBUG: Raster loaded, ncell = 63951097 , hasValues = TRUE 
[01:19:55] 
[01:19:55] -=-=-=-=-=-=-=-=-=-=-=-=-= Do Single Models Projection -=-=-=-=-=-=-=-=-=-=-=-=-=
[01:20:20] 
[01:20:20] 	> Building clamping mask
[01:21:29] 
[01:22:19] 	> Projecting Festuca.glauca_PA1_RUN1_GLM ...
[01:38:59] 	> Projecting Festuca.glauca_PA1_RUN1_GBM ...
[01:39:58] 	> Projecting Festuca.glauca_PA1_RUN1_ANN ...
[01:40:49] 	> Projecting Festuca.glauca_PA1_RUN1_FDA ...
[01:41:27] 	> Projecting Festuca.glauca_PA1_RUN1_MAXNET ...
[01:42:00] 	> Projecting Festuca.glauca_PA1_RUN2_GLM ...
[01:58:27] 	> Projecting Festuca.glauca_PA1_RUN2_GBM ...
[01:59:20] 	> Projecting Festuca.glauca_PA1_RUN2_ANN ...
[02:00:10] 	> Projecting Festuca.glauca_PA1_RUN2_FDA ...
[02:00:48] 	> Projecting Festuca.glauca_PA1_RUN2_MAXNET ...
[02:01:24] 	> Projecting Festuca.glauca_PA2_RUN1_GLM ...
[02:17:21] 	> Projecting Festuca.glauca_PA2_RUN1_GBM ...
[02:18:17] 	> Projecting Festuca.glauca_PA2_RUN1_ANN ...
[02:19:09] 	> Projecting Festuca.glauca_PA2_RUN1_FDA ...
[02:19:42] 	> Projecting Festuca.glauca_PA2_RUN1_MAXNET ...
[02:20:17] 	> Projecting Festuca.glauca_PA2_RUN2_GLM ...
[02:35:37] 	> Projecting Festuca.glauca_PA2_RUN2_GBM ...
[02:36:35] 	> Projecting Festuca.glauca_PA2_RUN2_ANN ...
[02:37:26] 	> Projecting Festuca.glauca_PA2_RUN2_FDA ...
[02:38:02] 	> Projecting Festuca.glauca_PA2_RUN2_MAXNET ...
[02:38:35] 	> Projecting Festuca.glauca_PA3_RUN1_GLM ...
[02:55:23] 	> Projecting Festuca.glauca_PA3_RUN1_GBM ...
[02:56:21] 	> Projecting Festuca.glauca_PA3_RUN1_ANN ...
[02:57:13] 	> Projecting Festuca.glauca_PA3_RUN1_FDA ...
[02:57:53] 	> Projecting Festuca.glauca_PA3_RUN1_MAXNET ...
[02:58:25] 	> Projecting Festuca.glauca_PA3_RUN2_GLM ...
[03:14:36] 	> Projecting Festuca.glauca_PA3_RUN2_GBM ...
[03:15:33] 	> Projecting Festuca.glauca_PA3_RUN2_ANN ...
[03:16:22] 	> Projecting Festuca.glauca_PA3_RUN2_FDA ...
[03:22:00] 	> Projecting Festuca.glauca_PA3_RUN2_MAXNET ...
[03:22:00] -=-=-=-=-=-=-=-=-=-=-=-=-=-=-=-=-=-= Done -=-=-=-=-=-=-=-=-=-=-=-=-=-=-=-=-=-=
[03:22:00] 
[03:22:00] -=-=-=-=-=-=-=-=-=-=-=-= Do Ensemble Models Projection -=-=-=-=-=-=-=-=-=-=-=-=
[03:22:00] 
[03:22:00] Creating suitable Workdir...
[03:22:39] 
[03:31:40] 	> Projecting Festuca.glauca_EMmeanByAUCroc_mergedData_mergedRun_mergedAlgo ...
[03:48:09] 	> Projecting Festuca.glauca_EMcvByAUCroc_mergedData_mergedRun_mergedAlgo ...
[03:48:09] 
[03:48:09] ! Binary/Filtered transformation automatically desactivated for ensemble models with coefficient of variation or confidence intervals
[03:48:13] 	> Building TSS binaries / filtered
[03:48:19] 	> Building AUCroc binaries / filtered
[03:48:26] 	> Building KAPPA binaries / filtered
[03:48:38] 
[03:48:38] -=-=-=-=-=-=-=-=-=-=-=-=-=-=-=-=-=-= Done -=-=-=-=-=-=-=-=-=-=-=-=-=-=-=-=-=-=
[03:48:38] 
[03:48:38] 
[03:48:38] DEBUG: Processing future scenario 7 of 8 : /work/data/input/climate_vars/future/mri.esm2.0/ssp370 
[03:48:38] DEBUG: Raster loaded, ncell = 63951097 , hasValues = TRUE 
[03:48:38] 
[03:48:38] -=-=-=-=-=-=-=-=-=-=-=-=-= Do Single Models Projection -=-=-=-=-=-=-=-=-=-=-=-=-=
[03:49:05] 
[03:49:05] 	> Building clamping mask
[03:50:15] 
[03:51:04] 	> Projecting Festuca.glauca_PA1_RUN1_GLM ...
[04:07:35] 	> Projecting Festuca.glauca_PA1_RUN1_GBM ...
[04:08:33] 	> Projecting Festuca.glauca_PA1_RUN1_ANN ...
[04:09:24] 	> Projecting Festuca.glauca_PA1_RUN1_FDA ...
[04:10:03] 	> Projecting Festuca.glauca_PA1_RUN1_MAXNET ...
[04:10:38] 	> Projecting Festuca.glauca_PA1_RUN2_GLM ...
[04:26:45] 	> Projecting Festuca.glauca_PA1_RUN2_GBM ...
[04:27:43] 	> Projecting Festuca.glauca_PA1_RUN2_ANN ...
[04:28:35] 	> Projecting Festuca.glauca_PA1_RUN2_FDA ...
[04:29:11] 	> Projecting Festuca.glauca_PA1_RUN2_MAXNET ...
[04:29:52] 	> Projecting Festuca.glauca_PA2_RUN1_GLM ...
[04:45:20] 	> Projecting Festuca.glauca_PA2_RUN1_GBM ...
[04:46:18] 	> Projecting Festuca.glauca_PA2_RUN1_ANN ...
[04:47:00] 	> Projecting Festuca.glauca_PA2_RUN1_FDA ...
[04:47:35] 	> Projecting Festuca.glauca_PA2_RUN1_MAXNET ...
[04:48:07] 	> Projecting Festuca.glauca_PA2_RUN2_GLM ...
[05:02:55] 	> Projecting Festuca.glauca_PA2_RUN2_GBM ...
[05:03:53] 	> Projecting Festuca.glauca_PA2_RUN2_ANN ...
[05:04:44] 	> Projecting Festuca.glauca_PA2_RUN2_FDA ...
[05:05:13] 	> Projecting Festuca.glauca_PA2_RUN2_MAXNET ...
[05:05:50] 	> Projecting Festuca.glauca_PA3_RUN1_GLM ...
[05:22:22] 	> Projecting Festuca.glauca_PA3_RUN1_GBM ...
[05:23:22] 	> Projecting Festuca.glauca_PA3_RUN1_ANN ...
[05:24:10] 	> Projecting Festuca.glauca_PA3_RUN1_FDA ...
[05:24:46] 	> Projecting Festuca.glauca_PA3_RUN1_MAXNET ...
[05:25:20] 	> Projecting Festuca.glauca_PA3_RUN2_GLM ...
[05:41:21] 	> Projecting Festuca.glauca_PA3_RUN2_GBM ...
[05:42:31] 	> Projecting Festuca.glauca_PA3_RUN2_ANN ...
[05:43:31] 	> Projecting Festuca.glauca_PA3_RUN2_FDA ...
[05:49:02] 	> Projecting Festuca.glauca_PA3_RUN2_MAXNET ...
[05:49:02] -=-=-=-=-=-=-=-=-=-=-=-=-=-=-=-=-=-= Done -=-=-=-=-=-=-=-=-=-=-=-=-=-=-=-=-=-=
[05:49:02] 
[05:49:02] -=-=-=-=-=-=-=-=-=-=-=-= Do Ensemble Models Projection -=-=-=-=-=-=-=-=-=-=-=-=
[05:49:02] 
[05:49:02] Creating suitable Workdir...
[05:49:40] 
[05:58:55] 	> Projecting Festuca.glauca_EMmeanByAUCroc_mergedData_mergedRun_mergedAlgo ...
[06:15:34] 	> Projecting Festuca.glauca_EMcvByAUCroc_mergedData_mergedRun_mergedAlgo ...
[06:15:34] 
[06:15:34] ! Binary/Filtered transformation automatically desactivated for ensemble models with coefficient of variation or confidence intervals
[06:15:37] 	> Building TSS binaries / filtered
[06:15:39] 	> Building AUCroc binaries / filtered
[06:15:45] 	> Building KAPPA binaries / filtered
[06:15:57] 
[06:15:57] -=-=-=-=-=-=-=-=-=-=-=-=-=-=-=-=-=-= Done -=-=-=-=-=-=-=-=-=-=-=-=-=-=-=-=-=-=
[06:15:57] 
[06:15:57] 
[06:15:57] DEBUG: Processing future scenario 8 of 8 : /work/data/input/climate_vars/future/mri.esm2.0/ssp585 
[06:15:57] DEBUG: Raster loaded, ncell = 63951097 , hasValues = TRUE 
[06:15:57] 
[06:15:57] -=-=-=-=-=-=-=-=-=-=-=-=-= Do Single Models Projection -=-=-=-=-=-=-=-=-=-=-=-=-=
[06:16:23] 
[06:16:23] 	> Building clamping mask
[06:17:31] 
[06:18:20] 	> Projecting Festuca.glauca_PA1_RUN1_GLM ...
[06:34:45] 	> Projecting Festuca.glauca_PA1_RUN1_GBM ...
[06:35:43] 	> Projecting Festuca.glauca_PA1_RUN1_ANN ...
[06:36:29] 	> Projecting Festuca.glauca_PA1_RUN1_FDA ...
[06:37:02] 	> Projecting Festuca.glauca_PA1_RUN1_MAXNET ...
[06:37:37] 	> Projecting Festuca.glauca_PA1_RUN2_GLM ...
[06:53:47] 	> Projecting Festuca.glauca_PA1_RUN2_GBM ...
[06:54:44] 	> Projecting Festuca.glauca_PA1_RUN2_ANN ...
[06:55:36] 	> Projecting Festuca.glauca_PA1_RUN2_FDA ...
[06:56:17] 	> Projecting Festuca.glauca_PA1_RUN2_MAXNET ...
[06:56:44] 	> Projecting Festuca.glauca_PA2_RUN1_GLM ...
[07:12:23] 	> Projecting Festuca.glauca_PA2_RUN1_GBM ...
[07:13:20] 	> Projecting Festuca.glauca_PA2_RUN1_ANN ...
[07:14:11] 	> Projecting Festuca.glauca_PA2_RUN1_FDA ...
[07:14:43] 	> Projecting Festuca.glauca_PA2_RUN1_MAXNET ...
[07:15:20] 	> Projecting Festuca.glauca_PA2_RUN2_GLM ...
[07:30:14] 	> Projecting Festuca.glauca_PA2_RUN2_GBM ...
[07:31:17] 	> Projecting Festuca.glauca_PA2_RUN2_ANN ...
[07:32:06] 	> Projecting Festuca.glauca_PA2_RUN2_FDA ...
[07:32:42] 	> Projecting Festuca.glauca_PA2_RUN2_MAXNET ...
[07:33:13] 	> Projecting Festuca.glauca_PA3_RUN1_GLM ...
[07:49:41] 	> Projecting Festuca.glauca_PA3_RUN1_GBM ...
[07:50:42] 	> Projecting Festuca.glauca_PA3_RUN1_ANN ...
[07:51:32] 	> Projecting Festuca.glauca_PA3_RUN1_FDA ...
[07:52:10] 	> Projecting Festuca.glauca_PA3_RUN1_MAXNET ...
[07:52:43] 	> Projecting Festuca.glauca_PA3_RUN2_GLM ...
[08:08:33] 	> Projecting Festuca.glauca_PA3_RUN2_GBM ...
[08:09:31] 	> Projecting Festuca.glauca_PA3_RUN2_ANN ...
[08:10:19] 	> Projecting Festuca.glauca_PA3_RUN2_FDA ...
[08:15:50] 	> Projecting Festuca.glauca_PA3_RUN2_MAXNET ...
[08:15:50] -=-=-=-=-=-=-=-=-=-=-=-=-=-=-=-=-=-= Done -=-=-=-=-=-=-=-=-=-=-=-=-=-=-=-=-=-=
[08:15:50] 
[08:15:50] -=-=-=-=-=-=-=-=-=-=-=-= Do Ensemble Models Projection -=-=-=-=-=-=-=-=-=-=-=-=
[08:15:50] 
[08:15:50] Creating suitable Workdir...
[08:16:27] 
[08:25:34] 	> Projecting Festuca.glauca_EMmeanByAUCroc_mergedData_mergedRun_mergedAlgo ...
[08:41:53] 	> Projecting Festuca.glauca_EMcvByAUCroc_mergedData_mergedRun_mergedAlgo ...
[08:41:53] 
[08:41:53] ! Binary/Filtered transformation automatically desactivated for ensemble models with coefficient of variation or confidence intervals
[08:41:58] 	> Building TSS binaries / filtered
[08:42:05] 	> Building AUCroc binaries / filtered
[08:42:11] 	> Building KAPPA binaries / filtered
[08:42:23] 
[08:42:23] -=-=-=-=-=-=-=-=-=-=-=-=-=-=-=-=-=-= Done -=-=-=-=-=-=-=-=-=-=-=-=-=-=-=-=-=-=
[08:42:23] > setTxtProgressBar(pb, i)
[08:42:23]   |                                                          |================                                  |  33%> Sys.sleep(10)
[08:42:33] > end.time <- Sys.time()
[08:42:33] > time.fut_proj <- end.time - start.time
[08:42:33] > close(pb)
[08:42:33] 
[08:42:33] > 
[08:42:33] > # force seconds: write.table strips difftime units and R auto-picks a unit per value,
[08:42:33] > # so columns aren't comparable. as.numeric(., units="secs") makes them uniform.
[08:42:33] > time <- data.frame(
[08:42:33] +   formating = as.numeric(time.formating, units = "secs"),
[08:42:33] +   modeling = as.numeric(time.modeling, units = "secs"),
[08:42:33] +   modeling_EM = as.numeric(time.modeling_EM, units = "secs"),
[08:42:33] +   cur_projection = as.numeric(time.cur_proj, units = "secs"),
[08:42:33] +   cur_projection_EM = as.numeric(time.cur_proj_EM, units = "secs"),
[08:42:33] +   fut_projection = as.numeric(time.fut_proj, units = "secs")
[08:42:33] + )
[08:42:33] > write.table(time, paste0("time_", sp.names[i], ".txt"), sep = "\t")
[08:42:33] > 

real	1379m24.321s
user	1289m5.299s
sys	146m22.888s
