[05:27:05] > options(warn = 1) # stampa i warning quando accadono (non in blocco a fine run)
[05:27:05] > 
[05:27:05] > library(biomod2)
[05:27:09] biomod2 4.3-4-5 loaded.
[05:27:09]  /!\ Welcome to augmented biomod2 with abundance modeling available! (*o*)
[05:27:09]  Take a look at the HOME and NEWS section on the website to see all the features!
[05:27:09] 
[05:27:09] Loading required package: nnet
[05:27:09] Loading required package: rpart
[05:27:09] Loading required package: cito
[05:27:09] Warning in library(package, lib.loc = lib.loc, character.only = TRUE, logical.return = TRUE,  :
[05:27:09]   there is no package called ‘cito’
[05:27:09] Loading required package: mda
[05:27:09] Loading required package: class
[05:27:09] Loaded mda 0.5-5
[05:27:09] 
[05:27:09] Loading required package: gam
[05:27:09] Loading required package: splines
[05:27:09] Loading required package: foreach
[05:27:09] Loaded gam 1.22-7
[05:27:09] 
[05:27:09] Loading required package: mgcv
[05:27:09] Loading required package: nlme
[05:27:09] This is mgcv 1.9-4. For overview type '?mgcv'.
[05:27:09] 
[05:27:09] Attaching package: ‘mgcv’
[05:27:09] 
[05:27:09] The following objects are masked from ‘package:gam’:
[05:27:09] 
[05:27:09]     gam, gam.control, gam.fit, s
[05:27:09] 
[05:27:09] The following object is masked from ‘package:nnet’:
[05:27:09] 
[05:27:09]     multinom
[05:27:09] 
[05:27:09] Loading required package: gbm
[05:27:09] Loaded gbm 2.2.3
[05:27:09] This version of gbm is no longer under development. Consider transitioning to gbm3, https://github.com/gbm-developers/gbm3
[05:27:09] Loading required package: earth
[05:27:09] Loading required package: Formula
[05:27:09] Loading required package: plotmo
[05:27:09] Loading required package: plotrix
[05:27:09] Loading required package: maxnet
[05:27:09] Loading required package: randomForest
[05:27:09] randomForest 4.7-1.2
[05:27:09] Type rfNews() to see new features/changes/bug fixes.
[05:27:09] Loading required package: xgboost
[05:27:10] > library(terra)
[05:27:10] terra 1.9.11
[05:27:10] 
[05:27:10] Attaching package: ‘terra’
[05:27:10] 
[05:27:10] The following object is masked from ‘package:plotrix’:
[05:27:10] 
[05:27:10]     rescale
[05:27:10] 
[05:27:10] > library(gbm)
[05:27:10] > library(mda)
[05:27:10] > library(randomForest)
[05:27:10] > 
[05:27:10] > # NOTE: makeCluster/registerDoParallel removed - hangs inside Singularity container.
[05:27:10] > # TODO: check if without makeCluster nb.cpu=x is ignored and if actually runs in parallel
[05:27:10] > # cl <- makeCluster(10)
[05:27:10] > # registerDoParallel(cl)
[05:27:10] > 
[05:27:10] > root <- normalizePath(".")
[05:27:10] > in_dir <- file.path(root, "data/input")
[05:27:10] > out_dir <- file.path(root, "data/output")
[05:27:10] > dir.create(out_dir, showWarnings = FALSE)
[05:27:10] > 
[05:27:10] > ####################################
[05:27:10] > # loading species occurrences data
[05:27:10] > ####################################
[05:27:10] > spocc <- read.csv(file.path(in_dir, "full_1km_EUNIS.csv"), head = TRUE)
[05:27:17] > spocc <- spocc[, -1] # drop id -> cols: sp_name, x, y, pseudo-absences
[05:27:17] > spocc$sp_name <- sub(" ", ".", spocc$sp_name)
[05:27:18] > sp.names <- levels(factor(spocc[, 1]))
[05:27:18] > num_sp <- length(sp.names)
[05:27:18] > cat("DEBUG: num_sp =", num_sp, "| total rows =", nrow(spocc), "\n")
[05:27:18] DEBUG: num_sp = 167 | total rows = 2583359 
[05:27:18] > 
[05:27:18] > #####################################
[05:27:18] > # CALIBRATION environmental data
[05:27:18] > #####################################
[05:27:18] > cat("DEBUG: loading calibration rasters...\n")
[05:27:18] DEBUG: loading calibration rasters...
[05:27:18] > clim_cal <- rast(dir(file.path(in_dir, "climate_vars/baseline"), full.names = T))
[05:27:18] > tri_cal <- rast(dir(file.path(in_dir, "TRI_vars"), full.names = T))
[05:27:18] > soil_cal <- rast(dir(file.path(in_dir, "soil_vars"), full.names = T))
[05:27:18] > cur_cal <- c(clim_cal, tri_cal, soil_cal)
[05:27:18] > names(cur_cal) <- c("PC1_clim", "PC2_clim", "tri", "PC1_soil", "PC2_soil")
[05:27:18] > cat("DEBUG: raster dim =", dim(cur_cal)[1], "x", dim(cur_cal)[2], "| ncell =", ncell(cur_cal), "\n")
[05:27:18] DEBUG: raster dim = 5873 x 10889 | ncell = 63951097 
[05:27:18] > 
[05:27:18] > #####################################
[05:27:18] > # PROJECTION environmental data
[05:27:18] > #####################################
[05:27:18] > clim_proj <- rast(dir(file.path(in_dir, "climate_vars/baseline"), full.names = T))
[05:27:18] > tri_proj <- rast(dir(file.path(in_dir, "TRI_vars"), full.names = T))
[05:27:18] > soil_proj <- rast(dir(file.path(in_dir, "soil_vars"), full.names = T))
[05:27:18] > cur_proj <- c(clim_proj, tri_proj, soil_proj)
[05:27:18] > names(cur_proj) <- c("PC1_clim", "PC2_clim", "tri", "PC1_soil", "PC2_soil")
[05:27:18] > 
[05:27:18] > #####################################
[05:27:18] > # loading FUTURE list (leaf dirs containing tif)
[05:27:18] > #####################################
[05:27:18] > lf <- list.dirs(file.path(in_dir, "climate_vars/future"), full.names = T, recursive = T)[-1]
[05:27:18] > lf <- lf[sapply(lf, function(d) length(list.files(d, pattern = "\\.tif$")) > 0)]
[05:27:18] > cat("DEBUG: testing with", length(lf), "future scenarios\n")
[05:27:18] DEBUG: testing with 8 future scenarios
[05:27:18] > 
[05:27:18] > # outputs (biomod2 writes species folders into the working dir)
[05:27:18] > setwd(out_dir)
[05:27:18] > 
[05:27:18] > pb <- txtProgressBar(min = 0, max = num_sp, style = 3, width = 50, char = "=")
[05:27:18]   |                                                          |                                                  |   0%> 
[05:27:18] > selModels <- c("GLM", "GBM", "ANN", "FDA", "MAXNET")
[05:27:18] > 
[05:27:18] > # SLURM array task -> one species (array id = index into full sorted species list)
[05:27:18] > k <- as.integer(Sys.getenv("SLURM_ARRAY_TASK_ID", "1"))
[05:27:18] > i <- k
[05:27:18] > spocc1 <- subset(spocc, spocc[, 1] == sp.names[i])
[05:27:19] > cat("DEBUG: array task", k, "-> species =", sp.names[i], "| occurrences =", nrow(spocc1), "\n")
[05:27:19] DEBUG: array task 5 -> species = Alchemilla.fissa | occurrences = 1428 
[05:27:19] > 
[05:27:19] > # TODO: study if quicker to run for loop inside r or submit slurm arrays of jobs
[05:27:19] > # TODO maybe do both
[05:27:19] > # TODO check if it's possible to run multicore with a sinle ram copy, instead of a copy for each core
[05:27:19] > 
[05:27:19] > # parallel fork count for Modeling + Projection only. EnsembleForecasting stays nb.cpu=1.
[05:27:19] > # Small datasets (<50k occ) trigger mclapply SIGPIPE race conditions at n_cpu>1 (job 47510573_2/_3).
[05:27:19] > # Use n_cpu=1 for small species to avoid the forking bug.
[05:27:19] > n_cpu <- if (nrow(spocc1) >= 50000) 4L else 1L
[05:27:19] > cat("DEBUG: n_cpu =", n_cpu, "(threshold 50k)\n")
[05:27:19] DEBUG: n_cpu = 1 (threshold 50k)
[05:27:19] > 
[05:27:19] > # per-species output wipe (array-safe: only this task's species dir, not sibling tasks')
[05:27:19] > unlink(file.path(out_dir, sp.names[i]), recursive = TRUE)
[05:27:19] > 
[05:27:19] > ###########################################################################
[05:27:19] > ######################     CALIBRATION ON EUROPE      #####################
[05:27:19] > ###########################################################################
[05:27:19] > 
[05:27:19] > start.time <- Sys.time()
[05:27:19] > myRespName <- paste(sp.names[i], sep = ".")
[05:27:19] > myRespXY <- spocc1[, 2:3] # coordinates of points
[05:27:19] > myResp <- rep(1, nrow(spocc1)) # species occurences
[05:27:19] > 
[05:27:19] > cat("DEBUG: starting BIOMOD_FormatingData at", format(Sys.time(), "%H:%M:%S"), "\n")
[05:27:19] DEBUG: starting BIOMOD_FormatingData at 05:27:19 
[05:27:19] > flush.console()
[05:27:19] > 
[05:27:19] > # 1. Formatting Data (10 set of pseudo-absences, 10000 absences each, random strategy)
[05:27:19] > # resp è la distribuzione della specie
[05:27:19] > # expl sono le variabili che vanno a spiegare la distribuzione della specie (spiegano la resp) (caldo, freddo, neve, etc)
[05:27:19] > 
[05:27:19] > myBiomodData <- BIOMOD_FormatingData(
[05:27:19] +   resp.var = myResp, # response variable
[05:27:19] +   expl.var = cur_cal, # explenatory variable
[05:27:19] +   resp.xy = myRespXY, # longitude and latitude of species occurrences
[05:27:19] +   resp.name = myRespName,
[05:27:19] +   PA.nb.rep = 10, # production value, set of replicas
[05:27:19] +   PA.nb.absences = 10000, # production value (was toy 10); grows modeling only, projection unchanged
[05:27:19] +   PA.strategy = "random",
[05:27:19] +   na.rm = TRUE,
[05:27:19] +   filter.raster = F # se la response var deve essere filtrata (se troppi punti vanno nella stessa cella), se true si rischia di andare a sovrastimare (overfitting)
[05:27:19] + )
[05:27:19] 
[05:27:19] -=-=-=-=-=-=-=-=-=-=-=-= Alchemilla.fissa Data Formating -=-=-=-=-=-=-=-=-=-=-=-=
[05:27:19] 
[05:27:19] 
[05:27:19] Checking Pseudo-absence selection arguments...
[05:27:19] 
[05:27:19]    > random pseudo absences selection
[07:57:36]    > Pseudo absences are selected in explanatory variables
[07:57:36] 
[07:57:48]  ! Some NAs have been automatically removed from your data
[07:57:48] -=-=-=-=-=-=-=-=-=-=-=-=-=-=-=-=-=-= Done -=-=-=-=-=-=-=-=-=-=-=-=-=-=-=-=-=-=
[07:57:48] > 
[07:57:48] > cat("DEBUG: BIOMOD_FormatingData done at", format(Sys.time(), "%H:%M:%S"), "\n")
[07:57:48] DEBUG: BIOMOD_FormatingData done at 07:57:48 
[07:57:48] > end.time <- Sys.time()
[07:57:48] > time.formating <- end.time - start.time
[07:57:48] > 
[07:57:48] > start.time <- Sys.time()
[07:57:48] > # 2. Defining Models Options (bigboss preset)
[07:57:48] > opt.b <- bm_ModelingOptions(
[07:57:48] +   data.type = "binary",
[07:57:48] +   models = selModels,
[07:57:48] +   strategy = "bigboss", # statistic method, parametri definiti dal team di biomod2, strategia già definita, parametri ottimali, ps: non sono quelli di default, sono quelli ottimali
[07:57:48] +   bm.format = myBiomodData
[07:57:48] + )
[07:57:48] 
[07:57:48] -=-=-=-=-=-=-=-=-=-=-=-=-=-= Build Modeling Options -=-=-=-=-=-=-=-=-=-=-=-=-=-=
[07:57:48] 
[07:57:48] 	>  GLM options ( datatype: binary , package: stats , function: glm )...
[07:57:48] 	>  GBM options ( datatype: binary , package: gbm , function: gbm )...
[07:57:48] 	>  ANN options ( datatype: binary , package: nnet , function: nnet )...
[07:57:48] 	>  FDA options ( datatype: binary , package: mda , function: fda )...
[07:57:48] 	>  MAXNET options ( datatype: binary , package: maxnet , function: maxnet )...
[07:57:48] 
[07:57:48] -=-=-=-=-=-=-=-=-=-=-=-=-=-=-=-=-=-= Done -=-=-=-=-=-=-=-=-=-=-=-=-=-=-=-=-=-=
[07:57:48] > 
[07:57:48] > # 3. Computing the models
[07:57:48] > myBiomodModelOut <- BIOMOD_Modeling(
[07:57:48] +   myBiomodData,
[07:57:48] +   models = selModels,
[07:57:48] +   CV.strategy = "random",
[07:57:48] +   CV.nb.rep = 5, # number of repetitions for cross validation, in order to validate the performance of the single model/algorithm
[07:57:48] +   CV.perc = 0.7, # valuta sul 70% dei dati e anche per calibrarsi (training) e testa querllo che ha imparato sul 30% dei dati, e va a fare un cross validation per vedere quanto è stato performante il modello rispetto al testing
[07:57:48] +   OPT.strategy = "bigboss",
[07:57:48] +   metric.eval = c("TSS", "AUCroc", "KAPPA", "POD", "FAR"),
[07:57:48] +   scale.models = FALSE, # default, chiede se tutte le proiezioni debbano essere scalate in binomiale (TODO check if we can delete this param, as it is default false)
[07:57:48] +   CV.do.full.models = FALSE, # default a false, chiede se venga fatta calibrazione e valutazione anche sulle pseudo-assenze
[07:57:48] +   nb.cpu = n_cpu,
[07:57:48] +   do.progress = T
[07:57:48] + )
[07:57:48] 
[07:57:48] -=-=-=-=-=-=-=-=-=-=-=-=-=-=-= Build Single Models -=-=-=-=-=-=-=-=-=-=-=-=-=-=-=
[07:57:48] 
[07:57:48] 
[07:57:48] Checking Models arguments...
[07:57:48] 
[07:57:48] 	> Automatic weights creation to rise a 0.5 prevalence
[07:57:48] Creating suitable Workdir...
[07:57:51] 
[07:57:51] 
[07:57:51] Checking Cross-Validation arguments...
[07:57:51] 
[07:57:51]    > Random cross-validation selection
[07:57:51] 
[07:57:51] -=-=-=-=-=-=-=-=-=-=-=-=-=-= Build Modeling Options -=-=-=-=-=-=-=-=-=-=-=-=-=-=
[07:57:51] 
[07:57:51] 	>  GLM options ( datatype: binary , package: stats , function: glm )...
[07:57:51] 	>  GBM options ( datatype: binary , package: gbm , function: gbm )...
[07:57:51] 	>  ANN options ( datatype: binary , package: nnet , function: nnet )...
[07:57:51] 	>  FDA options ( datatype: binary , package: mda , function: fda )...
[07:57:51] 	>  MAXNET options ( datatype: binary , package: maxnet , function: maxnet )...
[07:57:51] 
[07:57:51] -=-=-=-=-=-=-=-=-=-=-=-=-=-=-=-=-=-= Done -=-=-=-=-=-=-=-=-=-=-=-=-=-=-=-=-=-=
[07:57:51] 
[07:57:51] 
[07:57:51] 
[07:57:51] -=-=-=-=-=-=-=-=-=-=-= Alchemilla.fissa Modeling Summary -=-=-=-=-=-=-=-=-=-=-=
[07:57:51] 
[07:57:51] > 5 environmental variables ( PC1_clim PC2_clim tri PC1_soil PC2_soil )
[07:57:51] 
[07:57:51] > Number of PA datasets : 10
[07:57:51] 
[07:57:51] > Number of calibration/validation splits : 5
[07:57:51] 
[07:57:51] > Algorithms selected : GLM GBM ANN FDA MAXNET
[07:57:51]  50 models for each algorithm
[07:57:51] 
[07:57:51] Total number of model runs: 250 
[07:57:51] 
[07:57:51] -=-=-=-=-=-=-=-=-=-=-=-=-=-=-=-=-=-=-=-=-=-=-=-=-=-=-=-=-=-=-=-=-=-=-=-=-=-=-=-=
[07:57:53] Warning: executing %dopar% sequentially: no parallel backend registered
[07:57:53] 
[07:57:53] 
[07:57:53] -=-=-=--=-=-=- Alchemilla.fissa_PA1_RUN1_GLM 
[07:57:53] Warning: glm.fit: fitted probabilities numerically 0 or 1 occurred
[07:57:53] 
[07:57:54] 	Evaluating Model stuff...
[07:57:54] 
[07:57:54] -=-=-=--=-=-=- Alchemilla.fissa_PA1_RUN1_GBM 
[07:57:54] CV: 1 
[07:57:58] CV: 2 
[07:58:02] CV: 3 
[07:58:14] 
[07:58:15] 	Evaluating Model stuff...
[07:58:15] 
[07:58:15] -=-=-=--=-=-=- Alchemilla.fissa_PA1_RUN1_ANN 
[07:58:15] 
[07:58:16] 	Model scaling...
[07:58:17] 	Evaluating Model stuff...
[07:58:17] 
[07:58:17] -=-=-=--=-=-=- Alchemilla.fissa_PA1_RUN1_FDA 
[07:58:17] 
[07:58:17] 	Model scaling...
[07:58:18] 	Evaluating Model stuff...
[07:58:18] 
[07:58:18] -=-=-=--=-=-=- Alchemilla.fissa_PA1_RUN1_MAXNET 
[07:58:29] 
[07:58:30] 	Evaluating Model stuff...
[07:58:30] 
[07:58:30] -=-=-=--=-=-=- Alchemilla.fissa_PA1_RUN2_GLM 
[07:58:30] Warning: glm.fit: fitted probabilities numerically 0 or 1 occurred
[07:58:30] 
[07:58:31] 	Evaluating Model stuff...
[07:58:31] 
[07:58:31] -=-=-=--=-=-=- Alchemilla.fissa_PA1_RUN2_GBM 
[07:58:31] CV: 1 
[07:58:35] CV: 2 
[07:58:39] CV: 3 
[07:58:51] 
[07:58:52] 	Evaluating Model stuff...
[07:58:52] 
[07:58:52] -=-=-=--=-=-=- Alchemilla.fissa_PA1_RUN2_ANN 
[07:58:52] 
[07:58:52] 	Model scaling...
[07:58:53] 	Evaluating Model stuff...
[07:58:53] 
[07:58:53] -=-=-=--=-=-=- Alchemilla.fissa_PA1_RUN2_FDA 
[07:58:53] 
[07:58:53] 	Model scaling...
[07:58:54] 	Evaluating Model stuff...
[07:58:54] 
[07:58:54] -=-=-=--=-=-=- Alchemilla.fissa_PA1_RUN2_MAXNET 
[07:59:05] 
[07:59:06] 	Evaluating Model stuff...Warning in max(calcStat, na.rm = TRUE) :
[07:59:06]   no non-missing arguments to max; returning -Inf
[07:59:06] 
[07:59:06] 
[07:59:06] -=-=-=--=-=-=- Alchemilla.fissa_PA1_RUN3_GLM 
[07:59:06] Warning: glm.fit: fitted probabilities numerically 0 or 1 occurred
[07:59:06] 
[07:59:07] 	Evaluating Model stuff...
[07:59:07] 
[07:59:07] -=-=-=--=-=-=- Alchemilla.fissa_PA1_RUN3_GBM 
[07:59:07] CV: 1 
[07:59:11] CV: 2 
[07:59:16] CV: 3 
[07:59:27] 
[07:59:28] 	Evaluating Model stuff...
[07:59:28] 
[07:59:28] -=-=-=--=-=-=- Alchemilla.fissa_PA1_RUN3_ANN 
[07:59:29] 
[07:59:29] 	Model scaling...
[07:59:30] 	Evaluating Model stuff...
[07:59:30] 
[07:59:30] -=-=-=--=-=-=- Alchemilla.fissa_PA1_RUN3_FDA 
[07:59:30] 
[07:59:30] 	Model scaling...
[07:59:31] 	Evaluating Model stuff...
[07:59:31] 
[07:59:31] -=-=-=--=-=-=- Alchemilla.fissa_PA1_RUN3_MAXNET 
[07:59:42] 
[07:59:42] 	Evaluating Model stuff...Warning in max(calcStat, na.rm = TRUE) :
[07:59:42]   no non-missing arguments to max; returning -Inf
[07:59:42] 
[07:59:42] 
[07:59:42] -=-=-=--=-=-=- Alchemilla.fissa_PA1_RUN4_GLM 
[07:59:42] Warning: glm.fit: fitted probabilities numerically 0 or 1 occurred
[07:59:42] 
[07:59:43] 	Evaluating Model stuff...
[07:59:43] 
[07:59:43] -=-=-=--=-=-=- Alchemilla.fissa_PA1_RUN4_GBM 
[07:59:43] CV: 1 
[07:59:48] CV: 2 
[07:59:52] CV: 3 
[08:00:04] 
[08:00:05] 	Evaluating Model stuff...
[08:00:05] 
[08:00:05] -=-=-=--=-=-=- Alchemilla.fissa_PA1_RUN4_ANN 
[08:00:05] 
[08:00:05] 	Model scaling...
[08:00:06] 	Evaluating Model stuff...
[08:00:06] 
[08:00:06] -=-=-=--=-=-=- Alchemilla.fissa_PA1_RUN4_FDA 
[08:00:06] 
[08:00:06] 	Model scaling...
[08:00:07] 	Evaluating Model stuff...
[08:00:07] 
[08:00:07] -=-=-=--=-=-=- Alchemilla.fissa_PA1_RUN4_MAXNET 
[08:00:18] 
[08:00:19] 	Evaluating Model stuff...
[08:00:19] 
[08:00:19] -=-=-=--=-=-=- Alchemilla.fissa_PA1_RUN5_GLM 
[08:00:19] Warning: glm.fit: fitted probabilities numerically 0 or 1 occurred
[08:00:19] 
[08:00:20] 	Evaluating Model stuff...
[08:00:20] 
[08:00:20] -=-=-=--=-=-=- Alchemilla.fissa_PA1_RUN5_GBM 
[08:00:20] CV: 1 
[08:00:24] CV: 2 
[08:00:29] CV: 3 
[08:00:41] 
[08:00:42] 	Evaluating Model stuff...
[08:00:42] 
[08:00:42] -=-=-=--=-=-=- Alchemilla.fissa_PA1_RUN5_ANN 
[08:00:42] 
[08:00:42] 	Model scaling...
[08:00:43] 	Evaluating Model stuff...
[08:00:43] 
[08:00:43] -=-=-=--=-=-=- Alchemilla.fissa_PA1_RUN5_FDA 
[08:00:43] 
[08:00:43] 	Model scaling...
[08:00:44] 	Evaluating Model stuff...
[08:00:44] 
[08:00:44] -=-=-=--=-=-=- Alchemilla.fissa_PA1_RUN5_MAXNET 
[08:00:55] 
[08:00:56] 	Evaluating Model stuff...
[08:00:56] 
[08:00:56] -=-=-=--=-=-=- Alchemilla.fissa_PA2_RUN1_GLM 
[08:00:56] Warning: glm.fit: fitted probabilities numerically 0 or 1 occurred
[08:00:56] 
[08:00:57] 	Evaluating Model stuff...
[08:00:57] 
[08:00:57] -=-=-=--=-=-=- Alchemilla.fissa_PA2_RUN1_GBM 
[08:00:57] CV: 1 
[08:01:01] CV: 2 
[08:01:06] CV: 3 
[08:01:17] 
[08:01:18] 	Evaluating Model stuff...
[08:01:18] 
[08:01:18] -=-=-=--=-=-=- Alchemilla.fissa_PA2_RUN1_ANN 
[08:01:19] 
[08:01:19] 	Model scaling...
[08:01:20] 	Evaluating Model stuff...
[08:01:20] 
[08:01:20] -=-=-=--=-=-=- Alchemilla.fissa_PA2_RUN1_FDA 
[08:01:20] 
[08:01:20] 	Model scaling...
[08:01:21] 	Evaluating Model stuff...
[08:01:21] 
[08:01:21] -=-=-=--=-=-=- Alchemilla.fissa_PA2_RUN1_MAXNET 
[08:01:31] 
[08:01:32] 	Evaluating Model stuff...
[08:01:32] 
[08:01:32] -=-=-=--=-=-=- Alchemilla.fissa_PA2_RUN2_GLM 
[08:01:32] Warning: glm.fit: fitted probabilities numerically 0 or 1 occurred
[08:01:32] 
[08:01:33] 	Evaluating Model stuff...
[08:01:33] 
[08:01:33] -=-=-=--=-=-=- Alchemilla.fissa_PA2_RUN2_GBM 
[08:01:33] CV: 1 
[08:01:37] CV: 2 
[08:01:42] CV: 3 
[08:01:54] 
[08:01:54] 	Evaluating Model stuff...
[08:01:54] 
[08:01:54] -=-=-=--=-=-=- Alchemilla.fissa_PA2_RUN2_ANN 
[08:01:55] 
[08:01:55] 	Model scaling...
[08:01:56] 	Evaluating Model stuff...
[08:01:56] 
[08:01:56] -=-=-=--=-=-=- Alchemilla.fissa_PA2_RUN2_FDA 
[08:01:56] 
[08:01:56] 	Model scaling...
[08:01:57] 	Evaluating Model stuff...
[08:01:57] 
[08:01:57] -=-=-=--=-=-=- Alchemilla.fissa_PA2_RUN2_MAXNET 
[08:02:08] 
[08:02:08] 	Evaluating Model stuff...
[08:02:08] 
[08:02:08] -=-=-=--=-=-=- Alchemilla.fissa_PA2_RUN3_GLM 
[08:02:08] Warning: glm.fit: fitted probabilities numerically 0 or 1 occurred
[08:02:08] 
[08:02:09] 	Evaluating Model stuff...
[08:02:09] 
[08:02:09] -=-=-=--=-=-=- Alchemilla.fissa_PA2_RUN3_GBM 
[08:02:09] CV: 1 
[08:02:14] CV: 2 
[08:02:18] CV: 3 
[08:02:30] 
[08:02:31] 	Evaluating Model stuff...Warning in max(calcStat, na.rm = TRUE) :
[08:02:31]   no non-missing arguments to max; returning -Inf
[08:02:31] 
[08:02:31] 
[08:02:31] -=-=-=--=-=-=- Alchemilla.fissa_PA2_RUN3_ANN 
[08:02:31] 
[08:02:31] 	Model scaling...
[08:02:32] 	Evaluating Model stuff...
[08:02:32] 
[08:02:32] -=-=-=--=-=-=- Alchemilla.fissa_PA2_RUN3_FDA 
[08:02:32] 
[08:02:32] 	Model scaling...
[08:02:33] 	Evaluating Model stuff...
[08:02:33] 
[08:02:33] -=-=-=--=-=-=- Alchemilla.fissa_PA2_RUN3_MAXNET 
[08:02:44] 
[08:02:45] 	Evaluating Model stuff...Warning in max(calcStat, na.rm = TRUE) :
[08:02:45]   no non-missing arguments to max; returning -Inf
[08:02:45] 
[08:02:45] 
[08:02:45] -=-=-=--=-=-=- Alchemilla.fissa_PA2_RUN4_GLM 
[08:02:45] Warning: glm.fit: fitted probabilities numerically 0 or 1 occurred
[08:02:45] 
[08:02:46] 	Evaluating Model stuff...
[08:02:46] 
[08:02:46] -=-=-=--=-=-=- Alchemilla.fissa_PA2_RUN4_GBM 
[08:02:46] CV: 1 
[08:02:50] CV: 2 
[08:02:55] CV: 3 
[08:03:07] 
[08:03:07] 	Evaluating Model stuff...
[08:03:07] 
[08:03:07] -=-=-=--=-=-=- Alchemilla.fissa_PA2_RUN4_ANN 
[08:03:08] 
[08:03:08] 	Model scaling...
[08:03:09] 	Evaluating Model stuff...
[08:03:09] 
[08:03:09] -=-=-=--=-=-=- Alchemilla.fissa_PA2_RUN4_FDA 
[08:03:09] 
[08:03:09] 	Model scaling...
[08:03:10] 	Evaluating Model stuff...
[08:03:10] 
[08:03:10] -=-=-=--=-=-=- Alchemilla.fissa_PA2_RUN4_MAXNET 
[08:03:21] 
[08:03:21] 	Evaluating Model stuff...
[08:03:21] 
[08:03:21] -=-=-=--=-=-=- Alchemilla.fissa_PA2_RUN5_GLM 
[08:03:21] Warning: glm.fit: fitted probabilities numerically 0 or 1 occurred
[08:03:21] 
[08:03:22] 	Evaluating Model stuff...
[08:03:22] 
[08:03:22] -=-=-=--=-=-=- Alchemilla.fissa_PA2_RUN5_GBM 
[08:03:22] CV: 1 
[08:03:27] CV: 2 
[08:03:31] CV: 3 
[08:03:43] 
[08:03:44] 	Evaluating Model stuff...
[08:03:44] 
[08:03:44] -=-=-=--=-=-=- Alchemilla.fissa_PA2_RUN5_ANN 
[08:03:44] 
[08:03:44] 	Model scaling...
[08:03:45] 	Evaluating Model stuff...
[08:03:45] 
[08:03:45] -=-=-=--=-=-=- Alchemilla.fissa_PA2_RUN5_FDA 
[08:03:45] 
[08:03:45] 	Model scaling...
[08:03:46] 	Evaluating Model stuff...
[08:03:46] 
[08:03:46] -=-=-=--=-=-=- Alchemilla.fissa_PA2_RUN5_MAXNET 
[08:03:57] 
[08:03:58] 	Evaluating Model stuff...
[08:03:58] 
[08:03:58] -=-=-=--=-=-=- Alchemilla.fissa_PA3_RUN1_GLM 
[08:03:58] Warning: glm.fit: fitted probabilities numerically 0 or 1 occurred
[08:03:58] 
[08:03:59] 	Evaluating Model stuff...
[08:03:59] 
[08:03:59] -=-=-=--=-=-=- Alchemilla.fissa_PA3_RUN1_GBM 
[08:03:59] CV: 1 
[08:04:03] CV: 2 
[08:04:08] CV: 3 
[08:04:19] 
[08:04:20] 	Evaluating Model stuff...
[08:04:20] 
[08:04:20] -=-=-=--=-=-=- Alchemilla.fissa_PA3_RUN1_ANN 
[08:04:21] 
[08:04:21] 	Model scaling...
[08:04:22] 	Evaluating Model stuff...
[08:04:22] 
[08:04:22] -=-=-=--=-=-=- Alchemilla.fissa_PA3_RUN1_FDA 
[08:04:22] 
[08:04:22] 	Model scaling...
[08:04:23] 	Evaluating Model stuff...
[08:04:23] 
[08:04:23] -=-=-=--=-=-=- Alchemilla.fissa_PA3_RUN1_MAXNET 
[08:04:34] 
[08:04:34] 	Evaluating Model stuff...Warning in max(calcStat, na.rm = TRUE) :
[08:04:34]   no non-missing arguments to max; returning -Inf
[08:04:34] 
[08:04:34] 
[08:04:34] -=-=-=--=-=-=- Alchemilla.fissa_PA3_RUN2_GLM 
[08:04:34] Warning: glm.fit: fitted probabilities numerically 0 or 1 occurred
[08:04:34] 
[08:04:35] 	Evaluating Model stuff...
[08:04:35] 
[08:04:35] -=-=-=--=-=-=- Alchemilla.fissa_PA3_RUN2_GBM 
[08:04:35] CV: 1 
[08:04:40] CV: 2 
[08:04:44] CV: 3 
[08:04:56] 
[08:04:57] 	Evaluating Model stuff...
[08:04:57] 
[08:04:57] -=-=-=--=-=-=- Alchemilla.fissa_PA3_RUN2_ANN 
[08:04:57] 
[08:04:57] 	Model scaling...
[08:04:58] 	Evaluating Model stuff...
[08:04:58] 
[08:04:58] -=-=-=--=-=-=- Alchemilla.fissa_PA3_RUN2_FDA 
[08:04:58] 
[08:04:58] 	Model scaling...
[08:04:59] 	Evaluating Model stuff...
[08:04:59] 
[08:04:59] -=-=-=--=-=-=- Alchemilla.fissa_PA3_RUN2_MAXNET 
[08:05:10] 
[08:05:11] 	Evaluating Model stuff...
[08:05:11] 
[08:05:11] -=-=-=--=-=-=- Alchemilla.fissa_PA3_RUN3_GLM 
[08:05:11] Warning: glm.fit: fitted probabilities numerically 0 or 1 occurred
[08:05:11] 
[08:05:12] 	Evaluating Model stuff...
[08:05:12] 
[08:05:12] -=-=-=--=-=-=- Alchemilla.fissa_PA3_RUN3_GBM 
[08:05:12] CV: 1 
[08:05:16] CV: 2 
[08:05:21] CV: 3 
[08:05:33] 
[08:05:33] 	Evaluating Model stuff...Warning in max(calcStat, na.rm = TRUE) :
[08:05:33]   no non-missing arguments to max; returning -Inf
[08:05:33] 
[08:05:33] 
[08:05:33] -=-=-=--=-=-=- Alchemilla.fissa_PA3_RUN3_ANN 
[08:05:34] 
[08:05:34] 	Model scaling...
[08:05:35] 	Evaluating Model stuff...
[08:05:35] 
[08:05:35] -=-=-=--=-=-=- Alchemilla.fissa_PA3_RUN3_FDA 
[08:05:35] 
[08:05:35] 	Model scaling...
[08:05:36] 	Evaluating Model stuff...
[08:05:36] 
[08:05:36] -=-=-=--=-=-=- Alchemilla.fissa_PA3_RUN3_MAXNET 
[08:05:46] 
[08:05:47] 	Evaluating Model stuff...Warning in max(calcStat, na.rm = TRUE) :
[08:05:47]   no non-missing arguments to max; returning -Inf
[08:05:47] 
[08:05:47] 
[08:05:47] -=-=-=--=-=-=- Alchemilla.fissa_PA3_RUN4_GLM 
[08:05:47] Warning: glm.fit: fitted probabilities numerically 0 or 1 occurred
[08:05:47] 
[08:05:48] 	Evaluating Model stuff...
[08:05:48] 
[08:05:48] -=-=-=--=-=-=- Alchemilla.fissa_PA3_RUN4_GBM 
[08:05:48] CV: 1 
[08:05:53] CV: 2 
[08:05:57] CV: 3 
[08:06:09] 
[08:06:10] 	Evaluating Model stuff...
[08:06:10] 
[08:06:10] -=-=-=--=-=-=- Alchemilla.fissa_PA3_RUN4_ANN 
[08:06:10] 
[08:06:10] 	Model scaling...
[08:06:11] 	Evaluating Model stuff...
[08:06:11] 
[08:06:11] -=-=-=--=-=-=- Alchemilla.fissa_PA3_RUN4_FDA 
[08:06:11] 
[08:06:11] 	Model scaling...
[08:06:12] 	Evaluating Model stuff...
[08:06:12] 
[08:06:12] -=-=-=--=-=-=- Alchemilla.fissa_PA3_RUN4_MAXNET 
[08:06:23] 
[08:06:24] 	Evaluating Model stuff...
[08:06:24] 
[08:06:24] -=-=-=--=-=-=- Alchemilla.fissa_PA3_RUN5_GLM 
[08:06:24] Warning: glm.fit: fitted probabilities numerically 0 or 1 occurred
[08:06:24] 
[08:06:25] 	Evaluating Model stuff...
[08:06:25] 
[08:06:25] -=-=-=--=-=-=- Alchemilla.fissa_PA3_RUN5_GBM 
[08:06:25] CV: 1 
[08:06:29] CV: 2 
[08:06:34] CV: 3 
[08:06:45] 
[08:06:46] 	Evaluating Model stuff...
[08:06:46] 
[08:06:46] -=-=-=--=-=-=- Alchemilla.fissa_PA3_RUN5_ANN 
[08:06:47] 
[08:06:47] 	Model scaling...
[08:06:48] 	Evaluating Model stuff...
[08:06:48] 
[08:06:48] -=-=-=--=-=-=- Alchemilla.fissa_PA3_RUN5_FDA 
[08:06:48] 
[08:06:48] 	Model scaling...
[08:06:49] 	Evaluating Model stuff...
[08:06:49] 
[08:06:49] -=-=-=--=-=-=- Alchemilla.fissa_PA3_RUN5_MAXNET 
[08:07:00] 
[08:07:00] 	Evaluating Model stuff...
[08:07:00] 
[08:07:00] -=-=-=--=-=-=- Alchemilla.fissa_PA4_RUN1_GLM 
[08:07:00] Warning: glm.fit: fitted probabilities numerically 0 or 1 occurred
[08:07:00] 
[08:07:01] 	Evaluating Model stuff...
[08:07:01] 
[08:07:01] -=-=-=--=-=-=- Alchemilla.fissa_PA4_RUN1_GBM 
[08:07:01] CV: 1 
[08:07:06] CV: 2 
[08:07:10] CV: 3 
[08:07:22] 
[08:07:23] 	Evaluating Model stuff...
[08:07:23] 
[08:07:23] -=-=-=--=-=-=- Alchemilla.fissa_PA4_RUN1_ANN 
[08:07:23] 
[08:07:23] 	Model scaling...
[08:07:24] 	Evaluating Model stuff...
[08:07:24] 
[08:07:24] -=-=-=--=-=-=- Alchemilla.fissa_PA4_RUN1_FDA 
[08:07:24] 
[08:07:24] 	Model scaling...
[08:07:25] 	Evaluating Model stuff...
[08:07:25] 
[08:07:25] -=-=-=--=-=-=- Alchemilla.fissa_PA4_RUN1_MAXNET 
[08:07:36] 
[08:07:37] 	Evaluating Model stuff...
[08:07:37] 
[08:07:37] -=-=-=--=-=-=- Alchemilla.fissa_PA4_RUN2_GLM 
[08:07:37] Warning: glm.fit: fitted probabilities numerically 0 or 1 occurred
[08:07:37] 
[08:07:38] 	Evaluating Model stuff...
[08:07:38] 
[08:07:38] -=-=-=--=-=-=- Alchemilla.fissa_PA4_RUN2_GBM 
[08:07:38] CV: 1 
[08:07:42] CV: 2 
[08:07:47] CV: 3 
[08:07:59] 
[08:08:00] 	Evaluating Model stuff...
[08:08:00] 
[08:08:00] -=-=-=--=-=-=- Alchemilla.fissa_PA4_RUN2_ANN 
[08:08:00] 
[08:08:00] 	Model scaling...
[08:08:01] 	Evaluating Model stuff...
[08:08:01] 
[08:08:01] -=-=-=--=-=-=- Alchemilla.fissa_PA4_RUN2_FDA 
[08:08:01] 
[08:08:01] 	Model scaling...
[08:08:02] 	Evaluating Model stuff...
[08:08:02] 
[08:08:02] -=-=-=--=-=-=- Alchemilla.fissa_PA4_RUN2_MAXNET 
[08:08:12] 
[08:08:13] 	Evaluating Model stuff...
[08:08:13] 
[08:08:13] -=-=-=--=-=-=- Alchemilla.fissa_PA4_RUN3_GLM 
[08:08:13] Warning: glm.fit: fitted probabilities numerically 0 or 1 occurred
[08:08:13] 
[08:08:14] 	Evaluating Model stuff...
[08:08:14] 
[08:08:14] -=-=-=--=-=-=- Alchemilla.fissa_PA4_RUN3_GBM 
[08:08:14] CV: 1 
[08:08:19] CV: 2 
[08:08:23] CV: 3 
[08:08:35] 
[08:08:36] 	Evaluating Model stuff...Warning in max(calcStat, na.rm = TRUE) :
[08:08:36]   no non-missing arguments to max; returning -Inf
[08:08:36] 
[08:08:36] 
[08:08:36] -=-=-=--=-=-=- Alchemilla.fissa_PA4_RUN3_ANN 
[08:08:36] 
[08:08:36] 	Model scaling...
[08:08:37] 	Evaluating Model stuff...
[08:08:37] 
[08:08:37] -=-=-=--=-=-=- Alchemilla.fissa_PA4_RUN3_FDA 
[08:08:37] 
[08:08:37] 	Model scaling...
[08:08:38] 	Evaluating Model stuff...
[08:08:38] 
[08:08:38] -=-=-=--=-=-=- Alchemilla.fissa_PA4_RUN3_MAXNET 
[08:08:49] 
[08:08:50] 	Evaluating Model stuff...Warning in max(calcStat, na.rm = TRUE) :
[08:08:50]   no non-missing arguments to max; returning -Inf
[08:08:50] 
[08:08:50] 
[08:08:50] -=-=-=--=-=-=- Alchemilla.fissa_PA4_RUN4_GLM 
[08:08:50] Warning: glm.fit: fitted probabilities numerically 0 or 1 occurred
[08:08:50] 
[08:08:51] 	Evaluating Model stuff...
[08:08:51] 
[08:08:51] -=-=-=--=-=-=- Alchemilla.fissa_PA4_RUN4_GBM 
[08:08:51] CV: 1 
[08:08:55] CV: 2 
[08:09:00] CV: 3 
[08:09:12] 
[08:09:12] 	Evaluating Model stuff...Warning in max(calcStat, na.rm = TRUE) :
[08:09:12]   no non-missing arguments to max; returning -Inf
[08:09:12] 
[08:09:12] 
[08:09:12] -=-=-=--=-=-=- Alchemilla.fissa_PA4_RUN4_ANN 
[08:09:13] 
[08:09:13] 	Model scaling...
[08:09:14] 	Evaluating Model stuff...
[08:09:14] 
[08:09:14] -=-=-=--=-=-=- Alchemilla.fissa_PA4_RUN4_FDA 
[08:09:14] 
[08:09:14] 	Model scaling...
[08:09:15] 	Evaluating Model stuff...
[08:09:15] 
[08:09:15] -=-=-=--=-=-=- Alchemilla.fissa_PA4_RUN4_MAXNET 
[08:09:26] 
[08:09:26] 	Evaluating Model stuff...
[08:09:26] 
[08:09:26] -=-=-=--=-=-=- Alchemilla.fissa_PA4_RUN5_GLM 
[08:09:26] Warning: glm.fit: fitted probabilities numerically 0 or 1 occurred
[08:09:26] 
[08:09:27] 	Evaluating Model stuff...
[08:09:27] 
[08:09:27] -=-=-=--=-=-=- Alchemilla.fissa_PA4_RUN5_GBM 
[08:09:27] CV: 1 
[08:09:32] CV: 2 
[08:09:36] CV: 3 
[08:09:48] 
[08:09:49] 	Evaluating Model stuff...
[08:09:49] 
[08:09:49] -=-=-=--=-=-=- Alchemilla.fissa_PA4_RUN5_ANN 
[08:09:49] 
[08:09:49] 	Model scaling...
[08:09:50] 	Evaluating Model stuff...
[08:09:50] 
[08:09:50] -=-=-=--=-=-=- Alchemilla.fissa_PA4_RUN5_FDA 
[08:09:50] 
[08:09:50] 	Model scaling...
[08:09:51] 	Evaluating Model stuff...
[08:09:51] 
[08:09:51] -=-=-=--=-=-=- Alchemilla.fissa_PA4_RUN5_MAXNET 
[08:10:02] 
[08:10:03] 	Evaluating Model stuff...
[08:10:03] 
[08:10:03] -=-=-=--=-=-=- Alchemilla.fissa_PA5_RUN1_GLM 
[08:10:03] Warning: glm.fit: fitted probabilities numerically 0 or 1 occurred
[08:10:03] 
[08:10:04] 	Evaluating Model stuff...
[08:10:04] 
[08:10:04] -=-=-=--=-=-=- Alchemilla.fissa_PA5_RUN1_GBM 
[08:10:04] CV: 1 
[08:10:08] CV: 2 
[08:10:13] CV: 3 
[08:10:24] 
[08:10:25] 	Evaluating Model stuff...
[08:10:25] 
[08:10:25] -=-=-=--=-=-=- Alchemilla.fissa_PA5_RUN1_ANN 
[08:10:26] 
[08:10:26] 	Model scaling...
[08:10:27] 	Evaluating Model stuff...
[08:10:27] 
[08:10:27] -=-=-=--=-=-=- Alchemilla.fissa_PA5_RUN1_FDA 
[08:10:27] 
[08:10:27] 	Model scaling...
[08:10:28] 	Evaluating Model stuff...
[08:10:28] 
[08:10:28] -=-=-=--=-=-=- Alchemilla.fissa_PA5_RUN1_MAXNET 
[08:10:39] 
[08:10:39] 	Evaluating Model stuff...
[08:10:39] 
[08:10:39] -=-=-=--=-=-=- Alchemilla.fissa_PA5_RUN2_GLM 
[08:10:39] Warning: glm.fit: fitted probabilities numerically 0 or 1 occurred
[08:10:39] 
[08:10:40] 	Evaluating Model stuff...
[08:10:40] 
[08:10:40] -=-=-=--=-=-=- Alchemilla.fissa_PA5_RUN2_GBM 
[08:10:40] CV: 1 
[08:10:45] CV: 2 
[08:10:49] CV: 3 
[08:11:01] 
[08:11:02] 	Evaluating Model stuff...
[08:11:02] 
[08:11:02] -=-=-=--=-=-=- Alchemilla.fissa_PA5_RUN2_ANN 
[08:11:02] 
[08:11:02] 	Model scaling...
[08:11:03] 	Evaluating Model stuff...
[08:11:03] 
[08:11:03] -=-=-=--=-=-=- Alchemilla.fissa_PA5_RUN2_FDA 
[08:11:03] 
[08:11:03] 	Model scaling...
[08:11:04] 	Evaluating Model stuff...
[08:11:04] 
[08:11:04] -=-=-=--=-=-=- Alchemilla.fissa_PA5_RUN2_MAXNET 
[08:11:15] 
[08:11:16] 	Evaluating Model stuff...Warning in max(calcStat, na.rm = TRUE) :
[08:11:16]   no non-missing arguments to max; returning -Inf
[08:11:16] 
[08:11:16] 
[08:11:16] -=-=-=--=-=-=- Alchemilla.fissa_PA5_RUN3_GLM 
[08:11:16] Warning: glm.fit: fitted probabilities numerically 0 or 1 occurred
[08:11:16] 
[08:11:17] 	Evaluating Model stuff...Warning in max(calcStat, na.rm = TRUE) :
[08:11:17]   no non-missing arguments to max; returning -Inf
[08:11:17] 
[08:11:17] 
[08:11:17] -=-=-=--=-=-=- Alchemilla.fissa_PA5_RUN3_GBM 
[08:11:17] CV: 1 
[08:11:21] CV: 2 
[08:11:26] CV: 3 
[08:11:38] 
[08:11:38] 	Evaluating Model stuff...
[08:11:38] 
[08:11:38] -=-=-=--=-=-=- Alchemilla.fissa_PA5_RUN3_ANN 
[08:11:39] 
[08:11:39] 	Model scaling...
[08:11:40] 	Evaluating Model stuff...
[08:11:40] 
[08:11:40] -=-=-=--=-=-=- Alchemilla.fissa_PA5_RUN3_FDA 
[08:11:40] 
[08:11:40] 	Model scaling...
[08:11:41] 	Evaluating Model stuff...
[08:11:41] 
[08:11:41] -=-=-=--=-=-=- Alchemilla.fissa_PA5_RUN3_MAXNET 
[08:11:52] 
[08:11:52] 	Evaluating Model stuff...Warning in max(calcStat, na.rm = TRUE) :
[08:11:52]   no non-missing arguments to max; returning -Inf
[08:11:52] 
[08:11:52] 
[08:11:52] -=-=-=--=-=-=- Alchemilla.fissa_PA5_RUN4_GLM 
[08:11:52] Warning: glm.fit: fitted probabilities numerically 0 or 1 occurred
[08:11:53] 
[08:11:53] 	Evaluating Model stuff...
[08:11:53] 
[08:11:53] -=-=-=--=-=-=- Alchemilla.fissa_PA5_RUN4_GBM 
[08:11:53] CV: 1 
[08:11:58] CV: 2 
[08:12:02] CV: 3 
[08:12:14] 
[08:12:15] 	Evaluating Model stuff...Warning in max(calcStat, na.rm = TRUE) :
[08:12:15]   no non-missing arguments to max; returning -Inf
[08:12:15] 
[08:12:15] 
[08:12:15] -=-=-=--=-=-=- Alchemilla.fissa_PA5_RUN4_ANN 
[08:12:15] 
[08:12:15] 	Model scaling...
[08:12:16] 	Evaluating Model stuff...
[08:12:16] 
[08:12:16] -=-=-=--=-=-=- Alchemilla.fissa_PA5_RUN4_FDA 
[08:12:16] 
[08:12:16] 	Model scaling...
[08:12:17] 	Evaluating Model stuff...
[08:12:17] 
[08:12:17] -=-=-=--=-=-=- Alchemilla.fissa_PA5_RUN4_MAXNET 
[08:12:28] 
[08:12:29] 	Evaluating Model stuff...
[08:12:29] 
[08:12:29] -=-=-=--=-=-=- Alchemilla.fissa_PA5_RUN5_GLM 
[08:12:29] Warning: glm.fit: fitted probabilities numerically 0 or 1 occurred
[08:12:29] 
[08:12:30] 	Evaluating Model stuff...
[08:12:30] 
[08:12:30] -=-=-=--=-=-=- Alchemilla.fissa_PA5_RUN5_GBM 
[08:12:30] CV: 1 
[08:12:34] CV: 2 
[08:12:39] CV: 3 
[08:12:50] 
[08:12:51] 	Evaluating Model stuff...
[08:12:51] 
[08:12:51] -=-=-=--=-=-=- Alchemilla.fissa_PA5_RUN5_ANN 
[08:12:51] 
[08:12:52] 	Model scaling...
[08:12:53] 	Evaluating Model stuff...
[08:12:53] 
[08:12:53] -=-=-=--=-=-=- Alchemilla.fissa_PA5_RUN5_FDA 
[08:12:53] 
[08:12:53] 	Model scaling...
[08:12:54] 	Evaluating Model stuff...
[08:12:54] 
[08:12:54] -=-=-=--=-=-=- Alchemilla.fissa_PA5_RUN5_MAXNET 
[08:13:04] 
[08:13:05] 	Evaluating Model stuff...
[08:13:05] 
[08:13:05] -=-=-=--=-=-=- Alchemilla.fissa_PA6_RUN1_GLM 
[08:13:05] Warning: glm.fit: fitted probabilities numerically 0 or 1 occurred
[08:13:05] 
[08:13:06] 	Evaluating Model stuff...Warning in max(calcStat, na.rm = TRUE) :
[08:13:06]   no non-missing arguments to max; returning -Inf
[08:13:06] 
[08:13:06] 
[08:13:06] -=-=-=--=-=-=- Alchemilla.fissa_PA6_RUN1_GBM 
[08:13:06] CV: 1 
[08:13:11] CV: 2 
[08:13:15] CV: 3 
[08:13:27] 
[08:13:28] 	Evaluating Model stuff...
[08:13:28] 
[08:13:28] -=-=-=--=-=-=- Alchemilla.fissa_PA6_RUN1_ANN 
[08:13:28] 
[08:13:28] 	Model scaling...
[08:13:29] 	Evaluating Model stuff...
[08:13:29] 
[08:13:29] -=-=-=--=-=-=- Alchemilla.fissa_PA6_RUN1_FDA 
[08:13:29] 
[08:13:29] 	Model scaling...
[08:13:30] 	Evaluating Model stuff...
[08:13:30] 
[08:13:30] -=-=-=--=-=-=- Alchemilla.fissa_PA6_RUN1_MAXNET 
[08:13:41] 
[08:13:42] 	Evaluating Model stuff...Warning in max(calcStat, na.rm = TRUE) :
[08:13:42]   no non-missing arguments to max; returning -Inf
[08:13:42] 
[08:13:42] 
[08:13:42] -=-=-=--=-=-=- Alchemilla.fissa_PA6_RUN2_GLM 
[08:13:42] Warning: glm.fit: fitted probabilities numerically 0 or 1 occurred
[08:13:42] 
[08:13:43] 	Evaluating Model stuff...
[08:13:43] 
[08:13:43] -=-=-=--=-=-=- Alchemilla.fissa_PA6_RUN2_GBM 
[08:13:43] CV: 1 
[08:13:47] CV: 2 
[08:13:51] CV: 3 
[08:14:03] 
[08:14:04] 	Evaluating Model stuff...
[08:14:04] 
[08:14:04] -=-=-=--=-=-=- Alchemilla.fissa_PA6_RUN2_ANN 
[08:14:04] 
[08:14:04] 	Model scaling...
[08:14:05] 	Evaluating Model stuff...
[08:14:05] 
[08:14:05] -=-=-=--=-=-=- Alchemilla.fissa_PA6_RUN2_FDA 
[08:14:05] 
[08:14:05] 	Model scaling...
[08:14:06] 	Evaluating Model stuff...
[08:14:06] 
[08:14:06] -=-=-=--=-=-=- Alchemilla.fissa_PA6_RUN2_MAXNET 
[08:14:18] 
[08:14:18] 	Evaluating Model stuff...
[08:14:18] 
[08:14:18] -=-=-=--=-=-=- Alchemilla.fissa_PA6_RUN3_GLM 
[08:14:18] Warning: glm.fit: fitted probabilities numerically 0 or 1 occurred
[08:14:18] 
[08:14:19] 	Evaluating Model stuff...
[08:14:19] 
[08:14:19] -=-=-=--=-=-=- Alchemilla.fissa_PA6_RUN3_GBM 
[08:14:19] CV: 1 
[08:14:24] CV: 2 
[08:14:28] CV: 3 
[08:14:40] 
[08:14:41] 	Evaluating Model stuff...
[08:14:41] 
[08:14:41] -=-=-=--=-=-=- Alchemilla.fissa_PA6_RUN3_ANN 
[08:14:41] 
[08:14:41] 	Model scaling...
[08:14:42] 	Evaluating Model stuff...
[08:14:42] 
[08:14:42] -=-=-=--=-=-=- Alchemilla.fissa_PA6_RUN3_FDA 
[08:14:42] 
[08:14:42] 	Model scaling...
[08:14:43] 	Evaluating Model stuff...
[08:14:43] 
[08:14:43] -=-=-=--=-=-=- Alchemilla.fissa_PA6_RUN3_MAXNET 
[08:14:54] 
[08:14:54] 	Evaluating Model stuff...
[08:14:54] 
[08:14:54] -=-=-=--=-=-=- Alchemilla.fissa_PA6_RUN4_GLM 
[08:14:54] Warning: glm.fit: fitted probabilities numerically 0 or 1 occurred
[08:14:54] 
[08:14:55] 	Evaluating Model stuff...
[08:14:55] 
[08:14:55] -=-=-=--=-=-=- Alchemilla.fissa_PA6_RUN4_GBM 
[08:14:55] CV: 1 
[08:15:00] CV: 2 
[08:15:04] CV: 3 
[08:15:16] 
[08:15:17] 	Evaluating Model stuff...
[08:15:17] 
[08:15:17] -=-=-=--=-=-=- Alchemilla.fissa_PA6_RUN4_ANN 
[08:15:17] 
[08:15:17] 	Model scaling...
[08:15:18] 	Evaluating Model stuff...
[08:15:18] 
[08:15:18] -=-=-=--=-=-=- Alchemilla.fissa_PA6_RUN4_FDA 
[08:15:18] 
[08:15:18] 	Model scaling...
[08:15:19] 	Evaluating Model stuff...
[08:15:19] 
[08:15:19] -=-=-=--=-=-=- Alchemilla.fissa_PA6_RUN4_MAXNET 
[08:15:30] 
[08:15:31] 	Evaluating Model stuff...
[08:15:31] 
[08:15:31] -=-=-=--=-=-=- Alchemilla.fissa_PA6_RUN5_GLM 
[08:15:31] Warning: glm.fit: fitted probabilities numerically 0 or 1 occurred
[08:15:31] 
[08:15:32] 	Evaluating Model stuff...
[08:15:32] 
[08:15:32] -=-=-=--=-=-=- Alchemilla.fissa_PA6_RUN5_GBM 
[08:15:32] CV: 1 
[08:15:36] CV: 2 
[08:15:41] CV: 3 
[08:15:52] 
[08:15:53] 	Evaluating Model stuff...
[08:15:53] 
[08:15:53] -=-=-=--=-=-=- Alchemilla.fissa_PA6_RUN5_ANN 
[08:15:53] 
[08:15:53] 	Model scaling...
[08:15:54] 	Evaluating Model stuff...
[08:15:54] 
[08:15:54] -=-=-=--=-=-=- Alchemilla.fissa_PA6_RUN5_FDA 
[08:15:55] 
[08:15:55] 	Model scaling...
[08:15:56] 	Evaluating Model stuff...
[08:15:56] 
[08:15:56] -=-=-=--=-=-=- Alchemilla.fissa_PA6_RUN5_MAXNET 
[08:16:06] 
[08:16:07] 	Evaluating Model stuff...
[08:16:07] 
[08:16:07] -=-=-=--=-=-=- Alchemilla.fissa_PA7_RUN1_GLM 
[08:16:07] Warning: glm.fit: fitted probabilities numerically 0 or 1 occurred
[08:16:07] 
[08:16:08] 	Evaluating Model stuff...
[08:16:08] 
[08:16:08] -=-=-=--=-=-=- Alchemilla.fissa_PA7_RUN1_GBM 
[08:16:08] CV: 1 
[08:16:13] CV: 2 
[08:16:17] CV: 3 
[08:16:29] 
[08:16:30] 	Evaluating Model stuff...
[08:16:30] 
[08:16:30] -=-=-=--=-=-=- Alchemilla.fissa_PA7_RUN1_ANN 
[08:16:30] 
[08:16:30] 	Model scaling...
[08:16:31] 	Evaluating Model stuff...
[08:16:31] 
[08:16:31] -=-=-=--=-=-=- Alchemilla.fissa_PA7_RUN1_FDA 
[08:16:31] 
[08:16:31] 	Model scaling...
[08:16:32] 	Evaluating Model stuff...
[08:16:32] 
[08:16:32] -=-=-=--=-=-=- Alchemilla.fissa_PA7_RUN1_MAXNET 
[08:16:43] 
[08:16:44] 	Evaluating Model stuff...
[08:16:44] 
[08:16:44] -=-=-=--=-=-=- Alchemilla.fissa_PA7_RUN2_GLM 
[08:16:44] Warning: glm.fit: fitted probabilities numerically 0 or 1 occurred
[08:16:44] 
[08:16:45] 	Evaluating Model stuff...
[08:16:45] 
[08:16:45] -=-=-=--=-=-=- Alchemilla.fissa_PA7_RUN2_GBM 
[08:16:45] CV: 1 
[08:16:49] CV: 2 
[08:16:53] CV: 3 
[08:17:05] 
[08:17:06] 	Evaluating Model stuff...
[08:17:06] 
[08:17:06] -=-=-=--=-=-=- Alchemilla.fissa_PA7_RUN2_ANN 
[08:17:06] 
[08:17:06] 	Model scaling...
[08:17:07] 	Evaluating Model stuff...
[08:17:07] 
[08:17:07] -=-=-=--=-=-=- Alchemilla.fissa_PA7_RUN2_FDA 
[08:17:08] 
[08:17:08] 	Model scaling...
[08:17:09] 	Evaluating Model stuff...
[08:17:09] 
[08:17:09] -=-=-=--=-=-=- Alchemilla.fissa_PA7_RUN2_MAXNET 
[08:17:20] 
[08:17:20] 	Evaluating Model stuff...
[08:17:20] 
[08:17:20] -=-=-=--=-=-=- Alchemilla.fissa_PA7_RUN3_GLM 
[08:17:20] Warning: glm.fit: fitted probabilities numerically 0 or 1 occurred
[08:17:20] 
[08:17:21] 	Evaluating Model stuff...
[08:17:21] 
[08:17:21] -=-=-=--=-=-=- Alchemilla.fissa_PA7_RUN3_GBM 
[08:17:21] CV: 1 
[08:17:26] CV: 2 
[08:17:30] CV: 3 
[08:17:42] 
[08:17:43] 	Evaluating Model stuff...
[08:17:43] 
[08:17:43] -=-=-=--=-=-=- Alchemilla.fissa_PA7_RUN3_ANN 
[08:17:43] 
[08:17:43] 	Model scaling...
[08:17:44] 	Evaluating Model stuff...
[08:17:44] 
[08:17:44] -=-=-=--=-=-=- Alchemilla.fissa_PA7_RUN3_FDA 
[08:17:44] 
[08:17:44] 	Model scaling...
[08:17:45] 	Evaluating Model stuff...
[08:17:45] 
[08:17:45] -=-=-=--=-=-=- Alchemilla.fissa_PA7_RUN3_MAXNET 
[08:17:56] 
[08:17:57] 	Evaluating Model stuff...
[08:17:57] 
[08:17:57] -=-=-=--=-=-=- Alchemilla.fissa_PA7_RUN4_GLM 
[08:17:57] Warning: glm.fit: fitted probabilities numerically 0 or 1 occurred
[08:17:57] 
[08:17:58] 	Evaluating Model stuff...
[08:17:58] 
[08:17:58] -=-=-=--=-=-=- Alchemilla.fissa_PA7_RUN4_GBM 
[08:17:58] CV: 1 
[08:18:02] CV: 2 
[08:18:07] CV: 3 
[08:18:18] 
[08:18:19] 	Evaluating Model stuff...
[08:18:19] 
[08:18:19] -=-=-=--=-=-=- Alchemilla.fissa_PA7_RUN4_ANN 
[08:18:19] 
[08:18:19] 	Model scaling...
[08:18:20] 	Evaluating Model stuff...
[08:18:20] 
[08:18:20] -=-=-=--=-=-=- Alchemilla.fissa_PA7_RUN4_FDA 
[08:18:21] 
[08:18:21] 	Model scaling...
[08:18:22] 	Evaluating Model stuff...
[08:18:22] 
[08:18:22] -=-=-=--=-=-=- Alchemilla.fissa_PA7_RUN4_MAXNET 
[08:18:33] 
[08:18:33] 	Evaluating Model stuff...
[08:18:33] 
[08:18:33] -=-=-=--=-=-=- Alchemilla.fissa_PA7_RUN5_GLM 
[08:18:33] Warning: glm.fit: fitted probabilities numerically 0 or 1 occurred
[08:18:33] 
[08:18:34] 	Evaluating Model stuff...
[08:18:34] 
[08:18:34] -=-=-=--=-=-=- Alchemilla.fissa_PA7_RUN5_GBM 
[08:18:34] CV: 1 
[08:18:39] CV: 2 
[08:18:43] CV: 3 
[08:18:55] 
[08:18:56] 	Evaluating Model stuff...
[08:18:56] 
[08:18:56] -=-=-=--=-=-=- Alchemilla.fissa_PA7_RUN5_ANN 
[08:18:56] 
[08:18:56] 	Model scaling...
[08:18:57] 	Evaluating Model stuff...
[08:18:57] 
[08:18:57] -=-=-=--=-=-=- Alchemilla.fissa_PA7_RUN5_FDA 
[08:18:57] 
[08:18:57] 	Model scaling...
[08:18:58] 	Evaluating Model stuff...
[08:18:58] 
[08:18:58] -=-=-=--=-=-=- Alchemilla.fissa_PA7_RUN5_MAXNET 
[08:19:09] 
[08:19:10] 	Evaluating Model stuff...
[08:19:10] 
[08:19:10] -=-=-=--=-=-=- Alchemilla.fissa_PA8_RUN1_GLM 
[08:19:10] Warning: glm.fit: fitted probabilities numerically 0 or 1 occurred
[08:19:10] 
[08:19:10] 	Evaluating Model stuff...Warning in max(calcStat, na.rm = TRUE) :
[08:19:10]   no non-missing arguments to max; returning -Inf
[08:19:11] 
[08:19:11] 
[08:19:11] -=-=-=--=-=-=- Alchemilla.fissa_PA8_RUN1_GBM 
[08:19:11] CV: 1 
[08:19:15] CV: 2 
[08:19:20] CV: 3 
[08:19:31] 
[08:19:32] 	Evaluating Model stuff...
[08:19:32] 
[08:19:32] -=-=-=--=-=-=- Alchemilla.fissa_PA8_RUN1_ANN 
[08:19:33] 
[08:19:33] 	Model scaling...
[08:19:34] 	Evaluating Model stuff...
[08:19:34] 
[08:19:34] -=-=-=--=-=-=- Alchemilla.fissa_PA8_RUN1_FDA 
[08:19:34] 
[08:19:34] 	Model scaling...
[08:19:35] 	Evaluating Model stuff...
[08:19:35] 
[08:19:35] -=-=-=--=-=-=- Alchemilla.fissa_PA8_RUN1_MAXNET 
[08:19:46] 
[08:19:46] 	Evaluating Model stuff...
[08:19:46] 
[08:19:46] -=-=-=--=-=-=- Alchemilla.fissa_PA8_RUN2_GLM 
[08:19:46] Warning: glm.fit: fitted probabilities numerically 0 or 1 occurred
[08:19:46] 
[08:19:47] 	Evaluating Model stuff...
[08:19:47] 
[08:19:47] -=-=-=--=-=-=- Alchemilla.fissa_PA8_RUN2_GBM 
[08:19:47] CV: 1 
[08:19:52] CV: 2 
[08:19:56] CV: 3 
[08:20:08] 
[08:20:09] 	Evaluating Model stuff...
[08:20:09] 
[08:20:09] -=-=-=--=-=-=- Alchemilla.fissa_PA8_RUN2_ANN 
[08:20:09] 
[08:20:09] 	Model scaling...
[08:20:10] 	Evaluating Model stuff...
[08:20:10] 
[08:20:10] -=-=-=--=-=-=- Alchemilla.fissa_PA8_RUN2_FDA 
[08:20:10] 
[08:20:10] 	Model scaling...
[08:20:11] 	Evaluating Model stuff...
[08:20:11] 
[08:20:11] -=-=-=--=-=-=- Alchemilla.fissa_PA8_RUN2_MAXNET 
[08:20:22] 
[08:20:23] 	Evaluating Model stuff...
[08:20:23] 
[08:20:23] -=-=-=--=-=-=- Alchemilla.fissa_PA8_RUN3_GLM 
[08:20:23] Warning: glm.fit: fitted probabilities numerically 0 or 1 occurred
[08:20:23] 
[08:20:24] 	Evaluating Model stuff...
[08:20:24] 
[08:20:24] -=-=-=--=-=-=- Alchemilla.fissa_PA8_RUN3_GBM 
[08:20:24] CV: 1 
[08:20:28] CV: 2 
[08:20:33] CV: 3 
[08:20:45] 
[08:20:46] 	Evaluating Model stuff...
[08:20:46] 
[08:20:46] -=-=-=--=-=-=- Alchemilla.fissa_PA8_RUN3_ANN 
[08:20:46] 
[08:20:46] 	Model scaling...
[08:20:47] 	Evaluating Model stuff...
[08:20:47] 
[08:20:47] -=-=-=--=-=-=- Alchemilla.fissa_PA8_RUN3_FDA 
[08:20:47] 
[08:20:47] 	Model scaling...
[08:20:48] 	Evaluating Model stuff...
[08:20:48] 
[08:20:48] -=-=-=--=-=-=- Alchemilla.fissa_PA8_RUN3_MAXNET 
[08:20:59] 
[08:21:00] 	Evaluating Model stuff...
[08:21:00] 
[08:21:00] -=-=-=--=-=-=- Alchemilla.fissa_PA8_RUN4_GLM 
[08:21:00] Warning: glm.fit: fitted probabilities numerically 0 or 1 occurred
[08:21:00] 
[08:21:01] 	Evaluating Model stuff...
[08:21:01] 
[08:21:01] -=-=-=--=-=-=- Alchemilla.fissa_PA8_RUN4_GBM 
[08:21:01] CV: 1 
[08:21:05] CV: 2 
[08:21:10] CV: 3 
[08:21:21] 
[08:21:22] 	Evaluating Model stuff...
[08:21:22] 
[08:21:22] -=-=-=--=-=-=- Alchemilla.fissa_PA8_RUN4_ANN 
[08:21:23] 
[08:21:23] 	Model scaling...
[08:21:24] 	Evaluating Model stuff...
[08:21:24] 
[08:21:24] -=-=-=--=-=-=- Alchemilla.fissa_PA8_RUN4_FDA 
[08:21:24] 
[08:21:24] 	Model scaling...
[08:21:25] 	Evaluating Model stuff...
[08:21:25] 
[08:21:25] -=-=-=--=-=-=- Alchemilla.fissa_PA8_RUN4_MAXNET 
[08:21:35] 
[08:21:36] 	Evaluating Model stuff...Warning in max(calcStat, na.rm = TRUE) :
[08:21:36]   no non-missing arguments to max; returning -Inf
[08:21:36] 
[08:21:36] 
[08:21:36] -=-=-=--=-=-=- Alchemilla.fissa_PA8_RUN5_GLM 
[08:21:36] Warning: glm.fit: fitted probabilities numerically 0 or 1 occurred
[08:21:36] 
[08:21:37] 	Evaluating Model stuff...
[08:21:37] 
[08:21:37] -=-=-=--=-=-=- Alchemilla.fissa_PA8_RUN5_GBM 
[08:21:37] CV: 1 
[08:21:41] CV: 2 
[08:21:46] CV: 3 
[08:21:58] 
[08:21:59] 	Evaluating Model stuff...
[08:21:59] 
[08:21:59] -=-=-=--=-=-=- Alchemilla.fissa_PA8_RUN5_ANN 
[08:21:59] 
[08:21:59] 	Model scaling...
[08:22:00] 	Evaluating Model stuff...
[08:22:00] 
[08:22:00] -=-=-=--=-=-=- Alchemilla.fissa_PA8_RUN5_FDA 
[08:22:00] 
[08:22:00] 	Model scaling...
[08:22:01] 	Evaluating Model stuff...
[08:22:01] 
[08:22:01] -=-=-=--=-=-=- Alchemilla.fissa_PA8_RUN5_MAXNET 
[08:22:12] 
[08:22:13] 	Evaluating Model stuff...
[08:22:13] 
[08:22:13] -=-=-=--=-=-=- Alchemilla.fissa_PA9_RUN1_GLM 
[08:22:13] Warning: glm.fit: fitted probabilities numerically 0 or 1 occurred
[08:22:13] 
[08:22:14] 	Evaluating Model stuff...
[08:22:14] 
[08:22:14] -=-=-=--=-=-=- Alchemilla.fissa_PA9_RUN1_GBM 
[08:22:14] CV: 1 
[08:22:18] CV: 2 
[08:22:22] CV: 3 
[08:22:34] 
[08:22:35] 	Evaluating Model stuff...
[08:22:35] 
[08:22:35] -=-=-=--=-=-=- Alchemilla.fissa_PA9_RUN1_ANN 
[08:22:35] 
[08:22:35] 	Model scaling...
[08:22:36] 	Evaluating Model stuff...
[08:22:36] 
[08:22:36] -=-=-=--=-=-=- Alchemilla.fissa_PA9_RUN1_FDA 
[08:22:36] 
[08:22:36] 	Model scaling...
[08:22:37] 	Evaluating Model stuff...
[08:22:37] 
[08:22:37] -=-=-=--=-=-=- Alchemilla.fissa_PA9_RUN1_MAXNET 
[08:22:48] 
[08:22:49] 	Evaluating Model stuff...
[08:22:49] 
[08:22:49] -=-=-=--=-=-=- Alchemilla.fissa_PA9_RUN2_GLM 
[08:22:49] Warning: glm.fit: fitted probabilities numerically 0 or 1 occurred
[08:22:49] 
[08:22:50] 	Evaluating Model stuff...
[08:22:50] 
[08:22:50] -=-=-=--=-=-=- Alchemilla.fissa_PA9_RUN2_GBM 
[08:22:50] CV: 1 
[08:22:54] CV: 2 
[08:22:59] CV: 3 
[08:23:11] 
[08:23:11] 	Evaluating Model stuff...
[08:23:11] 
[08:23:11] -=-=-=--=-=-=- Alchemilla.fissa_PA9_RUN2_ANN 
[08:23:12] 
[08:23:12] 	Model scaling...
[08:23:13] 	Evaluating Model stuff...
[08:23:13] 
[08:23:13] -=-=-=--=-=-=- Alchemilla.fissa_PA9_RUN2_FDA 
[08:23:13] 
[08:23:13] 	Model scaling...
[08:23:14] 	Evaluating Model stuff...
[08:23:14] 
[08:23:14] -=-=-=--=-=-=- Alchemilla.fissa_PA9_RUN2_MAXNET 
[08:23:24] 
[08:23:25] 	Evaluating Model stuff...
[08:23:25] 
[08:23:25] -=-=-=--=-=-=- Alchemilla.fissa_PA9_RUN3_GLM 
[08:23:25] Warning: glm.fit: fitted probabilities numerically 0 or 1 occurred
[08:23:25] 
[08:23:26] 	Evaluating Model stuff...
[08:23:26] 
[08:23:26] -=-=-=--=-=-=- Alchemilla.fissa_PA9_RUN3_GBM 
[08:23:26] CV: 1 
[08:23:31] CV: 2 
[08:23:35] CV: 3 
[08:23:47] 
[08:23:48] 	Evaluating Model stuff...
[08:23:48] 
[08:23:48] -=-=-=--=-=-=- Alchemilla.fissa_PA9_RUN3_ANN 
[08:23:48] 
[08:23:48] 	Model scaling...
[08:23:49] 	Evaluating Model stuff...
[08:23:49] 
[08:23:49] -=-=-=--=-=-=- Alchemilla.fissa_PA9_RUN3_FDA 
[08:23:49] 
[08:23:49] 	Model scaling...
[08:23:50] 	Evaluating Model stuff...
[08:23:50] 
[08:23:50] -=-=-=--=-=-=- Alchemilla.fissa_PA9_RUN3_MAXNET 
[08:24:01] 
[08:24:02] 	Evaluating Model stuff...
[08:24:02] 
[08:24:02] -=-=-=--=-=-=- Alchemilla.fissa_PA9_RUN4_GLM 
[08:24:02] Warning: glm.fit: fitted probabilities numerically 0 or 1 occurred
[08:24:02] 
[08:24:03] 	Evaluating Model stuff...
[08:24:03] 
[08:24:03] -=-=-=--=-=-=- Alchemilla.fissa_PA9_RUN4_GBM 
[08:24:03] CV: 1 
[08:24:07] CV: 2 
[08:24:11] CV: 3 
[08:24:23] 
[08:24:24] 	Evaluating Model stuff...
[08:24:24] 
[08:24:24] -=-=-=--=-=-=- Alchemilla.fissa_PA9_RUN4_ANN 
[08:24:24] 
[08:24:24] 	Model scaling...
[08:24:25] 	Evaluating Model stuff...
[08:24:25] 
[08:24:25] -=-=-=--=-=-=- Alchemilla.fissa_PA9_RUN4_FDA 
[08:24:25] 
[08:24:26] 	Model scaling...
[08:24:27] 	Evaluating Model stuff...
[08:24:27] 
[08:24:27] -=-=-=--=-=-=- Alchemilla.fissa_PA9_RUN4_MAXNET 
[08:24:37] 
[08:24:38] 	Evaluating Model stuff...
[08:24:38] 
[08:24:38] -=-=-=--=-=-=- Alchemilla.fissa_PA9_RUN5_GLM 
[08:24:38] Warning: glm.fit: fitted probabilities numerically 0 or 1 occurred
[08:24:38] 
[08:24:39] 	Evaluating Model stuff...
[08:24:39] 
[08:24:39] -=-=-=--=-=-=- Alchemilla.fissa_PA9_RUN5_GBM 
[08:24:39] CV: 1 
[08:24:43] CV: 2 
[08:24:48] CV: 3 
[08:25:00] 
[08:25:01] 	Evaluating Model stuff...
[08:25:01] 
[08:25:01] -=-=-=--=-=-=- Alchemilla.fissa_PA9_RUN5_ANN 
[08:25:01] 
[08:25:01] 	Model scaling...
[08:25:02] 	Evaluating Model stuff...
[08:25:02] 
[08:25:02] -=-=-=--=-=-=- Alchemilla.fissa_PA9_RUN5_FDA 
[08:25:02] 
[08:25:02] 	Model scaling...
[08:25:03] 	Evaluating Model stuff...
[08:25:03] 
[08:25:03] -=-=-=--=-=-=- Alchemilla.fissa_PA9_RUN5_MAXNET 
[08:25:14] 
[08:25:15] 	Evaluating Model stuff...
[08:25:15] 
[08:25:15] -=-=-=--=-=-=- Alchemilla.fissa_PA10_RUN1_GLM 
[08:25:15] Warning: glm.fit: fitted probabilities numerically 0 or 1 occurred
[08:25:15] 
[08:25:16] 	Evaluating Model stuff...
[08:25:16] 
[08:25:16] -=-=-=--=-=-=- Alchemilla.fissa_PA10_RUN1_GBM 
[08:25:16] CV: 1 
[08:25:20] CV: 2 
[08:25:25] CV: 3 
[08:25:36] 
[08:25:37] 	Evaluating Model stuff...
[08:25:37] 
[08:25:37] -=-=-=--=-=-=- Alchemilla.fissa_PA10_RUN1_ANN 
[08:25:38] 
[08:25:38] 	Model scaling...
[08:25:39] 	Evaluating Model stuff...
[08:25:39] 
[08:25:39] -=-=-=--=-=-=- Alchemilla.fissa_PA10_RUN1_FDA 
[08:25:39] 
[08:25:39] 	Model scaling...
[08:25:40] 	Evaluating Model stuff...
[08:25:40] 
[08:25:40] -=-=-=--=-=-=- Alchemilla.fissa_PA10_RUN1_MAXNET 
[08:25:50] 
[08:25:51] 	Evaluating Model stuff...Warning in max(calcStat, na.rm = TRUE) :
[08:25:51]   no non-missing arguments to max; returning -Inf
[08:25:51] 
[08:25:51] 
[08:25:51] -=-=-=--=-=-=- Alchemilla.fissa_PA10_RUN2_GLM 
[08:25:51] Warning: glm.fit: fitted probabilities numerically 0 or 1 occurred
[08:25:51] 
[08:25:52] 	Evaluating Model stuff...
[08:25:52] 
[08:25:52] -=-=-=--=-=-=- Alchemilla.fissa_PA10_RUN2_GBM 
[08:25:52] CV: 1 
[08:25:57] CV: 2 
[08:26:01] CV: 3 
[08:26:13] 
[08:26:14] 	Evaluating Model stuff...
[08:26:14] 
[08:26:14] -=-=-=--=-=-=- Alchemilla.fissa_PA10_RUN2_ANN 
[08:26:14] 
[08:26:14] 	Model scaling...
[08:26:15] 	Evaluating Model stuff...
[08:26:15] 
[08:26:15] -=-=-=--=-=-=- Alchemilla.fissa_PA10_RUN2_FDA 
[08:26:15] 
[08:26:15] 	Model scaling...
[08:26:16] 	Evaluating Model stuff...
[08:26:16] 
[08:26:16] -=-=-=--=-=-=- Alchemilla.fissa_PA10_RUN2_MAXNET 
[08:26:27] 
[08:26:28] 	Evaluating Model stuff...
[08:26:28] 
[08:26:28] -=-=-=--=-=-=- Alchemilla.fissa_PA10_RUN3_GLM 
[08:26:28] Warning: glm.fit: fitted probabilities numerically 0 or 1 occurred
[08:26:28] 
[08:26:28] 	Evaluating Model stuff...Warning in max(calcStat, na.rm = TRUE) :
[08:26:28]   no non-missing arguments to max; returning -Inf
[08:26:29] 
[08:26:29] 
[08:26:29] -=-=-=--=-=-=- Alchemilla.fissa_PA10_RUN3_GBM 
[08:26:29] CV: 1 
[08:26:33] CV: 2 
[08:26:37] CV: 3 
[08:26:49] 
[08:26:50] 	Evaluating Model stuff...
[08:26:50] 
[08:26:50] -=-=-=--=-=-=- Alchemilla.fissa_PA10_RUN3_ANN 
[08:26:50] 
[08:26:50] 	Model scaling...
[08:26:51] 	Evaluating Model stuff...
[08:26:51] 
[08:26:51] -=-=-=--=-=-=- Alchemilla.fissa_PA10_RUN3_FDA 
[08:26:51] 
[08:26:51] 	Model scaling...
[08:26:53] 	Evaluating Model stuff...
[08:26:53] 
[08:26:53] -=-=-=--=-=-=- Alchemilla.fissa_PA10_RUN3_MAXNET 
[08:27:03] 
[08:27:04] 	Evaluating Model stuff...
[08:27:04] 
[08:27:04] -=-=-=--=-=-=- Alchemilla.fissa_PA10_RUN4_GLM 
[08:27:04] Warning: glm.fit: fitted probabilities numerically 0 or 1 occurred
[08:27:04] 
[08:27:05] 	Evaluating Model stuff...Warning in max(calcStat, na.rm = TRUE) :
[08:27:05]   no non-missing arguments to max; returning -Inf
[08:27:05] 
[08:27:05] 
[08:27:05] -=-=-=--=-=-=- Alchemilla.fissa_PA10_RUN4_GBM 
[08:27:05] CV: 1 
[08:27:09] CV: 2 
[08:27:14] CV: 3 
[08:27:26] 
[08:27:26] 	Evaluating Model stuff...
[08:27:26] 
[08:27:26] -=-=-=--=-=-=- Alchemilla.fissa_PA10_RUN4_ANN 
[08:27:27] 
[08:27:27] 	Model scaling...
[08:27:28] 	Evaluating Model stuff...
[08:27:28] 
[08:27:28] -=-=-=--=-=-=- Alchemilla.fissa_PA10_RUN4_FDA 
[08:27:28] 
[08:27:28] 	Model scaling...
[08:27:29] 	Evaluating Model stuff...
[08:27:29] 
[08:27:29] -=-=-=--=-=-=- Alchemilla.fissa_PA10_RUN4_MAXNET 
[08:27:40] 
[08:27:40] 	Evaluating Model stuff...Warning in max(calcStat, na.rm = TRUE) :
[08:27:40]   no non-missing arguments to max; returning -Inf
[08:27:40] 
[08:27:40] 
[08:27:40] -=-=-=--=-=-=- Alchemilla.fissa_PA10_RUN5_GLM 
[08:27:41] Warning: glm.fit: fitted probabilities numerically 0 or 1 occurred
[08:27:41] 
[08:27:41] 	Evaluating Model stuff...
[08:27:41] 
[08:27:41] -=-=-=--=-=-=- Alchemilla.fissa_PA10_RUN5_GBM 
[08:27:41] CV: 1 
[08:27:46] CV: 2 
[08:27:50] CV: 3 
[08:28:02] 
[08:28:03] 	Evaluating Model stuff...
[08:28:03] 
[08:28:03] -=-=-=--=-=-=- Alchemilla.fissa_PA10_RUN5_ANN 
[08:28:03] 
[08:28:03] 	Model scaling...
[08:28:04] 	Evaluating Model stuff...
[08:28:04] 
[08:28:04] -=-=-=--=-=-=- Alchemilla.fissa_PA10_RUN5_FDA 
[08:28:04] 
[08:28:04] 	Model scaling...
[08:28:05] 	Evaluating Model stuff...
[08:28:05] 
[08:28:05] -=-=-=--=-=-=- Alchemilla.fissa_PA10_RUN5_MAXNET 
[08:28:16] 
[08:28:17] 	Evaluating Model stuff...Warning in max(calcStat, na.rm = TRUE) :
[08:28:17]   no non-missing arguments to max; returning -Inf
[08:28:21] 
[08:28:21] -=-=-=-=-=-=-=-=-=-=-=-=-=-=-=-=-=-= Done -=-=-=-=-=-=-=-=-=-=-=-=-=-=-=-=-=-=
[08:28:21] > end.time <- Sys.time()
[08:28:21] > time.modeling <- end.time - start.time
[08:28:21] > 
[08:28:21] > start.time <- Sys.time()
[08:28:21] > # 4. Model ensemble models
[08:28:21] > myBiomodEM <- BIOMOD_EnsembleModeling(
[08:28:21] +   bm.mod = myBiomodModelOut,
[08:28:21] +   models.chosen = "all",
[08:28:21] +   em.by = "all",
[08:28:21] +   em.algo = c("EMmean", "EMcv"), # c(...) is for multiple options, chose these 2 algorithms because we do not need the median. it does the mean of all models and then does a standard deviation of them (covariance)
[08:28:21] +   metric.select = "AUCroc", # standard, most used, various articles say it's the best
[08:28:21] +   metric.select.thresh = 0.6, # threshold value for exclude the models that are not performing over a certain threshold, in this case 0.6
[08:28:21] +   metric.eval = c("TSS", "AUCroc", "KAPPA"), # 3 most used
[08:28:21] +   nb.cpu = 1 # TODO add cores
[08:28:21] + )
[08:28:21] 
[08:28:21] -=-=-=-=-=-=-=-=-=-=-=-=-=-= Build Ensemble Models -=-=-=-=-=-=-=-=-=-=-=-=-=-=
[08:28:21] 
[08:28:21]    ! all models available will be included in ensemble.modeling
[08:28:21]   ! Ensemble Models will be filtered and/or weighted using validation dataset (if possible). Please use `metric.select.dataset` for alternative options.
[08:28:21]    > Evaluation & Weighting methods summary :
[08:28:21]       AUCroc over 0.6
[08:28:24] 
[08:28:24] 
[08:28:29]   > mergedData_mergedRun_mergedAlgo ensemble modeling
[08:28:33]    ! Additional projection required for ensemble models merging several pseudo-absence dataset...
[08:28:33] -=-=-=-=-=-=-=-=-=-=-=-=-= Do Single Models Projection -=-=-=-=-=-=-=-=-=-=-=-=-=
[08:28:33] 
[08:28:33] 	> Projecting Alchemilla.fissa_PA1_RUN1_GLM ...
[08:28:37] 	> Projecting Alchemilla.fissa_PA1_RUN1_GBM ...
[08:28:37] 	> Projecting Alchemilla.fissa_PA1_RUN1_ANN ...
[08:28:37] 	> Projecting Alchemilla.fissa_PA1_RUN1_FDA ...
[08:28:37] 	> Projecting Alchemilla.fissa_PA1_RUN1_MAXNET ...
[08:28:38] 	> Projecting Alchemilla.fissa_PA1_RUN2_GLM ...
[08:28:41] 	> Projecting Alchemilla.fissa_PA1_RUN2_GBM ...
[08:28:41] 	> Projecting Alchemilla.fissa_PA1_RUN2_ANN ...
[08:28:42] 	> Projecting Alchemilla.fissa_PA1_RUN2_FDA ...
[08:28:42] 	> Projecting Alchemilla.fissa_PA1_RUN2_MAXNET ...
[08:28:42] 	> Projecting Alchemilla.fissa_PA1_RUN3_GLM ...
[08:28:46] 	> Projecting Alchemilla.fissa_PA1_RUN3_GBM ...
[08:28:46] 	> Projecting Alchemilla.fissa_PA1_RUN3_ANN ...
[08:28:46] 	> Projecting Alchemilla.fissa_PA1_RUN3_FDA ...
[08:28:46] 	> Projecting Alchemilla.fissa_PA1_RUN3_MAXNET ...
[08:28:47] 	> Projecting Alchemilla.fissa_PA1_RUN4_GLM ...
[08:28:50] 	> Projecting Alchemilla.fissa_PA1_RUN4_GBM ...
[08:28:50] 	> Projecting Alchemilla.fissa_PA1_RUN4_ANN ...
[08:28:51] 	> Projecting Alchemilla.fissa_PA1_RUN4_FDA ...
[08:28:51] 	> Projecting Alchemilla.fissa_PA1_RUN4_MAXNET ...
[08:28:51] 	> Projecting Alchemilla.fissa_PA1_RUN5_GLM ...
[08:28:55] 	> Projecting Alchemilla.fissa_PA1_RUN5_GBM ...
[08:28:55] 	> Projecting Alchemilla.fissa_PA1_RUN5_ANN ...
[08:28:55] 	> Projecting Alchemilla.fissa_PA1_RUN5_FDA ...
[08:29:11] 	> Projecting Alchemilla.fissa_PA1_RUN5_MAXNET ...
[08:29:11] -=-=-=-=-=-=-=-=-=-=-=-=-=-=-=-=-=-= Done -=-=-=-=-=-=-=-=-=-=-=-=-=-=-=-=-=-=
[08:29:17] 
[08:29:17] -=-=-=-=-=-=-=-=-=-=-=-=-= Do Single Models Projection -=-=-=-=-=-=-=-=-=-=-=-=-=
[08:29:17] 
[08:29:17] 	> Projecting Alchemilla.fissa_PA2_RUN1_GLM ...
[08:29:21] 	> Projecting Alchemilla.fissa_PA2_RUN1_GBM ...
[08:29:21] 	> Projecting Alchemilla.fissa_PA2_RUN1_ANN ...
[08:29:21] 	> Projecting Alchemilla.fissa_PA2_RUN1_FDA ...
[08:29:21] 	> Projecting Alchemilla.fissa_PA2_RUN1_MAXNET ...
[08:29:22] 	> Projecting Alchemilla.fissa_PA2_RUN2_GLM ...
[08:29:25] 	> Projecting Alchemilla.fissa_PA2_RUN2_GBM ...
[08:29:26] 	> Projecting Alchemilla.fissa_PA2_RUN2_ANN ...
[08:29:26] 	> Projecting Alchemilla.fissa_PA2_RUN2_FDA ...
[08:29:26] 	> Projecting Alchemilla.fissa_PA2_RUN2_MAXNET ...
[08:29:26] 	> Projecting Alchemilla.fissa_PA2_RUN3_GLM ...
[08:29:30] 	> Projecting Alchemilla.fissa_PA2_RUN3_GBM ...
[08:29:30] 	> Projecting Alchemilla.fissa_PA2_RUN3_ANN ...
[08:29:31] 	> Projecting Alchemilla.fissa_PA2_RUN3_FDA ...
[08:29:31] 	> Projecting Alchemilla.fissa_PA2_RUN3_MAXNET ...
[08:29:31] 	> Projecting Alchemilla.fissa_PA2_RUN4_GLM ...
[08:29:35] 	> Projecting Alchemilla.fissa_PA2_RUN4_GBM ...
[08:29:35] 	> Projecting Alchemilla.fissa_PA2_RUN4_ANN ...
[08:29:35] 	> Projecting Alchemilla.fissa_PA2_RUN4_FDA ...
[08:29:35] 	> Projecting Alchemilla.fissa_PA2_RUN4_MAXNET ...
[08:29:36] 	> Projecting Alchemilla.fissa_PA2_RUN5_GLM ...
[08:29:39] 	> Projecting Alchemilla.fissa_PA2_RUN5_GBM ...
[08:29:39] 	> Projecting Alchemilla.fissa_PA2_RUN5_ANN ...
[08:29:40] 	> Projecting Alchemilla.fissa_PA2_RUN5_FDA ...
[08:29:56] 	> Projecting Alchemilla.fissa_PA2_RUN5_MAXNET ...
[08:29:56] -=-=-=-=-=-=-=-=-=-=-=-=-=-=-=-=-=-= Done -=-=-=-=-=-=-=-=-=-=-=-=-=-=-=-=-=-=
[08:30:03] 
[08:30:03] -=-=-=-=-=-=-=-=-=-=-=-=-= Do Single Models Projection -=-=-=-=-=-=-=-=-=-=-=-=-=
[08:30:03] 
[08:30:03] 	> Projecting Alchemilla.fissa_PA3_RUN1_GLM ...
[08:30:06] 	> Projecting Alchemilla.fissa_PA3_RUN1_GBM ...
[08:30:07] 	> Projecting Alchemilla.fissa_PA3_RUN1_ANN ...
[08:30:07] 	> Projecting Alchemilla.fissa_PA3_RUN1_FDA ...
[08:30:07] 	> Projecting Alchemilla.fissa_PA3_RUN1_MAXNET ...
[08:30:07] 	> Projecting Alchemilla.fissa_PA3_RUN2_GLM ...
[08:30:11] 	> Projecting Alchemilla.fissa_PA3_RUN2_GBM ...
[08:30:11] 	> Projecting Alchemilla.fissa_PA3_RUN2_ANN ...
[08:30:12] 	> Projecting Alchemilla.fissa_PA3_RUN2_FDA ...
[08:30:12] 	> Projecting Alchemilla.fissa_PA3_RUN2_MAXNET ...
[08:30:12] 	> Projecting Alchemilla.fissa_PA3_RUN3_GLM ...
[08:30:16] 	> Projecting Alchemilla.fissa_PA3_RUN3_GBM ...
[08:30:16] 	> Projecting Alchemilla.fissa_PA3_RUN3_ANN ...
[08:30:16] 	> Projecting Alchemilla.fissa_PA3_RUN3_FDA ...
[08:30:17] 	> Projecting Alchemilla.fissa_PA3_RUN3_MAXNET ...
[08:30:17] 	> Projecting Alchemilla.fissa_PA3_RUN4_GLM ...
[08:30:21] 	> Projecting Alchemilla.fissa_PA3_RUN4_GBM ...
[08:30:21] 	> Projecting Alchemilla.fissa_PA3_RUN4_ANN ...
[08:30:21] 	> Projecting Alchemilla.fissa_PA3_RUN4_FDA ...
[08:30:22] 	> Projecting Alchemilla.fissa_PA3_RUN4_MAXNET ...
[08:30:22] 	> Projecting Alchemilla.fissa_PA3_RUN5_GLM ...
[08:30:26] 	> Projecting Alchemilla.fissa_PA3_RUN5_GBM ...
[08:30:26] 	> Projecting Alchemilla.fissa_PA3_RUN5_ANN ...
[08:30:26] 	> Projecting Alchemilla.fissa_PA3_RUN5_FDA ...
[08:30:43] 	> Projecting Alchemilla.fissa_PA3_RUN5_MAXNET ...
[08:30:43] -=-=-=-=-=-=-=-=-=-=-=-=-=-=-=-=-=-= Done -=-=-=-=-=-=-=-=-=-=-=-=-=-=-=-=-=-=
[08:30:50] 
[08:30:50] -=-=-=-=-=-=-=-=-=-=-=-=-= Do Single Models Projection -=-=-=-=-=-=-=-=-=-=-=-=-=
[08:30:50] 
[08:30:50] 	> Projecting Alchemilla.fissa_PA4_RUN1_GLM ...
[08:30:54] 	> Projecting Alchemilla.fissa_PA4_RUN1_GBM ...
[08:30:54] 	> Projecting Alchemilla.fissa_PA4_RUN1_ANN ...
[08:30:54] 	> Projecting Alchemilla.fissa_PA4_RUN1_FDA ...
[08:30:54] 	> Projecting Alchemilla.fissa_PA4_RUN1_MAXNET ...
[08:30:55] 	> Projecting Alchemilla.fissa_PA4_RUN2_GLM ...
[08:30:59] 	> Projecting Alchemilla.fissa_PA4_RUN2_GBM ...
[08:30:59] 	> Projecting Alchemilla.fissa_PA4_RUN2_ANN ...
[08:31:00] 	> Projecting Alchemilla.fissa_PA4_RUN2_FDA ...
[08:31:00] 	> Projecting Alchemilla.fissa_PA4_RUN2_MAXNET ...
[08:31:00] 	> Projecting Alchemilla.fissa_PA4_RUN3_GLM ...
[08:31:04] 	> Projecting Alchemilla.fissa_PA4_RUN3_GBM ...
[08:31:04] 	> Projecting Alchemilla.fissa_PA4_RUN3_ANN ...
[08:31:04] 	> Projecting Alchemilla.fissa_PA4_RUN3_FDA ...
[08:31:04] 	> Projecting Alchemilla.fissa_PA4_RUN3_MAXNET ...
[08:31:05] 	> Projecting Alchemilla.fissa_PA4_RUN4_GLM ...
[08:31:08] 	> Projecting Alchemilla.fissa_PA4_RUN4_GBM ...
[08:31:09] 	> Projecting Alchemilla.fissa_PA4_RUN4_ANN ...
[08:31:09] 	> Projecting Alchemilla.fissa_PA4_RUN4_FDA ...
[08:31:09] 	> Projecting Alchemilla.fissa_PA4_RUN4_MAXNET ...
[08:31:09] 	> Projecting Alchemilla.fissa_PA4_RUN5_GLM ...
[08:31:13] 	> Projecting Alchemilla.fissa_PA4_RUN5_GBM ...
[08:31:13] 	> Projecting Alchemilla.fissa_PA4_RUN5_ANN ...
[08:31:13] 	> Projecting Alchemilla.fissa_PA4_RUN5_FDA ...
[08:31:30] 	> Projecting Alchemilla.fissa_PA4_RUN5_MAXNET ...
[08:31:30] -=-=-=-=-=-=-=-=-=-=-=-=-=-=-=-=-=-= Done -=-=-=-=-=-=-=-=-=-=-=-=-=-=-=-=-=-=
[08:31:36] 
[08:31:36] -=-=-=-=-=-=-=-=-=-=-=-=-= Do Single Models Projection -=-=-=-=-=-=-=-=-=-=-=-=-=
[08:31:37] 
[08:31:37] 	> Projecting Alchemilla.fissa_PA5_RUN1_GLM ...
[08:31:41] 	> Projecting Alchemilla.fissa_PA5_RUN1_GBM ...
[08:31:41] 	> Projecting Alchemilla.fissa_PA5_RUN1_ANN ...
[08:31:41] 	> Projecting Alchemilla.fissa_PA5_RUN1_FDA ...
[08:31:42] 	> Projecting Alchemilla.fissa_PA5_RUN1_MAXNET ...
[08:31:42] 	> Projecting Alchemilla.fissa_PA5_RUN2_GLM ...
[08:31:45] 	> Projecting Alchemilla.fissa_PA5_RUN2_GBM ...
[08:31:46] 	> Projecting Alchemilla.fissa_PA5_RUN2_ANN ...
[08:31:46] 	> Projecting Alchemilla.fissa_PA5_RUN2_FDA ...
[08:31:46] 	> Projecting Alchemilla.fissa_PA5_RUN2_MAXNET ...
[08:31:47] 	> Projecting Alchemilla.fissa_PA5_RUN3_GLM ...
[08:31:50] 	> Projecting Alchemilla.fissa_PA5_RUN3_GBM ...
[08:31:51] 	> Projecting Alchemilla.fissa_PA5_RUN3_ANN ...
[08:31:51] 	> Projecting Alchemilla.fissa_PA5_RUN3_FDA ...
[08:31:51] 	> Projecting Alchemilla.fissa_PA5_RUN3_MAXNET ...
[08:31:51] 	> Projecting Alchemilla.fissa_PA5_RUN4_GLM ...
[08:31:55] 	> Projecting Alchemilla.fissa_PA5_RUN4_GBM ...
[08:31:55] 	> Projecting Alchemilla.fissa_PA5_RUN4_ANN ...
[08:31:56] 	> Projecting Alchemilla.fissa_PA5_RUN4_FDA ...
[08:31:56] 	> Projecting Alchemilla.fissa_PA5_RUN4_MAXNET ...
[08:31:56] 	> Projecting Alchemilla.fissa_PA5_RUN5_GLM ...
[08:32:00] 	> Projecting Alchemilla.fissa_PA5_RUN5_GBM ...
[08:32:00] 	> Projecting Alchemilla.fissa_PA5_RUN5_ANN ...
[08:32:00] 	> Projecting Alchemilla.fissa_PA5_RUN5_FDA ...
[08:32:18] 	> Projecting Alchemilla.fissa_PA5_RUN5_MAXNET ...
[08:32:18] -=-=-=-=-=-=-=-=-=-=-=-=-=-=-=-=-=-= Done -=-=-=-=-=-=-=-=-=-=-=-=-=-=-=-=-=-=
[08:32:25] 
[08:32:25] -=-=-=-=-=-=-=-=-=-=-=-=-= Do Single Models Projection -=-=-=-=-=-=-=-=-=-=-=-=-=
[08:32:25] 
[08:32:25] 	> Projecting Alchemilla.fissa_PA6_RUN1_GLM ...
[08:32:29] 	> Projecting Alchemilla.fissa_PA6_RUN1_GBM ...
[08:32:29] 	> Projecting Alchemilla.fissa_PA6_RUN1_ANN ...
[08:32:29] 	> Projecting Alchemilla.fissa_PA6_RUN1_FDA ...
[08:32:30] 	> Projecting Alchemilla.fissa_PA6_RUN1_MAXNET ...
[08:32:30] 	> Projecting Alchemilla.fissa_PA6_RUN2_GLM ...
[08:32:34] 	> Projecting Alchemilla.fissa_PA6_RUN2_GBM ...
[08:32:34] 	> Projecting Alchemilla.fissa_PA6_RUN2_ANN ...
[08:32:34] 	> Projecting Alchemilla.fissa_PA6_RUN2_FDA ...
[08:32:35] 	> Projecting Alchemilla.fissa_PA6_RUN2_MAXNET ...
[08:32:35] 	> Projecting Alchemilla.fissa_PA6_RUN3_GLM ...
[08:32:39] 	> Projecting Alchemilla.fissa_PA6_RUN3_GBM ...
[08:32:39] 	> Projecting Alchemilla.fissa_PA6_RUN3_ANN ...
[08:32:39] 	> Projecting Alchemilla.fissa_PA6_RUN3_FDA ...
[08:32:39] 	> Projecting Alchemilla.fissa_PA6_RUN3_MAXNET ...
[08:32:40] 	> Projecting Alchemilla.fissa_PA6_RUN4_GLM ...
[08:32:44] 	> Projecting Alchemilla.fissa_PA6_RUN4_GBM ...
[08:32:44] 	> Projecting Alchemilla.fissa_PA6_RUN4_ANN ...
[08:32:44] 	> Projecting Alchemilla.fissa_PA6_RUN4_FDA ...
[08:32:44] 	> Projecting Alchemilla.fissa_PA6_RUN4_MAXNET ...
[08:32:45] 	> Projecting Alchemilla.fissa_PA6_RUN5_GLM ...
[08:32:48] 	> Projecting Alchemilla.fissa_PA6_RUN5_GBM ...
[08:32:49] 	> Projecting Alchemilla.fissa_PA6_RUN5_ANN ...
[08:32:49] 	> Projecting Alchemilla.fissa_PA6_RUN5_FDA ...
[08:33:06] 	> Projecting Alchemilla.fissa_PA6_RUN5_MAXNET ...
[08:33:06] -=-=-=-=-=-=-=-=-=-=-=-=-=-=-=-=-=-= Done -=-=-=-=-=-=-=-=-=-=-=-=-=-=-=-=-=-=
[08:33:13] 
[08:33:13] -=-=-=-=-=-=-=-=-=-=-=-=-= Do Single Models Projection -=-=-=-=-=-=-=-=-=-=-=-=-=
[08:33:13] 
[08:33:13] 	> Projecting Alchemilla.fissa_PA7_RUN1_GLM ...
[08:33:18] 	> Projecting Alchemilla.fissa_PA7_RUN1_GBM ...
[08:33:18] 	> Projecting Alchemilla.fissa_PA7_RUN1_ANN ...
[08:33:18] 	> Projecting Alchemilla.fissa_PA7_RUN1_FDA ...
[08:33:18] 	> Projecting Alchemilla.fissa_PA7_RUN1_MAXNET ...
[08:33:19] 	> Projecting Alchemilla.fissa_PA7_RUN2_GLM ...
[08:33:22] 	> Projecting Alchemilla.fissa_PA7_RUN2_GBM ...
[08:33:22] 	> Projecting Alchemilla.fissa_PA7_RUN2_ANN ...
[08:33:23] 	> Projecting Alchemilla.fissa_PA7_RUN2_FDA ...
[08:33:23] 	> Projecting Alchemilla.fissa_PA7_RUN2_MAXNET ...
[08:33:23] 	> Projecting Alchemilla.fissa_PA7_RUN3_GLM ...
[08:33:27] 	> Projecting Alchemilla.fissa_PA7_RUN3_GBM ...
[08:33:27] 	> Projecting Alchemilla.fissa_PA7_RUN3_ANN ...
[08:33:27] 	> Projecting Alchemilla.fissa_PA7_RUN3_FDA ...
[08:33:28] 	> Projecting Alchemilla.fissa_PA7_RUN3_MAXNET ...
[08:33:28] 	> Projecting Alchemilla.fissa_PA7_RUN4_GLM ...
[08:33:32] 	> Projecting Alchemilla.fissa_PA7_RUN4_GBM ...
[08:33:32] 	> Projecting Alchemilla.fissa_PA7_RUN4_ANN ...
[08:33:32] 	> Projecting Alchemilla.fissa_PA7_RUN4_FDA ...
[08:33:32] 	> Projecting Alchemilla.fissa_PA7_RUN4_MAXNET ...
[08:33:32] 	> Projecting Alchemilla.fissa_PA7_RUN5_GLM ...
[08:33:36] 	> Projecting Alchemilla.fissa_PA7_RUN5_GBM ...
[08:33:36] 	> Projecting Alchemilla.fissa_PA7_RUN5_ANN ...
[08:33:37] 	> Projecting Alchemilla.fissa_PA7_RUN5_FDA ...
[08:33:54] 	> Projecting Alchemilla.fissa_PA7_RUN5_MAXNET ...
[08:33:54] -=-=-=-=-=-=-=-=-=-=-=-=-=-=-=-=-=-= Done -=-=-=-=-=-=-=-=-=-=-=-=-=-=-=-=-=-=
[08:34:00] 
[08:34:00] -=-=-=-=-=-=-=-=-=-=-=-=-= Do Single Models Projection -=-=-=-=-=-=-=-=-=-=-=-=-=
[08:34:00] 
[08:34:01] 	> Projecting Alchemilla.fissa_PA8_RUN1_GLM ...
[08:34:04] 	> Projecting Alchemilla.fissa_PA8_RUN1_GBM ...
[08:34:05] 	> Projecting Alchemilla.fissa_PA8_RUN1_ANN ...
[08:34:06] 	> Projecting Alchemilla.fissa_PA8_RUN1_FDA ...
[08:34:06] 	> Projecting Alchemilla.fissa_PA8_RUN1_MAXNET ...
[08:34:06] 	> Projecting Alchemilla.fissa_PA8_RUN2_GLM ...
[08:34:10] 	> Projecting Alchemilla.fissa_PA8_RUN2_GBM ...
[08:34:10] 	> Projecting Alchemilla.fissa_PA8_RUN2_ANN ...
[08:34:10] 	> Projecting Alchemilla.fissa_PA8_RUN2_FDA ...
[08:34:11] 	> Projecting Alchemilla.fissa_PA8_RUN2_MAXNET ...
[08:34:11] 	> Projecting Alchemilla.fissa_PA8_RUN3_GLM ...
[08:34:14] 	> Projecting Alchemilla.fissa_PA8_RUN3_GBM ...
[08:34:15] 	> Projecting Alchemilla.fissa_PA8_RUN3_ANN ...
[08:34:15] 	> Projecting Alchemilla.fissa_PA8_RUN3_FDA ...
[08:34:15] 	> Projecting Alchemilla.fissa_PA8_RUN3_MAXNET ...
[08:34:15] 	> Projecting Alchemilla.fissa_PA8_RUN4_GLM ...
[08:34:19] 	> Projecting Alchemilla.fissa_PA8_RUN4_GBM ...
[08:34:19] 	> Projecting Alchemilla.fissa_PA8_RUN4_ANN ...
[08:34:19] 	> Projecting Alchemilla.fissa_PA8_RUN4_FDA ...
[08:34:20] 	> Projecting Alchemilla.fissa_PA8_RUN4_MAXNET ...
[08:34:20] 	> Projecting Alchemilla.fissa_PA8_RUN5_GLM ...
[08:34:24] 	> Projecting Alchemilla.fissa_PA8_RUN5_GBM ...
[08:34:24] 	> Projecting Alchemilla.fissa_PA8_RUN5_ANN ...
[08:34:24] 	> Projecting Alchemilla.fissa_PA8_RUN5_FDA ...
[08:34:39] 	> Projecting Alchemilla.fissa_PA8_RUN5_MAXNET ...
[08:34:39] -=-=-=-=-=-=-=-=-=-=-=-=-=-=-=-=-=-= Done -=-=-=-=-=-=-=-=-=-=-=-=-=-=-=-=-=-=
[08:34:47] 
[08:34:47] -=-=-=-=-=-=-=-=-=-=-=-=-= Do Single Models Projection -=-=-=-=-=-=-=-=-=-=-=-=-=
[08:34:47] 
[08:34:47] 	> Projecting Alchemilla.fissa_PA9_RUN1_GLM ...
[08:34:51] 	> Projecting Alchemilla.fissa_PA9_RUN1_GBM ...
[08:34:51] 	> Projecting Alchemilla.fissa_PA9_RUN1_ANN ...
[08:34:51] 	> Projecting Alchemilla.fissa_PA9_RUN1_FDA ...
[08:34:51] 	> Projecting Alchemilla.fissa_PA9_RUN1_MAXNET ...
[08:34:52] 	> Projecting Alchemilla.fissa_PA9_RUN2_GLM ...
[08:34:55] 	> Projecting Alchemilla.fissa_PA9_RUN2_GBM ...
[08:34:56] 	> Projecting Alchemilla.fissa_PA9_RUN2_ANN ...
[08:34:56] 	> Projecting Alchemilla.fissa_PA9_RUN2_FDA ...
[08:34:56] 	> Projecting Alchemilla.fissa_PA9_RUN2_MAXNET ...
[08:34:56] 	> Projecting Alchemilla.fissa_PA9_RUN3_GLM ...
[08:35:00] 	> Projecting Alchemilla.fissa_PA9_RUN3_GBM ...
[08:35:00] 	> Projecting Alchemilla.fissa_PA9_RUN3_ANN ...
[08:35:00] 	> Projecting Alchemilla.fissa_PA9_RUN3_FDA ...
[08:35:01] 	> Projecting Alchemilla.fissa_PA9_RUN3_MAXNET ...
[08:35:01] 	> Projecting Alchemilla.fissa_PA9_RUN4_GLM ...
[08:35:05] 	> Projecting Alchemilla.fissa_PA9_RUN4_GBM ...
[08:35:05] 	> Projecting Alchemilla.fissa_PA9_RUN4_ANN ...
[08:35:05] 	> Projecting Alchemilla.fissa_PA9_RUN4_FDA ...
[08:35:05] 	> Projecting Alchemilla.fissa_PA9_RUN4_MAXNET ...
[08:35:05] 	> Projecting Alchemilla.fissa_PA9_RUN5_GLM ...
[08:35:09] 	> Projecting Alchemilla.fissa_PA9_RUN5_GBM ...
[08:35:09] 	> Projecting Alchemilla.fissa_PA9_RUN5_ANN ...
[08:35:10] 	> Projecting Alchemilla.fissa_PA9_RUN5_FDA ...
[08:35:25] 	> Projecting Alchemilla.fissa_PA9_RUN5_MAXNET ...
[08:35:25] -=-=-=-=-=-=-=-=-=-=-=-=-=-=-=-=-=-= Done -=-=-=-=-=-=-=-=-=-=-=-=-=-=-=-=-=-=
[08:35:31] 
[08:35:31] -=-=-=-=-=-=-=-=-=-=-=-=-= Do Single Models Projection -=-=-=-=-=-=-=-=-=-=-=-=-=
[08:35:31] 
[08:35:31] 	> Projecting Alchemilla.fissa_PA10_RUN1_GLM ...
[08:35:35] 	> Projecting Alchemilla.fissa_PA10_RUN1_GBM ...
[08:35:35] 	> Projecting Alchemilla.fissa_PA10_RUN1_ANN ...
[08:35:36] 	> Projecting Alchemilla.fissa_PA10_RUN1_FDA ...
[08:35:36] 	> Projecting Alchemilla.fissa_PA10_RUN1_MAXNET ...
[08:35:36] 	> Projecting Alchemilla.fissa_PA10_RUN2_GLM ...
[08:35:40] 	> Projecting Alchemilla.fissa_PA10_RUN2_GBM ...
[08:35:40] 	> Projecting Alchemilla.fissa_PA10_RUN2_ANN ...
[08:35:41] 	> Projecting Alchemilla.fissa_PA10_RUN2_FDA ...
[08:35:41] 	> Projecting Alchemilla.fissa_PA10_RUN2_MAXNET ...
[08:35:41] 	> Projecting Alchemilla.fissa_PA10_RUN3_GLM ...
[08:35:45] 	> Projecting Alchemilla.fissa_PA10_RUN3_GBM ...
[08:35:45] 	> Projecting Alchemilla.fissa_PA10_RUN3_ANN ...
[08:35:45] 	> Projecting Alchemilla.fissa_PA10_RUN3_FDA ...
[08:35:45] 	> Projecting Alchemilla.fissa_PA10_RUN3_MAXNET ...
[08:35:46] 	> Projecting Alchemilla.fissa_PA10_RUN4_GLM ...
[08:35:49] 	> Projecting Alchemilla.fissa_PA10_RUN4_GBM ...
[08:35:49] 	> Projecting Alchemilla.fissa_PA10_RUN4_ANN ...
[08:35:50] 	> Projecting Alchemilla.fissa_PA10_RUN4_FDA ...
[08:35:50] 	> Projecting Alchemilla.fissa_PA10_RUN4_MAXNET ...
[08:35:50] 	> Projecting Alchemilla.fissa_PA10_RUN5_GLM ...
[08:35:54] 	> Projecting Alchemilla.fissa_PA10_RUN5_GBM ...
[08:35:54] 	> Projecting Alchemilla.fissa_PA10_RUN5_ANN ...
[08:35:54] 	> Projecting Alchemilla.fissa_PA10_RUN5_FDA ...
[08:36:09] 	> Projecting Alchemilla.fissa_PA10_RUN5_MAXNET ...
[08:36:09] -=-=-=-=-=-=-=-=-=-=-=-=-=-=-=-=-=-= Done -=-=-=-=-=-=-=-=-=-=-=-=-=-=-=-=-=-=
[08:36:40] 
[08:36:41] 
[08:36:41] 
[08:38:44]    > Mean of probabilities by AUCroc ...
[08:38:55] 			Evaluating Model stuff...Warning in forecast_0 * observed_0 : NAs produced by integer overflow
[08:38:55] Warning in forecast_0 * observed_0 : NAs produced by integer overflow
[08:38:55] Warning in forecast_0 * observed_0 : NAs produced by integer overflow
[08:38:55] Warning in forecast_0 * observed_0 : NAs produced by integer overflow
[08:38:55] Warning in forecast_0 * observed_0 : NAs produced by integer overflow
[08:38:55] Warning in forecast_0 * observed_0 : NAs produced by integer overflow
[08:38:55] Warning in forecast_0 * observed_0 : NAs produced by integer overflow
[08:38:55] Warning in forecast_0 * observed_0 : NAs produced by integer overflow
[08:38:55] Warning in forecast_0 * observed_0 : NAs produced by integer overflow
[08:38:55] Warning in forecast_0 * observed_0 : NAs produced by integer overflow
[08:38:55] Warning in forecast_0 * observed_0 : NAs produced by integer overflow
[08:38:55] Warning in forecast_0 * observed_0 : NAs produced by integer overflow
[08:38:55] Warning in forecast_0 * observed_0 : NAs produced by integer overflow
[08:38:55] Warning in forecast_0 * observed_0 : NAs produced by integer overflow
[08:38:55] Warning in forecast_0 * observed_0 : NAs produced by integer overflow
[08:38:55] Warning in forecast_0 * observed_0 : NAs produced by integer overflow
[08:38:55] Warning in forecast_0 * observed_0 : NAs produced by integer overflow
[08:38:55] Warning in forecast_0 * observed_0 : NAs produced by integer overflow
[08:38:55] Warning in forecast_0 * observed_0 : NAs produced by integer overflow
[08:38:55] Warning in forecast_0 * observed_0 : NAs produced by integer overflow
[08:38:55] Warning in forecast_0 * observed_0 : NAs produced by integer overflow
[08:38:55] Warning in forecast_0 * observed_0 : NAs produced by integer overflow
[08:38:55] Warning in forecast_0 * observed_0 : NAs produced by integer overflow
[08:38:55] Warning in forecast_0 * observed_0 : NAs produced by integer overflow
[08:38:55] Warning in forecast_0 * observed_0 : NAs produced by integer overflow
[08:38:55] Warning in forecast_0 * observed_0 : NAs produced by integer overflow
[08:38:55] Warning in forecast_0 * observed_0 : NAs produced by integer overflow
[08:38:55] Warning in forecast_0 * observed_0 : NAs produced by integer overflow
[08:38:55] Warning in forecast_0 * observed_0 : NAs produced by integer overflow
[08:38:55] Warning in forecast_0 * observed_0 : NAs produced by integer overflow
[08:38:55] Warning in forecast_0 * observed_0 : NAs produced by integer overflow
[08:38:55] Warning in forecast_0 * observed_0 : NAs produced by integer overflow
[08:38:55] Warning in forecast_0 * observed_0 : NAs produced by integer overflow
[08:38:55] Warning in forecast_0 * observed_0 : NAs produced by integer overflow
[08:38:55] Warning in forecast_0 * observed_0 : NAs produced by integer overflow
[08:38:55] Warning in forecast_0 * observed_0 : NAs produced by integer overflow
[08:38:55] Warning in forecast_0 * observed_0 : NAs produced by integer overflow
[08:38:55] Warning in forecast_0 * observed_0 : NAs produced by integer overflow
[08:38:55] Warning in forecast_0 * observed_0 : NAs produced by integer overflow
[08:38:55] Warning in forecast_0 * observed_0 : NAs produced by integer overflow
[08:38:55] Warning in forecast_0 * observed_0 : NAs produced by integer overflow
[08:38:55] Warning in forecast_0 * observed_0 : NAs produced by integer overflow
[08:38:55] Warning in forecast_0 * observed_0 : NAs produced by integer overflow
[08:38:55] Warning in forecast_0 * observed_0 : NAs produced by integer overflow
[08:38:55] Warning in forecast_0 * observed_0 : NAs produced by integer overflow
[08:38:55] Warning in forecast_0 * observed_0 : NAs produced by integer overflow
[08:38:55] Warning in forecast_0 * observed_0 : NAs produced by integer overflow
[08:38:55] Warning in forecast_0 * observed_0 : NAs produced by integer overflow
[08:38:55] Warning in forecast_0 * observed_0 : NAs produced by integer overflow
[08:38:55] Warning in forecast_0 * observed_0 : NAs produced by integer overflow
[08:38:55] Warning in forecast_0 * observed_0 : NAs produced by integer overflow
[08:38:55] Warning in forecast_0 * observed_0 : NAs produced by integer overflow
[08:38:55] Warning in forecast_0 * observed_0 : NAs produced by integer overflow
[08:38:55] Warning in forecast_0 * observed_0 : NAs produced by integer overflow
[08:38:55] Warning in forecast_0 * observed_0 : NAs produced by integer overflow
[08:38:55] Warning in forecast_0 * observed_0 : NAs produced by integer overflow
[08:38:55] Warning in forecast_0 * observed_0 : NAs produced by integer overflow
[08:38:55] Warning in forecast_0 * observed_0 : NAs produced by integer overflow
[08:38:55] Warning in forecast_0 * observed_0 : NAs produced by integer overflow
[08:38:55] Warning in forecast_0 * observed_0 : NAs produced by integer overflow
[08:38:55] Warning in forecast_0 * observed_0 : NAs produced by integer overflow
[08:38:55] Warning in forecast_0 * observed_0 : NAs produced by integer overflow
[08:38:55] Warning in forecast_0 * observed_0 : NAs produced by integer overflow
[08:38:55] Warning in forecast_0 * observed_0 : NAs produced by integer overflow
[08:38:55] Warning in forecast_0 * observed_0 : NAs produced by integer overflow
[08:38:55] Warning in forecast_0 * observed_0 : NAs produced by integer overflow
[08:38:55] Warning in forecast_0 * observed_0 : NAs produced by integer overflow
[08:38:55] Warning in forecast_0 * observed_0 : NAs produced by integer overflow
[08:38:55] Warning in forecast_0 * observed_0 : NAs produced by integer overflow
[08:38:55] Warning in forecast_0 * observed_0 : NAs produced by integer overflow
[08:38:55] Warning in forecast_0 * observed_0 : NAs produced by integer overflow
[08:38:55] Warning in forecast_0 * observed_0 : NAs produced by integer overflow
[08:38:55] Warning in forecast_0 * observed_0 : NAs produced by integer overflow
[08:38:55] Warning in forecast_0 * observed_0 : NAs produced by integer overflow
[08:38:55] Warning in forecast_0 * observed_0 : NAs produced by integer overflow
[08:38:55] Warning in forecast_0 * observed_0 : NAs produced by integer overflow
[08:38:55] Warning in forecast_0 * observed_0 : NAs produced by integer overflow
[08:38:55] Warning in forecast_0 * observed_0 : NAs produced by integer overflow
[08:38:55] Warning in forecast_0 * observed_0 : NAs produced by integer overflow
[08:38:55] Warning in forecast_0 * observed_0 : NAs produced by integer overflow
[08:38:55] Warning in forecast_0 * observed_0 : NAs produced by integer overflow
[08:38:55] Warning in forecast_0 * observed_0 : NAs produced by integer overflow
[08:38:55] Warning in forecast_0 * observed_0 : NAs produced by integer overflow
[08:38:55] Warning in forecast_0 * observed_0 : NAs produced by integer overflow
[08:38:55] Warning in forecast_0 * observed_0 : NAs produced by integer overflow
[08:38:55] Warning in forecast_0 * observed_0 : NAs produced by integer overflow
[08:38:55] Warning in forecast_0 * observed_0 : NAs produced by integer overflow
[08:38:55] Warning in forecast_0 * observed_0 : NAs produced by integer overflow
[08:38:55] Warning in forecast_0 * observed_0 : NAs produced by integer overflow
[08:38:55] Warning in forecast_0 * observed_0 : NAs produced by integer overflow
[08:38:55] Warning in forecast_0 * observed_0 : NAs produced by integer overflow
[08:38:55] Warning in forecast_0 * observed_0 : NAs produced by integer overflow
[08:38:55] Warning in forecast_0 * observed_0 : NAs produced by integer overflow
[08:38:55] Warning in forecast_0 * observed_0 : NAs produced by integer overflow
[08:38:55] Warning in forecast_0 * observed_0 : NAs produced by integer overflow
[08:38:55] Warning in forecast_0 * observed_0 : NAs produced by integer overflow
[08:38:55] Warning in forecast_0 * observed_0 : NAs produced by integer overflow
[08:38:55] Warning in forecast_0 * observed_0 : NAs produced by integer overflow
[08:38:55] Warning in forecast_0 * observed_0 : NAs produced by integer overflow
[08:38:55] 
[08:38:55] 
[08:40:51]    > Coef of variation of probabilities by AUCroc ...
[08:40:51] -=-=-=-=-=-=-=-=-=-=-=-=-=-=-=-=-=-= Done -=-=-=-=-=-=-=-=-=-=-=-=-=-=-=-=-=-=
[08:40:51] > end.time <- Sys.time()
[08:40:51] > time.modeling_EM <- end.time - start.time
[08:40:51] > 
[08:40:51] > ### Models evaluations
[08:40:51] > myBiomodModelEval <- get_evaluations(myBiomodModelOut)
[08:40:51] > myBiomodModelEval_ensamble <- get_evaluations(myBiomodEM)
[08:40:51] > 
[08:40:51] > # TODO change output to csv
[08:40:51] > nome <- paste0("Eval_", sp.names[i], ".txt", sep = "")
[08:40:51] > write.table(myBiomodModelEval, file = nome, sep = "\t")
[08:40:51] > 
[08:40:51] > nome1 <- paste0("Eval_EM_", sp.names[i], ".txt", sep = "")
[08:40:51] > write.table(myBiomodModelEval_ensamble, file = nome1, sep = "\t")
[08:40:51] > 
[08:40:51] > ###########################################################################
[08:40:51] > ######################      PROJECTION ON ALPS        #####################
[08:40:51] > ###########################################################################
[08:40:51] > 
[08:40:51] > ###########################################################################
[08:40:51] > ###########################           CURRENT   ###########################
[08:40:51] > ###########################################################################
[08:40:51] > 
[08:40:51] > # 5. Individual models projections on current environmental conditions
[08:40:51] > start.time <- Sys.time()
[08:40:51] > myBiomodProj <- BIOMOD_Projection(
[08:40:51] +   bm.mod = myBiomodModelOut,
[08:40:51] +   proj.name = "current",
[08:40:51] +   new.env = cur_proj,
[08:40:51] +   models.chosen = "all",
[08:40:51] +   build.clamping.mask = T, # opzione per avere un'idea delle località in cui la predizione è incerta, dove non è sicuro di quello che sta predicendo, predizione potrebbe essere incerta, perchè i dati ambientali potrebbero non essere così fedeli alle variabili attinenti alla presenza vera delal specie (un modo per capire l'incertezza della predizione per ogni cella (km quadrato))
[08:40:51] +   nb.cpu = n_cpu
[08:40:51] + )
[08:40:51] 
[08:40:51] -=-=-=-=-=-=-=-=-=-=-=-=-= Do Single Models Projection -=-=-=-=-=-=-=-=-=-=-=-=-=
[08:41:11] 
[08:41:11] 	> Building clamping mask
[08:42:19] 
[08:42:54] 	> Projecting Alchemilla.fissa_PA1_RUN1_GLM ...
[08:56:18] 	> Projecting Alchemilla.fissa_PA1_RUN1_GBM ...
[08:57:19] 	> Projecting Alchemilla.fissa_PA1_RUN1_ANN ...
[08:58:07] 	> Projecting Alchemilla.fissa_PA1_RUN1_FDA ...
[08:58:49] 	> Projecting Alchemilla.fissa_PA1_RUN1_MAXNET ...
[08:59:28] 	> Projecting Alchemilla.fissa_PA1_RUN2_GLM ...
[09:12:38] 	> Projecting Alchemilla.fissa_PA1_RUN2_GBM ...
[09:13:36] 	> Projecting Alchemilla.fissa_PA1_RUN2_ANN ...
[09:14:22] 	> Projecting Alchemilla.fissa_PA1_RUN2_FDA ...
[09:15:04] 	> Projecting Alchemilla.fissa_PA1_RUN2_MAXNET ...
[09:15:41] 	> Projecting Alchemilla.fissa_PA1_RUN3_GLM ...
[09:28:59] 	> Projecting Alchemilla.fissa_PA1_RUN3_GBM ...
[09:29:54] 	> Projecting Alchemilla.fissa_PA1_RUN3_ANN ...
[09:30:39] 	> Projecting Alchemilla.fissa_PA1_RUN3_FDA ...
[09:31:25] 	> Projecting Alchemilla.fissa_PA1_RUN3_MAXNET ...
[09:32:02] 	> Projecting Alchemilla.fissa_PA1_RUN4_GLM ...
[09:45:37] 	> Projecting Alchemilla.fissa_PA1_RUN4_GBM ...
[09:46:33] 	> Projecting Alchemilla.fissa_PA1_RUN4_ANN ...
[09:47:29] 	> Projecting Alchemilla.fissa_PA1_RUN4_FDA ...
[09:48:09] 	> Projecting Alchemilla.fissa_PA1_RUN4_MAXNET ...
[09:48:45] 	> Projecting Alchemilla.fissa_PA1_RUN5_GLM ...
[10:02:12] 	> Projecting Alchemilla.fissa_PA1_RUN5_GBM ...
[10:03:04] 	> Projecting Alchemilla.fissa_PA1_RUN5_ANN ...
[10:03:50] 	> Projecting Alchemilla.fissa_PA1_RUN5_FDA ...
[10:04:27] 	> Projecting Alchemilla.fissa_PA1_RUN5_MAXNET ...
[10:05:06] 	> Projecting Alchemilla.fissa_PA2_RUN1_GLM ...
[10:18:31] 	> Projecting Alchemilla.fissa_PA2_RUN1_GBM ...
[10:19:28] 	> Projecting Alchemilla.fissa_PA2_RUN1_ANN ...
[10:20:13] 	> Projecting Alchemilla.fissa_PA2_RUN1_FDA ...
[10:20:54] 	> Projecting Alchemilla.fissa_PA2_RUN1_MAXNET ...
[10:21:31] 	> Projecting Alchemilla.fissa_PA2_RUN2_GLM ...
[10:35:11] 	> Projecting Alchemilla.fissa_PA2_RUN2_GBM ...
[10:36:07] 	> Projecting Alchemilla.fissa_PA2_RUN2_ANN ...
[10:36:51] 	> Projecting Alchemilla.fissa_PA2_RUN2_FDA ...
[10:37:32] 	> Projecting Alchemilla.fissa_PA2_RUN2_MAXNET ...
[10:38:08] 	> Projecting Alchemilla.fissa_PA2_RUN3_GLM ...
[10:51:57] 	> Projecting Alchemilla.fissa_PA2_RUN3_GBM ...
[10:52:51] 	> Projecting Alchemilla.fissa_PA2_RUN3_ANN ...
[10:53:35] 	> Projecting Alchemilla.fissa_PA2_RUN3_FDA ...
[10:54:18] 	> Projecting Alchemilla.fissa_PA2_RUN3_MAXNET ...
[10:54:53] 	> Projecting Alchemilla.fissa_PA2_RUN4_GLM ...
[11:08:15] 	> Projecting Alchemilla.fissa_PA2_RUN4_GBM ...
[11:09:03] 	> Projecting Alchemilla.fissa_PA2_RUN4_ANN ...
[11:09:42] 	> Projecting Alchemilla.fissa_PA2_RUN4_FDA ...
[11:10:21] 	> Projecting Alchemilla.fissa_PA2_RUN4_MAXNET ...
[11:10:50] 	> Projecting Alchemilla.fissa_PA2_RUN5_GLM ...
[11:24:20] 	> Projecting Alchemilla.fissa_PA2_RUN5_GBM ...
[11:25:13] 	> Projecting Alchemilla.fissa_PA2_RUN5_ANN ...
[11:25:53] 	> Projecting Alchemilla.fissa_PA2_RUN5_FDA ...
[11:26:33] 	> Projecting Alchemilla.fissa_PA2_RUN5_MAXNET ...
[11:27:08] 	> Projecting Alchemilla.fissa_PA3_RUN1_GLM ...
[11:40:29] 	> Projecting Alchemilla.fissa_PA3_RUN1_GBM ...
[11:41:16] 	> Projecting Alchemilla.fissa_PA3_RUN1_ANN ...
[11:41:55] 	> Projecting Alchemilla.fissa_PA3_RUN1_FDA ...
[11:42:31] 	> Projecting Alchemilla.fissa_PA3_RUN1_MAXNET ...
[11:43:02] 	> Projecting Alchemilla.fissa_PA3_RUN2_GLM ...
[11:56:30] 	> Projecting Alchemilla.fissa_PA3_RUN2_GBM ...
[11:57:32] 	> Projecting Alchemilla.fissa_PA3_RUN2_ANN ...
[11:58:07] 	> Projecting Alchemilla.fissa_PA3_RUN2_FDA ...
[11:58:43] 	> Projecting Alchemilla.fissa_PA3_RUN2_MAXNET ...
[11:59:21] 	> Projecting Alchemilla.fissa_PA3_RUN3_GLM ...
[12:12:54] 	> Projecting Alchemilla.fissa_PA3_RUN3_GBM ...
[12:13:40] 	> Projecting Alchemilla.fissa_PA3_RUN3_ANN ...
[12:14:17] 	> Projecting Alchemilla.fissa_PA3_RUN3_FDA ...
[12:15:01] 	> Projecting Alchemilla.fissa_PA3_RUN3_MAXNET ...
[12:15:36] 	> Projecting Alchemilla.fissa_PA3_RUN4_GLM ...
[12:29:23] 	> Projecting Alchemilla.fissa_PA3_RUN4_GBM ...
[12:30:09] 	> Projecting Alchemilla.fissa_PA3_RUN4_ANN ...
[12:30:46] 	> Projecting Alchemilla.fissa_PA3_RUN4_FDA ...
[12:31:27] 	> Projecting Alchemilla.fissa_PA3_RUN4_MAXNET ...
[12:32:03] 	> Projecting Alchemilla.fissa_PA3_RUN5_GLM ...
[12:45:43] 	> Projecting Alchemilla.fissa_PA3_RUN5_GBM ...
[12:46:29] 	> Projecting Alchemilla.fissa_PA3_RUN5_ANN ...
[12:47:08] 	> Projecting Alchemilla.fissa_PA3_RUN5_FDA ...
[12:47:42] 	> Projecting Alchemilla.fissa_PA3_RUN5_MAXNET ...
[12:48:14] 	> Projecting Alchemilla.fissa_PA4_RUN1_GLM ...
[13:01:40] 	> Projecting Alchemilla.fissa_PA4_RUN1_GBM ...
[13:02:26] 	> Projecting Alchemilla.fissa_PA4_RUN1_ANN ...
[13:03:06] 	> Projecting Alchemilla.fissa_PA4_RUN1_FDA ...
[13:03:40] 	> Projecting Alchemilla.fissa_PA4_RUN1_MAXNET ...
[13:04:04] 	> Projecting Alchemilla.fissa_PA4_RUN2_GLM ...
[13:17:33] 	> Projecting Alchemilla.fissa_PA4_RUN2_GBM ...
[13:18:33] 	> Projecting Alchemilla.fissa_PA4_RUN2_ANN ...
[13:19:14] 	> Projecting Alchemilla.fissa_PA4_RUN2_FDA ...
[13:19:54] 	> Projecting Alchemilla.fissa_PA4_RUN2_MAXNET ...
[13:20:24] 	> Projecting Alchemilla.fissa_PA4_RUN3_GLM ...
[13:33:55] 	> Projecting Alchemilla.fissa_PA4_RUN3_GBM ...
[13:34:43] 	> Projecting Alchemilla.fissa_PA4_RUN3_ANN ...
[13:35:25] 	> Projecting Alchemilla.fissa_PA4_RUN3_FDA ...
[13:36:04] 	> Projecting Alchemilla.fissa_PA4_RUN3_MAXNET ...
[13:36:34] 	> Projecting Alchemilla.fissa_PA4_RUN4_GLM ...
[13:50:10] 	> Projecting Alchemilla.fissa_PA4_RUN4_GBM ...
[13:51:03] 	> Projecting Alchemilla.fissa_PA4_RUN4_ANN ...
[13:51:52] 	> Projecting Alchemilla.fissa_PA4_RUN4_FDA ...
[13:52:25] 	> Projecting Alchemilla.fissa_PA4_RUN4_MAXNET ...
[13:53:00] 	> Projecting Alchemilla.fissa_PA4_RUN5_GLM ...
[14:06:47] 	> Projecting Alchemilla.fissa_PA4_RUN5_GBM ...
[14:07:38] 	> Projecting Alchemilla.fissa_PA4_RUN5_ANN ...
[14:08:28] 	> Projecting Alchemilla.fissa_PA4_RUN5_FDA ...
[14:09:06] 	> Projecting Alchemilla.fissa_PA4_RUN5_MAXNET ...
[14:09:33] 	> Projecting Alchemilla.fissa_PA5_RUN1_GLM ...
[14:23:01] 	> Projecting Alchemilla.fissa_PA5_RUN1_GBM ...
[14:23:48] 	> Projecting Alchemilla.fissa_PA5_RUN1_ANN ...
[14:24:26] 	> Projecting Alchemilla.fissa_PA5_RUN1_FDA ...
[14:25:09] 	> Projecting Alchemilla.fissa_PA5_RUN1_MAXNET ...
[14:25:45] 	> Projecting Alchemilla.fissa_PA5_RUN2_GLM ...
[14:39:11] 	> Projecting Alchemilla.fissa_PA5_RUN2_GBM ...
[14:40:04] 	> Projecting Alchemilla.fissa_PA5_RUN2_ANN ...
[14:40:45] 	> Projecting Alchemilla.fissa_PA5_RUN2_FDA ...
[14:41:26] 	> Projecting Alchemilla.fissa_PA5_RUN2_MAXNET ...
[14:42:05] 	> Projecting Alchemilla.fissa_PA5_RUN3_GLM ...
[14:55:37] 	> Projecting Alchemilla.fissa_PA5_RUN3_GBM ...
[14:56:31] 	> Projecting Alchemilla.fissa_PA5_RUN3_ANN ...
[14:57:12] 	> Projecting Alchemilla.fissa_PA5_RUN3_FDA ...
[14:57:54] 	> Projecting Alchemilla.fissa_PA5_RUN3_MAXNET ...
[14:58:28] 	> Projecting Alchemilla.fissa_PA5_RUN4_GLM ...
[15:12:06] 	> Projecting Alchemilla.fissa_PA5_RUN4_GBM ...
[15:12:54] 	> Projecting Alchemilla.fissa_PA5_RUN4_ANN ...
[15:13:33] 	> Projecting Alchemilla.fissa_PA5_RUN4_FDA ...
[15:14:14] 	> Projecting Alchemilla.fissa_PA5_RUN4_MAXNET ...
[15:14:54] 	> Projecting Alchemilla.fissa_PA5_RUN5_GLM ...
[15:28:00] 	> Projecting Alchemilla.fissa_PA5_RUN5_GBM ...
[15:28:55] 	> Projecting Alchemilla.fissa_PA5_RUN5_ANN ...
[15:29:38] 	> Projecting Alchemilla.fissa_PA5_RUN5_FDA ...
[15:30:19] 	> Projecting Alchemilla.fissa_PA5_RUN5_MAXNET ...
[15:30:52] 	> Projecting Alchemilla.fissa_PA6_RUN1_GLM ...
[15:44:36] 	> Projecting Alchemilla.fissa_PA6_RUN1_GBM ...
[15:45:35] 	> Projecting Alchemilla.fissa_PA6_RUN1_ANN ...
[15:46:25] 	> Projecting Alchemilla.fissa_PA6_RUN1_FDA ...
[15:46:59] 	> Projecting Alchemilla.fissa_PA6_RUN1_MAXNET ...
[15:47:33] 	> Projecting Alchemilla.fissa_PA6_RUN2_GLM ...
[16:01:36] 	> Projecting Alchemilla.fissa_PA6_RUN2_GBM ...
[16:02:39] 	> Projecting Alchemilla.fissa_PA6_RUN2_ANN ...
[16:03:32] 	> Projecting Alchemilla.fissa_PA6_RUN2_FDA ...
[16:04:16] 	> Projecting Alchemilla.fissa_PA6_RUN2_MAXNET ...
[16:04:57] 	> Projecting Alchemilla.fissa_PA6_RUN3_GLM ...
[16:18:50] 	> Projecting Alchemilla.fissa_PA6_RUN3_GBM ...
[16:19:58] 	> Projecting Alchemilla.fissa_PA6_RUN3_ANN ...
[16:20:53] 	> Projecting Alchemilla.fissa_PA6_RUN3_FDA ...
[16:21:27] 	> Projecting Alchemilla.fissa_PA6_RUN3_MAXNET ...
[16:21:59] 	> Projecting Alchemilla.fissa_PA6_RUN4_GLM ...
[16:35:31] 	> Projecting Alchemilla.fissa_PA6_RUN4_GBM ...
[16:36:28] 	> Projecting Alchemilla.fissa_PA6_RUN4_ANN ...
[16:37:10] 	> Projecting Alchemilla.fissa_PA6_RUN4_FDA ...
[16:37:51] 	> Projecting Alchemilla.fissa_PA6_RUN4_MAXNET ...
[16:38:29] 	> Projecting Alchemilla.fissa_PA6_RUN5_GLM ...
[16:52:01] 	> Projecting Alchemilla.fissa_PA6_RUN5_GBM ...
[16:52:57] 	> Projecting Alchemilla.fissa_PA6_RUN5_ANN ...
[16:53:50] 	> Projecting Alchemilla.fissa_PA6_RUN5_FDA ...
[16:54:24] 	> Projecting Alchemilla.fissa_PA6_RUN5_MAXNET ...
[16:54:56] 	> Projecting Alchemilla.fissa_PA7_RUN1_GLM ...
[17:08:33] 	> Projecting Alchemilla.fissa_PA7_RUN1_GBM ...
[17:09:34] 	> Projecting Alchemilla.fissa_PA7_RUN1_ANN ...
[17:10:24] 	> Projecting Alchemilla.fissa_PA7_RUN1_FDA ...
[17:11:10] 	> Projecting Alchemilla.fissa_PA7_RUN1_MAXNET ...
[17:11:55] 	> Projecting Alchemilla.fissa_PA7_RUN2_GLM ...
[17:25:11] 	> Projecting Alchemilla.fissa_PA7_RUN2_GBM ...
[17:26:07] 	> Projecting Alchemilla.fissa_PA7_RUN2_ANN ...
[17:26:52] 	> Projecting Alchemilla.fissa_PA7_RUN2_FDA ...
[17:27:40] 	> Projecting Alchemilla.fissa_PA7_RUN2_MAXNET ...
[17:28:11] 	> Projecting Alchemilla.fissa_PA7_RUN3_GLM ...
[17:41:22] 	> Projecting Alchemilla.fissa_PA7_RUN3_GBM ...
[17:42:24] 	> Projecting Alchemilla.fissa_PA7_RUN3_ANN ...
[17:43:13] 	> Projecting Alchemilla.fissa_PA7_RUN3_FDA ...
[17:43:59] 	> Projecting Alchemilla.fissa_PA7_RUN3_MAXNET ...
[17:44:31] 	> Projecting Alchemilla.fissa_PA7_RUN4_GLM ...
[17:58:13] 	> Projecting Alchemilla.fissa_PA7_RUN4_GBM ...
[17:59:26] 	> Projecting Alchemilla.fissa_PA7_RUN4_ANN ...
[18:00:17] 	> Projecting Alchemilla.fissa_PA7_RUN4_FDA ...
[18:00:57] 	> Projecting Alchemilla.fissa_PA7_RUN4_MAXNET ...
[18:01:31] 	> Projecting Alchemilla.fissa_PA7_RUN5_GLM ...
[18:15:13] 	> Projecting Alchemilla.fissa_PA7_RUN5_GBM ...
[18:16:12] 	> Projecting Alchemilla.fissa_PA7_RUN5_ANN ...
[18:17:03] 	> Projecting Alchemilla.fissa_PA7_RUN5_FDA ...
[18:17:41] 	> Projecting Alchemilla.fissa_PA7_RUN5_MAXNET ...
[18:18:18] 	> Projecting Alchemilla.fissa_PA8_RUN1_GLM ...
[18:31:48] 	> Projecting Alchemilla.fissa_PA8_RUN1_GBM ...
[18:32:43] 	> Projecting Alchemilla.fissa_PA8_RUN1_ANN ...
[18:33:29] 	> Projecting Alchemilla.fissa_PA8_RUN1_FDA ...
[18:34:12] 	> Projecting Alchemilla.fissa_PA8_RUN1_MAXNET ...
[18:34:46] 	> Projecting Alchemilla.fissa_PA8_RUN2_GLM ...
[18:48:28] 	> Projecting Alchemilla.fissa_PA8_RUN2_GBM ...
[18:49:26] 	> Projecting Alchemilla.fissa_PA8_RUN2_ANN ...
[18:50:15] 	> Projecting Alchemilla.fissa_PA8_RUN2_FDA ...
[18:51:00] 	> Projecting Alchemilla.fissa_PA8_RUN2_MAXNET ...
[18:51:29] 	> Projecting Alchemilla.fissa_PA8_RUN3_GLM ...
[19:05:16] 	> Projecting Alchemilla.fissa_PA8_RUN3_GBM ...
[19:06:08] 	> Projecting Alchemilla.fissa_PA8_RUN3_ANN ...
[19:06:58] 	> Projecting Alchemilla.fissa_PA8_RUN3_FDA ...
[19:07:46] 	> Projecting Alchemilla.fissa_PA8_RUN3_MAXNET ...
[19:08:19] 	> Projecting Alchemilla.fissa_PA8_RUN4_GLM ...
[19:22:04] 	> Projecting Alchemilla.fissa_PA8_RUN4_GBM ...
[19:23:15] 	> Projecting Alchemilla.fissa_PA8_RUN4_ANN ...
[19:24:12] 	> Projecting Alchemilla.fissa_PA8_RUN4_FDA ...
[19:24:51] 	> Projecting Alchemilla.fissa_PA8_RUN4_MAXNET ...
[19:25:29] 	> Projecting Alchemilla.fissa_PA8_RUN5_GLM ...
[19:39:09] 	> Projecting Alchemilla.fissa_PA8_RUN5_GBM ...
[19:40:24] 	> Projecting Alchemilla.fissa_PA8_RUN5_ANN ...
[19:41:20] 	> Projecting Alchemilla.fissa_PA8_RUN5_FDA ...
[19:42:03] 	> Projecting Alchemilla.fissa_PA8_RUN5_MAXNET ...
[19:42:45] 	> Projecting Alchemilla.fissa_PA9_RUN1_GLM ...
[19:56:05] 	> Projecting Alchemilla.fissa_PA9_RUN1_GBM ...
[19:57:02] 	> Projecting Alchemilla.fissa_PA9_RUN1_ANN ...
[19:57:50] 	> Projecting Alchemilla.fissa_PA9_RUN1_FDA ...
[19:58:29] 	> Projecting Alchemilla.fissa_PA9_RUN1_MAXNET ...
[19:59:09] 	> Projecting Alchemilla.fissa_PA9_RUN2_GLM ...
[20:12:41] 	> Projecting Alchemilla.fissa_PA9_RUN2_GBM ...
[20:13:54] 	> Projecting Alchemilla.fissa_PA9_RUN2_ANN ...
[20:14:39] 	> Projecting Alchemilla.fissa_PA9_RUN2_FDA ...
[20:15:25] 	> Projecting Alchemilla.fissa_PA9_RUN2_MAXNET ...
[20:16:02] 	> Projecting Alchemilla.fissa_PA9_RUN3_GLM ...
[20:29:35] 	> Projecting Alchemilla.fissa_PA9_RUN3_GBM ...
[20:30:36] 	> Projecting Alchemilla.fissa_PA9_RUN3_ANN ...
[20:31:26] 	> Projecting Alchemilla.fissa_PA9_RUN3_FDA ...
[20:32:10] 	> Projecting Alchemilla.fissa_PA9_RUN3_MAXNET ...
[20:32:53] 	> Projecting Alchemilla.fissa_PA9_RUN4_GLM ...
[20:46:35] 	> Projecting Alchemilla.fissa_PA9_RUN4_GBM ...
[20:47:31] 	> Projecting Alchemilla.fissa_PA9_RUN4_ANN ...
[20:48:21] 	> Projecting Alchemilla.fissa_PA9_RUN4_FDA ...
[20:49:01] 	> Projecting Alchemilla.fissa_PA9_RUN4_MAXNET ...
[20:49:36] 	> Projecting Alchemilla.fissa_PA9_RUN5_GLM ...
[21:03:24] 	> Projecting Alchemilla.fissa_PA9_RUN5_GBM ...
[21:04:23] 	> Projecting Alchemilla.fissa_PA9_RUN5_ANN ...
[21:05:15] 	> Projecting Alchemilla.fissa_PA9_RUN5_FDA ...
[21:06:04] 	> Projecting Alchemilla.fissa_PA9_RUN5_MAXNET ...
[21:06:46] 	> Projecting Alchemilla.fissa_PA10_RUN1_GLM ...
[21:20:23] 	> Projecting Alchemilla.fissa_PA10_RUN1_GBM ...
[21:21:28] 	> Projecting Alchemilla.fissa_PA10_RUN1_ANN ...
[21:22:25] 	> Projecting Alchemilla.fissa_PA10_RUN1_FDA ...
[21:23:03] 	> Projecting Alchemilla.fissa_PA10_RUN1_MAXNET ...
[21:23:47] 	> Projecting Alchemilla.fissa_PA10_RUN2_GLM ...
[21:37:23] 	> Projecting Alchemilla.fissa_PA10_RUN2_GBM ...
[21:38:20] 	> Projecting Alchemilla.fissa_PA10_RUN2_ANN ...
[21:39:09] 	> Projecting Alchemilla.fissa_PA10_RUN2_FDA ...
[21:39:59] 	> Projecting Alchemilla.fissa_PA10_RUN2_MAXNET ...
[21:40:32] 	> Projecting Alchemilla.fissa_PA10_RUN3_GLM ...
[21:54:06] 	> Projecting Alchemilla.fissa_PA10_RUN3_GBM ...
[21:55:05] 	> Projecting Alchemilla.fissa_PA10_RUN3_ANN ...
[21:55:49] 	> Projecting Alchemilla.fissa_PA10_RUN3_FDA ...
[21:56:31] 	> Projecting Alchemilla.fissa_PA10_RUN3_MAXNET ...
[21:57:01] 	> Projecting Alchemilla.fissa_PA10_RUN4_GLM ...
[22:10:29] 	> Projecting Alchemilla.fissa_PA10_RUN4_GBM ...
[22:11:27] 	> Projecting Alchemilla.fissa_PA10_RUN4_ANN ...
[22:12:16] 	> Projecting Alchemilla.fissa_PA10_RUN4_FDA ...
[22:12:58] 	> Projecting Alchemilla.fissa_PA10_RUN4_MAXNET ...
[22:13:33] 	> Projecting Alchemilla.fissa_PA10_RUN5_GLM ...
[22:27:08] 	> Projecting Alchemilla.fissa_PA10_RUN5_GBM ...
[22:28:04] 	> Projecting Alchemilla.fissa_PA10_RUN5_ANN ...
[22:28:54] 	> Projecting Alchemilla.fissa_PA10_RUN5_FDA ...
[22:37:24] 	> Projecting Alchemilla.fissa_PA10_RUN5_MAXNET ...

real	1030m23.388s
user	993m58.566s
sys	147m27.037s
slurmstepd: error: Detected 1 oom_kill event in StepId=48164674.batch. Some of the step tasks have been OOM Killed.
