> options(warn=1) # print warnings as they occur
> options(verbose=TRUE)
> # trace(functionName)		       # trace specific function
> # trace(BIOMOD_FormatingData)  # example
> # untrace(functionName) 		   # stop tracing
> # debug(functionName)      		 # enter debugger on each call
> # browser()              			 # insert breakpoint in code
> ###
> 
> # Force sequential processing - raster projections use too much RAM in parallel
> SAFE_CPU <- 1
> cat("DEBUG: Using", SAFE_CPU, "CPUs (forced sequential to avoid OOM)\n")
DEBUG: Using 1 CPUs (forced sequential to avoid OOM)
> 
> library(biomod2)
Warning in find.package(package, fp.lib.loc, quiet = TRUE) :
  package ‘rlang’ found more than once, using the first from
  “/usr/local/lib/R/site-library/rlang”,
  “/home/ubuntu/R/library/rlang”
now dyn.load("/usr/local/lib/R/site-library/rlang/libs/rlang.so") ...
now dyn.load("/usr/local/lib/R/site-library/cli/libs/cli.so") ...
now dyn.load("/usr/local/lib/R/site-library/vctrs/libs/vctrs.so") ...
now dyn.load("/usr/local/lib/R/site-library/glue/libs/glue.so") ...
now dyn.load("/usr/local/lib/R/site-library/magrittr/libs/magrittr.so") ...
now dyn.load("/usr/local/lib/R/site-library/tibble/libs/tibble.so") ...
now dyn.load("/usr/local/lib/R/site-library/dplyr/libs/dplyr.so") ...
now dyn.load("/usr/local/lib/R/library/grid/libs/grid.so") ...
now dyn.load("/usr/local/lib/R/library/lattice/libs/lattice.so") ...
now dyn.load("/usr/local/lib/R/library/splines/libs/splines.so") ...
now dyn.load("/usr/local/lib/R/library/Matrix/libs/Matrix.so") ...
now dyn.load("/usr/local/lib/R/library/survival/libs/survival.so") ...
now dyn.load("/usr/local/lib/R/site-library/gbm/libs/gbm.so") ...
now dyn.load("/usr/local/lib/R/site-library/farver/libs/farver.so") ...
now dyn.load("/usr/local/lib/R/site-library/S7/libs/S7.so") ...
now dyn.load("/usr/local/lib/R/site-library/Rcpp/libs/Rcpp.so") ...
now dyn.load("/usr/local/lib/R/library/tools/libs/tools.so") ...
now dyn.load("/usr/local/lib/R/site-library/pROC/libs/pROC.so") ...
now dyn.load("/usr/local/lib/R/site-library/plyr/libs/plyr.so") ...
now dyn.load("/usr/local/lib/R/site-library/stringi/libs/stringi.so") ...
now dyn.load("/usr/local/lib/R/site-library/reshape2/libs/reshape2.so") ...
now dyn.load("/usr/local/lib/R/library/rpart/libs/rpart.so") ...
now dyn.load("/usr/local/lib/R/site-library/sp/libs/sp.so") ...
now dyn.load("/usr/local/lib/R/site-library/terra/libs/terra.so") ...
biomod2 4.3-4-5 loaded.
 /!\ Welcome to augmented biomod2 with abundance modeling available! (*o*)
 Take a look at the HOME and NEWS section on the website to see all the features!

Loading required package: nnet
now dyn.load("/usr/local/lib/R/library/nnet/libs/nnet.so") ...
Loading required package: rpart
Loading required package: cito
Warning in library(package, lib.loc = lib.loc, character.only = TRUE, logical.return = TRUE,  :
  there is no package called ‘cito’
Loading required package: mda
Loading required package: class
now dyn.load("/usr/local/lib/R/library/class/libs/class.so") ...
now dyn.load("/usr/local/lib/R/site-library/mda/libs/mda.so") ...
Loaded mda 0.5-5

Loading required package: gam
Loading required package: splines
Loading required package: foreach
now dyn.load("/usr/local/lib/R/site-library/gam/libs/gam.so") ...
Loaded gam 1.22-7

Loading required package: mgcv
Loading required package: nlme
now dyn.load("/usr/local/lib/R/library/nlme/libs/nlme.so") ...
now dyn.load("/usr/local/lib/R/library/mgcv/libs/mgcv.so") ...
This is mgcv 1.9-4. For overview type '?mgcv'.

Attaching package: ‘mgcv’

The following objects are masked from ‘package:gam’:

    gam, gam.control, gam.fit, s

The following object is masked from ‘package:nnet’:

    multinom

Loading required package: gbm
Loaded gbm 2.2.3
This version of gbm is no longer under development. Consider transitioning to gbm3, https://github.com/gbm-developers/gbm3
Loading required package: earth
Loading required package: Formula
Loading required package: plotmo
Loading required package: plotrix
now dyn.load("/usr/local/lib/R/site-library/earth/libs/earth.so") ...
Loading required package: maxnet
Loading required package: randomForest
now dyn.load("/usr/local/lib/R/site-library/randomForest/libs/randomForest.so") ...
randomForest 4.7-1.2
Type rfNews() to see new features/changes/bug fixes.
Loading required package: xgboost
now dyn.load("/usr/local/lib/R/site-library/data.table/libs/data_table.so") ...
now dyn.load("/usr/local/lib/R/site-library/jsonlite/libs/jsonlite.so") ...
now dyn.load("/usr/local/lib/R/site-library/xgboost/libs/xgboost.so") ...
> #library(raster)
> library(terra)
terra 1.9.11

Attaching package: ‘terra’

The following object is masked from ‘package:plotrix’:

    rescale

> 
> # Limit terra memory usage - force temp files for large operations
> terraOptions(memmax = 4)  # max 4GB in-memory, rest spills to disk
> cat("DEBUG: terra memmax set to 4GB\n")
DEBUG: terra memmax set to 4GB
> #library(rgdal)
> library(gbm)
Warning in library(gbm) : package ‘gbm’ already present in search()
> library(mda)
Warning in library(mda) : package ‘mda’ already present in search()
> library(randomForest)
Warning in library(randomForest) :
  package ‘randomForest’ already present in search()
> #library(Hmisc)
> #library(plyr)
> #library(maptools)
> library(doParallel)
Loading required package: iterators
Loading required package: parallel
now dyn.load("/usr/local/lib/R/library/parallel/libs/parallel.so") ...
> #library(profvis)
> 
> # Skip cluster for sequential mode
> if (SAFE_CPU > 1) {
+   cl <- makeCluster(SAFE_CPU)
+   registerDoParallel(cl)
+ } else {
+   registerDoSEQ()  # sequential backend
+ }
> 
> dir.create("./data/output", showWarnings=FALSE)
> 
> 
> 
> ####################################
> # loading species occurrences data
> ####################################
> spocc <- read.csv("./data/input/full_1km_EUNIS.csv", head=TRUE)
> # DEBUG: keep full dataset, will truncate per-species later
> sp.names<-levels(factor(spocc[,2]))
> num_sp<-length(sp.names)
> 
> 
> 
> #####################################
> # CALIBRATION environmental data 
> #####################################
> 
> #####################################
> # loading CURRENT environmental data
> #####################################
> cat("DEBUG: loading calibration rasters...\n")
DEBUG: loading calibration rasters...
> clim_cal=rast(dir("./data/input/climate_vars/baseline", full.names=T))
> tri_cal=rast(dir("./data/input/TRI_vars", full.names=T))
> soil_cal=rast(dir("./data/input/soil_vars", full.names=T))
> cur_cal<-c(clim_cal,tri_cal,soil_cal)
> names(cur_cal)<-c("PC1_clim", "PC2_clim", "tri","PC1_soil","PC2_soil")
> 
> #####################################
> # PROJECTION environmental data 
> #####################################
> 
> #####################################
> # loading CURRENT environmental data
> #####################################
> clim_proj=rast(dir("./data/input/climate_vars/baseline", full.names=T))
> tri_proj=rast(dir("./data/input/TRI_vars", full.names=T))
> soil_proj=rast(dir("./data/input/soil_vars", full.names=T))
> cur_proj<- c(clim_proj,tri_proj,soil_proj)
> names(cur_proj)<-c("PC1_clim", "PC2_clim", "tri","PC1_soil","PC2_soil")
> 
> #####################################
> # loading FUTURE list
> #####################################
> 
> lf=list.dirs("./data/input/climate_vars/future", full.names=T, recursive = T)[-1]
> # Keep only directories that contain .tif files
> lf=lf[sapply(lf, function(d) length(list.files(d, pattern="\\.tif$")) > 0)]
> #####################################
> # Select bioclimatic variables
> #####################################
> #l<-c(4,10, 19)
> #cur<-cur1[[l]]
> 
> 
> pb <- txtProgressBar(min = 0,      # Minimum value of the progress bar
+                      max = num_sp, # Maximum value of the progress bar
+                      style = 3,    # Progress bar style (also available style = 1 and style = 2)
+                      width = 50,   # Progress bar width. Defaults to getOption("width")
+                      char = "=")   # Character used to create the bar

  |                                                        
  |                                                  |   0%> 
> 
> selModels <- c("GLM", "GBM",  "ANN", "FDA", "MAXNET")
> 
> 
> #num_sp=98
> #for(i in 39:43)  {      #i=1:num_sp	#i=1
> 
> i=1
> spocc1<-subset(spocc, spocc[,2]==sp.names[i])
> # spocc1 <- spocc1[1:100000,]
> 
> ###########################################################################
> ######################     CALIBRATION ON EUROPE      #####################
> ###########################################################################
> 
> ###########################################################################
> ######################     ENSAMBLE       CURRENT     #####################
> ###########################################################################
> 
> start.time <- Sys.time()
> myRespName <- paste (sp.names[i], sep = "")
> myRespXY <- spocc1[,3:4] # coordinates of points
> myResp <- rep(1, nrow(spocc1)) # species occurences
> 
> flush.console()
> 
> # 1. Formatting Data
> 
> myBiomodData <- BIOMOD_FormatingData(
+ 						resp.var = myResp,
+                                        expl.var = cur_cal,
+                                        resp.xy = myRespXY,
+                                        resp.name = myRespName,
+                                        PA.nb.rep = 3,
+                                        PA.nb.absences = 100,
+                                        PA.strategy = 'random',
+                           		   na.rm = TRUE,
+ 						   filter.raster = F)

-=-=-=-=-=-=-=-=-=-=-=-= Achillea atrata Data Formating -=-=-=-=-=-=-=-=-=-=-=-=

      ! Response variable name was converted into Achillea.atrata

Checking Pseudo-absence selection arguments...

   > random pseudo absences selection
   > Pseudo absences are selected in explanatory variables
|---------|---------|---------|---------|
=========================================
                                          

|---------|---------|---------|---------|
=========================================
                                          

|---------|---------|---------|---------|
=========================================
                                          

|---------|---------|---------|---------|
=========================================
                                          

|---------|---------|---------|---------|
=========================================
                                          

|---------|---------|---------|---------|
=========================================
                                          
-=-=-=-=-=-=-=-=-=-=-=-=-=-=-=-=-=-= Done -=-=-=-=-=-=-=-=-=-=-=-=-=-=-=-=-=-=
> 
> 
> end.time <- Sys.time()
> time.formating <- end.time - start.time
> 
> start.time <- Sys.time()
> # 2. Defining Models Options using default options.
> # bigboss parameters
> opt.b <- bm_ModelingOptions(data.type = 'binary',
+                             models = selModels,
+                             strategy = 'bigboss',
+ 				    bm.format = myBiomodData)

-=-=-=-=-=-=-=-=-=-=-=-=-=-= Build Modeling Options -=-=-=-=-=-=-=-=-=-=-=-=-=-=

	>  GLM options ( datatype: binary , package: stats , function: glm )...
	>  GBM options ( datatype: binary , package: gbm , function: gbm )...
	>  ANN options ( datatype: binary , package: nnet , function: nnet )...
	>  FDA options ( datatype: binary , package: mda , function: fda )...
	>  MAXNET options ( datatype: binary , package: maxnet , function: maxnet )...

-=-=-=-=-=-=-=-=-=-=-=-=-=-=-=-=-=-= Done -=-=-=-=-=-=-=-=-=-=-=-=-=-=-=-=-=-=
> 
> # 3. Computing the models
> 	
> myBiomodModelOut <- BIOMOD_Modeling(
+ 						myBiomodData,
+ 						models = selModels,
+ 						CV.strategy = 'random',
+ 						CV.nb.rep = 3,
+ 						CV.perc = 0.8,
+ 						OPT.user = opt.b,
+ 						metric.eval  = c('TSS', 'AUCroc', 'KAPPA', 'POD', 'FAR'),
+ 						scale.models = FALSE,
+ 						CV.do.full.models = FALSE,
+ 						nb.cpu=SAFE_CPU,
+ 						do.progress=T)

-=-=-=-=-=-=-=-=-=-=-=-=-=-=-= Build Single Models -=-=-=-=-=-=-=-=-=-=-=-=-=-=-=


Checking Models arguments...

	> Automatic weights creation to rise a 0.5 prevalence
Creating suitable Workdir...


Checking Cross-Validation arguments...

   > Random cross-validation selection

 
 	 The options for GLM for '_PAx_allRun' will be given to all runs with PAx (_PAx_RUN1, _PAx_RUN2,...) 

 
 	 The options for GBM for '_PAx_allRun' will be given to all runs with PAx (_PAx_RUN1, _PAx_RUN2,...) 

 
 	 The options for ANN for '_PAx_allRun' will be given to all runs with PAx (_PAx_RUN1, _PAx_RUN2,...) 

 
 	 The options for FDA for '_PAx_allRun' will be given to all runs with PAx (_PAx_RUN1, _PAx_RUN2,...) 

 
 	 The options for MAXNET for '_PAx_allRun' will be given to all runs with PAx (_PAx_RUN1, _PAx_RUN2,...) 



-=-=-=-=-=-=-=-=-=-=-=-= Achillea.atrata Modeling Summary -=-=-=-=-=-=-=-=-=-=-=-=

> 5 environmental variables ( PC1_clim PC2_clim tri PC1_soil PC2_soil )

> Number of PA datasets : 3

> Number of calibration/validation splits : 3

> Algorithms selected : GLM GBM ANN FDA MAXNET
 9 models for each algorithm

Total number of model runs: 45 

-=-=-=-=-=-=-=-=-=-=-=-=-=-=-=-=-=-=-=-=-=-=-=-=-=-=-=-=-=-=-=-=-=-=-=-=-=-=-=-=


-=-=-=--=-=-=- Achillea.atrata_PA1_RUN1_GLM 
Warning: glm.fit: fitted probabilities numerically 0 or 1 occurred

	Evaluating Model stuff...

-=-=-=--=-=-=- Achillea.atrata_PA1_RUN1_GBM 
'verbose' and 'quietly' are both true; being verbose then ..
Warning in library(gbm, quietly = TRUE) :
  package ‘gbm’ already present in search()
CV: 1 
'verbose' and 'quietly' are both true; being verbose then ..
Warning in library(gbm, quietly = TRUE) :
  package ‘gbm’ already present in search()
CV: 2 
'verbose' and 'quietly' are both true; being verbose then ..
Warning in library(gbm, quietly = TRUE) :
  package ‘gbm’ already present in search()
CV: 3 

	Evaluating Model stuff...

-=-=-=--=-=-=- Achillea.atrata_PA1_RUN1_ANN 

	Model scaling...
	Evaluating Model stuff...

-=-=-=--=-=-=- Achillea.atrata_PA1_RUN1_FDA 

	Model scaling...Warning: glm.fit: algorithm did not converge
Warning: glm.fit: fitted probabilities numerically 0 or 1 occurred

	Evaluating Model stuff...

-=-=-=--=-=-=- Achillea.atrata_PA1_RUN1_MAXNET 
now dyn.load("/usr/local/lib/R/site-library/glmnet/libs/glmnet.so") ...
Warning in lognet(x, is.sparse, y, weights, offset, alpha, nobs, nvars,  :
  one multinomial or binomial class has fewer than 8  observations; dangerous ground

	Evaluating Model stuff...

-=-=-=--=-=-=- Achillea.atrata_PA1_RUN2_GLM 
Warning: glm.fit: fitted probabilities numerically 0 or 1 occurred

	Evaluating Model stuff...

-=-=-=--=-=-=- Achillea.atrata_PA1_RUN2_GBM 
'verbose' and 'quietly' are both true; being verbose then ..
Warning in library(gbm, quietly = TRUE) :
  package ‘gbm’ already present in search()
CV: 1 
'verbose' and 'quietly' are both true; being verbose then ..
Warning in library(gbm, quietly = TRUE) :
  package ‘gbm’ already present in search()
CV: 2 
'verbose' and 'quietly' are both true; being verbose then ..
Warning in library(gbm, quietly = TRUE) :
  package ‘gbm’ already present in search()
CV: 3 

	Evaluating Model stuff...

-=-=-=--=-=-=- Achillea.atrata_PA1_RUN2_ANN 

	Model scaling...
	Evaluating Model stuff...

-=-=-=--=-=-=- Achillea.atrata_PA1_RUN2_FDA 

	Model scaling...
	Evaluating Model stuff...

-=-=-=--=-=-=- Achillea.atrata_PA1_RUN2_MAXNET 
Warning in lognet(x, is.sparse, y, weights, offset, alpha, nobs, nvars,  :
  one multinomial or binomial class has fewer than 8  observations; dangerous ground

	Evaluating Model stuff...

-=-=-=--=-=-=- Achillea.atrata_PA1_RUN3_GLM 
Warning: glm.fit: fitted probabilities numerically 0 or 1 occurred

	Evaluating Model stuff...

-=-=-=--=-=-=- Achillea.atrata_PA1_RUN3_GBM 
'verbose' and 'quietly' are both true; being verbose then ..
Warning in library(gbm, quietly = TRUE) :
  package ‘gbm’ already present in search()
CV: 1 
'verbose' and 'quietly' are both true; being verbose then ..
Warning in library(gbm, quietly = TRUE) :
  package ‘gbm’ already present in search()
CV: 2 
'verbose' and 'quietly' are both true; being verbose then ..
Warning in library(gbm, quietly = TRUE) :
  package ‘gbm’ already present in search()
CV: 3 

	Evaluating Model stuff...

-=-=-=--=-=-=- Achillea.atrata_PA1_RUN3_ANN 

	Model scaling...
	Evaluating Model stuff...

-=-=-=--=-=-=- Achillea.atrata_PA1_RUN3_FDA 

	Model scaling...
	Evaluating Model stuff...

-=-=-=--=-=-=- Achillea.atrata_PA1_RUN3_MAXNET 
Warning in lognet(x, is.sparse, y, weights, offset, alpha, nobs, nvars,  :
  one multinomial or binomial class has fewer than 8  observations; dangerous ground

	Evaluating Model stuff...

-=-=-=--=-=-=- Achillea.atrata_PA2_RUN1_GLM 
Warning: glm.fit: fitted probabilities numerically 0 or 1 occurred

	Evaluating Model stuff...

-=-=-=--=-=-=- Achillea.atrata_PA2_RUN1_GBM 
'verbose' and 'quietly' are both true; being verbose then ..
Warning in library(gbm, quietly = TRUE) :
  package ‘gbm’ already present in search()
CV: 1 
'verbose' and 'quietly' are both true; being verbose then ..
Warning in library(gbm, quietly = TRUE) :
  package ‘gbm’ already present in search()
CV: 2 
'verbose' and 'quietly' are both true; being verbose then ..
Warning in library(gbm, quietly = TRUE) :
  package ‘gbm’ already present in search()
CV: 3 

	Evaluating Model stuff...Warning in max(calcStat, na.rm = TRUE) :
  no non-missing arguments to max; returning -Inf


-=-=-=--=-=-=- Achillea.atrata_PA2_RUN1_ANN 

	Model scaling...
	Evaluating Model stuff...

-=-=-=--=-=-=- Achillea.atrata_PA2_RUN1_FDA 

	Model scaling...Warning: glm.fit: fitted probabilities numerically 0 or 1 occurred

	Evaluating Model stuff...

-=-=-=--=-=-=- Achillea.atrata_PA2_RUN1_MAXNET 
Warning in lognet(x, is.sparse, y, weights, offset, alpha, nobs, nvars,  :
  one multinomial or binomial class has fewer than 8  observations; dangerous ground

	Evaluating Model stuff...Warning in max(calcStat, na.rm = TRUE) :
  no non-missing arguments to max; returning -Inf


-=-=-=--=-=-=- Achillea.atrata_PA2_RUN2_GLM 
Warning: glm.fit: fitted probabilities numerically 0 or 1 occurred

	Evaluating Model stuff...

-=-=-=--=-=-=- Achillea.atrata_PA2_RUN2_GBM 
'verbose' and 'quietly' are both true; being verbose then ..
Warning in library(gbm, quietly = TRUE) :
  package ‘gbm’ already present in search()
CV: 1 
'verbose' and 'quietly' are both true; being verbose then ..
Warning in library(gbm, quietly = TRUE) :
  package ‘gbm’ already present in search()
CV: 2 
'verbose' and 'quietly' are both true; being verbose then ..
Warning in library(gbm, quietly = TRUE) :
  package ‘gbm’ already present in search()
CV: 3 

	Evaluating Model stuff...

-=-=-=--=-=-=- Achillea.atrata_PA2_RUN2_ANN 

	Model scaling...Warning: glm.fit: algorithm did not converge
Warning: glm.fit: fitted probabilities numerically 0 or 1 occurred

	Evaluating Model stuff...

-=-=-=--=-=-=- Achillea.atrata_PA2_RUN2_FDA 

	Model scaling...Warning: glm.fit: algorithm did not converge
Warning: glm.fit: fitted probabilities numerically 0 or 1 occurred

	Evaluating Model stuff...

-=-=-=--=-=-=- Achillea.atrata_PA2_RUN2_MAXNET 
Warning in lognet(x, is.sparse, y, weights, offset, alpha, nobs, nvars,  :
  one multinomial or binomial class has fewer than 8  observations; dangerous ground

	Evaluating Model stuff...

-=-=-=--=-=-=- Achillea.atrata_PA2_RUN3_GLM 
Warning: glm.fit: fitted probabilities numerically 0 or 1 occurred

	Evaluating Model stuff...

-=-=-=--=-=-=- Achillea.atrata_PA2_RUN3_GBM 
'verbose' and 'quietly' are both true; being verbose then ..
Warning in library(gbm, quietly = TRUE) :
  package ‘gbm’ already present in search()
CV: 1 
'verbose' and 'quietly' are both true; being verbose then ..
Warning in library(gbm, quietly = TRUE) :
  package ‘gbm’ already present in search()
CV: 2 
'verbose' and 'quietly' are both true; being verbose then ..
Warning in library(gbm, quietly = TRUE) :
  package ‘gbm’ already present in search()
CV: 3 

	Evaluating Model stuff...

-=-=-=--=-=-=- Achillea.atrata_PA2_RUN3_ANN 

	Model scaling...
	Evaluating Model stuff...

-=-=-=--=-=-=- Achillea.atrata_PA2_RUN3_FDA 

	Model scaling...
	Evaluating Model stuff...

-=-=-=--=-=-=- Achillea.atrata_PA2_RUN3_MAXNET 
Warning in lognet(x, is.sparse, y, weights, offset, alpha, nobs, nvars,  :
  one multinomial or binomial class has fewer than 8  observations; dangerous ground

	Evaluating Model stuff...

-=-=-=--=-=-=- Achillea.atrata_PA3_RUN1_GLM 
Warning: glm.fit: fitted probabilities numerically 0 or 1 occurred

	Evaluating Model stuff...

-=-=-=--=-=-=- Achillea.atrata_PA3_RUN1_GBM 
'verbose' and 'quietly' are both true; being verbose then ..
Warning in library(gbm, quietly = TRUE) :
  package ‘gbm’ already present in search()
CV: 1 
'verbose' and 'quietly' are both true; being verbose then ..
Warning in library(gbm, quietly = TRUE) :
  package ‘gbm’ already present in search()
CV: 2 
'verbose' and 'quietly' are both true; being verbose then ..
Warning in library(gbm, quietly = TRUE) :
  package ‘gbm’ already present in search()
CV: 3 

	Evaluating Model stuff...

-=-=-=--=-=-=- Achillea.atrata_PA3_RUN1_ANN 

	Model scaling...
	Evaluating Model stuff...

-=-=-=--=-=-=- Achillea.atrata_PA3_RUN1_FDA 

	Model scaling...
	Evaluating Model stuff...

-=-=-=--=-=-=- Achillea.atrata_PA3_RUN1_MAXNET 
Warning in lognet(x, is.sparse, y, weights, offset, alpha, nobs, nvars,  :
  one multinomial or binomial class has fewer than 8  observations; dangerous ground

	Evaluating Model stuff...

-=-=-=--=-=-=- Achillea.atrata_PA3_RUN2_GLM 
Warning: glm.fit: fitted probabilities numerically 0 or 1 occurred

	Evaluating Model stuff...

-=-=-=--=-=-=- Achillea.atrata_PA3_RUN2_GBM 
'verbose' and 'quietly' are both true; being verbose then ..
Warning in library(gbm, quietly = TRUE) :
  package ‘gbm’ already present in search()
CV: 1 
'verbose' and 'quietly' are both true; being verbose then ..
Warning in library(gbm, quietly = TRUE) :
  package ‘gbm’ already present in search()
CV: 2 
'verbose' and 'quietly' are both true; being verbose then ..
Warning in library(gbm, quietly = TRUE) :
  package ‘gbm’ already present in search()
CV: 3 

	Evaluating Model stuff...

-=-=-=--=-=-=- Achillea.atrata_PA3_RUN2_ANN 

	Model scaling...
	Evaluating Model stuff...

-=-=-=--=-=-=- Achillea.atrata_PA3_RUN2_FDA 

	Model scaling...
	Evaluating Model stuff...

-=-=-=--=-=-=- Achillea.atrata_PA3_RUN2_MAXNET 
Warning in lognet(x, is.sparse, y, weights, offset, alpha, nobs, nvars,  :
  one multinomial or binomial class has fewer than 8  observations; dangerous ground

	Evaluating Model stuff...

-=-=-=--=-=-=- Achillea.atrata_PA3_RUN3_GLM 
Warning: glm.fit: fitted probabilities numerically 0 or 1 occurred

	Evaluating Model stuff...Warning in max(calcStat, na.rm = TRUE) :
  no non-missing arguments to max; returning -Inf


-=-=-=--=-=-=- Achillea.atrata_PA3_RUN3_GBM 
'verbose' and 'quietly' are both true; being verbose then ..
Warning in library(gbm, quietly = TRUE) :
  package ‘gbm’ already present in search()
CV: 1 
'verbose' and 'quietly' are both true; being verbose then ..
Warning in library(gbm, quietly = TRUE) :
  package ‘gbm’ already present in search()
CV: 2 
'verbose' and 'quietly' are both true; being verbose then ..
Warning in library(gbm, quietly = TRUE) :
  package ‘gbm’ already present in search()
CV: 3 

	Evaluating Model stuff...

-=-=-=--=-=-=- Achillea.atrata_PA3_RUN3_ANN 

	Model scaling...
	Evaluating Model stuff...

-=-=-=--=-=-=- Achillea.atrata_PA3_RUN3_FDA 

	Model scaling...Warning: glm.fit: fitted probabilities numerically 0 or 1 occurred

	Evaluating Model stuff...

-=-=-=--=-=-=- Achillea.atrata_PA3_RUN3_MAXNET 
Warning in lognet(x, is.sparse, y, weights, offset, alpha, nobs, nvars,  :
  one multinomial or binomial class has fewer than 8  observations; dangerous ground

	Evaluating Model stuff...
-=-=-=-=-=-=-=-=-=-=-=-=-=-=-=-=-=-= Done -=-=-=-=-=-=-=-=-=-=-=-=-=-=-=-=-=-=
> 	
> end.time <- Sys.time()
> time.modeling <- end.time - start.time
> 
> start.time <- Sys.time()
> # 4. Model ensemble models
> 
> myBiomodEM <- BIOMOD_EnsembleModeling(
+ 						bm.mod = myBiomodModelOut,
+                                     models.chosen = 'all',
+                                     em.by = 'all',
+                                     em.algo = c('EMmean', "EMcv"),
+                                     metric.select = c('AUCroc'),
+                                     metric.select.thresh = c(0.6),
+                                     metric.eval = c('TSS', 'AUCroc', 'KAPPA'),
+ 						nb.cpu = SAFE_CPU)

-=-=-=-=-=-=-=-=-=-=-=-=-=-= Build Ensemble Models -=-=-=-=-=-=-=-=-=-=-=-=-=-=

   ! all models available will be included in ensemble.modeling
  ! Ensemble Models will be filtered and/or weighted using validation dataset (if possible). Please use `metric.select.dataset` for alternative options.
   > Evaluation & Weighting methods summary :
      AUCroc over 0.6


  > mergedData_mergedRun_mergedAlgo ensemble modeling
   ! Additional projection required for ensemble models merging several pseudo-absence dataset...
-=-=-=-=-=-=-=-=-=-=-=-=-= Do Single Models Projection -=-=-=-=-=-=-=-=-=-=-=-=-=

	> Projecting Achillea.atrata_PA1_RUN1_GLM ...
	> Projecting Achillea.atrata_PA1_RUN1_GBM ...
	> Projecting Achillea.atrata_PA1_RUN1_ANN ...
	> Projecting Achillea.atrata_PA1_RUN1_FDA ...
	> Projecting Achillea.atrata_PA1_RUN1_MAXNET ...
	> Projecting Achillea.atrata_PA1_RUN2_GLM ...
	> Projecting Achillea.atrata_PA1_RUN2_GBM ...
	> Projecting Achillea.atrata_PA1_RUN2_ANN ...
	> Projecting Achillea.atrata_PA1_RUN2_FDA ...
	> Projecting Achillea.atrata_PA1_RUN2_MAXNET ...
	> Projecting Achillea.atrata_PA1_RUN3_GLM ...
	> Projecting Achillea.atrata_PA1_RUN3_GBM ...
	> Projecting Achillea.atrata_PA1_RUN3_ANN ...
	> Projecting Achillea.atrata_PA1_RUN3_FDA ...
	> Projecting Achillea.atrata_PA1_RUN3_MAXNET ...
-=-=-=-=-=-=-=-=-=-=-=-=-=-=-=-=-=-= Done -=-=-=-=-=-=-=-=-=-=-=-=-=-=-=-=-=-=

-=-=-=-=-=-=-=-=-=-=-=-=-= Do Single Models Projection -=-=-=-=-=-=-=-=-=-=-=-=-=

	> Projecting Achillea.atrata_PA2_RUN1_GLM ...
	> Projecting Achillea.atrata_PA2_RUN1_GBM ...
	> Projecting Achillea.atrata_PA2_RUN1_ANN ...
	> Projecting Achillea.atrata_PA2_RUN1_FDA ...
	> Projecting Achillea.atrata_PA2_RUN1_MAXNET ...
	> Projecting Achillea.atrata_PA2_RUN2_GLM ...
	> Projecting Achillea.atrata_PA2_RUN2_GBM ...
	> Projecting Achillea.atrata_PA2_RUN2_ANN ...
	> Projecting Achillea.atrata_PA2_RUN2_FDA ...
	> Projecting Achillea.atrata_PA2_RUN2_MAXNET ...
	> Projecting Achillea.atrata_PA2_RUN3_GLM ...
	> Projecting Achillea.atrata_PA2_RUN3_GBM ...
	> Projecting Achillea.atrata_PA2_RUN3_ANN ...
	> Projecting Achillea.atrata_PA2_RUN3_FDA ...
	> Projecting Achillea.atrata_PA2_RUN3_MAXNET ...
-=-=-=-=-=-=-=-=-=-=-=-=-=-=-=-=-=-= Done -=-=-=-=-=-=-=-=-=-=-=-=-=-=-=-=-=-=

-=-=-=-=-=-=-=-=-=-=-=-=-= Do Single Models Projection -=-=-=-=-=-=-=-=-=-=-=-=-=

	> Projecting Achillea.atrata_PA3_RUN1_GLM ...
	> Projecting Achillea.atrata_PA3_RUN1_GBM ...
	> Projecting Achillea.atrata_PA3_RUN1_ANN ...
	> Projecting Achillea.atrata_PA3_RUN1_FDA ...
	> Projecting Achillea.atrata_PA3_RUN1_MAXNET ...
	> Projecting Achillea.atrata_PA3_RUN2_GLM ...
	> Projecting Achillea.atrata_PA3_RUN2_GBM ...
	> Projecting Achillea.atrata_PA3_RUN2_ANN ...
	> Projecting Achillea.atrata_PA3_RUN2_FDA ...
	> Projecting Achillea.atrata_PA3_RUN2_MAXNET ...
	> Projecting Achillea.atrata_PA3_RUN3_GLM ...
	> Projecting Achillea.atrata_PA3_RUN3_GBM ...
	> Projecting Achillea.atrata_PA3_RUN3_ANN ...
	> Projecting Achillea.atrata_PA3_RUN3_FDA ...
	> Projecting Achillea.atrata_PA3_RUN3_MAXNET ...
-=-=-=-=-=-=-=-=-=-=-=-=-=-=-=-=-=-= Done -=-=-=-=-=-=-=-=-=-=-=-=-=-=-=-=-=-=



   > Mean of probabilities by AUCroc ...
			Evaluating Model stuff...

   > Coef of variation of probabilities by AUCroc ...
-=-=-=-=-=-=-=-=-=-=-=-=-=-=-=-=-=-= Done -=-=-=-=-=-=-=-=-=-=-=-=-=-=-=-=-=-=
> 
> end.time <- Sys.time()
> time.modeling_EM <- end.time - start.time
> 
> 
> ###Models evaluations
> 
> 	myBiomodModelEval <- get_evaluations(myBiomodModelOut)
> 	myBiomodModelEval_ensamble <- get_evaluations(myBiomodEM)
> 
> 	nome<-paste0("./data/output/Eval_", sp.names[i], ".txt", sep="")
> 	write.table(myBiomodModelEval , file=nome, sep="\t")
> 
> 	nome1<-paste0("./data/output/Eval_EM_", sp.names[i], ".txt", sep="")
> 	write.table(myBiomodModelEval_ensamble , file=nome1, sep="\t")
> 
> 
> 
> 	
> ###########################################################################
> ######################      PROJECTION ON ALPS        #####################
> ###########################################################################
> 
> ###########################################################################
> ###########################           CURRENT   ###########################
> ###########################################################################
> 
> 
> # 5. Individual models projections on current environmental conditions
> 
> start.time <- Sys.time()
> myBiomodProj<- BIOMOD_Projection(
+ 				bm.mod = myBiomodModelOut,
+ 				proj.name = 'current',
+ 				new.env = cur_proj,
+ 				models.chosen = 'all',
+ 				build.clamping.mask = T,
+                         nb.cpu=SAFE_CPU)

-=-=-=-=-=-=-=-=-=-=-=-=-= Do Single Models Projection -=-=-=-=-=-=-=-=-=-=-=-=-=

|---------|---------|---------|---------|
=========================================
                                          

|---------|---------|---------|---------|
=========================================
                                          

|---------|---------|---------|---------|
=========================================
                                          

|---------|---------|---------|---------|
=========================================
                                          

|---------|---------|---------|---------|
=========================================
                                          
	> Building clamping mask

|---------|---------|---------|---------|
=========================================
                                          

|---------|---------|---------|---------|
=========================================
                                          

|---------|---------|---------|---------|
=========================================
                                          

|---------|---------|---------|---------|
=========================================
                                          

|---------|---------|---------|---------|
=========================================
                                          

|---------|---------|---------|---------|
=========================================
                                          

|---------|---------|---------|---------|
=========================================
                                          

|---------|---------|---------|---------|
=========================================
                                          

|---------|---------|---------|---------|
=========================================
                                          

|---------|---------|---------|---------|
=========================================
                                          

|---------|---------|---------|---------|
=========================================
                                          

|---------|---------|---------|---------|
=========================================
                                          

|---------|---------|---------|---------|
=========================================
                                          

|---------|---------|---------|---------|
=========================================
                                          

|---------|---------|---------|---------|
=========================================
                                          

|---------|---------|---------|---------|
=========================================
                                          

|---------|---------|---------|---------|
=========================================
                                          

|---------|---------|---------|---------|
=========================================
                                          

|---------|---------|---------|---------|
=========================================
                                          

|---------|---------|---------|---------|
=========================================
                                          

|---------|---------|---------|---------|
=========================================
                                          

|---------|---------|---------|---------|
=========================================
                                          

|---------|---------|---------|---------|
=========================================
                                          

|---------|---------|---------|---------|
=========================================
                                          

|---------|---------|---------|---------|
=========================================
                                          

|---------|---------|---------|---------|
=========================================
                                          

|---------|---------|---------|---------|
=========================================
                                          
	> Projecting Achillea.atrata_PA1_RUN1_GLM ...
|---------|---------|---------|---------|
=========================================
                                          

|---------|---------|---------|---------|
=========================================
                                          

|---------|---------|---------|---------|
=========================================
                                          
	> Projecting Achillea.atrata_PA1_RUN1_GBM ...
|---------|---------|---------|---------|
=========================================
                                          

|---------|---------|---------|---------|
=========================================
                                          

|---------|---------|---------|---------|
=========================================
                                          
	> Projecting Achillea.atrata_PA1_RUN1_ANN ...
|---------|---------|---------|---------|
=========================================
                                          

|---------|---------|---------|---------|
=========================================
                                          

|---------|---------|---------|---------|
=========================================
                                          

|---------|---------|---------|---------|
=========================================
                                          
	> Projecting Achillea.atrata_PA1_RUN1_FDA ...
|---------|---------|---------|---------|
=========================================
                                          

|---------|---------|---------|---------|
=========================================
                                          

|---------|---------|---------|---------|
=========================================
                                          

|---------|---------|---------|---------|
=========================================
                                          
	> Projecting Achillea.atrata_PA1_RUN1_MAXNET ...
|---------|---------|---------|---------|
===========================
 *** caught segfault ***
address (nil), cause 'unknown'
