        > Projecting Achillea.atrata_PA2_RUN2_FDA ...
        > Projecting Achillea.atrata_PA2_RUN1_MAXNET ...
        > Projecting Achillea.atrata_PA1_RUN2_MAXNET ...
        > Projecting Achillea.atrata_PA2_RUN2_ANN ...
        > Projecting Achillea.atrata_PA2_RUN2_MAXNET ...
-=-=-=-=-=-=-=-=-=-=-=-=-=-=-=-=-=-= Done -=-=-=-=-=-=-=-=-=-=-=-=-=-=-=-=-=-=

        > Projecting Achillea.atrata_EMmeanByAUCroc_mergedData_mergedRun_mergedAlgo ...
        > Projecting Achillea.atrata_EMcvByAUCroc_mergedData_mergedRun_mergedAlgo ...

! Binary/Filtered transformation automatically desactivated for ensemble models with coefficient of variation or confidence intervals
        > Building TSS binaries / filtered
        > Building AUCroc binaries / filtered
        > Building KAPPA binaries / filtered

-=-=-=-=-=-=-=-=-=-=-=-=-=-=-=-=-=-= Done -=-=-=-=-=-=-=-=-=-=-=-=-=-=-=-=-=-=


DEBUG: Processing future scenario 1 of 2 : ./data/input/PCA/Futuro/gfdl.esm4/ssp370 
DEBUG: Found 2 files: PC1.tif, PC2.tif 
DEBUG: Raster loaded, ncell = 63951097 , hasValues = TRUE 

-=-=-=-=-=-=-=-=-=-=-=-=-= Do Single Models Projection -=-=-=-=-=-=-=-=-=-=-=-=-=
Error in h(simpleError(msg, call)) : 
  error in evaluating the argument 'x' in selecting a method for function 'classify': [==] raster has no values
Calls: BIOMOD_Projection ... classify -> ! -> ! -> == -> == -> messages -> error
Execution halted


srun: error: lrdn3517: task 0: Exited with exit code 1

real    67m50.525s
user    0m0.281s
sys     0m0.011s
[epezzano@login01 IscrC_SPECC]$ exit
