> options(warn = 1) # stampa i warning quando accadono (non in blocco a fine run)
> 
> library(biomod2)
biomod2 4.3-4-5 loaded.
 /!\ Welcome to augmented biomod2 with abundance modeling available! (*o*)
 Take a look at the HOME and NEWS section on the website to see all the features!

Loading required package: nnet
Loading required package: rpart
Loading required package: cito
Warning in library(package, lib.loc = lib.loc, character.only = TRUE, logical.return = TRUE,  :
  there is no package called ‘cito’
Loading required package: mda
Loading required package: class
Loaded mda 0.5-5

Loading required package: gam
Loading required package: splines
Loading required package: foreach
Loaded gam 1.22-7

Loading required package: mgcv
Loading required package: nlme
This is mgcv 1.9-4. For overview type '?mgcv'.

Attaching package: ‘mgcv’

The following objects are masked from ‘package:gam’:

    gam, gam.control, gam.fit, s

The following object is masked from ‘package:nnet’:

    multinom

Loading required package: gbm
Loaded gbm 2.2.3
This version of gbm is no longer under development. Consider transitioning to gbm3, https://github.com/gbm-developers/gbm3
Loading required package: earth
Loading required package: Formula
Loading required package: plotmo
Loading required package: plotrix
Loading required package: maxnet
Loading required package: randomForest
randomForest 4.7-1.2
Type rfNews() to see new features/changes/bug fixes.
Loading required package: xgboost
> library(terra)
terra 1.9.11

Attaching package: ‘terra’

The following object is masked from ‘package:plotrix’:

    rescale

> library(gbm)
> library(mda)
> library(randomForest)
> 
> # NOTE: makeCluster/registerDoParallel removed - hangs inside Singularity container.
> 
> root <- normalizePath(".")
> in_dir <- file.path(root, "data/input")
> out_dir <- file.path(root, "data/output")
> dir.create(out_dir, showWarnings = FALSE)
> 
> ####################################
> # loading species occurrences data
> ####################################
> spocc <- read.csv(file.path(in_dir, "agrostis_1km_EUNIS.csv"), head = TRUE)
> spocc <- spocc[, -1] # drop id -> cols: sp_name, x, y, pseudo-absences
> spocc$sp_name <- sub(" ", ".", spocc$sp_name)
> sp.names <- levels(factor(spocc[, 1]))
> num_sp <- length(sp.names)
> cat("DEBUG: num_sp =", num_sp, "| total rows =", nrow(spocc), "\n")
DEBUG: num_sp = 1 | total rows = 170701 
> 
> #####################################
> # CALIBRATION environmental data
> #####################################
> cat("DEBUG: loading calibration rasters...\n")
DEBUG: loading calibration rasters...
> clim_cal <- rast(dir(file.path(in_dir, "climate_vars/baseline"), full.names = T))
> tri_cal <- rast(dir(file.path(in_dir, "TRI_vars"), full.names = T))
> soil_cal <- rast(dir(file.path(in_dir, "soil_vars"), full.names = T))
> cur_cal <- c(clim_cal, tri_cal, soil_cal)
> names(cur_cal) <- c("PC1_clim", "PC2_clim", "tri", "PC1_soil", "PC2_soil")
> cat("DEBUG: raster dim =", dim(cur_cal)[1], "x", dim(cur_cal)[2], "| ncell =", ncell(cur_cal), "\n")
DEBUG: raster dim = 5873 x 10889 | ncell = 63951097 
> 
> #####################################
> # PROJECTION environmental data
> #####################################
> clim_proj <- rast(dir(file.path(in_dir, "climate_vars/baseline"), full.names = T))
> tri_proj <- rast(dir(file.path(in_dir, "TRI_vars"), full.names = T))
> soil_proj <- rast(dir(file.path(in_dir, "soil_vars"), full.names = T))
> cur_proj <- c(clim_proj, tri_proj, soil_proj)
> names(cur_proj) <- c("PC1_clim", "PC2_clim", "tri", "PC1_soil", "PC2_soil")
> 
> #####################################
> # loading FUTURE list (leaf dirs containing tif)
> #####################################
> lf <- list.dirs(file.path(in_dir, "climate_vars/future"), full.names = T, recursive = T)[-1]
> lf <- lf[sapply(lf, function(d) length(list.files(d, pattern = "\\.tif$")) > 0)]
> cat("DEBUG: testing with", length(lf), "future scenarios\n")
DEBUG: testing with 8 future scenarios
> 
> # outputs (biomod2 writes species folders into the working dir)
> setwd(out_dir)
> 
> pb <- txtProgressBar(min = 0, max = num_sp, style = 3, width = 50, char = "=")
  |                                                          |                                                  |   0%> 
> selModels <- c("GLM", "GBM", "ANN", "FDA", "MAXNET")
> 
> # DEBUG: use first species
> i <- 1
> spocc1 <- subset(spocc, spocc[, 1] == sp.names[i])
> # DEBUG: truncate to 1000 occurrences for testing
> spocc1 <- spocc1[1:min(1000, nrow(spocc1)), ]
> cat("DEBUG: species =", sp.names[i], "| occurrences =", nrow(spocc1), "\n")
DEBUG: species = Agrostis.capillaris | occurrences = 1000 
> 
> ###########################################################################
> ######################     CALIBRATION ON EUROPE      #####################
> ###########################################################################
> 
> start.time <- Sys.time()
> myRespName <- paste(sp.names[i], sep = ".")
> myRespXY <- spocc1[, 2:3] # coordinates of points
> myResp <- rep(1, nrow(spocc1)) # species occurences
> 
> cat("DEBUG: starting BIOMOD_FormatingData at", format(Sys.time(), "%H:%M:%S"), "\n")
DEBUG: starting BIOMOD_FormatingData at 15:42:48 
> flush.console()
> 
> # 1. Formatting Data
> myBiomodData <- BIOMOD_FormatingData(
+   resp.var = myResp,
+   expl.var = cur_cal,
+   resp.xy = myRespXY,
+   resp.name = myRespName,
+   PA.nb.rep = 3,
+   PA.nb.absences = 10,
+   PA.strategy = "random",
+   na.rm = TRUE,
+   filter.raster = F
+ )

-=-=-=-=-=-=-=-=-=-=-= Agrostis.capillaris Data Formating -=-=-=-=-=-=-=-=-=-=-=


Checking Pseudo-absence selection arguments...

   > random pseudo absences selection
   > Pseudo absences are selected in explanatory variables

 ! Some NAs have been automatically removed from your data
-=-=-=-=-=-=-=-=-=-=-=-=-=-=-=-=-=-= Done -=-=-=-=-=-=-=-=-=-=-=-=-=-=-=-=-=-=
> 
> cat("DEBUG: BIOMOD_FormatingData done at", format(Sys.time(), "%H:%M:%S"), "\n")
DEBUG: BIOMOD_FormatingData done at 15:43:37 
> end.time <- Sys.time()
> time.formating <- end.time - start.time
> 
> start.time <- Sys.time()
> # 2. Defining Models Options (bigboss preset)
> opt.b <- bm_ModelingOptions(
+   data.type = "binary",
+   models = selModels,
+   strategy = "bigboss",
+   bm.format = myBiomodData
+ )

-=-=-=-=-=-=-=-=-=-=-=-=-=-= Build Modeling Options -=-=-=-=-=-=-=-=-=-=-=-=-=-=

	>  GLM options ( datatype: binary , package: stats , function: glm )...
	>  GBM options ( datatype: binary , package: gbm , function: gbm )...
	>  ANN options ( datatype: binary , package: nnet , function: nnet )...
	>  FDA options ( datatype: binary , package: mda , function: fda )...
	>  MAXNET options ( datatype: binary , package: maxnet , function: maxnet )...

-=-=-=-=-=-=-=-=-=-=-=-=-=-=-=-=-=-= Done -=-=-=-=-=-=-=-=-=-=-=-=-=-=-=-=-=-=
> 
> # 3. Computing the models
> myBiomodModelOut <- BIOMOD_Modeling(
+   myBiomodData,
+   models = selModels,
+   CV.strategy = "random",
+   CV.nb.rep = 2, # DEBUG: reduced from 5
+   CV.perc = 0.7,
+   OPT.strategy = "bigboss",
+   metric.eval = c("TSS", "AUCroc", "KAPPA", "POD", "FAR"),
+   scale.models = FALSE,
+   CV.do.full.models = FALSE,
+   nb.cpu = 1,
+   do.progress = T
+ )

-=-=-=-=-=-=-=-=-=-=-=-=-=-=-= Build Single Models -=-=-=-=-=-=-=-=-=-=-=-=-=-=-=


Checking Models arguments...

	> Automatic weights creation to rise a 0.5 prevalence
Creating suitable Workdir...


Checking Cross-Validation arguments...

   > Random cross-validation selection

-=-=-=-=-=-=-=-=-=-=-=-=-=-= Build Modeling Options -=-=-=-=-=-=-=-=-=-=-=-=-=-=

	>  GLM options ( datatype: binary , package: stats , function: glm )...
	>  GBM options ( datatype: binary , package: gbm , function: gbm )...
	>  ANN options ( datatype: binary , package: nnet , function: nnet )...
	>  FDA options ( datatype: binary , package: mda , function: fda )...
	>  MAXNET options ( datatype: binary , package: maxnet , function: maxnet )...

-=-=-=-=-=-=-=-=-=-=-=-=-=-=-=-=-=-= Done -=-=-=-=-=-=-=-=-=-=-=-=-=-=-=-=-=-=



-=-=-=-=-=-=-=-=-=-= Agrostis.capillaris Modeling Summary -=-=-=-=-=-=-=-=-=-=

> 5 environmental variables ( PC1_clim PC2_clim tri PC1_soil PC2_soil )

> Number of PA datasets : 3

> Number of calibration/validation splits : 2

> Algorithms selected : GLM GBM ANN FDA MAXNET
 6 models for each algorithm

Total number of model runs: 30 

-=-=-=-=-=-=-=-=-=-=-=-=-=-=-=-=-=-=-=-=-=-=-=-=-=-=-=-=-=-=-=-=-=-=-=-=-=-=-=-=
Warning: executing %dopar% sequentially: no parallel backend registered


-=-=-=--=-=-=- Agrostis.capillaris_PA1_RUN1_GLM 
Warning: glm.fit: fitted probabilities numerically 0 or 1 occurred

	Evaluating Model stuff...

-=-=-=--=-=-=- Agrostis.capillaris_PA1_RUN1_GBM 
CV: 1 
CV: 2 
CV: 3 

	Evaluating Model stuff...

-=-=-=--=-=-=- Agrostis.capillaris_PA1_RUN1_ANN 

	Model scaling...Warning: glm.fit: algorithm did not converge
Warning: glm.fit: fitted probabilities numerically 0 or 1 occurred

	Evaluating Model stuff...

-=-=-=--=-=-=- Agrostis.capillaris_PA1_RUN1_FDA 

	Model scaling...Warning: glm.fit: fitted probabilities numerically 0 or 1 occurred

	Evaluating Model stuff...

-=-=-=--=-=-=- Agrostis.capillaris_PA1_RUN1_MAXNET 

	Evaluating Model stuff...

-=-=-=--=-=-=- Agrostis.capillaris_PA1_RUN2_GLM 
Warning: glm.fit: fitted probabilities numerically 0 or 1 occurred

	Evaluating Model stuff...

-=-=-=--=-=-=- Agrostis.capillaris_PA1_RUN2_GBM 
CV: 1 
CV: 2 
CV: 3 

	Evaluating Model stuff...

-=-=-=--=-=-=- Agrostis.capillaris_PA1_RUN2_ANN 

	Model scaling...Warning: glm.fit: algorithm did not converge
Warning: glm.fit: fitted probabilities numerically 0 or 1 occurred

	Evaluating Model stuff...

-=-=-=--=-=-=- Agrostis.capillaris_PA1_RUN2_FDA 

	Model scaling...Warning: glm.fit: fitted probabilities numerically 0 or 1 occurred

	Evaluating Model stuff...

-=-=-=--=-=-=- Agrostis.capillaris_PA1_RUN2_MAXNET 

	Evaluating Model stuff...

-=-=-=--=-=-=- Agrostis.capillaris_PA2_RUN1_GLM 
Warning: glm.fit: fitted probabilities numerically 0 or 1 occurred

	Evaluating Model stuff...

-=-=-=--=-=-=- Agrostis.capillaris_PA2_RUN1_GBM 
CV: 1 
CV: 2 
CV: 3 

	Evaluating Model stuff...

-=-=-=--=-=-=- Agrostis.capillaris_PA2_RUN1_ANN 

	Model scaling...Warning: glm.fit: algorithm did not converge

	Evaluating Model stuff...

-=-=-=--=-=-=- Agrostis.capillaris_PA2_RUN1_FDA 

	Model scaling...Warning: glm.fit: fitted probabilities numerically 0 or 1 occurred

	Evaluating Model stuff...

-=-=-=--=-=-=- Agrostis.capillaris_PA2_RUN1_MAXNET 

	Evaluating Model stuff...

-=-=-=--=-=-=- Agrostis.capillaris_PA2_RUN2_GLM 
Warning: glm.fit: fitted probabilities numerically 0 or 1 occurred

	Evaluating Model stuff...

-=-=-=--=-=-=- Agrostis.capillaris_PA2_RUN2_GBM 
CV: 1 
CV: 2 
CV: 3 

	Evaluating Model stuff...

-=-=-=--=-=-=- Agrostis.capillaris_PA2_RUN2_ANN 

	Model scaling...Warning: glm.fit: algorithm did not converge

	Evaluating Model stuff...

-=-=-=--=-=-=- Agrostis.capillaris_PA2_RUN2_FDA 

	Model scaling...Warning: glm.fit: fitted probabilities numerically 0 or 1 occurred

	Evaluating Model stuff...

-=-=-=--=-=-=- Agrostis.capillaris_PA2_RUN2_MAXNET 

	Evaluating Model stuff...

-=-=-=--=-=-=- Agrostis.capillaris_PA3_RUN1_GLM 
Warning: glm.fit: algorithm did not converge
Warning: glm.fit: fitted probabilities numerically 0 or 1 occurred

	Evaluating Model stuff...

-=-=-=--=-=-=- Agrostis.capillaris_PA3_RUN1_GBM 
CV: 1 
CV: 2 
CV: 3 

	Evaluating Model stuff...

-=-=-=--=-=-=- Agrostis.capillaris_PA3_RUN1_ANN 

	Model scaling...Warning: glm.fit: algorithm did not converge
Warning: glm.fit: fitted probabilities numerically 0 or 1 occurred

	Evaluating Model stuff...

-=-=-=--=-=-=- Agrostis.capillaris_PA3_RUN1_FDA 

	Model scaling...Warning: glm.fit: fitted probabilities numerically 0 or 1 occurred

	Evaluating Model stuff...

-=-=-=--=-=-=- Agrostis.capillaris_PA3_RUN1_MAXNET 

	Evaluating Model stuff...

-=-=-=--=-=-=- Agrostis.capillaris_PA3_RUN2_GLM 
Warning: glm.fit: fitted probabilities numerically 0 or 1 occurred

	Evaluating Model stuff...

-=-=-=--=-=-=- Agrostis.capillaris_PA3_RUN2_GBM 
CV: 1 
CV: 2 
CV: 3 

	Evaluating Model stuff...

-=-=-=--=-=-=- Agrostis.capillaris_PA3_RUN2_ANN 

	Model scaling...
	Evaluating Model stuff...

-=-=-=--=-=-=- Agrostis.capillaris_PA3_RUN2_FDA 

	Model scaling...Warning: glm.fit: fitted probabilities numerically 0 or 1 occurred

	Evaluating Model stuff...

-=-=-=--=-=-=- Agrostis.capillaris_PA3_RUN2_MAXNET 

	Evaluating Model stuff...
-=-=-=-=-=-=-=-=-=-=-=-=-=-=-=-=-=-= Done -=-=-=-=-=-=-=-=-=-=-=-=-=-=-=-=-=-=
> end.time <- Sys.time()
> time.modeling <- end.time - start.time
> 
> start.time <- Sys.time()
> # 4. Model ensemble models
> myBiomodEM <- BIOMOD_EnsembleModeling(
+   bm.mod = myBiomodModelOut,
+   models.chosen = "all",
+   em.by = "all",
+   em.algo = c("EMmean", "EMcv"),
+   metric.select = c("AUCroc"),
+   metric.select.thresh = c(0.6),
+   metric.eval = c("TSS", "AUCroc", "KAPPA"),
+   nb.cpu = 1
+ )

-=-=-=-=-=-=-=-=-=-=-=-=-=-= Build Ensemble Models -=-=-=-=-=-=-=-=-=-=-=-=-=-=

   ! all models available will be included in ensemble.modeling
  ! Ensemble Models will be filtered and/or weighted using validation dataset (if possible). Please use `metric.select.dataset` for alternative options.
   > Evaluation & Weighting methods summary :
      AUCroc over 0.6


  > mergedData_mergedRun_mergedAlgo ensemble modeling
   ! Additional projection required for ensemble models merging several pseudo-absence dataset...
-=-=-=-=-=-=-=-=-=-=-=-=-= Do Single Models Projection -=-=-=-=-=-=-=-=-=-=-=-=-=

	> Projecting Agrostis.capillaris_PA1_RUN1_GLM ...
	> Projecting Agrostis.capillaris_PA1_RUN1_GBM ...
	> Projecting Agrostis.capillaris_PA1_RUN1_ANN ...
	> Projecting Agrostis.capillaris_PA1_RUN1_FDA ...
	> Projecting Agrostis.capillaris_PA1_RUN1_MAXNET ...
	> Projecting Agrostis.capillaris_PA1_RUN2_GLM ...
	> Projecting Agrostis.capillaris_PA1_RUN2_GBM ...
	> Projecting Agrostis.capillaris_PA1_RUN2_ANN ...
	> Projecting Agrostis.capillaris_PA1_RUN2_FDA ...
	> Projecting Agrostis.capillaris_PA1_RUN2_MAXNET ...
-=-=-=-=-=-=-=-=-=-=-=-=-=-=-=-=-=-= Done -=-=-=-=-=-=-=-=-=-=-=-=-=-=-=-=-=-=

-=-=-=-=-=-=-=-=-=-=-=-=-= Do Single Models Projection -=-=-=-=-=-=-=-=-=-=-=-=-=

	> Projecting Agrostis.capillaris_PA2_RUN1_GLM ...
	> Projecting Agrostis.capillaris_PA2_RUN1_GBM ...
	> Projecting Agrostis.capillaris_PA2_RUN1_ANN ...
	> Projecting Agrostis.capillaris_PA2_RUN1_FDA ...
	> Projecting Agrostis.capillaris_PA2_RUN1_MAXNET ...
	> Projecting Agrostis.capillaris_PA2_RUN2_GLM ...
	> Projecting Agrostis.capillaris_PA2_RUN2_GBM ...
	> Projecting Agrostis.capillaris_PA2_RUN2_ANN ...
	> Projecting Agrostis.capillaris_PA2_RUN2_FDA ...
	> Projecting Agrostis.capillaris_PA2_RUN2_MAXNET ...
-=-=-=-=-=-=-=-=-=-=-=-=-=-=-=-=-=-= Done -=-=-=-=-=-=-=-=-=-=-=-=-=-=-=-=-=-=

-=-=-=-=-=-=-=-=-=-=-=-=-= Do Single Models Projection -=-=-=-=-=-=-=-=-=-=-=-=-=

	> Projecting Agrostis.capillaris_PA3_RUN1_GLM ...
	> Projecting Agrostis.capillaris_PA3_RUN1_GBM ...
	> Projecting Agrostis.capillaris_PA3_RUN1_ANN ...
	> Projecting Agrostis.capillaris_PA3_RUN1_FDA ...
	> Projecting Agrostis.capillaris_PA3_RUN1_MAXNET ...
	> Projecting Agrostis.capillaris_PA3_RUN2_GLM ...
	> Projecting Agrostis.capillaris_PA3_RUN2_GBM ...
	> Projecting Agrostis.capillaris_PA3_RUN2_ANN ...
	> Projecting Agrostis.capillaris_PA3_RUN2_FDA ...
	> Projecting Agrostis.capillaris_PA3_RUN2_MAXNET ...
-=-=-=-=-=-=-=-=-=-=-=-=-=-=-=-=-=-= Done -=-=-=-=-=-=-=-=-=-=-=-=-=-=-=-=-=-=



   > Mean of probabilities by AUCroc ...
			Evaluating Model stuff...

   > Coef of variation of probabilities by AUCroc ...
-=-=-=-=-=-=-=-=-=-=-=-=-=-=-=-=-=-= Done -=-=-=-=-=-=-=-=-=-=-=-=-=-=-=-=-=-=
> end.time <- Sys.time()
> time.modeling_EM <- end.time - start.time
> 
> ### Models evaluations
> myBiomodModelEval <- get_evaluations(myBiomodModelOut)
> myBiomodModelEval_ensamble <- get_evaluations(myBiomodEM)
> 
> nome <- paste0("Eval_", sp.names[i], ".txt", sep = "")
> write.table(myBiomodModelEval, file = nome, sep = "\t")
> 
> nome1 <- paste0("Eval_EM_", sp.names[i], ".txt", sep = "")
> write.table(myBiomodModelEval_ensamble, file = nome1, sep = "\t")
> 
> ###########################################################################
> ######################      PROJECTION ON ALPS        #####################
> ###########################################################################
> 
> ###########################################################################
> ###########################           CURRENT   ###########################
> ###########################################################################
> 
> # 5. Individual models projections on current environmental conditions
> start.time <- Sys.time()
> myBiomodProj <- BIOMOD_Projection(
+   bm.mod = myBiomodModelOut,
+   proj.name = "current",
+   new.env = cur_proj,
+   models.chosen = "all",
+   build.clamping.mask = T,
+   nb.cpu = 1
+ )

-=-=-=-=-=-=-=-=-=-=-=-=-= Do Single Models Projection -=-=-=-=-=-=-=-=-=-=-=-=-=

	> Building clamping mask

	> Projecting Agrostis.capillaris_PA1_RUN1_GLM ...
	> Projecting Agrostis.capillaris_PA1_RUN1_GBM ...
	> Projecting Agrostis.capillaris_PA1_RUN1_ANN ...
	> Projecting Agrostis.capillaris_PA1_RUN1_FDA ...
	> Projecting Agrostis.capillaris_PA1_RUN1_MAXNET ...
	> Projecting Agrostis.capillaris_PA1_RUN2_GLM ...
	> Projecting Agrostis.capillaris_PA1_RUN2_GBM ...
	> Projecting Agrostis.capillaris_PA1_RUN2_ANN ...
	> Projecting Agrostis.capillaris_PA1_RUN2_FDA ...
	> Projecting Agrostis.capillaris_PA1_RUN2_MAXNET ...
	> Projecting Agrostis.capillaris_PA2_RUN1_GLM ...
	> Projecting Agrostis.capillaris_PA2_RUN1_GBM ...
	> Projecting Agrostis.capillaris_PA2_RUN1_ANN ...
	> Projecting Agrostis.capillaris_PA2_RUN1_FDA ...
	> Projecting Agrostis.capillaris_PA2_RUN1_MAXNET ...
	> Projecting Agrostis.capillaris_PA2_RUN2_GLM ...
	> Projecting Agrostis.capillaris_PA2_RUN2_GBM ...
	> Projecting Agrostis.capillaris_PA2_RUN2_ANN ...
	> Projecting Agrostis.capillaris_PA2_RUN2_FDA ...
	> Projecting Agrostis.capillaris_PA2_RUN2_MAXNET ...
	> Projecting Agrostis.capillaris_PA3_RUN1_GLM ...
	> Projecting Agrostis.capillaris_PA3_RUN1_GBM ...
	> Projecting Agrostis.capillaris_PA3_RUN1_ANN ...
	> Projecting Agrostis.capillaris_PA3_RUN1_FDA ...
	> Projecting Agrostis.capillaris_PA3_RUN1_MAXNET ...
	> Projecting Agrostis.capillaris_PA3_RUN2_GLM ...
	> Projecting Agrostis.capillaris_PA3_RUN2_GBM ...
	> Projecting Agrostis.capillaris_PA3_RUN2_ANN ...
	> Projecting Agrostis.capillaris_PA3_RUN2_FDA ...
	> Projecting Agrostis.capillaris_PA3_RUN2_MAXNET ...
-=-=-=-=-=-=-=-=-=-=-=-=-=-=-=-=-=-= Done -=-=-=-=-=-=-=-=-=-=-=-=-=-=-=-=-=-=
> end.time <- Sys.time()
> time.cur_proj <- end.time - start.time
> 
> # 6. Project ensemble models (reuse bm.proj to avoid internal re-projection)
> start.time <- Sys.time()
> myBiomodEMProj <- BIOMOD_EnsembleForecasting(
+   bm.em = myBiomodEM,
+   bm.proj = myBiomodProj, # reuse computed projection; biomod2 wants XOR(bm.proj, new.env)
+   proj.name = "CurrentEM",
+   models.chosen = "all",
+   metric.binary = "all",
+   metric.filter = "all",
+   nb.cpu = 1
+ )

-=-=-=-=-=-=-=-=-=-=-=-= Do Ensemble Models Projection -=-=-=-=-=-=-=-=-=-=-=-=

Creating suitable Workdir...

	> Projecting Agrostis.capillaris_EMmeanByAUCroc_mergedData_mergedRun_mergedAlgo ...
	> Projecting Agrostis.capillaris_EMcvByAUCroc_mergedData_mergedRun_mergedAlgo ...

! Binary/Filtered transformation automatically desactivated for ensemble models with coefficient of variation or confidence intervals
	> Building TSS binaries / filtered
	> Building AUCroc binaries / filtered
	> Building KAPPA binaries / filtered

-=-=-=-=-=-=-=-=-=-=-=-=-=-=-=-=-=-= Done -=-=-=-=-=-=-=-=-=-=-=-=-=-=-=-=-=-=
> end.time <- Sys.time()
> time.cur_proj_EM <- end.time - start.time
> 
> ###########################################################################
> #######################################   FUTURE     ######################
> ###########################################################################
> 
> ## Number of future projections
> nf <- length(lf)
> 
> start.time <- Sys.time()
> for (k in 1:nf) {
+   name <- lf[k]
+   cat("\n\nDEBUG: Processing future scenario", k, "of", nf, ":", name, "\n")
+ 
+   fut_files <- dir(lf[k], full.names = T)
+   fut1 <- rast(fut_files)
+   cat("DEBUG: Raster loaded, ncell =", ncell(fut1), ", hasValues =", hasValues(fut1), "\n")
+ 
+   fut <- fut1
+   fut_proj <- c(fut[[1]], fut[[2]], tri_proj, soil_proj[[1]], soil_proj[[2]])
+   names(fut_proj) <- c("PC1_clim", "PC2_clim", "tri", "PC1_soil", "PC2_soil")
+ 
+   # path-depth independent: <gcm>/<ssp> are the last two path components
+   nm1 <- strsplit(name, "/")[[1]]
+   nm <- paste0(nm1[length(nm1) - 1], "_", nm1[length(nm1)])
+   nm2 <- paste0("futureEM_", nm1[length(nm1) - 1], "_", nm1[length(nm1)])
+ 
+   # 5. Individual models projections on future environmental conditions
+   myBiomodProj_fut <- BIOMOD_Projection(
+     bm.mod = myBiomodModelOut,
+     proj.name = nm,
+     new.env = fut_proj,
+     models.chosen = "all",
+     build.clamping.mask = T,
+     nb.cpu = 1
+   )
+ 
+   myBiomodEMProj_fut <- BIOMOD_EnsembleForecasting(
+     bm.em = myBiomodEM,
+     bm.proj = myBiomodProj_fut, # reuse computed projection; biomod2 wants XOR(bm.proj, new.env)
+     proj.name = nm2,
+     models.chosen = "all",
+     metric.binary = "all",
+     metric.filter = "all",
+     nb.cpu = 1
+   )
+ }


DEBUG: Processing future scenario 1 of 8 : /work/data/input/climate_vars/future/gfdl.esm4/ssp370 
DEBUG: Raster loaded, ncell = 63951097 , hasValues = TRUE 

-=-=-=-=-=-=-=-=-=-=-=-=-= Do Single Models Projection -=-=-=-=-=-=-=-=-=-=-=-=-=

	> Building clamping mask

	> Projecting Agrostis.capillaris_PA1_RUN1_GLM ...
	> Projecting Agrostis.capillaris_PA1_RUN1_GBM ...
	> Projecting Agrostis.capillaris_PA1_RUN1_ANN ...
	> Projecting Agrostis.capillaris_PA1_RUN1_FDA ...
	> Projecting Agrostis.capillaris_PA1_RUN1_MAXNET ...
	> Projecting Agrostis.capillaris_PA1_RUN2_GLM ...
	> Projecting Agrostis.capillaris_PA1_RUN2_GBM ...
	> Projecting Agrostis.capillaris_PA1_RUN2_ANN ...
	> Projecting Agrostis.capillaris_PA1_RUN2_FDA ...
	> Projecting Agrostis.capillaris_PA1_RUN2_MAXNET ...
	> Projecting Agrostis.capillaris_PA2_RUN1_GLM ...
	> Projecting Agrostis.capillaris_PA2_RUN1_GBM ...
	> Projecting Agrostis.capillaris_PA2_RUN1_ANN ...
	> Projecting Agrostis.capillaris_PA2_RUN1_FDA ...
	> Projecting Agrostis.capillaris_PA2_RUN1_MAXNET ...
	> Projecting Agrostis.capillaris_PA2_RUN2_GLM ...
	> Projecting Agrostis.capillaris_PA2_RUN2_GBM ...
	> Projecting Agrostis.capillaris_PA2_RUN2_ANN ...
	> Projecting Agrostis.capillaris_PA2_RUN2_FDA ...
	> Projecting Agrostis.capillaris_PA2_RUN2_MAXNET ...
	> Projecting Agrostis.capillaris_PA3_RUN1_GLM ...
	> Projecting Agrostis.capillaris_PA3_RUN1_GBM ...
	> Projecting Agrostis.capillaris_PA3_RUN1_ANN ...
	> Projecting Agrostis.capillaris_PA3_RUN1_FDA ...
	> Projecting Agrostis.capillaris_PA3_RUN1_MAXNET ...
	> Projecting Agrostis.capillaris_PA3_RUN2_GLM ...
	> Projecting Agrostis.capillaris_PA3_RUN2_GBM ...
	> Projecting Agrostis.capillaris_PA3_RUN2_ANN ...
	> Projecting Agrostis.capillaris_PA3_RUN2_FDA ...
	> Projecting Agrostis.capillaris_PA3_RUN2_MAXNET ...
-=-=-=-=-=-=-=-=-=-=-=-=-=-=-=-=-=-= Done -=-=-=-=-=-=-=-=-=-=-=-=-=-=-=-=-=-=

-=-=-=-=-=-=-=-=-=-=-=-= Do Ensemble Models Projection -=-=-=-=-=-=-=-=-=-=-=-=

Creating suitable Workdir...

	> Projecting Agrostis.capillaris_EMmeanByAUCroc_mergedData_mergedRun_mergedAlgo ...
	> Projecting Agrostis.capillaris_EMcvByAUCroc_mergedData_mergedRun_mergedAlgo ...

! Binary/Filtered transformation automatically desactivated for ensemble models with coefficient of variation or confidence intervals
	> Building TSS binaries / filtered
	> Building AUCroc binaries / filtered
	> Building KAPPA binaries / filtered

-=-=-=-=-=-=-=-=-=-=-=-=-=-=-=-=-=-= Done -=-=-=-=-=-=-=-=-=-=-=-=-=-=-=-=-=-=


DEBUG: Processing future scenario 2 of 8 : /work/data/input/climate_vars/future/gfdl.esm4/ssp585 
DEBUG: Raster loaded, ncell = 63951097 , hasValues = TRUE 

-=-=-=-=-=-=-=-=-=-=-=-=-= Do Single Models Projection -=-=-=-=-=-=-=-=-=-=-=-=-=

	> Building clamping mask

	> Projecting Agrostis.capillaris_PA1_RUN1_GLM ...
	> Projecting Agrostis.capillaris_PA1_RUN1_GBM ...
	> Projecting Agrostis.capillaris_PA1_RUN1_ANN ...
	> Projecting Agrostis.capillaris_PA1_RUN1_FDA ...
	> Projecting Agrostis.capillaris_PA1_RUN1_MAXNET ...
	> Projecting Agrostis.capillaris_PA1_RUN2_GLM ...
	> Projecting Agrostis.capillaris_PA1_RUN2_GBM ...
	> Projecting Agrostis.capillaris_PA1_RUN2_ANN ...
	> Projecting Agrostis.capillaris_PA1_RUN2_FDA ...
	> Projecting Agrostis.capillaris_PA1_RUN2_MAXNET ...
	> Projecting Agrostis.capillaris_PA2_RUN1_GLM ...
	> Projecting Agrostis.capillaris_PA2_RUN1_GBM ...
	> Projecting Agrostis.capillaris_PA2_RUN1_ANN ...
	> Projecting Agrostis.capillaris_PA2_RUN1_FDA ...
	> Projecting Agrostis.capillaris_PA2_RUN1_MAXNET ...
	> Projecting Agrostis.capillaris_PA2_RUN2_GLM ...
	> Projecting Agrostis.capillaris_PA2_RUN2_GBM ...
	> Projecting Agrostis.capillaris_PA2_RUN2_ANN ...
	> Projecting Agrostis.capillaris_PA2_RUN2_FDA ...
	> Projecting Agrostis.capillaris_PA2_RUN2_MAXNET ...
	> Projecting Agrostis.capillaris_PA3_RUN1_GLM ...
	> Projecting Agrostis.capillaris_PA3_RUN1_GBM ...
	> Projecting Agrostis.capillaris_PA3_RUN1_ANN ...
	> Projecting Agrostis.capillaris_PA3_RUN1_FDA ...
	> Projecting Agrostis.capillaris_PA3_RUN1_MAXNET ...
	> Projecting Agrostis.capillaris_PA3_RUN2_GLM ...
	> Projecting Agrostis.capillaris_PA3_RUN2_GBM ...
	> Projecting Agrostis.capillaris_PA3_RUN2_ANN ...
	> Projecting Agrostis.capillaris_PA3_RUN2_FDA ...
	> Projecting Agrostis.capillaris_PA3_RUN2_MAXNET ...
-=-=-=-=-=-=-=-=-=-=-=-=-=-=-=-=-=-= Done -=-=-=-=-=-=-=-=-=-=-=-=-=-=-=-=-=-=

-=-=-=-=-=-=-=-=-=-=-=-= Do Ensemble Models Projection -=-=-=-=-=-=-=-=-=-=-=-=

Creating suitable Workdir...

	> Projecting Agrostis.capillaris_EMmeanByAUCroc_mergedData_mergedRun_mergedAlgo ...
	> Projecting Agrostis.capillaris_EMcvByAUCroc_mergedData_mergedRun_mergedAlgo ...

! Binary/Filtered transformation automatically desactivated for ensemble models with coefficient of variation or confidence intervals
	> Building TSS binaries / filtered
	> Building AUCroc binaries / filtered
	> Building KAPPA binaries / filtered

-=-=-=-=-=-=-=-=-=-=-=-=-=-=-=-=-=-= Done -=-=-=-=-=-=-=-=-=-=-=-=-=-=-=-=-=-=


DEBUG: Processing future scenario 3 of 8 : /work/data/input/climate_vars/future/ipsl.cm6a.lr/ssp370 
DEBUG: Raster loaded, ncell = 63951097 , hasValues = TRUE 

-=-=-=-=-=-=-=-=-=-=-=-=-= Do Single Models Projection -=-=-=-=-=-=-=-=-=-=-=-=-=

	> Building clamping mask

	> Projecting Agrostis.capillaris_PA1_RUN1_GLM ...
	> Projecting Agrostis.capillaris_PA1_RUN1_GBM ...
	> Projecting Agrostis.capillaris_PA1_RUN1_ANN ...
	> Projecting Agrostis.capillaris_PA1_RUN1_FDA ...
	> Projecting Agrostis.capillaris_PA1_RUN1_MAXNET ...
	> Projecting Agrostis.capillaris_PA1_RUN2_GLM ...
	> Projecting Agrostis.capillaris_PA1_RUN2_GBM ...
	> Projecting Agrostis.capillaris_PA1_RUN2_ANN ...
	> Projecting Agrostis.capillaris_PA1_RUN2_FDA ...
	> Projecting Agrostis.capillaris_PA1_RUN2_MAXNET ...
	> Projecting Agrostis.capillaris_PA2_RUN1_GLM ...
	> Projecting Agrostis.capillaris_PA2_RUN1_GBM ...
	> Projecting Agrostis.capillaris_PA2_RUN1_ANN ...
	> Projecting Agrostis.capillaris_PA2_RUN1_FDA ...
	> Projecting Agrostis.capillaris_PA2_RUN1_MAXNET ...
	> Projecting Agrostis.capillaris_PA2_RUN2_GLM ...
	> Projecting Agrostis.capillaris_PA2_RUN2_GBM ...
	> Projecting Agrostis.capillaris_PA2_RUN2_ANN ...
	> Projecting Agrostis.capillaris_PA2_RUN2_FDA ...
	> Projecting Agrostis.capillaris_PA2_RUN2_MAXNET ...
	> Projecting Agrostis.capillaris_PA3_RUN1_GLM ...
	> Projecting Agrostis.capillaris_PA3_RUN1_GBM ...
	> Projecting Agrostis.capillaris_PA3_RUN1_ANN ...
	> Projecting Agrostis.capillaris_PA3_RUN1_FDA ...
	> Projecting Agrostis.capillaris_PA3_RUN1_MAXNET ...
	> Projecting Agrostis.capillaris_PA3_RUN2_GLM ...
	> Projecting Agrostis.capillaris_PA3_RUN2_GBM ...
	> Projecting Agrostis.capillaris_PA3_RUN2_ANN ...
	> Projecting Agrostis.capillaris_PA3_RUN2_FDA ...
	> Projecting Agrostis.capillaris_PA3_RUN2_MAXNET ...
-=-=-=-=-=-=-=-=-=-=-=-=-=-=-=-=-=-= Done -=-=-=-=-=-=-=-=-=-=-=-=-=-=-=-=-=-=

-=-=-=-=-=-=-=-=-=-=-=-= Do Ensemble Models Projection -=-=-=-=-=-=-=-=-=-=-=-=

Creating suitable Workdir...

	> Projecting Agrostis.capillaris_EMmeanByAUCroc_mergedData_mergedRun_mergedAlgo ...
	> Projecting Agrostis.capillaris_EMcvByAUCroc_mergedData_mergedRun_mergedAlgo ...

! Binary/Filtered transformation automatically desactivated for ensemble models with coefficient of variation or confidence intervals
	> Building TSS binaries / filtered
	> Building AUCroc binaries / filtered
	> Building KAPPA binaries / filtered

-=-=-=-=-=-=-=-=-=-=-=-=-=-=-=-=-=-= Done -=-=-=-=-=-=-=-=-=-=-=-=-=-=-=-=-=-=


DEBUG: Processing future scenario 4 of 8 : /work/data/input/climate_vars/future/ipsl.cm6a.lr/ssp585 
DEBUG: Raster loaded, ncell = 63951097 , hasValues = TRUE 

-=-=-=-=-=-=-=-=-=-=-=-=-= Do Single Models Projection -=-=-=-=-=-=-=-=-=-=-=-=-=

	> Building clamping mask

	> Projecting Agrostis.capillaris_PA1_RUN1_GLM ...
	> Projecting Agrostis.capillaris_PA1_RUN1_GBM ...
	> Projecting Agrostis.capillaris_PA1_RUN1_ANN ...
	> Projecting Agrostis.capillaris_PA1_RUN1_FDA ...
	> Projecting Agrostis.capillaris_PA1_RUN1_MAXNET ...
	> Projecting Agrostis.capillaris_PA1_RUN2_GLM ...
	> Projecting Agrostis.capillaris_PA1_RUN2_GBM ...
	> Projecting Agrostis.capillaris_PA1_RUN2_ANN ...
	> Projecting Agrostis.capillaris_PA1_RUN2_FDA ...
	> Projecting Agrostis.capillaris_PA1_RUN2_MAXNET ...
	> Projecting Agrostis.capillaris_PA2_RUN1_GLM ...
	> Projecting Agrostis.capillaris_PA2_RUN1_GBM ...
	> Projecting Agrostis.capillaris_PA2_RUN1_ANN ...
	> Projecting Agrostis.capillaris_PA2_RUN1_FDA ...
	> Projecting Agrostis.capillaris_PA2_RUN1_MAXNET ...
	> Projecting Agrostis.capillaris_PA2_RUN2_GLM ...
	> Projecting Agrostis.capillaris_PA2_RUN2_GBM ...
	> Projecting Agrostis.capillaris_PA2_RUN2_ANN ...
	> Projecting Agrostis.capillaris_PA2_RUN2_FDA ...
	> Projecting Agrostis.capillaris_PA2_RUN2_MAXNET ...
	> Projecting Agrostis.capillaris_PA3_RUN1_GLM ...
	> Projecting Agrostis.capillaris_PA3_RUN1_GBM ...
	> Projecting Agrostis.capillaris_PA3_RUN1_ANN ...
	> Projecting Agrostis.capillaris_PA3_RUN1_FDA ...
	> Projecting Agrostis.capillaris_PA3_RUN1_MAXNET ...
	> Projecting Agrostis.capillaris_PA3_RUN2_GLM ...
	> Projecting Agrostis.capillaris_PA3_RUN2_GBM ...
	> Projecting Agrostis.capillaris_PA3_RUN2_ANN ...
	> Projecting Agrostis.capillaris_PA3_RUN2_FDA ...
	> Projecting Agrostis.capillaris_PA3_RUN2_MAXNET ...
-=-=-=-=-=-=-=-=-=-=-=-=-=-=-=-=-=-= Done -=-=-=-=-=-=-=-=-=-=-=-=-=-=-=-=-=-=

-=-=-=-=-=-=-=-=-=-=-=-= Do Ensemble Models Projection -=-=-=-=-=-=-=-=-=-=-=-=

Creating suitable Workdir...

	> Projecting Agrostis.capillaris_EMmeanByAUCroc_mergedData_mergedRun_mergedAlgo ...
	> Projecting Agrostis.capillaris_EMcvByAUCroc_mergedData_mergedRun_mergedAlgo ...

! Binary/Filtered transformation automatically desactivated for ensemble models with coefficient of variation or confidence intervals
	> Building TSS binaries / filtered
	> Building AUCroc binaries / filtered
	> Building KAPPA binaries / filtered

-=-=-=-=-=-=-=-=-=-=-=-=-=-=-=-=-=-= Done -=-=-=-=-=-=-=-=-=-=-=-=-=-=-=-=-=-=


DEBUG: Processing future scenario 5 of 8 : /work/data/input/climate_vars/future/mpi.esm1.2.hr/ssp370 
DEBUG: Raster loaded, ncell = 63951097 , hasValues = TRUE 

-=-=-=-=-=-=-=-=-=-=-=-=-= Do Single Models Projection -=-=-=-=-=-=-=-=-=-=-=-=-=

	> Building clamping mask

	> Projecting Agrostis.capillaris_PA1_RUN1_GLM ...
	> Projecting Agrostis.capillaris_PA1_RUN1_GBM ...
	> Projecting Agrostis.capillaris_PA1_RUN1_ANN ...
	> Projecting Agrostis.capillaris_PA1_RUN1_FDA ...
	> Projecting Agrostis.capillaris_PA1_RUN1_MAXNET ...
	> Projecting Agrostis.capillaris_PA1_RUN2_GLM ...
	> Projecting Agrostis.capillaris_PA1_RUN2_GBM ...
	> Projecting Agrostis.capillaris_PA1_RUN2_ANN ...
	> Projecting Agrostis.capillaris_PA1_RUN2_FDA ...
	> Projecting Agrostis.capillaris_PA1_RUN2_MAXNET ...
	> Projecting Agrostis.capillaris_PA2_RUN1_GLM ...
	> Projecting Agrostis.capillaris_PA2_RUN1_GBM ...
	> Projecting Agrostis.capillaris_PA2_RUN1_ANN ...
	> Projecting Agrostis.capillaris_PA2_RUN1_FDA ...
	> Projecting Agrostis.capillaris_PA2_RUN1_MAXNET ...
	> Projecting Agrostis.capillaris_PA2_RUN2_GLM ...
	> Projecting Agrostis.capillaris_PA2_RUN2_GBM ...
	> Projecting Agrostis.capillaris_PA2_RUN2_ANN ...
	> Projecting Agrostis.capillaris_PA2_RUN2_FDA ...
	> Projecting Agrostis.capillaris_PA2_RUN2_MAXNET ...
	> Projecting Agrostis.capillaris_PA3_RUN1_GLM ...
	> Projecting Agrostis.capillaris_PA3_RUN1_GBM ...
	> Projecting Agrostis.capillaris_PA3_RUN1_ANN ...
	> Projecting Agrostis.capillaris_PA3_RUN1_FDA ...
	> Projecting Agrostis.capillaris_PA3_RUN1_MAXNET ...
	> Projecting Agrostis.capillaris_PA3_RUN2_GLM ...
	> Projecting Agrostis.capillaris_PA3_RUN2_GBM ...
	> Projecting Agrostis.capillaris_PA3_RUN2_ANN ...
	> Projecting Agrostis.capillaris_PA3_RUN2_FDA ...
	> Projecting Agrostis.capillaris_PA3_RUN2_MAXNET ...
-=-=-=-=-=-=-=-=-=-=-=-=-=-=-=-=-=-= Done -=-=-=-=-=-=-=-=-=-=-=-=-=-=-=-=-=-=

-=-=-=-=-=-=-=-=-=-=-=-= Do Ensemble Models Projection -=-=-=-=-=-=-=-=-=-=-=-=

Creating suitable Workdir...

	> Projecting Agrostis.capillaris_EMmeanByAUCroc_mergedData_mergedRun_mergedAlgo ...
	> Projecting Agrostis.capillaris_EMcvByAUCroc_mergedData_mergedRun_mergedAlgo ...

! Binary/Filtered transformation automatically desactivated for ensemble models with coefficient of variation or confidence intervals
	> Building TSS binaries / filtered
	> Building AUCroc binaries / filtered
	> Building KAPPA binaries / filtered

-=-=-=-=-=-=-=-=-=-=-=-=-=-=-=-=-=-= Done -=-=-=-=-=-=-=-=-=-=-=-=-=-=-=-=-=-=


DEBUG: Processing future scenario 6 of 8 : /work/data/input/climate_vars/future/mpi.esm1.2.hr/ssp585 
DEBUG: Raster loaded, ncell = 63951097 , hasValues = TRUE 

-=-=-=-=-=-=-=-=-=-=-=-=-= Do Single Models Projection -=-=-=-=-=-=-=-=-=-=-=-=-=

	> Building clamping mask

	> Projecting Agrostis.capillaris_PA1_RUN1_GLM ...
	> Projecting Agrostis.capillaris_PA1_RUN1_GBM ...
	> Projecting Agrostis.capillaris_PA1_RUN1_ANN ...
	> Projecting Agrostis.capillaris_PA1_RUN1_FDA ...
	> Projecting Agrostis.capillaris_PA1_RUN1_MAXNET ...
	> Projecting Agrostis.capillaris_PA1_RUN2_GLM ...
	> Projecting Agrostis.capillaris_PA1_RUN2_GBM ...
	> Projecting Agrostis.capillaris_PA1_RUN2_ANN ...
	> Projecting Agrostis.capillaris_PA1_RUN2_FDA ...
	> Projecting Agrostis.capillaris_PA1_RUN2_MAXNET ...
	> Projecting Agrostis.capillaris_PA2_RUN1_GLM ...
	> Projecting Agrostis.capillaris_PA2_RUN1_GBM ...
	> Projecting Agrostis.capillaris_PA2_RUN1_ANN ...
	> Projecting Agrostis.capillaris_PA2_RUN1_FDA ...
	> Projecting Agrostis.capillaris_PA2_RUN1_MAXNET ...
	> Projecting Agrostis.capillaris_PA2_RUN2_GLM ...
	> Projecting Agrostis.capillaris_PA2_RUN2_GBM ...
	> Projecting Agrostis.capillaris_PA2_RUN2_ANN ...
	> Projecting Agrostis.capillaris_PA2_RUN2_FDA ...
	> Projecting Agrostis.capillaris_PA2_RUN2_MAXNET ...
	> Projecting Agrostis.capillaris_PA3_RUN1_GLM ...
	> Projecting Agrostis.capillaris_PA3_RUN1_GBM ...
	> Projecting Agrostis.capillaris_PA3_RUN1_ANN ...
	> Projecting Agrostis.capillaris_PA3_RUN1_FDA ...
	> Projecting Agrostis.capillaris_PA3_RUN1_MAXNET ...
	> Projecting Agrostis.capillaris_PA3_RUN2_GLM ...
	> Projecting Agrostis.capillaris_PA3_RUN2_GBM ...
	> Projecting Agrostis.capillaris_PA3_RUN2_ANN ...
	> Projecting Agrostis.capillaris_PA3_RUN2_FDA ...
	> Projecting Agrostis.capillaris_PA3_RUN2_MAXNET ...
-=-=-=-=-=-=-=-=-=-=-=-=-=-=-=-=-=-= Done -=-=-=-=-=-=-=-=-=-=-=-=-=-=-=-=-=-=

-=-=-=-=-=-=-=-=-=-=-=-= Do Ensemble Models Projection -=-=-=-=-=-=-=-=-=-=-=-=

Creating suitable Workdir...

	> Projecting Agrostis.capillaris_EMmeanByAUCroc_mergedData_mergedRun_mergedAlgo ...
	> Projecting Agrostis.capillaris_EMcvByAUCroc_mergedData_mergedRun_mergedAlgo ...

! Binary/Filtered transformation automatically desactivated for ensemble models with coefficient of variation or confidence intervals
	> Building TSS binaries / filtered
	> Building AUCroc binaries / filtered
	> Building KAPPA binaries / filtered

-=-=-=-=-=-=-=-=-=-=-=-=-=-=-=-=-=-= Done -=-=-=-=-=-=-=-=-=-=-=-=-=-=-=-=-=-=


DEBUG: Processing future scenario 7 of 8 : /work/data/input/climate_vars/future/mri.esm2.0/ssp370 
DEBUG: Raster loaded, ncell = 63951097 , hasValues = TRUE 

-=-=-=-=-=-=-=-=-=-=-=-=-= Do Single Models Projection -=-=-=-=-=-=-=-=-=-=-=-=-=

	> Building clamping mask

	> Projecting Agrostis.capillaris_PA1_RUN1_GLM ...
	> Projecting Agrostis.capillaris_PA1_RUN1_GBM ...
	> Projecting Agrostis.capillaris_PA1_RUN1_ANN ...
	> Projecting Agrostis.capillaris_PA1_RUN1_FDA ...
	> Projecting Agrostis.capillaris_PA1_RUN1_MAXNET ...
	> Projecting Agrostis.capillaris_PA1_RUN2_GLM ...
	> Projecting Agrostis.capillaris_PA1_RUN2_GBM ...
	> Projecting Agrostis.capillaris_PA1_RUN2_ANN ...
	> Projecting Agrostis.capillaris_PA1_RUN2_FDA ...
	> Projecting Agrostis.capillaris_PA1_RUN2_MAXNET ...
	> Projecting Agrostis.capillaris_PA2_RUN1_GLM ...
	> Projecting Agrostis.capillaris_PA2_RUN1_GBM ...
	> Projecting Agrostis.capillaris_PA2_RUN1_ANN ...
	> Projecting Agrostis.capillaris_PA2_RUN1_FDA ...
	> Projecting Agrostis.capillaris_PA2_RUN1_MAXNET ...
	> Projecting Agrostis.capillaris_PA2_RUN2_GLM ...
	> Projecting Agrostis.capillaris_PA2_RUN2_GBM ...
	> Projecting Agrostis.capillaris_PA2_RUN2_ANN ...
	> Projecting Agrostis.capillaris_PA2_RUN2_FDA ...
	> Projecting Agrostis.capillaris_PA2_RUN2_MAXNET ...
	> Projecting Agrostis.capillaris_PA3_RUN1_GLM ...
	> Projecting Agrostis.capillaris_PA3_RUN1_GBM ...
	> Projecting Agrostis.capillaris_PA3_RUN1_ANN ...
	> Projecting Agrostis.capillaris_PA3_RUN1_FDA ...
	> Projecting Agrostis.capillaris_PA3_RUN1_MAXNET ...
	> Projecting Agrostis.capillaris_PA3_RUN2_GLM ...
	> Projecting Agrostis.capillaris_PA3_RUN2_GBM ...
	> Projecting Agrostis.capillaris_PA3_RUN2_ANN ...
	> Projecting Agrostis.capillaris_PA3_RUN2_FDA ...
	> Projecting Agrostis.capillaris_PA3_RUN2_MAXNET ...
-=-=-=-=-=-=-=-=-=-=-=-=-=-=-=-=-=-= Done -=-=-=-=-=-=-=-=-=-=-=-=-=-=-=-=-=-=

-=-=-=-=-=-=-=-=-=-=-=-= Do Ensemble Models Projection -=-=-=-=-=-=-=-=-=-=-=-=

Creating suitable Workdir...

	> Projecting Agrostis.capillaris_EMmeanByAUCroc_mergedData_mergedRun_mergedAlgo ...
	> Projecting Agrostis.capillaris_EMcvByAUCroc_mergedData_mergedRun_mergedAlgo ...

! Binary/Filtered transformation automatically desactivated for ensemble models with coefficient of variation or confidence intervals
	> Building TSS binaries / filtered
	> Building AUCroc binaries / filtered
	> Building KAPPA binaries / filtered

-=-=-=-=-=-=-=-=-=-=-=-=-=-=-=-=-=-= Done -=-=-=-=-=-=-=-=-=-=-=-=-=-=-=-=-=-=


DEBUG: Processing future scenario 8 of 8 : /work/data/input/climate_vars/future/mri.esm2.0/ssp585 
DEBUG: Raster loaded, ncell = 63951097 , hasValues = TRUE 

-=-=-=-=-=-=-=-=-=-=-=-=-= Do Single Models Projection -=-=-=-=-=-=-=-=-=-=-=-=-=

	> Building clamping mask

	> Projecting Agrostis.capillaris_PA1_RUN1_GLM ...
	> Projecting Agrostis.capillaris_PA1_RUN1_GBM ...
	> Projecting Agrostis.capillaris_PA1_RUN1_ANN ...
	> Projecting Agrostis.capillaris_PA1_RUN1_FDA ...
	> Projecting Agrostis.capillaris_PA1_RUN1_MAXNET ...
	> Projecting Agrostis.capillaris_PA1_RUN2_GLM ...
	> Projecting Agrostis.capillaris_PA1_RUN2_GBM ...
	> Projecting Agrostis.capillaris_PA1_RUN2_ANN ...
	> Projecting Agrostis.capillaris_PA1_RUN2_FDA ...
	> Projecting Agrostis.capillaris_PA1_RUN2_MAXNET ...
	> Projecting Agrostis.capillaris_PA2_RUN1_GLM ...
	> Projecting Agrostis.capillaris_PA2_RUN1_GBM ...
	> Projecting Agrostis.capillaris_PA2_RUN1_ANN ...
	> Projecting Agrostis.capillaris_PA2_RUN1_FDA ...
	> Projecting Agrostis.capillaris_PA2_RUN1_MAXNET ...
	> Projecting Agrostis.capillaris_PA2_RUN2_GLM ...
	> Projecting Agrostis.capillaris_PA2_RUN2_GBM ...
	> Projecting Agrostis.capillaris_PA2_RUN2_ANN ...
	> Projecting Agrostis.capillaris_PA2_RUN2_FDA ...
	> Projecting Agrostis.capillaris_PA2_RUN2_MAXNET ...
	> Projecting Agrostis.capillaris_PA3_RUN1_GLM ...
	> Projecting Agrostis.capillaris_PA3_RUN1_GBM ...
	> Projecting Agrostis.capillaris_PA3_RUN1_ANN ...
	> Projecting Agrostis.capillaris_PA3_RUN1_FDA ...
	> Projecting Agrostis.capillaris_PA3_RUN1_MAXNET ...
	> Projecting Agrostis.capillaris_PA3_RUN2_GLM ...
	> Projecting Agrostis.capillaris_PA3_RUN2_GBM ...
	> Projecting Agrostis.capillaris_PA3_RUN2_ANN ...
	> Projecting Agrostis.capillaris_PA3_RUN2_FDA ...
	> Projecting Agrostis.capillaris_PA3_RUN2_MAXNET ...
-=-=-=-=-=-=-=-=-=-=-=-=-=-=-=-=-=-= Done -=-=-=-=-=-=-=-=-=-=-=-=-=-=-=-=-=-=

-=-=-=-=-=-=-=-=-=-=-=-= Do Ensemble Models Projection -=-=-=-=-=-=-=-=-=-=-=-=

Creating suitable Workdir...

	> Projecting Agrostis.capillaris_EMmeanByAUCroc_mergedData_mergedRun_mergedAlgo ...
	> Projecting Agrostis.capillaris_EMcvByAUCroc_mergedData_mergedRun_mergedAlgo ...

! Binary/Filtered transformation automatically desactivated for ensemble models with coefficient of variation or confidence intervals
	> Building TSS binaries / filtered
	> Building AUCroc binaries / filtered
	> Building KAPPA binaries / filtered

-=-=-=-=-=-=-=-=-=-=-=-=-=-=-=-=-=-= Done -=-=-=-=-=-=-=-=-=-=-=-=-=-=-=-=-=-=
> setTxtProgressBar(pb, i)
  |                                                          |==================================================| 100%> Sys.sleep(10)
> end.time <- Sys.time()
> time.fut_proj <- end.time - start.time
> close(pb)

> 
> time <- data.frame(
+   formating = time.formating, modeling = time.modeling, modeling_EM = time.modeling_EM,
+   cur_projection = time.cur_proj, cur_projection_EM = time.cur_proj_EM, fut_projection = time.fut_proj
+ )
> write.table(time, paste0("time_", sp.names[i], ".txt"), sep = "\t")
> 

real	1033m40.353s
user	952m2.216s
sys	128m31.052s
