> options(warn = 1) # stampa i warning quando accadono (non in blocco a fine run)
> # options(verbose=TRUE)   # NO in batch: flood di messaggi interni R, poco utile
> # nota: Rscript di default si ferma all'errore (~ set -e). MA foreach %dopar% cattura
> #       gli errori dei worker e NON aborta il job -> controlla job.out/job.err per specie fallite.
> # --- strumenti interattivi (NON funzionano in sbatch: niente stdin) ---
> # trace(BIOMOD_FormatingData)  # traccia le chiamate di una funzione
> # untrace(BIOMOD_FormatingData)
> # debug(functionName)          # entra nel debugger a ogni chiamata
> # browser()                    # breakpoint nel codice
> ###
> 
> library(biomod2)
biomod2 4.3-4-5 loaded.
 /!\ Welcome to augmented biomod2 with abundance modeling available! (*o*)
 Take a look at the HOME and NEWS section on the website to see all the features!

Loading required package: nnet
Loading required package: rpart
Loading required package: cito
Warning in library(package, lib.loc = lib.loc, character.only = TRUE, logical.return = TRUE,  :
  there is no package called ‘cito’
Loading required package: mda
Loading required package: class
Loaded mda 0.5-5

Loading required package: gam
Loading required package: splines
Loading required package: foreach
Loaded gam 1.22-7

Loading required package: mgcv
Loading required package: nlme
This is mgcv 1.9-4. For overview type '?mgcv'.

Attaching package: ‘mgcv’

The following objects are masked from ‘package:gam’:

    gam, gam.control, gam.fit, s

The following object is masked from ‘package:nnet’:

    multinom

Loading required package: gbm
Loaded gbm 2.2.3
This version of gbm is no longer under development. Consider transitioning to gbm3, https://github.com/gbm-developers/gbm3
Loading required package: earth
Loading required package: Formula
Loading required package: plotmo
Loading required package: plotrix
Loading required package: maxnet
Loading required package: randomForest
randomForest 4.7-1.2
Type rfNews() to see new features/changes/bug fixes.
Loading required package: xgboost
> library(raster)
Loading required package: sp

Attaching package: ‘raster’

The following object is masked from ‘package:nlme’:

    getData

> library(terra)
terra 1.9.11

Attaching package: ‘terra’

The following object is masked from ‘package:plotrix’:

    rescale

> # library(rgdal)        # ritirato da CRAN (ott 2023), assente nel container, TODO: verificare https://gdal.org/en/stable/programs/gdalinfo.html
> library(gbm)
> library(mda)
> # library(randomForest) # non usato: modelli = GLM/GBM/ANN/FDA/MARS
> library(Hmisc)

Attaching package: ‘Hmisc’

The following objects are masked from ‘package:terra’:

    describe, mask, units, zoom

The following objects are masked from ‘package:raster’:

    mask, zoom

The following objects are masked from ‘package:base’:

    format.pval, units

> library(plyr)

Attaching package: ‘plyr’

The following objects are masked from ‘package:Hmisc’:

    is.discrete, summarize

> # library(maptools)     # ritirato da CRAN (ott 2023), assente nel container
> library(doParallel)
Loading required package: iterators
Loading required package: parallel
> 
> #####################################
> # paths (current repo layout)
> #####################################
> root <- normalizePath(".")
> in_dir <- file.path(root, "data/input")
> out_dir <- file.path(root, "data/output")
> dir.create(file.path(out_dir, "Eval"), recursive = TRUE, showWarnings = FALSE)
> 
> # verifica CRS raster (atteso 4326 = lon/lat WGS84, come i punti del CSV) -- vedi todo.md
> message("CRS raster PC1: EPSG:", terra::crs(terra::rast(file.path(in_dir, "climate_vars/baseline/PC1.tif")), describe = TRUE)$code)
CRS raster PC1: EPSG:4326
> 
> #####################################
> # RUN CONFIG (quante specie elaborare)
> #####################################
> csv_file <- "small_1km_EUNIS.csv" # CSV ridotto per il test; metti "full_1km_EUNIS.csv" per il run completo
> max_rows <- NA # NA = tutte le righe; es. 5000 = solo prime 5000 occorrenze (poche specie)
> n_cpu <- as.integer(Sys.getenv("SLURM_CPUS_PER_TASK", "4")) # use all allocated cores
> 
> # NOTE: makeCluster/foreach parallelism DISABLED - hangs inside Singularity container.
> # Using biomod2's internal nb.cpu instead (see BIOMOD_Modeling, BIOMOD_Projection calls).
> # cl <- makeCluster(n_cpu)
> # registerDoParallel(cl)
> 
> ####################################
> # loading species occurrences data
> ####################################
> # CSV columns: id, sp_name, x, y, pseudo-absences  -> species = col2, coords = col3:4
> spocc <- read.csv(file.path(in_dir, csv_file))
> if (!is.na(max_rows)) spocc <- spocc[seq_len(min(max_rows, nrow(spocc))), ]
> sp.names <- levels(factor(spocc[, 2]))
> num_sp <- length(sp.names)
> 
> #####################################
> # CALIBRATION environmental data
> #####################################
> clim_cal <- stack(dir(file.path(in_dir, "climate_vars/baseline"), full.names = T))
> tri_cal <- stack(dir(file.path(in_dir, "TRI_vars"), full.names = T))
> soil_cal <- stack(dir(file.path(in_dir, "soil_vars"), full.names = T))
> cur_cal <- stack(clim_cal, tri_cal, soil_cal)
> names(cur_cal) <- c("PC1_clim", "PC2_clim", "tri", "PC1_soil", "PC2_soil")
> 
> #####################################
> # PROJECTION environmental data
> # (single dataset: same dirs as calibration)
> #####################################
> clim_proj <- stack(dir(file.path(in_dir, "climate_vars/baseline"), full.names = T))
> tri_proj <- stack(dir(file.path(in_dir, "TRI_vars"), full.names = T))
> soil_proj <- stack(dir(file.path(in_dir, "soil_vars"), full.names = T))
> cur_proj <- stack(clim_proj, tri_proj, soil_proj)
> names(cur_proj) <- c("PC1_clim", "PC2_clim", "tri", "PC1_soil", "PC2_soil")
> 
> #####################################
> # loading FUTURE list (leaf dirs containing tif)
> #####################################
> lf <- list.dirs(file.path(in_dir, "climate_vars/future"), full.names = T, recursive = T)[-1]
> lf <- lf[sapply(lf, function(d) length(dir(d, pattern = "\\.tif$")) > 0)] # filtro future
> lf <- as.matrix(lf)
> 
> # outputs (biomod2 writes species folders into the working dir)
> setwd(out_dir)
> 
> pb <- txtProgressBar(
+   min = 0, # Minimum value of the progress bar
+   max = num_sp, # Maximum value of the progress bar
+   style = 3, # Progress bar style (also available style = 1 and style = 2)
+   width = 50, # Progress bar width. Defaults to getOption("width")
+   char = "="
+ ) # Character used to create the bar
  |                                                          |                                                  |   0%> 
> selModels <- c("GLM", "GBM", "ANN", "FDA", "MARS")
> 
> # Sequential loop over species. Parallelism via biomod2's internal nb.cpu.
> # (foreach+doParallel hangs inside Singularity container on HPC)
> for (i in 1:num_sp) {
+   message("=== Processing species ", i, "/", num_sp, ": ", sp.names[i], " ===")
+   tryCatch(
+     {
+       spocc1 <- subset(spocc, spocc[, 2] == sp.names[i])
+ 
+ 
+       ###########################################################################
+       ######################     CALIBRATION ON EUROPE      #####################
+       ###########################################################################
+ 
+       ###########################################################################
+       ######################     ENSAMBLE       CURRENT     #####################
+       ###########################################################################
+ 
+       myRespName <- paste(sp.names[i], sep = "")
+       myRespXY <- spocc1[, 3:4] # coordinates of points
+       myResp <- rep(1, nrow(spocc1)) # species occurences
+ 
+       # 1. Formatting Data
+       message("[1/6] BIOMOD_FormatingData...")
+       myBiomodData <- BIOMOD_FormatingData(
+         resp.var = myResp,
+         expl.var = cur_cal,
+         resp.xy = myRespXY,
+         resp.name = myRespName,
+         eval.resp.var = NULL,
+         eval.expl.var = NULL,
+         eval.resp.xy = NULL,
+         PA.nb.rep = 2, # TEMP: reduced for debug (was 10)
+         PA.nb.absences = 500, # TEMP: reduced for debug (was 10000)
+         PA.strategy = "random",
+         PA.dist.min = NULL,
+         PA.dist.max = NULL,
+         PA.sre.quant = 0.15,
+         na.rm = TRUE,
+         filter.raster = TRUE
+       )
+ 
+ 
+       # 2. Defining Models Options (bigboss preset)
+       message("[2/6] bm_ModelingOptions...")
+       opt.b <- bm_ModelingOptions(
+         data.type = "binary",
+         models = selModels,
+         strategy = "bigboss",
+         bm.format = myBiomodData
+       )
+ 
+       # 3. Computing the models
+       message("[3/6] BIOMOD_Modeling...")
+       myBiomodModelOut <- BIOMOD_Modeling(myBiomodData,
+         models = selModels,
+         OPT.user = opt.b,
+         CV.nb.rep = 2, # TEMP: reduced for debug (was 10)
+         CV.perc = 0.7,
+         CV.strategy = "random",
+         # var.import = 10,
+         nb.cpu = n_cpu,
+         metric.eval = c("TSS", "AUCroc", "KAPPA", "POD", "FAR"),
+         scale.models = FALSE
+       )
+ 
+ 
+       # 4. Model ensemble models
+       message("[4/6] BIOMOD_EnsembleModeling...")
+       myBiomodEM <- BIOMOD_EnsembleModeling(
+         bm.mod = myBiomodModelOut,
+         models.chosen = "all",
+         em.by = "all",
+         em.algo = c("EMmean", "EMcv"),
+         metric.select = c("AUCroc"),
+         metric.select.thresh = c(0.6),
+         metric.eval = c("TSS", "AUCroc", "KAPPA")
+       )
+ 
+ 
+       ### Models evaluations
+ 
+       myBiomodModelEval <- get_evaluations(myBiomodModelOut)
+       myBiomodModelEval_ensamble <- get_evaluations(myBiomodEM)
+ 
+       nome <- paste0("Eval/Eval_", sp.names[i], ".txt", sep = "")
+       write.table(myBiomodModelEval, file = nome, sep = "\t")
+ 
+       nome1 <- paste0("Eval/Eval_EM_", sp.names[i], ".txt", sep = "")
+       write.table(myBiomodModelEval_ensamble, file = nome1, sep = "\t")
+ 
+ 
+       ###########################################################################
+       ######################      PROJECTION ON ALPS        #####################
+       ###########################################################################
+ 
+       ###########################################################################
+       ###########################           CURRENT   ###########################
+       ###########################################################################
+ 
+ 
+       # 5. Individual models projections on current environmental conditions
+       message("[5/6] BIOMOD_Projection (current)...")
+       myBiomodProj <- BIOMOD_Projection(
+         bm.mod = myBiomodModelOut,
+         new.env = cur_proj,
+         proj.name = "current",
+         models.chosen = "all",
+         build.clamping.mask = T,
+         nb.cpu = n_cpu
+       )
+ 
+       # 6. Project ensemble models
+       message("[6/6] BIOMOD_EnsembleForecasting (current)...")
+       myBiomodEMProj <- BIOMOD_EnsembleForecasting(
+         bm.em = myBiomodEM,
+         proj.name = "currentEM",
+         new.env = cur_proj,
+         models.chosen = "all",
+         metric.binary = "all",
+         metric.filter = "all"
+       )
+ 
+ 
+       ###########################################################################
+       #######################################   FUTURE     ######################
+       ###########################################################################
+ 
+       ## Number of future projections
+       nf <- length(lf)
+ 
+       for (k in 1:nf) {
+         message("[FUTURE ", k, "/", nf, "] ", basename(dirname(lf[k])), "_", basename(lf[k]))
+         name <- lf[k]
+ 
+         fut1 <- stack(dir(lf[k], full.names = T))
+ 
+ 
+         # names(fut1)<-lnames
+         fut <- fut1
+         fut_proj <- stack(fut[[1]], fut[[2]], tri_proj, soil_proj[[1]], soil_proj[[2]])
+         fut_proj <- stack(fut_proj)
+         names(fut_proj) <- c("PC1_clim", "PC2_clim", "tri", "PC1_soil", "PC2_soil")
+ 
+         # parsing nome future
+         nm1 <- strsplit(name, "/")[[1]]
+         nm <- paste0(nm1[length(nm1) - 1], "_", nm1[length(nm1)])
+         nm2 <- paste0("futureEM_", nm1[length(nm1) - 1], "_", nm1[length(nm1)])
+ 
+         # 5. Individual models projections on future environmental conditions
+ 
+ 
+         myBiomodProj_fut <- BIOMOD_Projection(
+           bm.mod = myBiomodModelOut,
+           new.env = fut_proj,
+           proj.name = nm,
+           models.chosen = "all",
+           build.clamping.mask = T,
+           nb.cpu = n_cpu
+         )
+ 
+         myBiomodEMProj_fut <- BIOMOD_EnsembleForecasting(
+           bm.em = myBiomodEM,
+           proj.name = nm2,
+           new.env = fut_proj,
+           models.chosen = "all",
+           metric.binary = "all",
+           metric.filter = "all"
+         )
+       }
+     },
+     error = function(e) message("FALLITA specie ", sp.names[i], ": ", conditionMessage(e))
+   )
+   setTxtProgressBar(pb, i) # Sets the progress bar to the current state
+   Sys.sleep(10)
+ }
=== Processing species 1/1: Achillea atrata ===
[1/6] BIOMOD_FormatingData...

-=-=-=-=-=-=-=-=-=-=-=-= Achillea atrata Data Formating -=-=-=-=-=-=-=-=-=-=-=-=

      ! Response variable name was converted into Achillea.atrata

Checking Pseudo-absence selection arguments...

   > random pseudo absences selection
   > Pseudo absences are selected in explanatory variables

-=-=-=-=-=-=-=-=-=-=-=-=-=-=-=-=-=-= Done -=-=-=-=-=-=-=-=-=-=-=-=-=-=-=-=-=-=
[2/6] bm_ModelingOptions...

-=-=-=-=-=-=-=-=-=-=-=-=-=-= Build Modeling Options -=-=-=-=-=-=-=-=-=-=-=-=-=-=

	>  GLM options ( datatype: binary , package: stats , function: glm )...
	>  GBM options ( datatype: binary , package: gbm , function: gbm )...
	>  ANN options ( datatype: binary , package: nnet , function: nnet )...
	>  FDA options ( datatype: binary , package: mda , function: fda )...
	>  MARS options ( datatype: binary , package: earth , function: earth )...

-=-=-=-=-=-=-=-=-=-=-=-=-=-=-=-=-=-= Done -=-=-=-=-=-=-=-=-=-=-=-=-=-=-=-=-=-=
[3/6] BIOMOD_Modeling...

-=-=-=-=-=-=-=-=-=-=-=-=-=-=-= Build Single Models -=-=-=-=-=-=-=-=-=-=-=-=-=-=-=


Checking Models arguments...

	> Automatic weights creation to rise a 0.5 prevalence
Creating suitable Workdir...


Checking Cross-Validation arguments...

   > Random cross-validation selection

 
 	 The options for GLM for '_PAx_allRun' will be given to all runs with PAx (_PAx_RUN1, _PAx_RUN2,...) 

 
 	 The options for GBM for '_PAx_allRun' will be given to all runs with PAx (_PAx_RUN1, _PAx_RUN2,...) 

 
 	 The options for ANN for '_PAx_allRun' will be given to all runs with PAx (_PAx_RUN1, _PAx_RUN2,...) 

 
 	 The options for FDA for '_PAx_allRun' will be given to all runs with PAx (_PAx_RUN1, _PAx_RUN2,...) 

 
 	 The options for MARS for '_PAx_allRun' will be given to all runs with PAx (_PAx_RUN1, _PAx_RUN2,...) 



-=-=-=-=-=-=-=-=-=-=-=-= Achillea.atrata Modeling Summary -=-=-=-=-=-=-=-=-=-=-=-=

> 5 environmental variables ( PC1_clim PC2_clim tri PC1_soil PC2_soil )

> Number of PA datasets : 2

> Number of calibration/validation splits : 2
 CV.do.full.models activated: + 3 models

> Algorithms selected : GLM GBM ANN FDA MARS
 7 models for each algorithm

Total number of model runs: 35 

-=-=-=-=-=-=-=-=-=-=-=-=-=-=-=-=-=-=-=-=-=-=-=-=-=-=-=-=-=-=-=-=-=-=-=-=-=-=-=-=


-=-=-=--=-=-=- Achillea.atrata_PA1_RUN1_GLM 
Warning: glm.fit: fitted probabilities numerically 0 or 1 occurred

	Evaluating Model stuff...

-=-=-=--=-=-=- Achillea.atrata_PA1_RUN1_GBM 
CV: 1 


-=-=-=--=-=-=- Achillea.atrata_PA1_RUN1_ANN 

	Model scaling...Warning: glm.fit: fitted probabilities numerically 0 or 1 occurred

	Evaluating Model stuff...

-=-=-=--=-=-=- Achillea.atrata_PA1_RUN1_FDA 

	Model scaling...Warning: glm.fit: fitted probabilities numerically 0 or 1 occurred

	Evaluating Model stuff...

-=-=-=--=-=-=- Achillea.atrata_PA1_RUN1_MARS 


-=-=-=--=-=-=- Achillea.atrata_PA1_RUN2_GLM 
Warning: glm.fit: fitted probabilities numerically 0 or 1 occurred

	Evaluating Model stuff...Warning: glm.fit: algorithm did not converge
Warning: glm.fit: fitted probabilities numerically 0 or 1 occurred
Warning: the glm algorithm did not converge for response "Achillea.atrata"

	Evaluating Model stuff...

-=-=-=--=-=-=- Achillea.atrata_PA1_RUN2_GBM 
CV: 1 
CV: 2 


-=-=-=--=-=-=- Achillea.atrata_PA1_RUN2_ANN 

	Model scaling...
	Evaluating Model stuff...

-=-=-=--=-=-=- Achillea.atrata_PA1_RUN2_FDA 

	Model scaling...Warning: glm.fit: fitted probabilities numerically 0 or 1 occurred

	Evaluating Model stuff...

-=-=-=--=-=-=- Achillea.atrata_PA1_RUN2_MARS 
Warning: glm.fit: fitted probabilities numerically 0 or 1 occurred


-=-=-=--=-=-=- Achillea.atrata_PA1_allRun_GLM 

	Evaluating Model stuff...Warning: glm.fit: fitted probabilities numerically 0 or 1 occurred

	Evaluating Model stuff...

-=-=-=--=-=-=- Achillea.atrata_PA1_allRun_GBM 
CV: 2 
CV: 1 
CV: 3 


-=-=-=--=-=-=- Achillea.atrata_PA1_allRun_ANN 

	Model scaling...Warning: glm.fit: fitted probabilities numerically 0 or 1 occurred

	Evaluating Model stuff...

-=-=-=--=-=-=- Achillea.atrata_PA1_allRun_FDA 

	Model scaling...Warning: glm.fit: fitted probabilities numerically 0 or 1 occurred

	Evaluating Model stuff...

-=-=-=--=-=-=- Achillea.atrata_PA1_allRun_MARS 


-=-=-=--=-=-=- Achillea.atrata_PA2_RUN1_GLM 
Warning: glm.fit: fitted probabilities numerically 0 or 1 occurred

	Evaluating Model stuff...CV: 3 


-=-=-=--=-=-=- Achillea.atrata_PA2_RUN1_GBM 
CV: 1 
Warning: glm.fit: algorithm did not converge
Warning: glm.fit: fitted probabilities numerically 0 or 1 occurred
Warning: the glm algorithm did not converge for response "Achillea.atrata"

	Evaluating Model stuff...

-=-=-=--=-=-=- Achillea.atrata_PA2_RUN1_ANN 

	Model scaling...
	Evaluating Model stuff...CV: 2 


-=-=-=--=-=-=- Achillea.atrata_PA2_RUN1_FDA 

	Model scaling...Warning: glm.fit: fitted probabilities numerically 0 or 1 occurred

	Evaluating Model stuff...

-=-=-=--=-=-=- Achillea.atrata_PA2_RUN1_MARS 


-=-=-=--=-=-=- Achillea.atrata_PA2_RUN2_GLM 
Warning: glm.fit: fitted probabilities numerically 0 or 1 occurred

	Evaluating Model stuff...Warning: glm.fit: algorithm did not converge
Warning: glm.fit: fitted probabilities numerically 0 or 1 occurred
Warning: the glm algorithm did not converge for response "Achillea.atrata"

	Evaluating Model stuff...

-=-=-=--=-=-=- Achillea.atrata_PA2_RUN2_GBM 
CV: 2 
CV: 1 


-=-=-=--=-=-=- Achillea.atrata_PA2_RUN2_ANN 

	Model scaling...
	Evaluating Model stuff...

-=-=-=--=-=-=- Achillea.atrata_PA2_RUN2_FDA 

	Model scaling...Warning: glm.fit: fitted probabilities numerically 0 or 1 occurred

	Evaluating Model stuff...

-=-=-=--=-=-=- Achillea.atrata_PA2_RUN2_MARS 
CV: 3 


-=-=-=--=-=-=- Achillea.atrata_PA2_allRun_GLM 
Warning: glm.fit: fitted probabilities numerically 0 or 1 occurred

	Evaluating Model stuff...Warning: glm.fit: fitted probabilities numerically 0 or 1 occurred

	Evaluating Model stuff...CV: 3 
CV: 2 


-=-=-=--=-=-=- Achillea.atrata_PA2_allRun_GBM 
CV: 1 

	Evaluating Model stuff...

-=-=-=--=-=-=- Achillea.atrata_PA2_allRun_ANN 

	Model scaling...
	Evaluating Model stuff...

-=-=-=--=-=-=- Achillea.atrata_PA2_allRun_FDA 

	Model scaling...
	Evaluating Model stuff...

-=-=-=--=-=-=- Achillea.atrata_PA2_allRun_MARS 
Warning in max(calcStat, na.rm = TRUE) :
  no non-missing arguments to max; returning -Inf


-=-=-=--=-=-=- Achillea.atrata_allData_allRun_GLM 
CV: 3 
Warning: glm.fit: fitted probabilities numerically 0 or 1 occurred


-=-=-=--=-=-=- Achillea.atrata_allData_allRun_GBM 
CV: 1 

	Evaluating Model stuff...Warning: glm.fit: algorithm did not converge
Warning: glm.fit: fitted probabilities numerically 0 or 1 occurred

	Evaluating Model stuff...Warning: the glm algorithm did not converge for response "Achillea.atrata"

	Evaluating Model stuff...

-=-=-=--=-=-=- Achillea.atrata_allData_allRun_ANN 

	Model scaling...CV: 2 
Warning: glm.fit: fitted probabilities numerically 0 or 1 occurred


-=-=-=--=-=-=- Achillea.atrata_allData_allRun_FDA 

	Evaluating Model stuff...Warning in max(calcStat, na.rm = TRUE) :
  no non-missing arguments to max; returning -Inf


-=-=-=--=-=-=- Achillea.atrata_allData_allRun_MARS 

	Model scaling...
	Evaluating Model stuff...CV: 3 

	Evaluating Model stuff...Warning: glm.fit: algorithm did not converge
Warning: glm.fit: fitted probabilities numerically 0 or 1 occurred
Warning: the glm algorithm did not converge for response "Achillea.atrata"

	Evaluating Model stuff...
	Evaluating Model stuff...
	Evaluating Model stuff...Warning in max(calcStat, na.rm = TRUE) :
  no non-missing arguments to max; returning -Inf
CV: 2 

	Evaluating Model stuff...CV: 3 

	Evaluating Model stuff...
-=-=-=-=-=-=-=-=-=-=-=-=-=-=-=-=-=-= Done -=-=-=-=-=-=-=-=-=-=-=-=-=-=-=-=-=-=
[4/6] BIOMOD_EnsembleModeling...

-=-=-=-=-=-=-=-=-=-=-=-=-=-= Build Ensemble Models -=-=-=-=-=-=-=-=-=-=-=-=-=-=

   ! all models available will be included in ensemble.modeling
  ! Ensemble Models will be filtered and/or weighted using validation dataset (if possible). Please use `metric.select.dataset` for alternative options.
   > Evaluation & Weighting methods summary :
      AUCroc over 0.6

!!! Removed models using the Full dataset as ensemble models cannot merge repetition dataset (RUN1, RUN2, ...) with Full dataset unless em.by = 'PA+run'.

  > mergedData_mergedRun_mergedAlgo ensemble modeling
   ! Additional projection required for ensemble models merging several pseudo-absence dataset...
-=-=-=-=-=-=-=-=-=-=-=-=-= Do Single Models Projection -=-=-=-=-=-=-=-=-=-=-=-=-=

	> Projecting Achillea.atrata_PA1_RUN1_GLM ...
	> Projecting Achillea.atrata_PA1_RUN1_GBM ...
	> Projecting Achillea.atrata_PA1_RUN1_ANN ...
	> Projecting Achillea.atrata_PA1_RUN1_FDA ...
	> Projecting Achillea.atrata_PA1_RUN1_MARS ...
	> Projecting Achillea.atrata_PA1_RUN2_GLM ...
	> Projecting Achillea.atrata_PA1_RUN2_GBM ...
	> Projecting Achillea.atrata_PA1_RUN2_ANN ...
	> Projecting Achillea.atrata_PA1_RUN2_FDA ...
	> Projecting Achillea.atrata_PA1_RUN2_MARS ...
-=-=-=-=-=-=-=-=-=-=-=-=-=-=-=-=-=-= Done -=-=-=-=-=-=-=-=-=-=-=-=-=-=-=-=-=-=

-=-=-=-=-=-=-=-=-=-=-=-=-= Do Single Models Projection -=-=-=-=-=-=-=-=-=-=-=-=-=

	> Projecting Achillea.atrata_PA2_RUN1_GLM ...
	> Projecting Achillea.atrata_PA2_RUN1_GBM ...
	> Projecting Achillea.atrata_PA2_RUN1_ANN ...
	> Projecting Achillea.atrata_PA2_RUN1_FDA ...
	> Projecting Achillea.atrata_PA2_RUN1_MARS ...
	> Projecting Achillea.atrata_PA2_RUN2_GLM ...
	> Projecting Achillea.atrata_PA2_RUN2_GBM ...
	> Projecting Achillea.atrata_PA2_RUN2_ANN ...
	> Projecting Achillea.atrata_PA2_RUN2_FDA ...
-=-=-=-=-=-=-=-=-=-=-=-=-=-=-=-=-=-= Done -=-=-=-=-=-=-=-=-=-=-=-=-=-=-=-=-=-=



   > Mean of probabilities by AUCroc ...

   > Coef of variation of probabilities by AUCroc ...
			Evaluating Model stuff...
-=-=-=-=-=-=-=-=-=-=-=-=-=-=-=-=-=-= Done -=-=-=-=-=-=-=-=-=-=-=-=-=-=-=-=-=-=
[5/6] BIOMOD_Projection (current)...

-=-=-=-=-=-=-=-=-=-=-=-=-= Do Single Models Projection -=-=-=-=-=-=-=-=-=-=-=-=-=

	> Building clamping mask

	> Projecting Achillea.atrata_PA1_RUN1_GLM ...
	> Projecting Achillea.atrata_PA1_RUN1_GBM ...
	> Projecting Achillea.atrata_PA1_RUN1_ANN ...
	> Projecting Achillea.atrata_PA1_RUN1_FDA ...
	> Projecting Achillea.atrata_PA1_RUN1_MARS ...
	> Projecting Achillea.atrata_PA1_RUN2_GLM ...
	> Projecting Achillea.atrata_PA1_RUN2_GBM ...
	> Projecting Achillea.atrata_PA1_RUN2_ANN ...
	> Projecting Achillea.atrata_PA1_RUN2_FDA ...
	> Projecting Achillea.atrata_PA1_RUN2_MARS ...
	> Projecting Achillea.atrata_PA1_allRun_GLM ...
	> Projecting Achillea.atrata_PA1_allRun_GBM ...
	> Projecting Achillea.atrata_PA1_allRun_ANN ...
	> Projecting Achillea.atrata_PA1_allRun_FDA ...
	> Projecting Achillea.atrata_PA1_allRun_MARS ...
	> Projecting Achillea.atrata_PA2_RUN1_GLM ...
	> Projecting Achillea.atrata_PA2_RUN1_GBM ...
	> Projecting Achillea.atrata_PA2_RUN1_ANN ...
	> Projecting Achillea.atrata_PA2_RUN1_FDA ...
	> Projecting Achillea.atrata_PA2_RUN1_MARS ...
	> Projecting Achillea.atrata_PA2_RUN2_GLM ...
	> Projecting Achillea.atrata_PA2_RUN2_GBM ...
	> Projecting Achillea.atrata_PA2_RUN2_ANN ...
	> Projecting Achillea.atrata_PA2_RUN2_FDA ...
	> Projecting Achillea.atrata_PA2_RUN2_MARS ...
	> Projecting Achillea.atrata_PA2_allRun_GLM ...
	> Projecting Achillea.atrata_PA2_allRun_GBM ...
	> Projecting Achillea.atrata_PA2_allRun_ANN ...
	> Projecting Achillea.atrata_PA2_allRun_FDA ...
	> Projecting Achillea.atrata_PA2_allRun_MARS ...
	> Projecting Achillea.atrata_allData_allRun_GLM ...
	> Projecting Achillea.atrata_allData_allRun_GBM ...
	> Projecting Achillea.atrata_allData_allRun_ANN ...
	> Projecting Achillea.atrata_allData_allRun_FDA ...
	> Projecting Achillea.atrata_allData_allRun_MARS ...Warning in mclapply(argsList, FUN, mc.preschedule = preschedule, mc.set.seed = set.seed,  :
  scheduled cores 1, 6, 26 did not deliver results, all values of the jobs will be affected
Warning: [rast] 3 out of 35 elements of x are not a SpatRaster
FALLITA specie Achillea atrata: [names<-] incorrect number of names
  |                                                          |==================================================| 100%> close(pb) # Close the connection

> 
> save.image(file = "SDM_praterie.RData")
> 
> 
> # interactive-only preview (skip on HPC batch)
> # r <- rast("Adonis.vernalis/proj_currentEM/proj_currentEM_Adonis.vernalis_ensemble.tif")
> # plot(r)
> 

real	37m43.866s
user	195m4.233s
sys	27m33.153s
slurmstepd: error: Detected 3 oom_kill events in StepId=45992963.batch. Some of the step tasks have been OOM Killed.
