biomod2 4.3-4-5 loaded.
 /!\ Welcome to augmented biomod2 with abundance modeling available! (*o*)
 Take a look at the HOME and NEWS section on the website to see all the features!

Loading required package: nnet
Loading required package: rpart
Loading required package: cito
Loading required package: mda
Loading required package: class
Loaded mda 0.5-5

Loading required package: gam
Loading required package: splines
Loading required package: foreach
Loaded gam 1.22-7

Loading required package: mgcv
Loading required package: nlme
This is mgcv 1.9-4. For overview type '?mgcv'.

Attaching package: ‘mgcv’

The following objects are masked from ‘package:gam’:

    gam, gam.control, gam.fit, s

The following object is masked from ‘package:nnet’:

    multinom

Loading required package: gbm
Loaded gbm 2.2.3
This version of gbm is no longer under development. Consider transitioning to gbm3, https://github.com/gbm-developers/gbm3
Loading required package: earth
Loading required package: Formula
Loading required package: plotmo
Loading required package: plotrix
Loading required package: maxnet
Loading required package: randomForest
randomForest 4.7-1.2
Type rfNews() to see new features/changes/bug fixes.
Loading required package: xgboost
Warning message:
In library(package, lib.loc = lib.loc, character.only = TRUE, logical.return = TRUE,  :
  there is no package called ‘cito’
terra 1.9.11

Attaching package: ‘terra’

The following object is masked from ‘package:plotrix’:

    rescale

DEBUG: num_sp = 1 | total rows = 9 
DEBUG: loading calibration rasters...
DEBUG: raster dim = 5873 x 10889 | ncell = 63951097 
DEBUG: testing with 8 future scenarios
  |                                                          |                                                  |   0%DEBUG: species = Achillea.atrata | occurrences = 9 
DEBUG: starting BIOMOD_FormatingData at 00:08:02 

-=-=-=-=-=-=-=-=-=-=-=-= Achillea.atrata Data Formating -=-=-=-=-=-=-=-=-=-=-=-=


Checking Pseudo-absence selection arguments...

   > random pseudo absences selection
   > Pseudo absences are selected in explanatory variables

-=-=-=-=-=-=-=-=-=-=-=-=-=-=-=-=-=-= Done -=-=-=-=-=-=-=-=-=-=-=-=-=-=-=-=-=-=
DEBUG: BIOMOD_FormatingData done at 00:08:50 

-=-=-=-=-=-=-=-=-=-=-=-=-=-= Build Modeling Options -=-=-=-=-=-=-=-=-=-=-=-=-=-=

	>  GLM options ( datatype: binary , package: stats , function: glm )...
	>  GBM options ( datatype: binary , package: gbm , function: gbm )...
	>  ANN options ( datatype: binary , package: nnet , function: nnet )...
	>  FDA options ( datatype: binary , package: mda , function: fda )...
	>  MAXNET options ( datatype: binary , package: maxnet , function: maxnet )...

-=-=-=-=-=-=-=-=-=-=-=-=-=-=-=-=-=-= Done -=-=-=-=-=-=-=-=-=-=-=-=-=-=-=-=-=-=

-=-=-=-=-=-=-=-=-=-=-=-=-=-=-= Build Single Models -=-=-=-=-=-=-=-=-=-=-=-=-=-=-=


Checking Models arguments...

	> Automatic weights creation to rise a 0.5 prevalence
Creating suitable Workdir...


Checking Cross-Validation arguments...

   > Random cross-validation selection

-=-=-=-=-=-=-=-=-=-=-=-=-=-= Build Modeling Options -=-=-=-=-=-=-=-=-=-=-=-=-=-=

	>  GLM options ( datatype: binary , package: stats , function: glm )...
	>  GBM options ( datatype: binary , package: gbm , function: gbm )...
	>  ANN options ( datatype: binary , package: nnet , function: nnet )...
	>  FDA options ( datatype: binary , package: mda , function: fda )...
	>  MAXNET options ( datatype: binary , package: maxnet , function: maxnet )...

-=-=-=-=-=-=-=-=-=-=-=-=-=-=-=-=-=-= Done -=-=-=-=-=-=-=-=-=-=-=-=-=-=-=-=-=-=



-=-=-=-=-=-=-=-=-=-=-=-= Achillea.atrata Modeling Summary -=-=-=-=-=-=-=-=-=-=-=-=

> 5 environmental variables ( PC1_clim PC2_clim tri PC1_soil PC2_soil )

> Number of PA datasets : 3

> Number of calibration/validation splits : 2

> Algorithms selected : GLM GBM ANN FDA MAXNET
 6 models for each algorithm

Total number of model runs: 30 

-=-=-=-=-=-=-=-=-=-=-=-=-=-=-=-=-=-=-=-=-=-=-=-=-=-=-=-=-=-=-=-=-=-=-=-=-=-=-=-=


-=-=-=--=-=-=- Achillea.atrata_PA1_RUN1_GLM 

	Evaluating Model stuff...

-=-=-=--=-=-=- Achillea.atrata_PA1_RUN1_GBM 
CV: 1 
Error in gbm.fit(x = x, y = y, offset = offset, distribution = distribution,  : 
  The data set is too small or the subsampling rate is too large: `nTrain * bag.fraction <= 2 * n.minobsinnode + 1`
In addition: Warning messages:
1: executing %dopar% sequentially: no parallel backend registered 
2: glm.fit: fitted probabilities numerically 0 or 1 occurred 

*** Error in  GBM , calibration failed
*** inherits(g.pred,'try-error')
   ! Note :  Achillea.atrata_PA1_RUN1_GBM failed!


-=-=-=--=-=-=- Achillea.atrata_PA1_RUN1_ANN 

	Model scaling...
	Evaluating Model stuff...

-=-=-=--=-=-=- Achillea.atrata_PA1_RUN1_FDA 

	Model scaling...
	Evaluating Model stuff...

-=-=-=--=-=-=- Achillea.atrata_PA1_RUN1_MAXNET 

	Evaluating Model stuff...

-=-=-=--=-=-=- Achillea.atrata_PA1_RUN2_GLM 

	Evaluating Model stuff...

-=-=-=--=-=-=- Achillea.atrata_PA1_RUN2_GBM 
CV: 1 
Error in gbm.fit(x = x, y = y, offset = offset, distribution = distribution,  : 
  The data set is too small or the subsampling rate is too large: `nTrain * bag.fraction <= 2 * n.minobsinnode + 1`
In addition: Warning messages:
1: glm.fit: algorithm did not converge 
2: glm.fit: fitted probabilities numerically 0 or 1 occurred 
3: In lognet(x, is.sparse, y, weights, offset, alpha, nobs, nvars,  :
  one multinomial or binomial class has fewer than 8  observations; dangerous ground
4: In max(calcStat, na.rm = TRUE) :
  no non-missing arguments to max; returning -Inf
5: glm.fit: fitted probabilities numerically 0 or 1 occurred 

*** Error in  GBM , calibration failed
*** inherits(g.pred,'try-error')
   ! Note :  Achillea.atrata_PA1_RUN2_GBM failed!


-=-=-=--=-=-=- Achillea.atrata_PA1_RUN2_ANN 

	Model scaling...
	Evaluating Model stuff...

-=-=-=--=-=-=- Achillea.atrata_PA1_RUN2_FDA 

	Model scaling...
	Evaluating Model stuff...

-=-=-=--=-=-=- Achillea.atrata_PA1_RUN2_MAXNET 

	Evaluating Model stuff...

-=-=-=--=-=-=- Achillea.atrata_PA2_RUN1_GLM 

	Evaluating Model stuff...

-=-=-=--=-=-=- Achillea.atrata_PA2_RUN1_GBM 
CV: 1 
Error in gbm.fit(x = x, y = y, offset = offset, distribution = distribution,  : 
  The data set is too small or the subsampling rate is too large: `nTrain * bag.fraction <= 2 * n.minobsinnode + 1`
In addition: Warning messages:
1: glm.fit: algorithm did not converge 
2: glm.fit: fitted probabilities numerically 0 or 1 occurred 
3: In lognet(x, is.sparse, y, weights, offset, alpha, nobs, nvars,  :
  one multinomial or binomial class has fewer than 8  observations; dangerous ground
4: glm.fit: fitted probabilities numerically 0 or 1 occurred 

*** Error in  GBM , calibration failed
*** inherits(g.pred,'try-error')
   ! Note :  Achillea.atrata_PA2_RUN1_GBM failed!


-=-=-=--=-=-=- Achillea.atrata_PA2_RUN1_ANN 

	Model scaling...
	Evaluating Model stuff...

-=-=-=--=-=-=- Achillea.atrata_PA2_RUN1_FDA 

	Model scaling...
	Evaluating Model stuff...

-=-=-=--=-=-=- Achillea.atrata_PA2_RUN1_MAXNET 

	Evaluating Model stuff...

-=-=-=--=-=-=- Achillea.atrata_PA2_RUN2_GLM 

	Evaluating Model stuff...

-=-=-=--=-=-=- Achillea.atrata_PA2_RUN2_GBM 
CV: 1 
Error in gbm.fit(x = x, y = y, offset = offset, distribution = distribution,  : 
  The data set is too small or the subsampling rate is too large: `nTrain * bag.fraction <= 2 * n.minobsinnode + 1`
In addition: Warning messages:
1: glm.fit: fitted probabilities numerically 0 or 1 occurred 
2: glm.fit: algorithm did not converge 
3: glm.fit: fitted probabilities numerically 0 or 1 occurred 
4: In lognet(x, is.sparse, y, weights, offset, alpha, nobs, nvars,  :
  one multinomial or binomial class has fewer than 8  observations; dangerous ground
5: In max(calcStat, na.rm = TRUE) :
  no non-missing arguments to max; returning -Inf
6: glm.fit: fitted probabilities numerically 0 or 1 occurred 

*** Error in  GBM , calibration failed
*** inherits(g.pred,'try-error')
   ! Note :  Achillea.atrata_PA2_RUN2_GBM failed!


-=-=-=--=-=-=- Achillea.atrata_PA2_RUN2_ANN 

	Model scaling...
	Evaluating Model stuff...

-=-=-=--=-=-=- Achillea.atrata_PA2_RUN2_FDA 

	Model scaling...
	Evaluating Model stuff...

-=-=-=--=-=-=- Achillea.atrata_PA2_RUN2_MAXNET 

	Evaluating Model stuff...

-=-=-=--=-=-=- Achillea.atrata_PA3_RUN1_GLM 

	Evaluating Model stuff...

-=-=-=--=-=-=- Achillea.atrata_PA3_RUN1_GBM 
CV: 1 
Error in gbm.fit(x = x, y = y, offset = offset, distribution = distribution,  : 
  The data set is too small or the subsampling rate is too large: `nTrain * bag.fraction <= 2 * n.minobsinnode + 1`
In addition: Warning message:
In lognet(x, is.sparse, y, weights, offset, alpha, nobs, nvars,  :
  one multinomial or binomial class has fewer than 8  observations; dangerous ground

*** Error in  GBM , calibration failed
*** inherits(g.pred,'try-error')
   ! Note :  Achillea.atrata_PA3_RUN1_GBM failed!


-=-=-=--=-=-=- Achillea.atrata_PA3_RUN1_ANN 

	Model scaling...
	Evaluating Model stuff...

-=-=-=--=-=-=- Achillea.atrata_PA3_RUN1_FDA 

	Model scaling...
	Evaluating Model stuff...

-=-=-=--=-=-=- Achillea.atrata_PA3_RUN1_MAXNET 

	Evaluating Model stuff...

-=-=-=--=-=-=- Achillea.atrata_PA3_RUN2_GLM 

	Evaluating Model stuff...

-=-=-=--=-=-=- Achillea.atrata_PA3_RUN2_GBM 
CV: 1 
Error in gbm.fit(x = x, y = y, offset = offset, distribution = distribution,  : 
  The data set is too small or the subsampling rate is too large: `nTrain * bag.fraction <= 2 * n.minobsinnode + 1`
In addition: Warning messages:
1: In lognet(x, is.sparse, y, weights, offset, alpha, nobs, nvars,  :
  one multinomial or binomial class has fewer than 8  observations; dangerous ground
2: glm.fit: fitted probabilities numerically 0 or 1 occurred 

*** Error in  GBM , calibration failed
*** inherits(g.pred,'try-error')
   ! Note :  Achillea.atrata_PA3_RUN2_GBM failed!


-=-=-=--=-=-=- Achillea.atrata_PA3_RUN2_ANN 

	Model scaling...
	Evaluating Model stuff...

-=-=-=--=-=-=- Achillea.atrata_PA3_RUN2_FDA 

	Model scaling...
	Evaluating Model stuff...

-=-=-=--=-=-=- Achillea.atrata_PA3_RUN2_MAXNET 

	Evaluating Model stuff...
-=-=-=-=-=-=-=-=-=-=-=-=-=-=-=-=-=-= Done -=-=-=-=-=-=-=-=-=-=-=-=-=-=-=-=-=-=
Warning messages:
1: glm.fit: algorithm did not converge 
2: glm.fit: fitted probabilities numerically 0 or 1 occurred 
3: In max(calcStat, na.rm = TRUE) :
  no non-missing arguments to max; returning -Inf
4: In lognet(x, is.sparse, y, weights, offset, alpha, nobs, nvars,  :
  one multinomial or binomial class has fewer than 8  observations; dangerous ground
5: In max(calcStat, na.rm = TRUE) :
  no non-missing arguments to max; returning -Inf

-=-=-=-=-=-=-=-=-=-=-=-=-=-= Build Ensemble Models -=-=-=-=-=-=-=-=-=-=-=-=-=-=

   ! all models available will be included in ensemble.modeling
  ! Ensemble Models will be filtered and/or weighted using validation dataset (if possible). Please use `metric.select.dataset` for alternative options.
   > Evaluation & Weighting methods summary :
      AUCroc over 0.6


  > mergedData_mergedRun_mergedAlgo ensemble modeling
   ! Additional projection required for ensemble models merging several pseudo-absence dataset...
-=-=-=-=-=-=-=-=-=-=-=-=-= Do Single Models Projection -=-=-=-=-=-=-=-=-=-=-=-=-=

	> Projecting Achillea.atrata_PA1_RUN1_GLM ...
	> Projecting Achillea.atrata_PA1_RUN1_ANN ...
	> Projecting Achillea.atrata_PA1_RUN1_FDA ...
	> Projecting Achillea.atrata_PA1_RUN1_MAXNET ...
	> Projecting Achillea.atrata_PA1_RUN2_GLM ...
	> Projecting Achillea.atrata_PA1_RUN2_ANN ...
	> Projecting Achillea.atrata_PA1_RUN2_FDA ...
	> Projecting Achillea.atrata_PA1_RUN2_MAXNET ...
-=-=-=-=-=-=-=-=-=-=-=-=-=-=-=-=-=-= Done -=-=-=-=-=-=-=-=-=-=-=-=-=-=-=-=-=-=

-=-=-=-=-=-=-=-=-=-=-=-=-= Do Single Models Projection -=-=-=-=-=-=-=-=-=-=-=-=-=

	> Projecting Achillea.atrata_PA2_RUN1_GLM ...
	> Projecting Achillea.atrata_PA2_RUN1_ANN ...
	> Projecting Achillea.atrata_PA2_RUN1_FDA ...
	> Projecting Achillea.atrata_PA2_RUN1_MAXNET ...
	> Projecting Achillea.atrata_PA2_RUN2_GLM ...
	> Projecting Achillea.atrata_PA2_RUN2_ANN ...
	> Projecting Achillea.atrata_PA2_RUN2_FDA ...
	> Projecting Achillea.atrata_PA2_RUN2_MAXNET ...
-=-=-=-=-=-=-=-=-=-=-=-=-=-=-=-=-=-= Done -=-=-=-=-=-=-=-=-=-=-=-=-=-=-=-=-=-=

-=-=-=-=-=-=-=-=-=-=-=-=-= Do Single Models Projection -=-=-=-=-=-=-=-=-=-=-=-=-=

	> Projecting Achillea.atrata_PA3_RUN1_GLM ...
	> Projecting Achillea.atrata_PA3_RUN1_ANN ...
	> Projecting Achillea.atrata_PA3_RUN1_FDA ...
	> Projecting Achillea.atrata_PA3_RUN1_MAXNET ...
	> Projecting Achillea.atrata_PA3_RUN2_GLM ...
	> Projecting Achillea.atrata_PA3_RUN2_ANN ...
	> Projecting Achillea.atrata_PA3_RUN2_FDA ...
	> Projecting Achillea.atrata_PA3_RUN2_MAXNET ...
-=-=-=-=-=-=-=-=-=-=-=-=-=-=-=-=-=-= Done -=-=-=-=-=-=-=-=-=-=-=-=-=-=-=-=-=-=



   > Mean of probabilities by AUCroc ...
			Evaluating Model stuff...

   > Coef of variation of probabilities by AUCroc ...
-=-=-=-=-=-=-=-=-=-=-=-=-=-=-=-=-=-= Done -=-=-=-=-=-=-=-=-=-=-=-=-=-=-=-=-=-=

-=-=-=-=-=-=-=-=-=-=-=-=-= Do Single Models Projection -=-=-=-=-=-=-=-=-=-=-=-=-=

	> Building clamping mask

	> Projecting Achillea.atrata_PA1_RUN1_GLM ...
	> Projecting Achillea.atrata_PA1_RUN1_ANN ...
	> Projecting Achillea.atrata_PA1_RUN1_FDA ...
	> Projecting Achillea.atrata_PA1_RUN1_MAXNET ...
	> Projecting Achillea.atrata_PA1_RUN2_GLM ...
	> Projecting Achillea.atrata_PA1_RUN2_ANN ...
	> Projecting Achillea.atrata_PA1_RUN2_FDA ...
	> Projecting Achillea.atrata_PA1_RUN2_MAXNET ...
	> Projecting Achillea.atrata_PA2_RUN1_GLM ...
	> Projecting Achillea.atrata_PA2_RUN1_ANN ...
	> Projecting Achillea.atrata_PA2_RUN1_FDA ...
	> Projecting Achillea.atrata_PA2_RUN1_MAXNET ...
	> Projecting Achillea.atrata_PA2_RUN2_GLM ...
	> Projecting Achillea.atrata_PA2_RUN2_ANN ...
	> Projecting Achillea.atrata_PA2_RUN2_FDA ...
	> Projecting Achillea.atrata_PA2_RUN2_MAXNET ...
	> Projecting Achillea.atrata_PA3_RUN1_GLM ...
	> Projecting Achillea.atrata_PA3_RUN1_ANN ...
	> Projecting Achillea.atrata_PA3_RUN1_FDA ...
	> Projecting Achillea.atrata_PA3_RUN1_MAXNET ...
	> Projecting Achillea.atrata_PA3_RUN2_GLM ...
	> Projecting Achillea.atrata_PA3_RUN2_ANN ...
	> Projecting Achillea.atrata_PA3_RUN2_FDA ...
	> Projecting Achillea.atrata_PA3_RUN2_MAXNET ...
-=-=-=-=-=-=-=-=-=-=-=-=-=-=-=-=-=-= Done -=-=-=-=-=-=-=-=-=-=-=-=-=-=-=-=-=-=

-=-=-=-=-=-=-=-=-=-=-=-= Do Ensemble Models Projection -=-=-=-=-=-=-=-=-=-=-=-=

Creating suitable Workdir...

	> Projecting Achillea.atrata_EMmeanByAUCroc_mergedData_mergedRun_mergedAlgo ...
	> Projecting Achillea.atrata_EMcvByAUCroc_mergedData_mergedRun_mergedAlgo ...

! Binary/Filtered transformation automatically desactivated for ensemble models with coefficient of variation or confidence intervals
	> Building TSS binaries / filtered
	> Building AUCroc binaries / filtered
	> Building KAPPA binaries / filtered

-=-=-=-=-=-=-=-=-=-=-=-=-=-=-=-=-=-= Done -=-=-=-=-=-=-=-=-=-=-=-=-=-=-=-=-=-=


DEBUG: Processing future scenario 1 of 8 : /work/data/input/climate_vars/future/gfdl.esm4/ssp370 
DEBUG: Raster loaded, ncell = 63951097 , hasValues = TRUE 

-=-=-=-=-=-=-=-=-=-=-=-=-= Do Single Models Projection -=-=-=-=-=-=-=-=-=-=-=-=-=

	> Building clamping mask

	> Projecting Achillea.atrata_PA1_RUN1_GLM ...
	> Projecting Achillea.atrata_PA1_RUN1_ANN ...
	> Projecting Achillea.atrata_PA1_RUN1_FDA ...
	> Projecting Achillea.atrata_PA1_RUN1_MAXNET ...
	> Projecting Achillea.atrata_PA1_RUN2_GLM ...
	> Projecting Achillea.atrata_PA1_RUN2_ANN ...
	> Projecting Achillea.atrata_PA1_RUN2_FDA ...
	> Projecting Achillea.atrata_PA1_RUN2_MAXNET ...
	> Projecting Achillea.atrata_PA2_RUN1_GLM ...
	> Projecting Achillea.atrata_PA2_RUN1_ANN ...
	> Projecting Achillea.atrata_PA2_RUN1_FDA ...
	> Projecting Achillea.atrata_PA2_RUN1_MAXNET ...
	> Projecting Achillea.atrata_PA2_RUN2_GLM ...
	> Projecting Achillea.atrata_PA2_RUN2_ANN ...
	> Projecting Achillea.atrata_PA2_RUN2_FDA ...
	> Projecting Achillea.atrata_PA2_RUN2_MAXNET ...
	> Projecting Achillea.atrata_PA3_RUN1_GLM ...
	> Projecting Achillea.atrata_PA3_RUN1_ANN ...
	> Projecting Achillea.atrata_PA3_RUN1_FDA ...
	> Projecting Achillea.atrata_PA3_RUN1_MAXNET ...
	> Projecting Achillea.atrata_PA3_RUN2_GLM ...
	> Projecting Achillea.atrata_PA3_RUN2_ANN ...
	> Projecting Achillea.atrata_PA3_RUN2_FDA ...
	> Projecting Achillea.atrata_PA3_RUN2_MAXNET ...
-=-=-=-=-=-=-=-=-=-=-=-=-=-=-=-=-=-= Done -=-=-=-=-=-=-=-=-=-=-=-=-=-=-=-=-=-=

-=-=-=-=-=-=-=-=-=-=-=-= Do Ensemble Models Projection -=-=-=-=-=-=-=-=-=-=-=-=

Creating suitable Workdir...

	> Projecting Achillea.atrata_EMmeanByAUCroc_mergedData_mergedRun_mergedAlgo ...
	> Projecting Achillea.atrata_EMcvByAUCroc_mergedData_mergedRun_mergedAlgo ...

! Binary/Filtered transformation automatically desactivated for ensemble models with coefficient of variation or confidence intervals
	> Building TSS binaries / filtered
	> Building AUCroc binaries / filtered
	> Building KAPPA binaries / filtered

-=-=-=-=-=-=-=-=-=-=-=-=-=-=-=-=-=-= Done -=-=-=-=-=-=-=-=-=-=-=-=-=-=-=-=-=-=


DEBUG: Processing future scenario 2 of 8 : /work/data/input/climate_vars/future/gfdl.esm4/ssp585 
DEBUG: Raster loaded, ncell = 63951097 , hasValues = TRUE 

-=-=-=-=-=-=-=-=-=-=-=-=-= Do Single Models Projection -=-=-=-=-=-=-=-=-=-=-=-=-=

	> Building clamping mask

	> Projecting Achillea.atrata_PA1_RUN1_GLM ...
	> Projecting Achillea.atrata_PA1_RUN1_ANN ...
	> Projecting Achillea.atrata_PA1_RUN1_FDA ...
	> Projecting Achillea.atrata_PA1_RUN1_MAXNET ...
	> Projecting Achillea.atrata_PA1_RUN2_GLM ...
	> Projecting Achillea.atrata_PA1_RUN2_ANN ...
	> Projecting Achillea.atrata_PA1_RUN2_FDA ...
	> Projecting Achillea.atrata_PA1_RUN2_MAXNET ...
	> Projecting Achillea.atrata_PA2_RUN1_GLM ...
	> Projecting Achillea.atrata_PA2_RUN1_ANN ...
	> Projecting Achillea.atrata_PA2_RUN1_FDA ...
	> Projecting Achillea.atrata_PA2_RUN1_MAXNET ...
	> Projecting Achillea.atrata_PA2_RUN2_GLM ...
	> Projecting Achillea.atrata_PA2_RUN2_ANN ...
	> Projecting Achillea.atrata_PA2_RUN2_FDA ...
	> Projecting Achillea.atrata_PA2_RUN2_MAXNET ...
	> Projecting Achillea.atrata_PA3_RUN1_GLM ...
	> Projecting Achillea.atrata_PA3_RUN1_ANN ...
	> Projecting Achillea.atrata_PA3_RUN1_FDA ...
	> Projecting Achillea.atrata_PA3_RUN1_MAXNET ...
	> Projecting Achillea.atrata_PA3_RUN2_GLM ...
	> Projecting Achillea.atrata_PA3_RUN2_ANN ...
	> Projecting Achillea.atrata_PA3_RUN2_FDA ...
	> Projecting Achillea.atrata_PA3_RUN2_MAXNET ...
-=-=-=-=-=-=-=-=-=-=-=-=-=-=-=-=-=-= Done -=-=-=-=-=-=-=-=-=-=-=-=-=-=-=-=-=-=

-=-=-=-=-=-=-=-=-=-=-=-= Do Ensemble Models Projection -=-=-=-=-=-=-=-=-=-=-=-=

Creating suitable Workdir...

	> Projecting Achillea.atrata_EMmeanByAUCroc_mergedData_mergedRun_mergedAlgo ...
	> Projecting Achillea.atrata_EMcvByAUCroc_mergedData_mergedRun_mergedAlgo ...

! Binary/Filtered transformation automatically desactivated for ensemble models with coefficient of variation or confidence intervals
	> Building TSS binaries / filtered
	> Building AUCroc binaries / filtered
	> Building KAPPA binaries / filtered

-=-=-=-=-=-=-=-=-=-=-=-=-=-=-=-=-=-= Done -=-=-=-=-=-=-=-=-=-=-=-=-=-=-=-=-=-=


DEBUG: Processing future scenario 3 of 8 : /work/data/input/climate_vars/future/ipsl.cm6a.lr/ssp370 
DEBUG: Raster loaded, ncell = 63951097 , hasValues = TRUE 

-=-=-=-=-=-=-=-=-=-=-=-=-= Do Single Models Projection -=-=-=-=-=-=-=-=-=-=-=-=-=

	> Building clamping mask

	> Projecting Achillea.atrata_PA1_RUN1_GLM ...
	> Projecting Achillea.atrata_PA1_RUN1_ANN ...
	> Projecting Achillea.atrata_PA1_RUN1_FDA ...
	> Projecting Achillea.atrata_PA1_RUN1_MAXNET ...
	> Projecting Achillea.atrata_PA1_RUN2_GLM ...
	> Projecting Achillea.atrata_PA1_RUN2_ANN ...
	> Projecting Achillea.atrata_PA1_RUN2_FDA ...
	> Projecting Achillea.atrata_PA1_RUN2_MAXNET ...
	> Projecting Achillea.atrata_PA2_RUN1_GLM ...
	> Projecting Achillea.atrata_PA2_RUN1_ANN ...
	> Projecting Achillea.atrata_PA2_RUN1_FDA ...
	> Projecting Achillea.atrata_PA2_RUN1_MAXNET ...
	> Projecting Achillea.atrata_PA2_RUN2_GLM ...
	> Projecting Achillea.atrata_PA2_RUN2_ANN ...
	> Projecting Achillea.atrata_PA2_RUN2_FDA ...
	> Projecting Achillea.atrata_PA2_RUN2_MAXNET ...
	> Projecting Achillea.atrata_PA3_RUN1_GLM ...
	> Projecting Achillea.atrata_PA3_RUN1_ANN ...
	> Projecting Achillea.atrata_PA3_RUN1_FDA ...
	> Projecting Achillea.atrata_PA3_RUN1_MAXNET ...
	> Projecting Achillea.atrata_PA3_RUN2_GLM ...
	> Projecting Achillea.atrata_PA3_RUN2_ANN ...
	> Projecting Achillea.atrata_PA3_RUN2_FDA ...
	> Projecting Achillea.atrata_PA3_RUN2_MAXNET ...
-=-=-=-=-=-=-=-=-=-=-=-=-=-=-=-=-=-= Done -=-=-=-=-=-=-=-=-=-=-=-=-=-=-=-=-=-=

-=-=-=-=-=-=-=-=-=-=-=-= Do Ensemble Models Projection -=-=-=-=-=-=-=-=-=-=-=-=

Creating suitable Workdir...

	> Projecting Achillea.atrata_EMmeanByAUCroc_mergedData_mergedRun_mergedAlgo ...
	> Projecting Achillea.atrata_EMcvByAUCroc_mergedData_mergedRun_mergedAlgo ...

! Binary/Filtered transformation automatically desactivated for ensemble models with coefficient of variation or confidence intervals
	> Building TSS binaries / filtered
	> Building AUCroc binaries / filtered
	> Building KAPPA binaries / filtered

-=-=-=-=-=-=-=-=-=-=-=-=-=-=-=-=-=-= Done -=-=-=-=-=-=-=-=-=-=-=-=-=-=-=-=-=-=


DEBUG: Processing future scenario 4 of 8 : /work/data/input/climate_vars/future/ipsl.cm6a.lr/ssp585 
DEBUG: Raster loaded, ncell = 63951097 , hasValues = TRUE 

-=-=-=-=-=-=-=-=-=-=-=-=-= Do Single Models Projection -=-=-=-=-=-=-=-=-=-=-=-=-=

	> Building clamping mask

	> Projecting Achillea.atrata_PA1_RUN1_GLM ...
	> Projecting Achillea.atrata_PA1_RUN1_ANN ...
	> Projecting Achillea.atrata_PA1_RUN1_FDA ...
	> Projecting Achillea.atrata_PA1_RUN1_MAXNET ...
	> Projecting Achillea.atrata_PA1_RUN2_GLM ...
	> Projecting Achillea.atrata_PA1_RUN2_ANN ...
	> Projecting Achillea.atrata_PA1_RUN2_FDA ...
	> Projecting Achillea.atrata_PA1_RUN2_MAXNET ...
	> Projecting Achillea.atrata_PA2_RUN1_GLM ...
	> Projecting Achillea.atrata_PA2_RUN1_ANN ...
	> Projecting Achillea.atrata_PA2_RUN1_FDA ...
	> Projecting Achillea.atrata_PA2_RUN1_MAXNET ...
	> Projecting Achillea.atrata_PA2_RUN2_GLM ...
	> Projecting Achillea.atrata_PA2_RUN2_ANN ...
	> Projecting Achillea.atrata_PA2_RUN2_FDA ...
	> Projecting Achillea.atrata_PA2_RUN2_MAXNET ...
	> Projecting Achillea.atrata_PA3_RUN1_GLM ...
	> Projecting Achillea.atrata_PA3_RUN1_ANN ...
	> Projecting Achillea.atrata_PA3_RUN1_FDA ...
	> Projecting Achillea.atrata_PA3_RUN1_MAXNET ...
	> Projecting Achillea.atrata_PA3_RUN2_GLM ...
	> Projecting Achillea.atrata_PA3_RUN2_ANN ...
	> Projecting Achillea.atrata_PA3_RUN2_FDA ...
	> Projecting Achillea.atrata_PA3_RUN2_MAXNET ...
-=-=-=-=-=-=-=-=-=-=-=-=-=-=-=-=-=-= Done -=-=-=-=-=-=-=-=-=-=-=-=-=-=-=-=-=-=

-=-=-=-=-=-=-=-=-=-=-=-= Do Ensemble Models Projection -=-=-=-=-=-=-=-=-=-=-=-=

Creating suitable Workdir...

	> Projecting Achillea.atrata_EMmeanByAUCroc_mergedData_mergedRun_mergedAlgo ...
	> Projecting Achillea.atrata_EMcvByAUCroc_mergedData_mergedRun_mergedAlgo ...

! Binary/Filtered transformation automatically desactivated for ensemble models with coefficient of variation or confidence intervals
	> Building TSS binaries / filtered
	> Building AUCroc binaries / filtered
	> Building KAPPA binaries / filtered

-=-=-=-=-=-=-=-=-=-=-=-=-=-=-=-=-=-= Done -=-=-=-=-=-=-=-=-=-=-=-=-=-=-=-=-=-=


DEBUG: Processing future scenario 5 of 8 : /work/data/input/climate_vars/future/mpi.esm1.2.hr/ssp370 
DEBUG: Raster loaded, ncell = 63951097 , hasValues = TRUE 

-=-=-=-=-=-=-=-=-=-=-=-=-= Do Single Models Projection -=-=-=-=-=-=-=-=-=-=-=-=-=

	> Building clamping mask

	> Projecting Achillea.atrata_PA1_RUN1_GLM ...
	> Projecting Achillea.atrata_PA1_RUN1_ANN ...
	> Projecting Achillea.atrata_PA1_RUN1_FDA ...
	> Projecting Achillea.atrata_PA1_RUN1_MAXNET ...
	> Projecting Achillea.atrata_PA1_RUN2_GLM ...
	> Projecting Achillea.atrata_PA1_RUN2_ANN ...
	> Projecting Achillea.atrata_PA1_RUN2_FDA ...
	> Projecting Achillea.atrata_PA1_RUN2_MAXNET ...
	> Projecting Achillea.atrata_PA2_RUN1_GLM ...
	> Projecting Achillea.atrata_PA2_RUN1_ANN ...
	> Projecting Achillea.atrata_PA2_RUN1_FDA ...
	> Projecting Achillea.atrata_PA2_RUN1_MAXNET ...
	> Projecting Achillea.atrata_PA2_RUN2_GLM ...
	> Projecting Achillea.atrata_PA2_RUN2_ANN ...
	> Projecting Achillea.atrata_PA2_RUN2_FDA ...
	> Projecting Achillea.atrata_PA2_RUN2_MAXNET ...
	> Projecting Achillea.atrata_PA3_RUN1_GLM ...
	> Projecting Achillea.atrata_PA3_RUN1_ANN ...
	> Projecting Achillea.atrata_PA3_RUN1_FDA ...
	> Projecting Achillea.atrata_PA3_RUN1_MAXNET ...
	> Projecting Achillea.atrata_PA3_RUN2_GLM ...
	> Projecting Achillea.atrata_PA3_RUN2_ANN ...
	> Projecting Achillea.atrata_PA3_RUN2_FDA ...
	> Projecting Achillea.atrata_PA3_RUN2_MAXNET ...
-=-=-=-=-=-=-=-=-=-=-=-=-=-=-=-=-=-= Done -=-=-=-=-=-=-=-=-=-=-=-=-=-=-=-=-=-=

-=-=-=-=-=-=-=-=-=-=-=-= Do Ensemble Models Projection -=-=-=-=-=-=-=-=-=-=-=-=

Creating suitable Workdir...

	> Projecting Achillea.atrata_EMmeanByAUCroc_mergedData_mergedRun_mergedAlgo ...
	> Projecting Achillea.atrata_EMcvByAUCroc_mergedData_mergedRun_mergedAlgo ...

! Binary/Filtered transformation automatically desactivated for ensemble models with coefficient of variation or confidence intervals
	> Building TSS binaries / filtered
	> Building AUCroc binaries / filtered
	> Building KAPPA binaries / filtered

-=-=-=-=-=-=-=-=-=-=-=-=-=-=-=-=-=-= Done -=-=-=-=-=-=-=-=-=-=-=-=-=-=-=-=-=-=


DEBUG: Processing future scenario 6 of 8 : /work/data/input/climate_vars/future/mpi.esm1.2.hr/ssp585 
DEBUG: Raster loaded, ncell = 63951097 , hasValues = TRUE 

-=-=-=-=-=-=-=-=-=-=-=-=-= Do Single Models Projection -=-=-=-=-=-=-=-=-=-=-=-=-=

	> Building clamping mask

	> Projecting Achillea.atrata_PA1_RUN1_GLM ...
	> Projecting Achillea.atrata_PA1_RUN1_ANN ...
	> Projecting Achillea.atrata_PA1_RUN1_FDA ...
	> Projecting Achillea.atrata_PA1_RUN1_MAXNET ...
	> Projecting Achillea.atrata_PA1_RUN2_GLM ...
	> Projecting Achillea.atrata_PA1_RUN2_ANN ...
	> Projecting Achillea.atrata_PA1_RUN2_FDA ...
	> Projecting Achillea.atrata_PA1_RUN2_MAXNET ...
	> Projecting Achillea.atrata_PA2_RUN1_GLM ...
	> Projecting Achillea.atrata_PA2_RUN1_ANN ...
	> Projecting Achillea.atrata_PA2_RUN1_FDA ...
	> Projecting Achillea.atrata_PA2_RUN1_MAXNET ...
	> Projecting Achillea.atrata_PA2_RUN2_GLM ...
	> Projecting Achillea.atrata_PA2_RUN2_ANN ...
	> Projecting Achillea.atrata_PA2_RUN2_FDA ...
	> Projecting Achillea.atrata_PA2_RUN2_MAXNET ...
	> Projecting Achillea.atrata_PA3_RUN1_GLM ...
	> Projecting Achillea.atrata_PA3_RUN1_ANN ...
	> Projecting Achillea.atrata_PA3_RUN1_FDA ...
	> Projecting Achillea.atrata_PA3_RUN1_MAXNET ...
	> Projecting Achillea.atrata_PA3_RUN2_GLM ...
	> Projecting Achillea.atrata_PA3_RUN2_ANN ...
	> Projecting Achillea.atrata_PA3_RUN2_FDA ...
	> Projecting Achillea.atrata_PA3_RUN2_MAXNET ...
-=-=-=-=-=-=-=-=-=-=-=-=-=-=-=-=-=-= Done -=-=-=-=-=-=-=-=-=-=-=-=-=-=-=-=-=-=

-=-=-=-=-=-=-=-=-=-=-=-= Do Ensemble Models Projection -=-=-=-=-=-=-=-=-=-=-=-=

Creating suitable Workdir...

	> Projecting Achillea.atrata_EMmeanByAUCroc_mergedData_mergedRun_mergedAlgo ...
	> Projecting Achillea.atrata_EMcvByAUCroc_mergedData_mergedRun_mergedAlgo ...

! Binary/Filtered transformation automatically desactivated for ensemble models with coefficient of variation or confidence intervals
	> Building TSS binaries / filtered
	> Building AUCroc binaries / filtered
	> Building KAPPA binaries / filtered

-=-=-=-=-=-=-=-=-=-=-=-=-=-=-=-=-=-= Done -=-=-=-=-=-=-=-=-=-=-=-=-=-=-=-=-=-=


DEBUG: Processing future scenario 7 of 8 : /work/data/input/climate_vars/future/mri.esm2.0/ssp370 
DEBUG: Raster loaded, ncell = 63951097 , hasValues = TRUE 

-=-=-=-=-=-=-=-=-=-=-=-=-= Do Single Models Projection -=-=-=-=-=-=-=-=-=-=-=-=-=

	> Building clamping mask

	> Projecting Achillea.atrata_PA1_RUN1_GLM ...
	> Projecting Achillea.atrata_PA1_RUN1_ANN ...
	> Projecting Achillea.atrata_PA1_RUN1_FDA ...
	> Projecting Achillea.atrata_PA1_RUN1_MAXNET ...
	> Projecting Achillea.atrata_PA1_RUN2_GLM ...
	> Projecting Achillea.atrata_PA1_RUN2_ANN ...
	> Projecting Achillea.atrata_PA1_RUN2_FDA ...
	> Projecting Achillea.atrata_PA1_RUN2_MAXNET ...
	> Projecting Achillea.atrata_PA2_RUN1_GLM ...
	> Projecting Achillea.atrata_PA2_RUN1_ANN ...
	> Projecting Achillea.atrata_PA2_RUN1_FDA ...
	> Projecting Achillea.atrata_PA2_RUN1_MAXNET ...
	> Projecting Achillea.atrata_PA2_RUN2_GLM ...
	> Projecting Achillea.atrata_PA2_RUN2_ANN ...
	> Projecting Achillea.atrata_PA2_RUN2_FDA ...
	> Projecting Achillea.atrata_PA2_RUN2_MAXNET ...
	> Projecting Achillea.atrata_PA3_RUN1_GLM ...
	> Projecting Achillea.atrata_PA3_RUN1_ANN ...
	> Projecting Achillea.atrata_PA3_RUN1_FDA ...
	> Projecting Achillea.atrata_PA3_RUN1_MAXNET ...
	> Projecting Achillea.atrata_PA3_RUN2_GLM ...
	> Projecting Achillea.atrata_PA3_RUN2_ANN ...
	> Projecting Achillea.atrata_PA3_RUN2_FDA ...
	> Projecting Achillea.atrata_PA3_RUN2_MAXNET ...
-=-=-=-=-=-=-=-=-=-=-=-=-=-=-=-=-=-= Done -=-=-=-=-=-=-=-=-=-=-=-=-=-=-=-=-=-=

-=-=-=-=-=-=-=-=-=-=-=-= Do Ensemble Models Projection -=-=-=-=-=-=-=-=-=-=-=-=

Creating suitable Workdir...

	> Projecting Achillea.atrata_EMmeanByAUCroc_mergedData_mergedRun_mergedAlgo ...
	> Projecting Achillea.atrata_EMcvByAUCroc_mergedData_mergedRun_mergedAlgo ...

! Binary/Filtered transformation automatically desactivated for ensemble models with coefficient of variation or confidence intervals
	> Building TSS binaries / filtered
	> Building AUCroc binaries / filtered
	> Building KAPPA binaries / filtered

-=-=-=-=-=-=-=-=-=-=-=-=-=-=-=-=-=-= Done -=-=-=-=-=-=-=-=-=-=-=-=-=-=-=-=-=-=


DEBUG: Processing future scenario 8 of 8 : /work/data/input/climate_vars/future/mri.esm2.0/ssp585 
DEBUG: Raster loaded, ncell = 63951097 , hasValues = TRUE 

-=-=-=-=-=-=-=-=-=-=-=-=-= Do Single Models Projection -=-=-=-=-=-=-=-=-=-=-=-=-=

	> Building clamping mask

	> Projecting Achillea.atrata_PA1_RUN1_GLM ...
	> Projecting Achillea.atrata_PA1_RUN1_ANN ...
	> Projecting Achillea.atrata_PA1_RUN1_FDA ...
	> Projecting Achillea.atrata_PA1_RUN1_MAXNET ...
	> Projecting Achillea.atrata_PA1_RUN2_GLM ...
	> Projecting Achillea.atrata_PA1_RUN2_ANN ...
	> Projecting Achillea.atrata_PA1_RUN2_FDA ...
	> Projecting Achillea.atrata_PA1_RUN2_MAXNET ...
	> Projecting Achillea.atrata_PA2_RUN1_GLM ...
	> Projecting Achillea.atrata_PA2_RUN1_ANN ...
	> Projecting Achillea.atrata_PA2_RUN1_FDA ...
	> Projecting Achillea.atrata_PA2_RUN1_MAXNET ...
	> Projecting Achillea.atrata_PA2_RUN2_GLM ...
	> Projecting Achillea.atrata_PA2_RUN2_ANN ...
	> Projecting Achillea.atrata_PA2_RUN2_FDA ...
	> Projecting Achillea.atrata_PA2_RUN2_MAXNET ...
	> Projecting Achillea.atrata_PA3_RUN1_GLM ...
	> Projecting Achillea.atrata_PA3_RUN1_ANN ...
	> Projecting Achillea.atrata_PA3_RUN1_FDA ...
	> Projecting Achillea.atrata_PA3_RUN1_MAXNET ...
	> Projecting Achillea.atrata_PA3_RUN2_GLM ...
	> Projecting Achillea.atrata_PA3_RUN2_ANN ...
	> Projecting Achillea.atrata_PA3_RUN2_FDA ...
	> Projecting Achillea.atrata_PA3_RUN2_MAXNET ...
-=-=-=-=-=-=-=-=-=-=-=-=-=-=-=-=-=-= Done -=-=-=-=-=-=-=-=-=-=-=-=-=-=-=-=-=-=

-=-=-=-=-=-=-=-=-=-=-=-= Do Ensemble Models Projection -=-=-=-=-=-=-=-=-=-=-=-=

Creating suitable Workdir...

	> Projecting Achillea.atrata_EMmeanByAUCroc_mergedData_mergedRun_mergedAlgo ...
	> Projecting Achillea.atrata_EMcvByAUCroc_mergedData_mergedRun_mergedAlgo ...

! Binary/Filtered transformation automatically desactivated for ensemble models with coefficient of variation or confidence intervals
	> Building TSS binaries / filtered
	> Building AUCroc binaries / filtered
	> Building KAPPA binaries / filtered

-=-=-=-=-=-=-=-=-=-=-=-=-=-=-=-=-=-= Done -=-=-=-=-=-=-=-=-=-=-=-=-=-=-=-=-=-=
  |                                                          |==================================================| 100%

real	421m32.601s
user	349m46.983s
sys	116m30.559s
