[14:56:14] > options(warn = 1) # stampa i warning quando accadono (non in blocco a fine run)
[14:56:14] > 
[14:56:14] > library(biomod2)
[14:56:18] biomod2 4.3-4-5 loaded.
[14:56:18]  /!\ Welcome to augmented biomod2 with abundance modeling available! (*o*)
[14:56:18]  Take a look at the HOME and NEWS section on the website to see all the features!
[14:56:18] 
[14:56:18] Loading required package: nnet
[14:56:18] Loading required package: rpart
[14:56:18] Loading required package: cito
[14:56:18] Warning in library(package, lib.loc = lib.loc, character.only = TRUE, logical.return = TRUE,  :
[14:56:18]   there is no package called ‘cito’
[14:56:18] Loading required package: mda
[14:56:18] Loading required package: class
[14:56:18] Loaded mda 0.5-5
[14:56:18] 
[14:56:18] Loading required package: gam
[14:56:18] Loading required package: splines
[14:56:18] Loading required package: foreach
[14:56:18] Loaded gam 1.22-7
[14:56:18] 
[14:56:18] Loading required package: mgcv
[14:56:18] Loading required package: nlme
[14:56:18] This is mgcv 1.9-4. For overview type '?mgcv'.
[14:56:18] 
[14:56:18] Attaching package: ‘mgcv’
[14:56:18] 
[14:56:18] The following objects are masked from ‘package:gam’:
[14:56:18] 
[14:56:18]     gam, gam.control, gam.fit, s
[14:56:18] 
[14:56:18] The following object is masked from ‘package:nnet’:
[14:56:18] 
[14:56:18]     multinom
[14:56:18] 
[14:56:18] Loading required package: gbm
[14:56:18] Loaded gbm 2.2.3
[14:56:18] This version of gbm is no longer under development. Consider transitioning to gbm3, https://github.com/gbm-developers/gbm3
[14:56:18] Loading required package: earth
[14:56:18] Loading required package: Formula
[14:56:18] Loading required package: plotmo
[14:56:18] Loading required package: plotrix
[14:56:18] Loading required package: maxnet
[14:56:18] Loading required package: randomForest
[14:56:18] randomForest 4.7-1.2
[14:56:18] Type rfNews() to see new features/changes/bug fixes.
[14:56:18] Loading required package: xgboost
[14:56:18] > library(terra)
[14:56:18] terra 1.9.11
[14:56:18] 
[14:56:18] Attaching package: ‘terra’
[14:56:18] 
[14:56:18] The following object is masked from ‘package:plotrix’:
[14:56:18] 
[14:56:18]     rescale
[14:56:18] 
[14:56:18] > library(gbm)
[14:56:18] > library(mda)
[14:56:18] > library(randomForest)
[14:56:18] > 
[14:56:18] > # NOTE: makeCluster/registerDoParallel removed - hangs inside Singularity container.
[14:56:18] > 
[14:56:18] > root <- normalizePath(".")
[14:56:18] > in_dir <- file.path(root, "data/input")
[14:56:18] > out_dir <- file.path(root, "data/output")
[14:56:18] > dir.create(out_dir, showWarnings = FALSE)
[14:56:18] > 
[14:56:18] > ####################################
[14:56:18] > # loading species occurrences data
[14:56:18] > ####################################
[14:56:18] > spocc <- read.csv(file.path(in_dir, "full_1km_EUNIS.csv"), head = TRUE)
[14:56:26] > spocc <- spocc[, -1] # drop id -> cols: sp_name, x, y, pseudo-absences
[14:56:26] > spocc$sp_name <- sub(" ", ".", spocc$sp_name)
[14:56:26] > sp.names <- levels(factor(spocc[, 1]))
[14:56:26] > num_sp <- length(sp.names)
[14:56:26] > cat("DEBUG: num_sp =", num_sp, "| total rows =", nrow(spocc), "\n")
[14:56:26] DEBUG: num_sp = 167 | total rows = 2583359 
[14:56:26] > 
[14:56:26] > #####################################
[14:56:26] > # CALIBRATION environmental data
[14:56:26] > #####################################
[14:56:26] > cat("DEBUG: loading calibration rasters...\n")
[14:56:26] DEBUG: loading calibration rasters...
[14:56:26] > clim_cal <- rast(dir(file.path(in_dir, "climate_vars/baseline"), full.names = T))
[14:56:27] > tri_cal <- rast(dir(file.path(in_dir, "TRI_vars"), full.names = T))
[14:56:27] > soil_cal <- rast(dir(file.path(in_dir, "soil_vars"), full.names = T))
[14:56:27] > cur_cal <- c(clim_cal, tri_cal, soil_cal)
[14:56:27] > names(cur_cal) <- c("PC1_clim", "PC2_clim", "tri", "PC1_soil", "PC2_soil")
[14:56:27] > cat("DEBUG: raster dim =", dim(cur_cal)[1], "x", dim(cur_cal)[2], "| ncell =", ncell(cur_cal), "\n")
[14:56:27] DEBUG: raster dim = 5873 x 10889 | ncell = 63951097 
[14:56:27] > 
[14:56:27] > #####################################
[14:56:27] > # PROJECTION environmental data
[14:56:27] > #####################################
[14:56:27] > clim_proj <- rast(dir(file.path(in_dir, "climate_vars/baseline"), full.names = T))
[14:56:27] > tri_proj <- rast(dir(file.path(in_dir, "TRI_vars"), full.names = T))
[14:56:27] > soil_proj <- rast(dir(file.path(in_dir, "soil_vars"), full.names = T))
[14:56:27] > cur_proj <- c(clim_proj, tri_proj, soil_proj)
[14:56:27] > names(cur_proj) <- c("PC1_clim", "PC2_clim", "tri", "PC1_soil", "PC2_soil")
[14:56:27] > 
[14:56:27] > #####################################
[14:56:27] > # loading FUTURE list (leaf dirs containing tif)
[14:56:27] > #####################################
[14:56:27] > lf <- list.dirs(file.path(in_dir, "climate_vars/future"), full.names = T, recursive = T)[-1]
[14:56:27] > lf <- lf[sapply(lf, function(d) length(list.files(d, pattern = "\\.tif$")) > 0)]
[14:56:27] > cat("DEBUG: testing with", length(lf), "future scenarios\n")
[14:56:27] DEBUG: testing with 8 future scenarios
[14:56:27] > 
[14:56:27] > # outputs (biomod2 writes species folders into the working dir)
[14:56:27] > setwd(out_dir)
[14:56:27] > 
[14:56:27] > pb <- txtProgressBar(min = 0, max = num_sp, style = 3, width = 50, char = "=")
[14:56:27]   |                                                          |                                                  |   0%> 
[14:56:27] > selModels <- c("GLM", "GBM", "ANN", "FDA", "MAXNET")
[14:56:27] > 
[14:56:27] > # parallel fork count for Modeling + Projection only. EnsembleForecasting stays nb.cpu=1:
[14:56:27] > # its bm.proj reuse already avoids the re-projection fork that caused the step-6 OOM.
[14:56:27] > # Cap modest: nb.cpu >= 16 historically OOM'd (big-parent forks). Raise only after a clean test.
[14:56:27] > n_cpu <- 4L
[14:56:27] > 
[14:56:27] > # SLURM array task -> one species from the test set (size-spread: large/median/small)
[14:56:27] > test_species <- c("Potentilla.erecta", "Galium.anisophyllon", "Festuca.glauca")
[14:56:27] > k <- as.integer(Sys.getenv("SLURM_ARRAY_TASK_ID", "1"))
[14:56:27] > i <- match(test_species[k], sp.names)
[14:56:27] > spocc1 <- subset(spocc, spocc[, 1] == sp.names[i])
[14:56:27] > cat("DEBUG: array task", k, "-> species =", sp.names[i], "| occurrences =", nrow(spocc1), "\n")
[14:56:27] DEBUG: array task 2 -> species = Galium.anisophyllon | occurrences = 5936 
[14:56:27] > 
[14:56:27] > # per-species output wipe (array-safe: only this task's species dir, not sibling tasks')
[14:56:27] > unlink(file.path(out_dir, sp.names[i]), recursive = TRUE)
[14:56:27] > 
[14:56:27] > ###########################################################################
[14:56:27] > ######################     CALIBRATION ON EUROPE      #####################
[14:56:27] > ###########################################################################
[14:56:27] > 
[14:56:27] > start.time <- Sys.time()
[14:56:27] > myRespName <- paste(sp.names[i], sep = ".")
[14:56:27] > myRespXY <- spocc1[, 2:3] # coordinates of points
[14:56:27] > myResp <- rep(1, nrow(spocc1)) # species occurences
[14:56:27] > 
[14:56:27] > cat("DEBUG: starting BIOMOD_FormatingData at", format(Sys.time(), "%H:%M:%S"), "\n")
[14:56:27] DEBUG: starting BIOMOD_FormatingData at 14:56:27 
[14:56:27] > flush.console()
[14:56:27] > 
[14:56:27] > # 1. Formatting Data
[14:56:27] > myBiomodData <- BIOMOD_FormatingData(
[14:56:27] +   resp.var = myResp,
[14:56:27] +   expl.var = cur_cal,
[14:56:27] +   resp.xy = myRespXY,
[14:56:27] +   resp.name = myRespName,
[14:56:27] +   PA.nb.rep = 3,
[14:56:27] +   PA.nb.absences = 10000, # production value (was toy 10); grows modeling only, projection unchanged
[14:56:27] +   PA.strategy = "random",
[14:56:27] +   na.rm = TRUE,
[14:56:27] +   filter.raster = F
[14:56:27] + )
[14:56:27] 
[14:56:27] -=-=-=-=-=-=-=-=-=-=-= Galium.anisophyllon Data Formating -=-=-=-=-=-=-=-=-=-=-=
[14:56:27] 
[14:56:27] 
[14:56:27] Checking Pseudo-absence selection arguments...
[14:56:27] 
[14:56:27]    > random pseudo absences selection
[15:41:39]    > Pseudo absences are selected in explanatory variables
[15:41:39] 
[15:41:52]  ! Some NAs have been automatically removed from your data
[15:41:52] -=-=-=-=-=-=-=-=-=-=-=-=-=-=-=-=-=-= Done -=-=-=-=-=-=-=-=-=-=-=-=-=-=-=-=-=-=
[15:41:52] > 
[15:41:52] > cat("DEBUG: BIOMOD_FormatingData done at", format(Sys.time(), "%H:%M:%S"), "\n")
[15:41:52] DEBUG: BIOMOD_FormatingData done at 15:41:52 
[15:41:52] > end.time <- Sys.time()
[15:41:52] > time.formating <- end.time - start.time
[15:41:52] > 
[15:41:52] > start.time <- Sys.time()
[15:41:52] > # 2. Defining Models Options (bigboss preset)
[15:41:52] > opt.b <- bm_ModelingOptions(
[15:41:52] +   data.type = "binary",
[15:41:52] +   models = selModels,
[15:41:52] +   strategy = "bigboss",
[15:41:52] +   bm.format = myBiomodData
[15:41:52] + )
[15:41:52] 
[15:41:52] -=-=-=-=-=-=-=-=-=-=-=-=-=-= Build Modeling Options -=-=-=-=-=-=-=-=-=-=-=-=-=-=
[15:41:52] 
[15:41:52] 	>  GLM options ( datatype: binary , package: stats , function: glm )...
[15:41:52] 	>  GBM options ( datatype: binary , package: gbm , function: gbm )...
[15:41:52] 	>  ANN options ( datatype: binary , package: nnet , function: nnet )...
[15:41:52] 	>  FDA options ( datatype: binary , package: mda , function: fda )...
[15:41:52] 	>  MAXNET options ( datatype: binary , package: maxnet , function: maxnet )...
[15:41:52] 
[15:41:52] -=-=-=-=-=-=-=-=-=-=-=-=-=-=-=-=-=-= Done -=-=-=-=-=-=-=-=-=-=-=-=-=-=-=-=-=-=
[15:41:52] > 
[15:41:52] > # 3. Computing the models
[15:41:52] > myBiomodModelOut <- BIOMOD_Modeling(
[15:41:52] +   myBiomodData,
[15:41:52] +   models = selModels,
[15:41:52] +   CV.strategy = "random",
[15:41:52] +   CV.nb.rep = 2, # DEBUG: reduced from 5
[15:41:52] +   CV.perc = 0.7,
[15:41:52] +   OPT.strategy = "bigboss",
[15:41:52] +   metric.eval = c("TSS", "AUCroc", "KAPPA", "POD", "FAR"),
[15:41:52] +   scale.models = FALSE,
[15:41:52] +   CV.do.full.models = FALSE,
[15:41:52] +   nb.cpu = n_cpu,
[15:41:52] +   do.progress = T
[15:41:52] + )
[15:41:52] 
[15:41:52] -=-=-=-=-=-=-=-=-=-=-=-=-=-=-= Build Single Models -=-=-=-=-=-=-=-=-=-=-=-=-=-=-=
[15:41:52] 
[15:41:52] 
[15:41:52] Checking Models arguments...
[15:41:52] 
[15:41:52] 	> Automatic weights creation to rise a 0.5 prevalence
[15:41:52] Creating suitable Workdir...
[15:41:54] 
[15:41:54] 
[15:41:54] Checking Cross-Validation arguments...
[15:41:54] 
[15:41:54]    > Random cross-validation selection
[15:41:54] 
[15:41:54] -=-=-=-=-=-=-=-=-=-=-=-=-=-= Build Modeling Options -=-=-=-=-=-=-=-=-=-=-=-=-=-=
[15:41:54] 
[15:41:54] 	>  GLM options ( datatype: binary , package: stats , function: glm )...
[15:41:54] 	>  GBM options ( datatype: binary , package: gbm , function: gbm )...
[15:41:54] 	>  ANN options ( datatype: binary , package: nnet , function: nnet )...
[15:41:54] 	>  FDA options ( datatype: binary , package: mda , function: fda )...
[15:41:54] 	>  MAXNET options ( datatype: binary , package: maxnet , function: maxnet )...
[15:41:54] 
[15:41:54] -=-=-=-=-=-=-=-=-=-=-=-=-=-=-=-=-=-= Done -=-=-=-=-=-=-=-=-=-=-=-=-=-=-=-=-=-=
[15:41:54] 
[15:41:54] 
[15:41:54] 
[15:41:54] -=-=-=-=-=-=-=-=-=-= Galium.anisophyllon Modeling Summary -=-=-=-=-=-=-=-=-=-=
[15:41:54] 
[15:41:54] > 5 environmental variables ( PC1_clim PC2_clim tri PC1_soil PC2_soil )
[15:41:54] 
[15:41:54] > Number of PA datasets : 3
[15:41:54] 
[15:41:54] > Number of calibration/validation splits : 2
[15:41:54] 
[15:41:54] > Algorithms selected : GLM GBM ANN FDA MAXNET
[15:41:54]  6 models for each algorithm
[15:41:54] 
[15:41:54] Total number of model runs: 30 
[15:41:54] 
[15:41:54] -=-=-=-=-=-=-=-=-=-=-=-=-=-=-=-=-=-=-=-=-=-=-=-=-=-=-=-=-=-=-=-=-=-=-=-=-=-=-=-=
[15:41:54] 
[15:41:54] 
[15:41:54] -=-=-=--=-=-=- Galium.anisophyllon_PA1_RUN1_GLM 
[15:41:54] 
[15:41:54] 
[15:41:54] -=-=-=--=-=-=- Galium.anisophyllon_PA1_RUN1_GBM 
[15:41:54] CV: 1 
[15:41:54] 
[15:41:54] 
[15:41:54] -=-=-=--=-=-=- Galium.anisophyllon_PA1_RUN1_ANN 
[15:41:54] 
[15:41:54] 
[15:41:54] -=-=-=--=-=-=- Galium.anisophyllon_PA1_RUN1_FDA 
[15:41:55] 
[15:41:55] 	Model scaling...
[15:41:55] 	Model scaling...Warning: glm.fit: fitted probabilities numerically 0 or 1 occurred
[15:41:55] 
[15:41:55] 	Evaluating Model stuff...
[15:41:55] 	Evaluating Model stuff...
[15:41:56] 	Evaluating Model stuff...
[15:41:56] 
[15:41:56] -=-=-=--=-=-=- Galium.anisophyllon_PA1_RUN2_ANN 
[15:41:56] 
[15:41:56] 
[15:41:56] -=-=-=--=-=-=- Galium.anisophyllon_PA1_RUN1_MAXNET 
[15:41:56] 
[15:41:56] 
[15:41:56] -=-=-=--=-=-=- Galium.anisophyllon_PA1_RUN2_GBM 
[15:41:56] CV: 1 
[15:41:57] 
[15:41:57] 	Model scaling...
[15:41:58] 	Evaluating Model stuff...
[15:41:58] 
[15:41:58] -=-=-=--=-=-=- Galium.anisophyllon_PA2_RUN1_GBM 
[15:41:58] CV: 1 
[15:42:01] CV: 2 
[15:42:03] CV: 2 
[15:42:05] CV: 2 
[15:42:07] CV: 3 
[15:42:09] CV: 3 
[15:42:11] CV: 3 
[15:42:25] 
[15:42:26] 	Evaluating Model stuff...
[15:42:26] 
[15:42:26] -=-=-=--=-=-=- Galium.anisophyllon_PA1_RUN2_GLM 
[15:42:26] Warning: glm.fit: fitted probabilities numerically 0 or 1 occurred
[15:42:26] 
[15:42:27] 	Evaluating Model stuff...
[15:42:27] 	Evaluating Model stuff...Warning in max(calcStat, na.rm = TRUE) :
[15:42:27]   no non-missing arguments to max; returning -Inf
[15:42:28] 
[15:42:28] 
[15:42:28] -=-=-=--=-=-=- Galium.anisophyllon_PA1_RUN2_MAXNET 
[15:42:28] 
[15:42:28] 
[15:42:28] -=-=-=--=-=-=- Galium.anisophyllon_PA2_RUN1_GLM 
[15:42:28] Warning: glm.fit: fitted probabilities numerically 0 or 1 occurred
[15:42:28] 
[15:42:28] 	Evaluating Model stuff...
[15:42:30] 	Evaluating Model stuff...
[15:42:30] 
[15:42:30] -=-=-=--=-=-=- Galium.anisophyllon_PA2_RUN2_GLM 
[15:42:30] 
[15:42:30] 
[15:42:30] -=-=-=--=-=-=- Galium.anisophyllon_PA2_RUN1_MAXNET 
[15:42:30] Warning: glm.fit: fitted probabilities numerically 0 or 1 occurred
[15:42:30] 
[15:42:31] 	Evaluating Model stuff...
[15:42:31] 
[15:42:31] -=-=-=--=-=-=- Galium.anisophyllon_PA2_RUN2_MAXNET 
[15:42:39] 
[15:42:40] 	Evaluating Model stuff...
[15:42:40] 
[15:42:40] -=-=-=--=-=-=- Galium.anisophyllon_PA1_RUN2_FDA 
[15:42:40] 
[15:42:40] 	Model scaling...
[15:42:42] 	Evaluating Model stuff...
[15:42:42] 
[15:42:42] -=-=-=--=-=-=- Galium.anisophyllon_PA2_RUN1_ANN 
[15:42:42] 
[15:42:42] 	Model scaling...
[15:42:44] 	Evaluating Model stuff...
[15:42:44] 
[15:42:44] -=-=-=--=-=-=- Galium.anisophyllon_PA2_RUN2_GBM 
[15:42:44] CV: 1 
[15:42:50] CV: 2 
[15:42:56] CV: 3 
[15:43:11] 
[15:43:12] 	Evaluating Model stuff...
[15:43:12] 
[15:43:12] -=-=-=--=-=-=- Galium.anisophyllon_PA2_RUN1_FDA 
[15:43:12] 
[15:43:12] 	Model scaling...
[15:43:13] 	Evaluating Model stuff...
[15:43:13] 	Evaluating Model stuff...
[15:43:13] 
[15:43:13] -=-=-=--=-=-=- Galium.anisophyllon_PA2_RUN2_ANN 
[15:43:14] 
[15:43:14] 	Evaluating Model stuff...
[15:43:14] 	Model scaling...
[15:43:14] 	Evaluating Model stuff...
[15:43:14] 
[15:43:14] -=-=-=--=-=-=- Galium.anisophyllon_PA2_RUN2_FDA 
[15:43:14] 
[15:43:14] 	Evaluating Model stuff...
[15:43:14] 	Model scaling...
[15:43:15] 	Evaluating Model stuff...
[15:43:15] 
[15:43:15] -=-=-=--=-=-=- Galium.anisophyllon_PA3_RUN1_FDA 
[15:43:15] 
[15:43:15] 	Model scaling...
[15:43:15] 	Evaluating Model stuff...
[15:43:15] 
[15:43:15] -=-=-=--=-=-=- Galium.anisophyllon_PA3_RUN1_GLM 
[15:43:15] Warning: glm.fit: fitted probabilities numerically 0 or 1 occurred
[15:43:15] 
[15:43:15] 	Evaluating Model stuff...
[15:43:15] 
[15:43:15] -=-=-=--=-=-=- Galium.anisophyllon_PA3_RUN1_GBM 
[15:43:15] CV: 1 
[15:43:16] 
[15:43:16] 
[15:43:16] -=-=-=--=-=-=- Galium.anisophyllon_PA3_RUN1_ANN 
[15:43:16] 
[15:43:16] 	Model scaling...
[15:43:16] 	Evaluating Model stuff...
[15:43:16] 
[15:43:16] -=-=-=--=-=-=- Galium.anisophyllon_PA3_RUN2_ANN 
[15:43:17] 
[15:43:17] 
[15:43:17] -=-=-=--=-=-=- Galium.anisophyllon_PA3_RUN1_MAXNET 
[15:43:17] 
[15:43:17] 	Model scaling...
[15:43:17] 	Evaluating Model stuff...
[15:43:17] 
[15:43:17] -=-=-=--=-=-=- Galium.anisophyllon_PA3_RUN2_GBM 
[15:43:17] CV: 1 
[15:43:22] CV: 2 
[15:43:24] CV: 2 
[15:43:28] CV: 3 
[15:43:30] CV: 3 
[15:43:46] 
[15:43:47] 	Evaluating Model stuff...
[15:43:47] 
[15:43:47] -=-=-=--=-=-=- Galium.anisophyllon_PA3_RUN2_GLM 
[15:43:47] Warning: glm.fit: fitted probabilities numerically 0 or 1 occurred
[15:43:47] 
[15:43:48] 	Evaluating Model stuff...
[15:43:49] 	Evaluating Model stuff...
[15:43:49] 
[15:43:49] -=-=-=--=-=-=- Galium.anisophyllon_PA3_RUN2_MAXNET 
[15:44:03] 
[15:44:04] 	Evaluating Model stuff...
[15:44:04] 
[15:44:04] -=-=-=--=-=-=- Galium.anisophyllon_PA3_RUN2_FDA 
[15:44:04] 
[15:44:04] 	Model scaling...
[15:44:36] 	Evaluating Model stuff...
[15:44:38] 	Evaluating Model stuff...
[15:44:38] -=-=-=-=-=-=-=-=-=-=-=-=-=-=-=-=-=-= Done -=-=-=-=-=-=-=-=-=-=-=-=-=-=-=-=-=-=
[15:44:38] > end.time <- Sys.time()
[15:44:38] > time.modeling <- end.time - start.time
[15:44:38] > 
[15:44:38] > start.time <- Sys.time()
[15:44:38] > # 4. Model ensemble models
[15:44:38] > myBiomodEM <- BIOMOD_EnsembleModeling(
[15:44:38] +   bm.mod = myBiomodModelOut,
[15:44:38] +   models.chosen = "all",
[15:44:38] +   em.by = "all",
[15:44:38] +   em.algo = c("EMmean", "EMcv"),
[15:44:38] +   metric.select = c("AUCroc"),
[15:44:38] +   metric.select.thresh = c(0.6),
[15:44:38] +   metric.eval = c("TSS", "AUCroc", "KAPPA"),
[15:44:38] +   nb.cpu = 1
[15:44:38] + )
[15:44:38] 
[15:44:38] -=-=-=-=-=-=-=-=-=-=-=-=-=-= Build Ensemble Models -=-=-=-=-=-=-=-=-=-=-=-=-=-=
[15:44:38] 
[15:44:38]    ! all models available will be included in ensemble.modeling
[15:44:38]   ! Ensemble Models will be filtered and/or weighted using validation dataset (if possible). Please use `metric.select.dataset` for alternative options.
[15:44:38]    > Evaluation & Weighting methods summary :
[15:44:38]       AUCroc over 0.6
[15:44:40] 
[15:44:40] 
[15:44:44]   > mergedData_mergedRun_mergedAlgo ensemble modeling
[15:44:46]    ! Additional projection required for ensemble models merging several pseudo-absence dataset...
[15:44:46] -=-=-=-=-=-=-=-=-=-=-=-=-= Do Single Models Projection -=-=-=-=-=-=-=-=-=-=-=-=-=
[15:44:47] 
[15:44:47] 	> Projecting Galium.anisophyllon_PA1_RUN1_GLM ...
[15:44:47] 	> Projecting Galium.anisophyllon_PA1_RUN1_GBM ...
[15:44:47] 	> Projecting Galium.anisophyllon_PA1_RUN1_ANN ...
[15:44:47] 	> Projecting Galium.anisophyllon_PA1_RUN1_FDA ...
[15:44:47] 	> Projecting Galium.anisophyllon_PA1_RUN1_MAXNET ...
[15:44:47] 	> Projecting Galium.anisophyllon_PA1_RUN2_GBM ...
[15:44:47] 	> Projecting Galium.anisophyllon_PA1_RUN2_ANN ...
[15:44:48] 	> Projecting Galium.anisophyllon_PA1_RUN2_FDA ...
[15:44:48] 	> Projecting Galium.anisophyllon_PA1_RUN2_GLM ...
[15:44:50] 	> Projecting Galium.anisophyllon_PA1_RUN2_MAXNET ...
[15:44:50] -=-=-=-=-=-=-=-=-=-=-=-=-=-=-=-=-=-= Done -=-=-=-=-=-=-=-=-=-=-=-=-=-=-=-=-=-=
[15:44:52] 
[15:44:52] -=-=-=-=-=-=-=-=-=-=-=-=-= Do Single Models Projection -=-=-=-=-=-=-=-=-=-=-=-=-=
[15:44:52] 
[15:44:52] 	> Projecting Galium.anisophyllon_PA2_RUN1_GLM ...
[15:44:52] 	> Projecting Galium.anisophyllon_PA2_RUN1_GBM ...
[15:44:52] 	> Projecting Galium.anisophyllon_PA2_RUN1_ANN ...
[15:44:52] 	> Projecting Galium.anisophyllon_PA2_RUN1_FDA ...
[15:44:52] 	> Projecting Galium.anisophyllon_PA2_RUN1_MAXNET ...
[15:44:52] 	> Projecting Galium.anisophyllon_PA2_RUN2_GBM ...
[15:44:52] 	> Projecting Galium.anisophyllon_PA2_RUN2_ANN ...
[15:44:53] 	> Projecting Galium.anisophyllon_PA2_RUN2_FDA ...
[15:44:53] 	> Projecting Galium.anisophyllon_PA2_RUN2_GLM ...
[15:44:55] 	> Projecting Galium.anisophyllon_PA2_RUN2_MAXNET ...
[15:44:55] -=-=-=-=-=-=-=-=-=-=-=-=-=-=-=-=-=-= Done -=-=-=-=-=-=-=-=-=-=-=-=-=-=-=-=-=-=
[15:44:57] 
[15:44:57] -=-=-=-=-=-=-=-=-=-=-=-=-= Do Single Models Projection -=-=-=-=-=-=-=-=-=-=-=-=-=
[15:44:57] 
[15:44:57] 	> Projecting Galium.anisophyllon_PA3_RUN1_GLM ...
[15:44:57] 	> Projecting Galium.anisophyllon_PA3_RUN1_GBM ...
[15:44:57] 	> Projecting Galium.anisophyllon_PA3_RUN1_ANN ...
[15:44:57] 	> Projecting Galium.anisophyllon_PA3_RUN1_FDA ...
[15:44:57] 	> Projecting Galium.anisophyllon_PA3_RUN1_MAXNET ...
[15:44:57] 	> Projecting Galium.anisophyllon_PA3_RUN2_GBM ...
[15:44:57] 	> Projecting Galium.anisophyllon_PA3_RUN2_ANN ...
[15:44:58] 	> Projecting Galium.anisophyllon_PA3_RUN2_FDA ...
[15:44:58] 	> Projecting Galium.anisophyllon_PA3_RUN2_GLM ...
[15:45:00] 	> Projecting Galium.anisophyllon_PA3_RUN2_MAXNET ...
[15:45:00] -=-=-=-=-=-=-=-=-=-=-=-=-=-=-=-=-=-= Done -=-=-=-=-=-=-=-=-=-=-=-=-=-=-=-=-=-=
[15:45:01] 
[15:45:01] 
[15:45:01] 
[15:45:01]    > Mean of probabilities by AUCroc ...
[15:45:01] 
[15:45:06]    > Coef of variation of probabilities by AUCroc ...
[15:45:08] 			Evaluating Model stuff...
[15:45:08] -=-=-=-=-=-=-=-=-=-=-=-=-=-=-=-=-=-= Done -=-=-=-=-=-=-=-=-=-=-=-=-=-=-=-=-=-=
[15:45:08] > end.time <- Sys.time()
[15:45:08] > time.modeling_EM <- end.time - start.time
[15:45:08] > 
[15:45:08] > ### Models evaluations
[15:45:08] > myBiomodModelEval <- get_evaluations(myBiomodModelOut)
[15:45:08] > myBiomodModelEval_ensamble <- get_evaluations(myBiomodEM)
[15:45:08] > 
[15:45:08] > nome <- paste0("Eval_", sp.names[i], ".txt", sep = "")
[15:45:08] > write.table(myBiomodModelEval, file = nome, sep = "\t")
[15:45:08] > 
[15:45:08] > nome1 <- paste0("Eval_EM_", sp.names[i], ".txt", sep = "")
[15:45:08] > write.table(myBiomodModelEval_ensamble, file = nome1, sep = "\t")
[15:45:08] > 
[15:45:08] > ###########################################################################
[15:45:08] > ######################      PROJECTION ON ALPS        #####################
[15:45:08] > ###########################################################################
[15:45:08] > 
[15:45:08] > ###########################################################################
[15:45:08] > ###########################           CURRENT   ###########################
[15:45:08] > ###########################################################################
[15:45:08] > 
[15:45:08] > # 5. Individual models projections on current environmental conditions
[15:45:08] > start.time <- Sys.time()
[15:45:08] > myBiomodProj <- BIOMOD_Projection(
[15:45:08] +   bm.mod = myBiomodModelOut,
[15:45:08] +   proj.name = "current",
[15:45:08] +   new.env = cur_proj,
[15:45:08] +   models.chosen = "all",
[15:45:08] +   build.clamping.mask = T,
[15:45:08] +   nb.cpu = n_cpu
[15:45:08] + )
[15:45:08] 
[15:45:08] -=-=-=-=-=-=-=-=-=-=-=-=-= Do Single Models Projection -=-=-=-=-=-=-=-=-=-=-=-=-=
[15:45:32] 
[15:45:32] 	> Building clamping mask
[15:46:36] 
[15:46:36] 	> Projecting Galium.anisophyllon_PA1_RUN1_GLM ...
[15:46:36] 	> Projecting Galium.anisophyllon_PA1_RUN1_GBM ...
[15:46:36] 	> Projecting Galium.anisophyllon_PA1_RUN1_ANN ...
[15:47:19] 	> Projecting Galium.anisophyllon_PA1_RUN1_FDA ...
[15:47:35] 	> Projecting Galium.anisophyllon_PA1_RUN1_MAXNET ...
[15:47:52] 	> Projecting Galium.anisophyllon_PA1_RUN2_ANN ...
[15:48:07] 	> Projecting Galium.anisophyllon_PA1_RUN2_GBM ...
[15:48:44] 	> Projecting Galium.anisophyllon_PA1_RUN2_FDA ...
[15:48:56] 	> Projecting Galium.anisophyllon_PA2_RUN1_GBM ...
[15:49:55] 	> Projecting Galium.anisophyllon_PA2_RUN1_ANN ...
[16:01:13] 	> Projecting Galium.anisophyllon_PA2_RUN2_GBM ...
[16:01:55] 	> Projecting Galium.anisophyllon_PA1_RUN2_GLM ...
[16:02:30] 	> Projecting Galium.anisophyllon_PA1_RUN2_MAXNET ...
[16:02:45] 	> Projecting Galium.anisophyllon_PA2_RUN1_GLM ...
[16:03:07] 	> Projecting Galium.anisophyllon_PA2_RUN1_FDA ...
[16:03:35] 	> Projecting Galium.anisophyllon_PA2_RUN1_MAXNET ...
[16:03:37] 	> Projecting Galium.anisophyllon_PA2_RUN2_ANN ...
[16:03:53] 	> Projecting Galium.anisophyllon_PA2_RUN2_GLM ...
[16:04:13] 	> Projecting Galium.anisophyllon_PA2_RUN2_FDA ...
[16:04:31] 	> Projecting Galium.anisophyllon_PA2_RUN2_MAXNET ...
[16:04:40] 	> Projecting Galium.anisophyllon_PA3_RUN1_GBM ...
[16:04:44] 	> Projecting Galium.anisophyllon_PA3_RUN1_ANN ...
[16:05:02] 	> Projecting Galium.anisophyllon_PA3_RUN1_GLM ...
[16:05:22] 	> Projecting Galium.anisophyllon_PA3_RUN1_FDA ...
[16:05:34] 	> Projecting Galium.anisophyllon_PA3_RUN1_MAXNET ...
[16:05:48] 	> Projecting Galium.anisophyllon_PA3_RUN2_GBM ...
[16:06:15] 	> Projecting Galium.anisophyllon_PA3_RUN2_ANN ...
[16:19:28] 	> Projecting Galium.anisophyllon_PA3_RUN2_FDA ...
[16:20:03] 	> Projecting Galium.anisophyllon_PA3_RUN2_GLM ...
[16:25:00] 	> Projecting Galium.anisophyllon_PA3_RUN2_MAXNET ...
[16:25:00] -=-=-=-=-=-=-=-=-=-=-=-=-=-=-=-=-=-= Done -=-=-=-=-=-=-=-=-=-=-=-=-=-=-=-=-=-=
[16:25:00] > end.time <- Sys.time()
[16:25:00] > time.cur_proj <- end.time - start.time
[16:25:00] > 
[16:25:00] > # 6. Project ensemble models (reuse bm.proj to avoid internal re-projection)
[16:25:00] > start.time <- Sys.time()
[16:25:00] > myBiomodEMProj <- BIOMOD_EnsembleForecasting(
[16:25:00] +   bm.em = myBiomodEM,
[16:25:00] +   bm.proj = myBiomodProj, # reuse computed projection; biomod2 wants XOR(bm.proj, new.env)
[16:25:00] +   proj.name = "CurrentEM",
[16:25:00] +   models.chosen = "all",
[16:25:00] +   metric.binary = "all",
[16:25:00] +   metric.filter = "all",
[16:25:00] +   nb.cpu = 1
[16:25:00] + )
[16:25:00] 
[16:25:00] -=-=-=-=-=-=-=-=-=-=-=-= Do Ensemble Models Projection -=-=-=-=-=-=-=-=-=-=-=-=
[16:25:00] 
[16:25:00] Creating suitable Workdir...
[16:25:35] 
[16:25:36] 	> Projecting Galium.anisophyllon_EMmeanByAUCroc_mergedData_mergedRun_mergedAlgo ...
[16:42:38] 	> Projecting Galium.anisophyllon_EMcvByAUCroc_mergedData_mergedRun_mergedAlgo ...
[16:42:38] 
[16:42:38] ! Binary/Filtered transformation automatically desactivated for ensemble models with coefficient of variation or confidence intervals
[16:42:44] 	> Building TSS binaries / filtered
[16:42:51] 	> Building AUCroc binaries / filtered
[16:42:57] 	> Building KAPPA binaries / filtered
[16:43:06] 
[16:43:06] -=-=-=-=-=-=-=-=-=-=-=-=-=-=-=-=-=-= Done -=-=-=-=-=-=-=-=-=-=-=-=-=-=-=-=-=-=
[16:43:06] > end.time <- Sys.time()
[16:43:06] > time.cur_proj_EM <- end.time - start.time
[16:43:06] > 
[16:43:06] > ###########################################################################
[16:43:06] > #######################################   FUTURE     ######################
[16:43:06] > ###########################################################################
[16:43:06] > 
[16:43:06] > ## Number of future projections
[16:43:06] > nf <- length(lf)
[16:43:06] > 
[16:43:06] > start.time <- Sys.time()
[16:43:06] > for (k in 1:nf) {
[16:43:06] +   name <- lf[k]
[16:43:06] +   cat("\n\nDEBUG: Processing future scenario", k, "of", nf, ":", name, "\n")
[16:43:06] + 
[16:43:06] +   fut_files <- dir(lf[k], full.names = T)
[16:43:06] +   fut1 <- rast(fut_files)
[16:43:06] +   cat("DEBUG: Raster loaded, ncell =", ncell(fut1), ", hasValues =", hasValues(fut1), "\n")
[16:43:06] + 
[16:43:06] +   fut <- fut1
[16:43:06] +   fut_proj <- c(fut[[1]], fut[[2]], tri_proj, soil_proj[[1]], soil_proj[[2]])
[16:43:06] +   names(fut_proj) <- c("PC1_clim", "PC2_clim", "tri", "PC1_soil", "PC2_soil")
[16:43:06] + 
[16:43:06] +   # path-depth independent: <gcm>/<ssp> are the last two path components
[16:43:06] +   nm1 <- strsplit(name, "/")[[1]]
[16:43:06] +   nm <- paste0(nm1[length(nm1) - 1], "_", nm1[length(nm1)])
[16:43:06] +   nm2 <- paste0("futureEM_", nm1[length(nm1) - 1], "_", nm1[length(nm1)])
[16:43:06] + 
[16:43:06] +   # 5. Individual models projections on future environmental conditions
[16:43:06] +   myBiomodProj_fut <- BIOMOD_Projection(
[16:43:06] +     bm.mod = myBiomodModelOut,
[16:43:06] +     proj.name = nm,
[16:43:06] +     new.env = fut_proj,
[16:43:06] +     models.chosen = "all",
[16:43:06] +     build.clamping.mask = T,
[16:43:06] +     nb.cpu = n_cpu
[16:43:06] +   )
[16:43:06] + 
[16:43:06] +   myBiomodEMProj_fut <- BIOMOD_EnsembleForecasting(
[16:43:06] +     bm.em = myBiomodEM,
[16:43:06] +     bm.proj = myBiomodProj_fut, # reuse computed projection; biomod2 wants XOR(bm.proj, new.env)
[16:43:06] +     proj.name = nm2,
[16:43:06] +     models.chosen = "all",
[16:43:06] +     metric.binary = "all",
[16:43:06] +     metric.filter = "all",
[16:43:06] +     nb.cpu = 1
[16:43:06] +   )
[16:43:06] + }
[16:43:06] 
[16:43:06] 
[16:43:06] DEBUG: Processing future scenario 1 of 8 : /work/data/input/climate_vars/future/gfdl.esm4/ssp370 
[16:43:06] DEBUG: Raster loaded, ncell = 63951097 , hasValues = TRUE 
[16:43:06] 
[16:43:06] -=-=-=-=-=-=-=-=-=-=-=-=-= Do Single Models Projection -=-=-=-=-=-=-=-=-=-=-=-=-=
[16:43:30] 
[16:43:30] 	> Building clamping mask
[16:44:35] 
[16:44:35] 	> Projecting Galium.anisophyllon_PA1_RUN1_GLM ...
[16:44:35] 	> Projecting Galium.anisophyllon_PA1_RUN1_GBM ...
[16:44:36] 	> Projecting Galium.anisophyllon_PA1_RUN1_ANN ...
[16:45:17] 	> Projecting Galium.anisophyllon_PA1_RUN1_FDA ...
[16:45:35] 	> Projecting Galium.anisophyllon_PA1_RUN1_MAXNET ...
[16:45:45] 	> Projecting Galium.anisophyllon_PA1_RUN2_ANN ...
[16:46:07] 	> Projecting Galium.anisophyllon_PA1_RUN2_GBM ...
[16:46:37] 	> Projecting Galium.anisophyllon_PA1_RUN2_FDA ...
[16:47:00] 	> Projecting Galium.anisophyllon_PA2_RUN1_GBM ...
[16:47:50] 	> Projecting Galium.anisophyllon_PA2_RUN1_ANN ...
[16:58:53] 	> Projecting Galium.anisophyllon_PA2_RUN2_GBM ...
[16:59:34] 	> Projecting Galium.anisophyllon_PA1_RUN2_GLM ...
[17:00:04] 	> Projecting Galium.anisophyllon_PA1_RUN2_MAXNET ...
[17:00:25] 	> Projecting Galium.anisophyllon_PA2_RUN1_GLM ...
[17:00:41] 	> Projecting Galium.anisophyllon_PA2_RUN1_FDA ...
[17:01:12] 	> Projecting Galium.anisophyllon_PA2_RUN1_MAXNET ...
[17:01:22] 	> Projecting Galium.anisophyllon_PA2_RUN2_ANN ...
[17:01:30] 	> Projecting Galium.anisophyllon_PA2_RUN2_GLM ...
[17:01:58] 	> Projecting Galium.anisophyllon_PA2_RUN2_FDA ...
[17:02:11] 	> Projecting Galium.anisophyllon_PA2_RUN2_MAXNET ...
[17:02:13] 	> Projecting Galium.anisophyllon_PA3_RUN1_ANN ...
[17:02:16] 	> Projecting Galium.anisophyllon_PA3_RUN1_GLM ...
[17:02:44] 	> Projecting Galium.anisophyllon_PA3_RUN1_GBM ...
[17:02:51] 	> Projecting Galium.anisophyllon_PA3_RUN1_MAXNET ...
[17:03:11] 	> Projecting Galium.anisophyllon_PA3_RUN1_FDA ...
[17:03:37] 	> Projecting Galium.anisophyllon_PA3_RUN2_GBM ...
[17:03:42] 	> Projecting Galium.anisophyllon_PA3_RUN2_FDA ...
[17:16:57] 	> Projecting Galium.anisophyllon_PA3_RUN2_ANN ...
[17:17:24] 	> Projecting Galium.anisophyllon_PA3_RUN2_GLM ...
[17:22:15] 	> Projecting Galium.anisophyllon_PA3_RUN2_MAXNET ...
[17:22:15] -=-=-=-=-=-=-=-=-=-=-=-=-=-=-=-=-=-= Done -=-=-=-=-=-=-=-=-=-=-=-=-=-=-=-=-=-=
[17:22:15] 
[17:22:15] -=-=-=-=-=-=-=-=-=-=-=-= Do Ensemble Models Projection -=-=-=-=-=-=-=-=-=-=-=-=
[17:22:15] 
[17:22:15] Creating suitable Workdir...
[17:22:51] 
[17:22:52] 	> Projecting Galium.anisophyllon_EMmeanByAUCroc_mergedData_mergedRun_mergedAlgo ...
[17:39:51] 	> Projecting Galium.anisophyllon_EMcvByAUCroc_mergedData_mergedRun_mergedAlgo ...
[17:39:51] 
[17:39:51] ! Binary/Filtered transformation automatically desactivated for ensemble models with coefficient of variation or confidence intervals
[17:39:58] 	> Building TSS binaries / filtered
[17:40:05] 	> Building AUCroc binaries / filtered
[17:40:11] 	> Building KAPPA binaries / filtered
[17:40:19] 
[17:40:19] -=-=-=-=-=-=-=-=-=-=-=-=-=-=-=-=-=-= Done -=-=-=-=-=-=-=-=-=-=-=-=-=-=-=-=-=-=
[17:40:19] 
[17:40:19] 
[17:40:19] DEBUG: Processing future scenario 2 of 8 : /work/data/input/climate_vars/future/gfdl.esm4/ssp585 
[17:40:19] DEBUG: Raster loaded, ncell = 63951097 , hasValues = TRUE 
[17:40:19] 
[17:40:19] -=-=-=-=-=-=-=-=-=-=-=-=-= Do Single Models Projection -=-=-=-=-=-=-=-=-=-=-=-=-=
[17:40:44] 
[17:40:44] 	> Building clamping mask
[17:41:49] 
[17:41:49] 	> Projecting Galium.anisophyllon_PA1_RUN1_GLM ...
[17:41:50] 	> Projecting Galium.anisophyllon_PA1_RUN1_GBM ...
[17:41:51] 	> Projecting Galium.anisophyllon_PA1_RUN1_ANN ...
[17:42:32] 	> Projecting Galium.anisophyllon_PA1_RUN1_FDA ...
[17:42:50] 	> Projecting Galium.anisophyllon_PA1_RUN1_MAXNET ...
[17:43:01] 	> Projecting Galium.anisophyllon_PA1_RUN2_ANN ...
[17:43:21] 	> Projecting Galium.anisophyllon_PA1_RUN2_GBM ...
[17:43:53] 	> Projecting Galium.anisophyllon_PA1_RUN2_FDA ...
[17:44:09] 	> Projecting Galium.anisophyllon_PA2_RUN1_GBM ...
[17:45:09] 	> Projecting Galium.anisophyllon_PA2_RUN1_ANN ...
[17:56:13] 	> Projecting Galium.anisophyllon_PA2_RUN2_GBM ...
[17:56:58] 	> Projecting Galium.anisophyllon_PA1_RUN2_GLM ...
[17:57:22] 	> Projecting Galium.anisophyllon_PA1_RUN2_MAXNET ...
[17:57:54] 	> Projecting Galium.anisophyllon_PA2_RUN1_GLM ...
[17:58:01] 	> Projecting Galium.anisophyllon_PA2_RUN1_FDA ...
[17:58:38] 	> Projecting Galium.anisophyllon_PA2_RUN1_MAXNET ...
[17:58:49] 	> Projecting Galium.anisophyllon_PA2_RUN2_GLM ...
[17:58:56] 	> Projecting Galium.anisophyllon_PA2_RUN2_ANN ...
[17:59:17] 	> Projecting Galium.anisophyllon_PA2_RUN2_FDA ...
[17:59:41] 	> Projecting Galium.anisophyllon_PA2_RUN2_MAXNET ...
[17:59:42] 	> Projecting Galium.anisophyllon_PA3_RUN1_GLM ...
[17:59:49] 	> Projecting Galium.anisophyllon_PA3_RUN1_GBM ...
[18:00:15] 	> Projecting Galium.anisophyllon_PA3_RUN1_ANN ...
[18:00:15] 	> Projecting Galium.anisophyllon_PA3_RUN1_MAXNET ...
[18:00:59] 	> Projecting Galium.anisophyllon_PA3_RUN1_FDA ...
[18:01:12] 	> Projecting Galium.anisophyllon_PA3_RUN2_GBM ...
[18:01:13] 	> Projecting Galium.anisophyllon_PA3_RUN2_ANN ...
[18:14:18] 	> Projecting Galium.anisophyllon_PA3_RUN2_FDA ...
[18:14:52] 	> Projecting Galium.anisophyllon_PA3_RUN2_GLM ...
[18:19:47] 	> Projecting Galium.anisophyllon_PA3_RUN2_MAXNET ...
[18:19:47] -=-=-=-=-=-=-=-=-=-=-=-=-=-=-=-=-=-= Done -=-=-=-=-=-=-=-=-=-=-=-=-=-=-=-=-=-=
[18:19:47] 
[18:19:47] -=-=-=-=-=-=-=-=-=-=-=-= Do Ensemble Models Projection -=-=-=-=-=-=-=-=-=-=-=-=
[18:19:47] 
[18:19:47] Creating suitable Workdir...
[18:20:24] 
[18:20:25] 	> Projecting Galium.anisophyllon_EMmeanByAUCroc_mergedData_mergedRun_mergedAlgo ...
[18:37:21] 	> Projecting Galium.anisophyllon_EMcvByAUCroc_mergedData_mergedRun_mergedAlgo ...
[18:37:21] 
[18:37:21] ! Binary/Filtered transformation automatically desactivated for ensemble models with coefficient of variation or confidence intervals
[18:37:28] 	> Building TSS binaries / filtered
[18:37:35] 	> Building AUCroc binaries / filtered
[18:37:41] 	> Building KAPPA binaries / filtered
[18:37:49] 
[18:37:49] -=-=-=-=-=-=-=-=-=-=-=-=-=-=-=-=-=-= Done -=-=-=-=-=-=-=-=-=-=-=-=-=-=-=-=-=-=
[18:37:49] 
[18:37:49] 
[18:37:49] DEBUG: Processing future scenario 3 of 8 : /work/data/input/climate_vars/future/ipsl.cm6a.lr/ssp370 
[18:37:49] DEBUG: Raster loaded, ncell = 63951097 , hasValues = TRUE 
[18:37:49] 
[18:37:49] -=-=-=-=-=-=-=-=-=-=-=-=-= Do Single Models Projection -=-=-=-=-=-=-=-=-=-=-=-=-=
[18:38:13] 
[18:38:13] 	> Building clamping mask
[18:39:17] 
[18:39:18] 	> Projecting Galium.anisophyllon_PA1_RUN1_GLM ...
[18:39:19] 	> Projecting Galium.anisophyllon_PA1_RUN1_GBM ...
[18:39:20] 	> Projecting Galium.anisophyllon_PA1_RUN1_ANN ...
[18:40:02] 	> Projecting Galium.anisophyllon_PA1_RUN1_FDA ...
[18:40:21] 	> Projecting Galium.anisophyllon_PA1_RUN1_MAXNET ...
[18:40:32] 	> Projecting Galium.anisophyllon_PA1_RUN2_ANN ...
[18:40:49] 	> Projecting Galium.anisophyllon_PA1_RUN2_GBM ...
[18:41:23] 	> Projecting Galium.anisophyllon_PA1_RUN2_FDA ...
[18:41:36] 	> Projecting Galium.anisophyllon_PA2_RUN1_GBM ...
[18:42:27] 	> Projecting Galium.anisophyllon_PA2_RUN1_ANN ...
[18:53:40] 	> Projecting Galium.anisophyllon_PA2_RUN2_GBM ...
[18:54:26] 	> Projecting Galium.anisophyllon_PA1_RUN2_GLM ...
[18:54:57] 	> Projecting Galium.anisophyllon_PA1_RUN2_MAXNET ...
[18:55:21] 	> Projecting Galium.anisophyllon_PA2_RUN1_GLM ...
[18:55:35] 	> Projecting Galium.anisophyllon_PA2_RUN1_FDA ...
[18:56:15] 	> Projecting Galium.anisophyllon_PA2_RUN1_MAXNET ...
[18:56:19] 	> Projecting Galium.anisophyllon_PA2_RUN2_ANN ...
[18:56:29] 	> Projecting Galium.anisophyllon_PA2_RUN2_GLM ...
[18:56:58] 	> Projecting Galium.anisophyllon_PA2_RUN2_FDA ...
[18:57:01] 	> Projecting Galium.anisophyllon_PA2_RUN2_MAXNET ...
[18:57:19] 	> Projecting Galium.anisophyllon_PA3_RUN1_GLM ...
[18:57:25] 	> Projecting Galium.anisophyllon_PA3_RUN1_GBM ...
[18:57:33] 	> Projecting Galium.anisophyllon_PA3_RUN1_ANN ...
[18:57:57] 	> Projecting Galium.anisophyllon_PA3_RUN1_MAXNET ...
[18:58:29] 	> Projecting Galium.anisophyllon_PA3_RUN1_FDA ...
[18:58:35] 	> Projecting Galium.anisophyllon_PA3_RUN2_FDA ...
[18:58:53] 	> Projecting Galium.anisophyllon_PA3_RUN2_GBM ...
[19:12:04] 	> Projecting Galium.anisophyllon_PA3_RUN2_ANN ...
[19:12:43] 	> Projecting Galium.anisophyllon_PA3_RUN2_GLM ...
[19:17:36] 	> Projecting Galium.anisophyllon_PA3_RUN2_MAXNET ...
[19:17:36] -=-=-=-=-=-=-=-=-=-=-=-=-=-=-=-=-=-= Done -=-=-=-=-=-=-=-=-=-=-=-=-=-=-=-=-=-=
[19:17:36] 
[19:17:36] -=-=-=-=-=-=-=-=-=-=-=-= Do Ensemble Models Projection -=-=-=-=-=-=-=-=-=-=-=-=
[19:17:36] 
[19:17:36] Creating suitable Workdir...
[19:18:12] 
[19:18:13] 	> Projecting Galium.anisophyllon_EMmeanByAUCroc_mergedData_mergedRun_mergedAlgo ...
[19:35:30] 	> Projecting Galium.anisophyllon_EMcvByAUCroc_mergedData_mergedRun_mergedAlgo ...
[19:35:30] 
[19:35:30] ! Binary/Filtered transformation automatically desactivated for ensemble models with coefficient of variation or confidence intervals
[19:35:37] 	> Building TSS binaries / filtered
[19:35:43] 	> Building AUCroc binaries / filtered
[19:35:50] 	> Building KAPPA binaries / filtered
[19:35:57] 
[19:35:57] -=-=-=-=-=-=-=-=-=-=-=-=-=-=-=-=-=-= Done -=-=-=-=-=-=-=-=-=-=-=-=-=-=-=-=-=-=
[19:35:57] 
[19:35:57] 
[19:35:57] DEBUG: Processing future scenario 4 of 8 : /work/data/input/climate_vars/future/ipsl.cm6a.lr/ssp585 
[19:35:57] DEBUG: Raster loaded, ncell = 63951097 , hasValues = TRUE 
[19:35:57] 
[19:35:57] -=-=-=-=-=-=-=-=-=-=-=-=-= Do Single Models Projection -=-=-=-=-=-=-=-=-=-=-=-=-=
[19:36:22] 
[19:36:22] 	> Building clamping mask
[19:37:31] 
[19:37:32] 	> Projecting Galium.anisophyllon_PA1_RUN1_GLM ...
[19:37:34] 	> Projecting Galium.anisophyllon_PA1_RUN1_GBM ...
[19:37:35] 	> Projecting Galium.anisophyllon_PA1_RUN1_ANN ...
[19:38:16] 	> Projecting Galium.anisophyllon_PA1_RUN1_FDA ...
[19:38:42] 	> Projecting Galium.anisophyllon_PA1_RUN1_MAXNET ...
[19:38:56] 	> Projecting Galium.anisophyllon_PA1_RUN2_ANN ...
[19:39:03] 	> Projecting Galium.anisophyllon_PA1_RUN2_GBM ...
[19:39:50] 	> Projecting Galium.anisophyllon_PA1_RUN2_FDA ...
[19:39:54] 	> Projecting Galium.anisophyllon_PA2_RUN1_GBM ...
[19:40:43] 	> Projecting Galium.anisophyllon_PA2_RUN1_ANN ...
[19:51:59] 	> Projecting Galium.anisophyllon_PA2_RUN2_GBM ...
[19:52:53] 	> Projecting Galium.anisophyllon_PA1_RUN2_GLM ...
[19:53:15] 	> Projecting Galium.anisophyllon_PA1_RUN2_MAXNET ...
[19:53:55] 	> Projecting Galium.anisophyllon_PA2_RUN1_GLM ...
[19:53:56] 	> Projecting Galium.anisophyllon_PA2_RUN1_FDA ...
[19:54:29] 	> Projecting Galium.anisophyllon_PA2_RUN1_MAXNET ...
[19:54:58] 	> Projecting Galium.anisophyllon_PA2_RUN2_GLM ...
[19:55:03] 	> Projecting Galium.anisophyllon_PA2_RUN2_FDA ...
[19:55:13] 	> Projecting Galium.anisophyllon_PA2_RUN2_ANN ...
[19:55:13] 	> Projecting Galium.anisophyllon_PA3_RUN1_GLM ...
[19:55:45] 	> Projecting Galium.anisophyllon_PA2_RUN2_MAXNET ...
[19:56:00] 	> Projecting Galium.anisophyllon_PA3_RUN1_MAXNET ...
[19:56:12] 	> Projecting Galium.anisophyllon_PA3_RUN1_ANN ...
[19:56:16] 	> Projecting Galium.anisophyllon_PA3_RUN1_FDA ...
[19:56:46] 	> Projecting Galium.anisophyllon_PA3_RUN1_GBM ...|---------|---------|---------|---------|==============
[19:57:03] 	> Projecting Galium.anisophyllon_PA3_RUN2_FDA ...===========================                                          
[19:57:13] 	> Projecting Galium.anisophyllon_PA3_RUN2_GBM ...
[20:10:58] 	> Projecting Galium.anisophyllon_PA3_RUN2_ANN ...
[20:11:35] 	> Projecting Galium.anisophyllon_PA3_RUN2_GLM ...
[20:16:28] 	> Projecting Galium.anisophyllon_PA3_RUN2_MAXNET ...
[20:16:28] -=-=-=-=-=-=-=-=-=-=-=-=-=-=-=-=-=-= Done -=-=-=-=-=-=-=-=-=-=-=-=-=-=-=-=-=-=
[20:16:28] 
[20:16:28] -=-=-=-=-=-=-=-=-=-=-=-= Do Ensemble Models Projection -=-=-=-=-=-=-=-=-=-=-=-=
[20:16:28] 
[20:16:28] Creating suitable Workdir...
[20:17:07] 
[20:17:09] 	> Projecting Galium.anisophyllon_EMmeanByAUCroc_mergedData_mergedRun_mergedAlgo ...
[20:34:05] 	> Projecting Galium.anisophyllon_EMcvByAUCroc_mergedData_mergedRun_mergedAlgo ...
[20:34:05] 
[20:34:05] ! Binary/Filtered transformation automatically desactivated for ensemble models with coefficient of variation or confidence intervals
[20:34:12] 	> Building TSS binaries / filtered
[20:34:18] 	> Building AUCroc binaries / filtered
[20:34:25] 	> Building KAPPA binaries / filtered
[20:34:32] 
[20:34:32] -=-=-=-=-=-=-=-=-=-=-=-=-=-=-=-=-=-= Done -=-=-=-=-=-=-=-=-=-=-=-=-=-=-=-=-=-=
[20:34:32] 
[20:34:32] 
[20:34:32] DEBUG: Processing future scenario 5 of 8 : /work/data/input/climate_vars/future/mpi.esm1.2.hr/ssp370 
[20:34:32] DEBUG: Raster loaded, ncell = 63951097 , hasValues = TRUE 
[20:34:32] 
[20:34:32] -=-=-=-=-=-=-=-=-=-=-=-=-= Do Single Models Projection -=-=-=-=-=-=-=-=-=-=-=-=-=
[20:34:58] 
[20:34:58] 	> Building clamping mask
[20:36:03] 
[20:36:04] 	> Projecting Galium.anisophyllon_PA1_RUN1_GLM ...
[20:36:05] 	> Projecting Galium.anisophyllon_PA1_RUN1_GBM ...
[20:36:07] 	> Projecting Galium.anisophyllon_PA1_RUN1_ANN ...
[20:36:47] 	> Projecting Galium.anisophyllon_PA1_RUN1_FDA ...
[20:37:07] 	> Projecting Galium.anisophyllon_PA1_RUN1_MAXNET ...
[20:37:19] 	> Projecting Galium.anisophyllon_PA1_RUN2_ANN ...
[20:37:35] 	> Projecting Galium.anisophyllon_PA1_RUN2_GBM ...
[20:38:09] 	> Projecting Galium.anisophyllon_PA1_RUN2_FDA ...
[20:38:30] 	> Projecting Galium.anisophyllon_PA2_RUN1_GBM ...
[20:39:22] 	> Projecting Galium.anisophyllon_PA2_RUN1_ANN ...
[20:50:32] 	> Projecting Galium.anisophyllon_PA2_RUN2_GBM ...
[20:51:19] 	> Projecting Galium.anisophyllon_PA1_RUN2_GLM ...
[20:51:41] 	> Projecting Galium.anisophyllon_PA1_RUN2_MAXNET ...
[20:52:18] 	> Projecting Galium.anisophyllon_PA2_RUN1_GLM ...
[20:52:18] 	> Projecting Galium.anisophyllon_PA2_RUN1_FDA ...
[20:52:57] 	> Projecting Galium.anisophyllon_PA2_RUN1_MAXNET ...
[20:53:15] 	> Projecting Galium.anisophyllon_PA2_RUN2_GLM ...
[20:53:15] 	> Projecting Galium.anisophyllon_PA2_RUN2_ANN ...
[20:53:36] 	> Projecting Galium.anisophyllon_PA2_RUN2_FDA ...
[20:54:06] 	> Projecting Galium.anisophyllon_PA2_RUN2_MAXNET ...
[20:54:13] 	> Projecting Galium.anisophyllon_PA3_RUN1_GLM ...
[20:54:21] 	> Projecting Galium.anisophyllon_PA3_RUN1_ANN ...
[20:54:37] 	> Projecting Galium.anisophyllon_PA3_RUN1_GBM ...
[20:54:42] 	> Projecting Galium.anisophyllon_PA3_RUN1_FDA ...
[20:55:27] 	> Projecting Galium.anisophyllon_PA3_RUN1_MAXNET ...|---------|---------|---------|---------|=========================================                                          
[20:55:43] 	> Projecting Galium.anisophyllon_PA3_RUN2_GBM ...
[20:55:44] 	> Projecting Galium.anisophyllon_PA3_RUN2_ANN ...
[21:09:17] 	> Projecting Galium.anisophyllon_PA3_RUN2_FDA ...
[21:09:55] 	> Projecting Galium.anisophyllon_PA3_RUN2_GLM ...
[21:14:51] 	> Projecting Galium.anisophyllon_PA3_RUN2_MAXNET ...
[21:14:51] -=-=-=-=-=-=-=-=-=-=-=-=-=-=-=-=-=-= Done -=-=-=-=-=-=-=-=-=-=-=-=-=-=-=-=-=-=
[21:14:51] 
[21:14:51] -=-=-=-=-=-=-=-=-=-=-=-= Do Ensemble Models Projection -=-=-=-=-=-=-=-=-=-=-=-=
[21:14:51] 
[21:14:51] Creating suitable Workdir...
[21:15:26] 
[21:15:27] 	> Projecting Galium.anisophyllon_EMmeanByAUCroc_mergedData_mergedRun_mergedAlgo ...
[21:33:20] 	> Projecting Galium.anisophyllon_EMcvByAUCroc_mergedData_mergedRun_mergedAlgo ...
[21:33:20] 
[21:33:20] ! Binary/Filtered transformation automatically desactivated for ensemble models with coefficient of variation or confidence intervals
[21:33:27] 	> Building TSS binaries / filtered
[21:33:33] 	> Building AUCroc binaries / filtered
[21:33:40] 	> Building KAPPA binaries / filtered
[21:33:47] 
[21:33:47] -=-=-=-=-=-=-=-=-=-=-=-=-=-=-=-=-=-= Done -=-=-=-=-=-=-=-=-=-=-=-=-=-=-=-=-=-=
[21:33:47] 
[21:33:47] 
[21:33:47] DEBUG: Processing future scenario 6 of 8 : /work/data/input/climate_vars/future/mpi.esm1.2.hr/ssp585 
[21:33:47] DEBUG: Raster loaded, ncell = 63951097 , hasValues = TRUE 
[21:33:47] 
[21:33:47] -=-=-=-=-=-=-=-=-=-=-=-=-= Do Single Models Projection -=-=-=-=-=-=-=-=-=-=-=-=-=
[21:34:12] 
[21:34:12] 	> Building clamping mask
[21:35:20] 
[21:35:22] 	> Projecting Galium.anisophyllon_PA1_RUN1_GLM ...
[21:35:23] 	> Projecting Galium.anisophyllon_PA1_RUN1_GBM ...
[21:35:25] 	> Projecting Galium.anisophyllon_PA1_RUN1_ANN ...
[21:36:10] 	> Projecting Galium.anisophyllon_PA1_RUN1_FDA ...
[21:36:33] 	> Projecting Galium.anisophyllon_PA1_RUN1_MAXNET ...
[21:36:45] 	> Projecting Galium.anisophyllon_PA1_RUN2_ANN ...
[21:37:06] 	> Projecting Galium.anisophyllon_PA1_RUN2_GBM ...
[21:37:46] 	> Projecting Galium.anisophyllon_PA1_RUN2_FDA ...
[21:38:14] 	> Projecting Galium.anisophyllon_PA2_RUN1_GBM ...
[21:39:19] 	> Projecting Galium.anisophyllon_PA2_RUN1_ANN ...
[21:49:41] 	> Projecting Galium.anisophyllon_PA2_RUN2_GBM ...
[21:50:26] 	> Projecting Galium.anisophyllon_PA1_RUN2_GLM ...
[21:51:19] 	> Projecting Galium.anisophyllon_PA1_RUN2_MAXNET ...
[21:51:19] 	> Projecting Galium.anisophyllon_PA2_RUN1_GLM ...
[21:51:58] 	> Projecting Galium.anisophyllon_PA2_RUN1_FDA ...
[21:52:13] 	> Projecting Galium.anisophyllon_PA2_RUN1_MAXNET ...
[21:52:34] 	> Projecting Galium.anisophyllon_PA2_RUN2_ANN ...
[21:52:59] 	> Projecting Galium.anisophyllon_PA2_RUN2_GLM ...
[21:53:15] 	> Projecting Galium.anisophyllon_PA2_RUN2_FDA ...|---------|---------|---------|---------|
[21:53:16] 	> Projecting Galium.anisophyllon_PA3_RUN1_GBM ...
[21:54:03] 	> Projecting Galium.anisophyllon_PA2_RUN2_MAXNET ...=========================================                                          
[21:54:13] 	> Projecting Galium.anisophyllon_PA3_RUN1_ANN ...
[21:54:14] 	> Projecting Galium.anisophyllon_PA3_RUN1_GLM ...
[21:54:53] 	> Projecting Galium.anisophyllon_PA3_RUN1_FDA ...|---------|---------|---------|---------|==============
[21:55:13] 	> Projecting Galium.anisophyllon_PA3_RUN1_MAXNET ...===========================                                          
[21:55:22] 	> Projecting Galium.anisophyllon_PA3_RUN2_GBM ...
[21:56:00] 	> Projecting Galium.anisophyllon_PA3_RUN2_ANN ...
[22:07:51] 	> Projecting Galium.anisophyllon_PA3_RUN2_FDA ...
[22:08:28] 	> Projecting Galium.anisophyllon_PA3_RUN2_GLM ...
[22:13:46] 	> Projecting Galium.anisophyllon_PA3_RUN2_MAXNET ...
[22:13:46] -=-=-=-=-=-=-=-=-=-=-=-=-=-=-=-=-=-= Done -=-=-=-=-=-=-=-=-=-=-=-=-=-=-=-=-=-=
[22:13:46] 
[22:13:46] -=-=-=-=-=-=-=-=-=-=-=-= Do Ensemble Models Projection -=-=-=-=-=-=-=-=-=-=-=-=
[22:13:46] 
[22:13:46] Creating suitable Workdir...
[22:14:22] 
[22:14:22] 	> Projecting Galium.anisophyllon_EMmeanByAUCroc_mergedData_mergedRun_mergedAlgo ...
[22:33:17] 	> Projecting Galium.anisophyllon_EMcvByAUCroc_mergedData_mergedRun_mergedAlgo ...
[22:33:17] 
[22:33:17] ! Binary/Filtered transformation automatically desactivated for ensemble models with coefficient of variation or confidence intervals
[22:33:25] 	> Building TSS binaries / filtered
[22:33:33] 	> Building AUCroc binaries / filtered
[22:33:40] 	> Building KAPPA binaries / filtered
[22:33:47] 
[22:33:47] -=-=-=-=-=-=-=-=-=-=-=-=-=-=-=-=-=-= Done -=-=-=-=-=-=-=-=-=-=-=-=-=-=-=-=-=-=
[22:33:47] 
[22:33:47] 
[22:33:47] DEBUG: Processing future scenario 7 of 8 : /work/data/input/climate_vars/future/mri.esm2.0/ssp370 
[22:33:48] DEBUG: Raster loaded, ncell = 63951097 , hasValues = TRUE 
[22:33:48] 
[22:33:48] -=-=-=-=-=-=-=-=-=-=-=-=-= Do Single Models Projection -=-=-=-=-=-=-=-=-=-=-=-=-=
[22:34:15] 
[22:34:15] 	> Building clamping mask
[22:35:29] 
[22:35:30] 	> Projecting Galium.anisophyllon_PA1_RUN1_GLM ...
[22:35:31] 	> Projecting Galium.anisophyllon_PA1_RUN1_GBM ...
[22:35:33] 	> Projecting Galium.anisophyllon_PA1_RUN1_ANN ...
[22:36:22] 	> Projecting Galium.anisophyllon_PA1_RUN1_FDA ...
[22:36:31] 	> Projecting Galium.anisophyllon_PA1_RUN1_MAXNET ...
[22:37:03] 	> Projecting Galium.anisophyllon_PA1_RUN2_ANN ...
[22:37:23] 	> Projecting Galium.anisophyllon_PA1_RUN2_GBM ...
[22:37:32] 	> Projecting Galium.anisophyllon_PA1_RUN2_FDA ...|---------|---------|---------|---------|
[22:38:35] 	> Projecting Galium.anisophyllon_PA2_RUN1_GBM ...=========================================                                          
[22:39:51] 	> Projecting Galium.anisophyllon_PA2_RUN1_ANN ...
[22:49:58] 	> Projecting Galium.anisophyllon_PA2_RUN2_GBM ...
[22:50:42] 	> Projecting Galium.anisophyllon_PA1_RUN2_GLM ...
[22:51:34] 	> Projecting Galium.anisophyllon_PA1_RUN2_MAXNET ...
[22:51:56] 	> Projecting Galium.anisophyllon_PA2_RUN1_FDA ...
[22:52:18] 	> Projecting Galium.anisophyllon_PA2_RUN1_GLM ...
[22:52:26] 	> Projecting Galium.anisophyllon_PA2_RUN2_GLM ...
[22:52:46] 	> Projecting Galium.anisophyllon_PA2_RUN2_ANN ...
[22:52:53] 	> Projecting Galium.anisophyllon_PA2_RUN1_MAXNET ...
[22:53:30] 	> Projecting Galium.anisophyllon_PA2_RUN2_MAXNET ...
[22:53:46] 	> Projecting Galium.anisophyllon_PA3_RUN1_GBM ...
[22:53:51] 	> Projecting Galium.anisophyllon_PA2_RUN2_FDA ...
[22:54:39] 	> Projecting Galium.anisophyllon_PA3_RUN1_FDA ...
[22:54:42] 	> Projecting Galium.anisophyllon_PA3_RUN1_ANN ...
[22:54:57] 	> Projecting Galium.anisophyllon_PA3_RUN2_ANN ...
[22:55:30] 	> Projecting Galium.anisophyllon_PA3_RUN1_GLM ...
[22:55:42] 	> Projecting Galium.anisophyllon_PA3_RUN1_MAXNET ...
[22:55:47] 	> Projecting Galium.anisophyllon_PA3_RUN2_GBM ...Error in sendMaster(try(lapply(X = S, FUN = FUN, ...), silent = TRUE)) : 
[22:55:47]   ignoring SIGPIPE signal
[22:55:47] Calls: BIOMOD_Projection ... <Anonymous> -> mclapply -> lapply -> FUN -> sendMaster
[22:56:24] 
[22:57:18] 	> Projecting Galium.anisophyllon_PA3_RUN2_FDA ...Error in sendMaster(try(lapply(X = S, FUN = FUN, ...), silent = TRUE)) : 
[22:57:18]   ignoring SIGPIPE signal
[22:57:18] Calls: BIOMOD_Projection ... <Anonymous> -> mclapply -> lapply -> FUN -> sendMaster
[23:08:20] 
[23:08:54] 	> Projecting Galium.anisophyllon_PA3_RUN2_GLM ...
[23:09:52] 	> Projecting Galium.anisophyllon_PA3_RUN2_MAXNET ...Error in sendMaster(try(lapply(X = S, FUN = FUN, ...), silent = TRUE)) : 
[23:09:52]   ignoring SIGPIPE signal
[23:09:52] Calls: BIOMOD_Projection ... <Anonymous> -> mclapply -> lapply -> FUN -> sendMaster
[23:10:23] Error in sendMaster(try(lapply(X = S, FUN = FUN, ...), silent = TRUE)) : 
[23:10:23]   ignoring SIGPIPE signal
[23:10:23] Calls: BIOMOD_Projection ... <Anonymous> -> mclapply -> lapply -> FUN -> sendMaster
slurmstepd: error: *** JOB 47510576 ON lrdn4731 CANCELLED AT 2026-06-22T09:19:55 ***
slurmstepd: error: Detected 1 oom_kill event in StepId=47510576.batch. Some of the step tasks have been OOM Killed.
