[09:43:15] > options(warn = 1) # stampa i warning quando accadono (non in blocco a fine run)
[09:43:15] > 
[09:43:15] > library(biomod2)
[09:43:19] biomod2 4.3-4-5 loaded.
[09:43:19]  /!\ Welcome to augmented biomod2 with abundance modeling available! (*o*)
[09:43:19]  Take a look at the HOME and NEWS section on the website to see all the features!
[09:43:19] 
[09:43:19] Loading required package: nnet
[09:43:19] Loading required package: rpart
[09:43:19] Loading required package: cito
[09:43:19] Warning in library(package, lib.loc = lib.loc, character.only = TRUE, logical.return = TRUE,  :
[09:43:19]   there is no package called ‘cito’
[09:43:19] Loading required package: mda
[09:43:19] Loading required package: class
[09:43:19] Loaded mda 0.5-5
[09:43:19] 
[09:43:19] Loading required package: gam
[09:43:19] Loading required package: splines
[09:43:19] Loading required package: foreach
[09:43:19] Loaded gam 1.22-7
[09:43:19] 
[09:43:19] Loading required package: mgcv
[09:43:19] Loading required package: nlme
[09:43:19] This is mgcv 1.9-4. For overview type '?mgcv'.
[09:43:19] 
[09:43:19] Attaching package: ‘mgcv’
[09:43:19] 
[09:43:19] The following objects are masked from ‘package:gam’:
[09:43:19] 
[09:43:19]     gam, gam.control, gam.fit, s
[09:43:19] 
[09:43:19] The following object is masked from ‘package:nnet’:
[09:43:19] 
[09:43:19]     multinom
[09:43:19] 
[09:43:19] Loading required package: gbm
[09:43:19] Loaded gbm 2.2.3
[09:43:19] This version of gbm is no longer under development. Consider transitioning to gbm3, https://github.com/gbm-developers/gbm3
[09:43:19] Loading required package: earth
[09:43:19] Loading required package: Formula
[09:43:19] Loading required package: plotmo
[09:43:19] Loading required package: plotrix
[09:43:19] Loading required package: maxnet
[09:43:19] Loading required package: randomForest
[09:43:19] randomForest 4.7-1.2
[09:43:19] Type rfNews() to see new features/changes/bug fixes.
[09:43:19] Loading required package: xgboost
[09:43:19] > library(terra)
[09:43:19] terra 1.9.11
[09:43:19] 
[09:43:19] Attaching package: ‘terra’
[09:43:19] 
[09:43:19] The following object is masked from ‘package:plotrix’:
[09:43:19] 
[09:43:19]     rescale
[09:43:19] 
[09:43:19] > library(gbm)
[09:43:19] > library(mda)
[09:43:19] > library(randomForest)
[09:43:19] > 
[09:43:19] > # NOTE: makeCluster/registerDoParallel removed - hangs inside Singularity container.
[09:43:19] > 
[09:43:19] > root <- normalizePath(".")
[09:43:19] > in_dir <- file.path(root, "data/input")
[09:43:19] > out_dir <- file.path(root, "data/output")
[09:43:19] > dir.create(out_dir, showWarnings = FALSE)
[09:43:19] > 
[09:43:19] > ####################################
[09:43:19] > # loading species occurrences data
[09:43:19] > ####################################
[09:43:19] > spocc <- read.csv(file.path(in_dir, "full_1km_EUNIS.csv"), head = TRUE)
[09:43:27] > spocc <- spocc[, -1] # drop id -> cols: sp_name, x, y, pseudo-absences
[09:43:27] > spocc$sp_name <- sub(" ", ".", spocc$sp_name)
[09:43:27] > sp.names <- levels(factor(spocc[, 1]))
[09:43:27] > num_sp <- length(sp.names)
[09:43:27] > cat("DEBUG: num_sp =", num_sp, "| total rows =", nrow(spocc), "\n")
[09:43:27] DEBUG: num_sp = 167 | total rows = 2583359 
[09:43:27] > 
[09:43:27] > #####################################
[09:43:27] > # CALIBRATION environmental data
[09:43:27] > #####################################
[09:43:27] > cat("DEBUG: loading calibration rasters...\n")
[09:43:27] DEBUG: loading calibration rasters...
[09:43:27] > clim_cal <- rast(dir(file.path(in_dir, "climate_vars/baseline"), full.names = T))
[09:43:28] > tri_cal <- rast(dir(file.path(in_dir, "TRI_vars"), full.names = T))
[09:43:28] > soil_cal <- rast(dir(file.path(in_dir, "soil_vars"), full.names = T))
[09:43:28] > cur_cal <- c(clim_cal, tri_cal, soil_cal)
[09:43:28] > names(cur_cal) <- c("PC1_clim", "PC2_clim", "tri", "PC1_soil", "PC2_soil")
[09:43:28] > cat("DEBUG: raster dim =", dim(cur_cal)[1], "x", dim(cur_cal)[2], "| ncell =", ncell(cur_cal), "\n")
[09:43:28] DEBUG: raster dim = 5873 x 10889 | ncell = 63951097 
[09:43:28] > 
[09:43:28] > #####################################
[09:43:28] > # PROJECTION environmental data
[09:43:28] > #####################################
[09:43:28] > clim_proj <- rast(dir(file.path(in_dir, "climate_vars/baseline"), full.names = T))
[09:43:28] > tri_proj <- rast(dir(file.path(in_dir, "TRI_vars"), full.names = T))
[09:43:28] > soil_proj <- rast(dir(file.path(in_dir, "soil_vars"), full.names = T))
[09:43:28] > cur_proj <- c(clim_proj, tri_proj, soil_proj)
[09:43:28] > names(cur_proj) <- c("PC1_clim", "PC2_clim", "tri", "PC1_soil", "PC2_soil")
[09:43:28] > 
[09:43:28] > #####################################
[09:43:28] > # loading FUTURE list (leaf dirs containing tif)
[09:43:28] > #####################################
[09:43:28] > lf <- list.dirs(file.path(in_dir, "climate_vars/future"), full.names = T, recursive = T)[-1]
[09:43:28] > lf <- lf[sapply(lf, function(d) length(list.files(d, pattern = "\\.tif$")) > 0)]
[09:43:28] > cat("DEBUG: testing with", length(lf), "future scenarios\n")
[09:43:28] DEBUG: testing with 8 future scenarios
[09:43:28] > 
[09:43:28] > # outputs (biomod2 writes species folders into the working dir)
[09:43:28] > setwd(out_dir)
[09:43:28] > 
[09:43:28] > pb <- txtProgressBar(min = 0, max = num_sp, style = 3, width = 50, char = "=")
[09:43:28]   |                                                          |                                                  |   0%> 
[09:43:28] > selModels <- c("GLM", "GBM", "ANN", "FDA", "MAXNET")
[09:43:28] > 
[09:43:28] > # SLURM array task -> one species from the test set (size-spread: large/median/small)
[09:43:28] > test_species <- c("Potentilla.erecta", "Galium.anisophyllon", "Festuca.glauca")
[09:43:28] > k <- as.integer(Sys.getenv("SLURM_ARRAY_TASK_ID", "1"))
[09:43:28] > i <- match(test_species[k], sp.names)
[09:43:28] > spocc1 <- subset(spocc, spocc[, 1] == sp.names[i])
[09:43:28] > cat("DEBUG: array task", k, "-> species =", sp.names[i], "| occurrences =", nrow(spocc1), "\n")
[09:43:28] DEBUG: array task 2 -> species = Galium.anisophyllon | occurrences = 5936 
[09:43:28] > 
[09:43:28] > # parallel fork count for Modeling + Projection only. EnsembleForecasting stays nb.cpu=1.
[09:43:28] > # Small datasets (<50k occ) trigger mclapply SIGPIPE race conditions at n_cpu>1 (job 47510573_2/_3).
[09:43:28] > # Use n_cpu=1 for small species to avoid the forking bug.
[09:43:28] > n_cpu <- if (nrow(spocc1) >= 50000) 4L else 1L
[09:43:28] > cat("DEBUG: n_cpu =", n_cpu, "(threshold 50k)\n")
[09:43:28] DEBUG: n_cpu = 1 (threshold 50k)
[09:43:28] > 
[09:43:28] > # per-species output wipe (array-safe: only this task's species dir, not sibling tasks')
[09:43:28] > unlink(file.path(out_dir, sp.names[i]), recursive = TRUE)
[09:43:29] > 
[09:43:29] > ###########################################################################
[09:43:29] > ######################     CALIBRATION ON EUROPE      #####################
[09:43:29] > ###########################################################################
[09:43:29] > 
[09:43:29] > start.time <- Sys.time()
[09:43:29] > myRespName <- paste(sp.names[i], sep = ".")
[09:43:29] > myRespXY <- spocc1[, 2:3] # coordinates of points
[09:43:29] > myResp <- rep(1, nrow(spocc1)) # species occurences
[09:43:29] > 
[09:43:29] > cat("DEBUG: starting BIOMOD_FormatingData at", format(Sys.time(), "%H:%M:%S"), "\n")
[09:43:29] DEBUG: starting BIOMOD_FormatingData at 09:43:29 
[09:43:29] > flush.console()
[09:43:29] > 
[09:43:29] > # 1. Formatting Data
[09:43:29] > myBiomodData <- BIOMOD_FormatingData(
[09:43:29] +   resp.var = myResp,
[09:43:29] +   expl.var = cur_cal,
[09:43:29] +   resp.xy = myRespXY,
[09:43:29] +   resp.name = myRespName,
[09:43:29] +   PA.nb.rep = 3,
[09:43:29] +   PA.nb.absences = 10000, # production value (was toy 10); grows modeling only, projection unchanged
[09:43:29] +   PA.strategy = "random",
[09:43:29] +   na.rm = TRUE,
[09:43:29] +   filter.raster = F
[09:43:29] + )
[09:43:29] 
[09:43:29] -=-=-=-=-=-=-=-=-=-=-= Galium.anisophyllon Data Formating -=-=-=-=-=-=-=-=-=-=-=
[09:43:29] 
[09:43:29] 
[09:43:29] Checking Pseudo-absence selection arguments...
[09:43:29] 
[09:43:29]    > random pseudo absences selection
[10:28:24]    > Pseudo absences are selected in explanatory variables
[10:28:24] 
[10:28:36]  ! Some NAs have been automatically removed from your data
[10:28:36] -=-=-=-=-=-=-=-=-=-=-=-=-=-=-=-=-=-= Done -=-=-=-=-=-=-=-=-=-=-=-=-=-=-=-=-=-=
[10:28:36] > 
[10:28:36] > cat("DEBUG: BIOMOD_FormatingData done at", format(Sys.time(), "%H:%M:%S"), "\n")
[10:28:36] DEBUG: BIOMOD_FormatingData done at 10:28:36 
[10:28:36] > end.time <- Sys.time()
[10:28:36] > time.formating <- end.time - start.time
[10:28:36] > 
[10:28:36] > start.time <- Sys.time()
[10:28:36] > # 2. Defining Models Options (bigboss preset)
[10:28:36] > opt.b <- bm_ModelingOptions(
[10:28:36] +   data.type = "binary",
[10:28:36] +   models = selModels,
[10:28:36] +   strategy = "bigboss",
[10:28:36] +   bm.format = myBiomodData
[10:28:36] + )
[10:28:36] 
[10:28:36] -=-=-=-=-=-=-=-=-=-=-=-=-=-= Build Modeling Options -=-=-=-=-=-=-=-=-=-=-=-=-=-=
[10:28:36] 
[10:28:36] 	>  GLM options ( datatype: binary , package: stats , function: glm )...
[10:28:36] 	>  GBM options ( datatype: binary , package: gbm , function: gbm )...
[10:28:36] 	>  ANN options ( datatype: binary , package: nnet , function: nnet )...
[10:28:36] 	>  FDA options ( datatype: binary , package: mda , function: fda )...
[10:28:36] 	>  MAXNET options ( datatype: binary , package: maxnet , function: maxnet )...
[10:28:36] 
[10:28:36] -=-=-=-=-=-=-=-=-=-=-=-=-=-=-=-=-=-= Done -=-=-=-=-=-=-=-=-=-=-=-=-=-=-=-=-=-=
[10:28:36] > 
[10:28:36] > # 3. Computing the models
[10:28:36] > myBiomodModelOut <- BIOMOD_Modeling(
[10:28:36] +   myBiomodData,
[10:28:36] +   models = selModels,
[10:28:36] +   CV.strategy = "random",
[10:28:36] +   CV.nb.rep = 2, # DEBUG: reduced from 5
[10:28:36] +   CV.perc = 0.7,
[10:28:36] +   OPT.strategy = "bigboss",
[10:28:36] +   metric.eval = c("TSS", "AUCroc", "KAPPA", "POD", "FAR"),
[10:28:36] +   scale.models = FALSE,
[10:28:36] +   CV.do.full.models = FALSE,
[10:28:36] +   nb.cpu = n_cpu,
[10:28:36] +   do.progress = T
[10:28:36] + )
[10:28:36] 
[10:28:36] -=-=-=-=-=-=-=-=-=-=-=-=-=-=-= Build Single Models -=-=-=-=-=-=-=-=-=-=-=-=-=-=-=
[10:28:36] 
[10:28:36] 
[10:28:36] Checking Models arguments...
[10:28:36] 
[10:28:36] 	> Automatic weights creation to rise a 0.5 prevalence
[10:28:36] Creating suitable Workdir...
[10:28:39] 
[10:28:39] 
[10:28:39] Checking Cross-Validation arguments...
[10:28:39] 
[10:28:39]    > Random cross-validation selection
[10:28:39] 
[10:28:39] -=-=-=-=-=-=-=-=-=-=-=-=-=-= Build Modeling Options -=-=-=-=-=-=-=-=-=-=-=-=-=-=
[10:28:39] 
[10:28:39] 	>  GLM options ( datatype: binary , package: stats , function: glm )...
[10:28:39] 	>  GBM options ( datatype: binary , package: gbm , function: gbm )...
[10:28:39] 	>  ANN options ( datatype: binary , package: nnet , function: nnet )...
[10:28:39] 	>  FDA options ( datatype: binary , package: mda , function: fda )...
[10:28:39] 	>  MAXNET options ( datatype: binary , package: maxnet , function: maxnet )...
[10:28:39] 
[10:28:39] -=-=-=-=-=-=-=-=-=-=-=-=-=-=-=-=-=-= Done -=-=-=-=-=-=-=-=-=-=-=-=-=-=-=-=-=-=
[10:28:39] 
[10:28:39] 
[10:28:39] 
[10:28:39] -=-=-=-=-=-=-=-=-=-= Galium.anisophyllon Modeling Summary -=-=-=-=-=-=-=-=-=-=
[10:28:39] 
[10:28:39] > 5 environmental variables ( PC1_clim PC2_clim tri PC1_soil PC2_soil )
[10:28:39] 
[10:28:39] > Number of PA datasets : 3
[10:28:39] 
[10:28:39] > Number of calibration/validation splits : 2
[10:28:39] 
[10:28:39] > Algorithms selected : GLM GBM ANN FDA MAXNET
[10:28:39]  6 models for each algorithm
[10:28:39] 
[10:28:39] Total number of model runs: 30 
[10:28:39] 
[10:28:39] -=-=-=-=-=-=-=-=-=-=-=-=-=-=-=-=-=-=-=-=-=-=-=-=-=-=-=-=-=-=-=-=-=-=-=-=-=-=-=-=
[10:28:39] Warning: executing %dopar% sequentially: no parallel backend registered
[10:28:39] 
[10:28:39] 
[10:28:39] -=-=-=--=-=-=- Galium.anisophyllon_PA1_RUN1_GLM 
[10:28:39] Warning: glm.fit: fitted probabilities numerically 0 or 1 occurred
[10:28:39] 
[10:28:40] 	Evaluating Model stuff...
[10:28:40] 
[10:28:40] -=-=-=--=-=-=- Galium.anisophyllon_PA1_RUN1_GBM 
[10:28:40] CV: 1 
[10:28:47] CV: 2 
[10:28:53] CV: 3 
[10:29:11] 
[10:29:12] 	Evaluating Model stuff...
[10:29:12] 
[10:29:12] -=-=-=--=-=-=- Galium.anisophyllon_PA1_RUN1_ANN 
[10:29:13] 
[10:29:13] 	Model scaling...
[10:29:14] 	Evaluating Model stuff...
[10:29:14] 
[10:29:14] -=-=-=--=-=-=- Galium.anisophyllon_PA1_RUN1_FDA 
[10:29:14] 
[10:29:14] 	Model scaling...
[10:29:16] 	Evaluating Model stuff...
[10:29:16] 
[10:29:16] -=-=-=--=-=-=- Galium.anisophyllon_PA1_RUN1_MAXNET 
[10:29:58] 
[10:29:59] 	Evaluating Model stuff...Warning in max(calcStat, na.rm = TRUE) :
[10:29:59]   no non-missing arguments to max; returning -Inf
[10:29:59] 
[10:29:59] 
[10:29:59] -=-=-=--=-=-=- Galium.anisophyllon_PA1_RUN2_GLM 
[10:29:59] Warning: glm.fit: fitted probabilities numerically 0 or 1 occurred
[10:29:59] 
[10:30:01] 	Evaluating Model stuff...
[10:30:01] 
[10:30:01] -=-=-=--=-=-=- Galium.anisophyllon_PA1_RUN2_GBM 
[10:30:01] CV: 1 
[10:30:07] CV: 2 
[10:30:14] CV: 3 
[10:30:31] 
[10:30:32] 	Evaluating Model stuff...
[10:30:32] 
[10:30:32] -=-=-=--=-=-=- Galium.anisophyllon_PA1_RUN2_ANN 
[10:30:33] 
[10:30:33] 	Model scaling...
[10:30:34] 	Evaluating Model stuff...
[10:30:34] 
[10:30:34] -=-=-=--=-=-=- Galium.anisophyllon_PA1_RUN2_FDA 
[10:30:34] 
[10:30:34] 	Model scaling...
[10:30:36] 	Evaluating Model stuff...
[10:30:36] 
[10:30:36] -=-=-=--=-=-=- Galium.anisophyllon_PA1_RUN2_MAXNET 
[10:31:18] 
[10:31:19] 	Evaluating Model stuff...
[10:31:19] 
[10:31:19] -=-=-=--=-=-=- Galium.anisophyllon_PA2_RUN1_GLM 
[10:31:19] Warning: glm.fit: fitted probabilities numerically 0 or 1 occurred
[10:31:19] 
[10:31:20] 	Evaluating Model stuff...
[10:31:20] 
[10:31:20] -=-=-=--=-=-=- Galium.anisophyllon_PA2_RUN1_GBM 
[10:31:20] CV: 1 
[10:31:27] CV: 2 
[10:31:33] CV: 3 
[10:31:51] 
[10:31:52] 	Evaluating Model stuff...
[10:31:52] 
[10:31:52] -=-=-=--=-=-=- Galium.anisophyllon_PA2_RUN1_ANN 
[10:31:52] 
[10:31:52] 	Model scaling...
[10:31:54] 	Evaluating Model stuff...
[10:31:54] 
[10:31:54] -=-=-=--=-=-=- Galium.anisophyllon_PA2_RUN1_FDA 
[10:31:54] 
[10:31:54] 	Model scaling...
[10:31:55] 	Evaluating Model stuff...
[10:31:55] 
[10:31:55] -=-=-=--=-=-=- Galium.anisophyllon_PA2_RUN1_MAXNET 
[10:32:37] 
[10:32:38] 	Evaluating Model stuff...Warning in max(calcStat, na.rm = TRUE) :
[10:32:38]   no non-missing arguments to max; returning -Inf
[10:32:38] 
[10:32:38] 
[10:32:38] -=-=-=--=-=-=- Galium.anisophyllon_PA2_RUN2_GLM 
[10:32:38] Warning: glm.fit: fitted probabilities numerically 0 or 1 occurred
[10:32:38] 
[10:32:40] 	Evaluating Model stuff...
[10:32:40] 
[10:32:40] -=-=-=--=-=-=- Galium.anisophyllon_PA2_RUN2_GBM 
[10:32:40] CV: 1 
[10:32:46] CV: 2 
[10:32:53] CV: 3 
[10:33:10] 
[10:33:11] 	Evaluating Model stuff...
[10:33:11] 
[10:33:11] -=-=-=--=-=-=- Galium.anisophyllon_PA2_RUN2_ANN 
[10:33:12] 
[10:33:12] 	Model scaling...
[10:33:13] 	Evaluating Model stuff...
[10:33:13] 
[10:33:13] -=-=-=--=-=-=- Galium.anisophyllon_PA2_RUN2_FDA 
[10:33:13] 
[10:33:13] 	Model scaling...
[10:33:15] 	Evaluating Model stuff...
[10:33:15] 
[10:33:15] -=-=-=--=-=-=- Galium.anisophyllon_PA2_RUN2_MAXNET 
[10:33:56] 
[10:33:58] 	Evaluating Model stuff...
[10:33:58] 
[10:33:58] -=-=-=--=-=-=- Galium.anisophyllon_PA3_RUN1_GLM 
[10:33:58] Warning: glm.fit: fitted probabilities numerically 0 or 1 occurred
[10:33:58] 
[10:33:59] 	Evaluating Model stuff...
[10:33:59] 
[10:33:59] -=-=-=--=-=-=- Galium.anisophyllon_PA3_RUN1_GBM 
[10:33:59] CV: 1 
[10:34:06] CV: 2 
[10:34:12] CV: 3 
[10:34:30] 
[10:34:31] 	Evaluating Model stuff...
[10:34:31] 
[10:34:31] -=-=-=--=-=-=- Galium.anisophyllon_PA3_RUN1_ANN 
[10:34:31] 
[10:34:31] 	Model scaling...
[10:34:33] 	Evaluating Model stuff...
[10:34:33] 
[10:34:33] -=-=-=--=-=-=- Galium.anisophyllon_PA3_RUN1_FDA 
[10:34:33] 
[10:34:33] 	Model scaling...
[10:34:34] 	Evaluating Model stuff...
[10:34:34] 
[10:34:34] -=-=-=--=-=-=- Galium.anisophyllon_PA3_RUN1_MAXNET 
[10:35:16] 
[10:35:18] 	Evaluating Model stuff...
[10:35:18] 
[10:35:18] -=-=-=--=-=-=- Galium.anisophyllon_PA3_RUN2_GLM 
[10:35:18] Warning: glm.fit: fitted probabilities numerically 0 or 1 occurred
[10:35:18] 
[10:35:19] 	Evaluating Model stuff...
[10:35:19] 
[10:35:19] -=-=-=--=-=-=- Galium.anisophyllon_PA3_RUN2_GBM 
[10:35:19] CV: 1 
[10:35:26] CV: 2 
[10:35:32] CV: 3 
[10:35:49] 
[10:35:51] 	Evaluating Model stuff...
[10:35:51] 
[10:35:51] -=-=-=--=-=-=- Galium.anisophyllon_PA3_RUN2_ANN 
[10:35:51] 
[10:35:51] 	Model scaling...
[10:35:52] 	Evaluating Model stuff...
[10:35:52] 
[10:35:52] -=-=-=--=-=-=- Galium.anisophyllon_PA3_RUN2_FDA 
[10:35:53] 
[10:35:53] 	Model scaling...
[10:35:54] 	Evaluating Model stuff...
[10:35:54] 
[10:35:54] -=-=-=--=-=-=- Galium.anisophyllon_PA3_RUN2_MAXNET 
[10:36:36] 
[10:36:38] 	Evaluating Model stuff...
[10:36:38] -=-=-=-=-=-=-=-=-=-=-=-=-=-=-=-=-=-= Done -=-=-=-=-=-=-=-=-=-=-=-=-=-=-=-=-=-=
[10:36:38] > end.time <- Sys.time()
[10:36:38] > time.modeling <- end.time - start.time
[10:36:38] > 
[10:36:38] > start.time <- Sys.time()
[10:36:38] > # 4. Model ensemble models
[10:36:38] > myBiomodEM <- BIOMOD_EnsembleModeling(
[10:36:38] +   bm.mod = myBiomodModelOut,
[10:36:38] +   models.chosen = "all",
[10:36:38] +   em.by = "all",
[10:36:38] +   em.algo = c("EMmean", "EMcv"),
[10:36:38] +   metric.select = c("AUCroc"),
[10:36:38] +   metric.select.thresh = c(0.6),
[10:36:38] +   metric.eval = c("TSS", "AUCroc", "KAPPA"),
[10:36:38] +   nb.cpu = 1
[10:36:38] + )
[10:36:38] 
[10:36:38] -=-=-=-=-=-=-=-=-=-=-=-=-=-= Build Ensemble Models -=-=-=-=-=-=-=-=-=-=-=-=-=-=
[10:36:38] 
[10:36:38]    ! all models available will be included in ensemble.modeling
[10:36:38]   ! Ensemble Models will be filtered and/or weighted using validation dataset (if possible). Please use `metric.select.dataset` for alternative options.
[10:36:38]    > Evaluation & Weighting methods summary :
[10:36:38]       AUCroc over 0.6
[10:36:39] 
[10:36:39] 
[10:36:43]   > mergedData_mergedRun_mergedAlgo ensemble modeling
[10:36:46]    ! Additional projection required for ensemble models merging several pseudo-absence dataset...
[10:36:46] -=-=-=-=-=-=-=-=-=-=-=-=-= Do Single Models Projection -=-=-=-=-=-=-=-=-=-=-=-=-=
[10:36:46] 
[10:36:46] 	> Projecting Galium.anisophyllon_PA1_RUN1_GLM ...
[10:36:47] 	> Projecting Galium.anisophyllon_PA1_RUN1_GBM ...
[10:36:47] 	> Projecting Galium.anisophyllon_PA1_RUN1_ANN ...
[10:36:47] 	> Projecting Galium.anisophyllon_PA1_RUN1_FDA ...
[10:36:47] 	> Projecting Galium.anisophyllon_PA1_RUN1_MAXNET ...
[10:36:47] 	> Projecting Galium.anisophyllon_PA1_RUN2_GLM ...
[10:36:48] 	> Projecting Galium.anisophyllon_PA1_RUN2_GBM ...
[10:36:48] 	> Projecting Galium.anisophyllon_PA1_RUN2_ANN ...
[10:36:48] 	> Projecting Galium.anisophyllon_PA1_RUN2_FDA ...
[10:36:49] 	> Projecting Galium.anisophyllon_PA1_RUN2_MAXNET ...
[10:36:49] -=-=-=-=-=-=-=-=-=-=-=-=-=-=-=-=-=-= Done -=-=-=-=-=-=-=-=-=-=-=-=-=-=-=-=-=-=
[10:36:52] 
[10:36:52] -=-=-=-=-=-=-=-=-=-=-=-=-= Do Single Models Projection -=-=-=-=-=-=-=-=-=-=-=-=-=
[10:36:52] 
[10:36:52] 	> Projecting Galium.anisophyllon_PA2_RUN1_GLM ...
[10:36:53] 	> Projecting Galium.anisophyllon_PA2_RUN1_GBM ...
[10:36:53] 	> Projecting Galium.anisophyllon_PA2_RUN1_ANN ...
[10:36:53] 	> Projecting Galium.anisophyllon_PA2_RUN1_FDA ...
[10:36:53] 	> Projecting Galium.anisophyllon_PA2_RUN1_MAXNET ...
[10:36:53] 	> Projecting Galium.anisophyllon_PA2_RUN2_GLM ...
[10:36:54] 	> Projecting Galium.anisophyllon_PA2_RUN2_GBM ...
[10:36:54] 	> Projecting Galium.anisophyllon_PA2_RUN2_ANN ...
[10:36:54] 	> Projecting Galium.anisophyllon_PA2_RUN2_FDA ...
[10:36:55] 	> Projecting Galium.anisophyllon_PA2_RUN2_MAXNET ...
[10:36:55] -=-=-=-=-=-=-=-=-=-=-=-=-=-=-=-=-=-= Done -=-=-=-=-=-=-=-=-=-=-=-=-=-=-=-=-=-=
[10:36:57] 
[10:36:57] -=-=-=-=-=-=-=-=-=-=-=-=-= Do Single Models Projection -=-=-=-=-=-=-=-=-=-=-=-=-=
[10:36:57] 
[10:36:57] 	> Projecting Galium.anisophyllon_PA3_RUN1_GLM ...
[10:36:58] 	> Projecting Galium.anisophyllon_PA3_RUN1_GBM ...
[10:36:58] 	> Projecting Galium.anisophyllon_PA3_RUN1_ANN ...
[10:36:58] 	> Projecting Galium.anisophyllon_PA3_RUN1_FDA ...
[10:36:58] 	> Projecting Galium.anisophyllon_PA3_RUN1_MAXNET ...
[10:36:59] 	> Projecting Galium.anisophyllon_PA3_RUN2_GLM ...
[10:37:00] 	> Projecting Galium.anisophyllon_PA3_RUN2_GBM ...
[10:37:00] 	> Projecting Galium.anisophyllon_PA3_RUN2_ANN ...
[10:37:00] 	> Projecting Galium.anisophyllon_PA3_RUN2_FDA ...
[10:37:01] 	> Projecting Galium.anisophyllon_PA3_RUN2_MAXNET ...
[10:37:01] -=-=-=-=-=-=-=-=-=-=-=-=-=-=-=-=-=-= Done -=-=-=-=-=-=-=-=-=-=-=-=-=-=-=-=-=-=
[10:37:02] 
[10:37:02] 
[10:37:02] 
[10:37:06]    > Mean of probabilities by AUCroc ...
[10:37:08] 			Evaluating Model stuff...
[10:37:08] 
[10:37:13]    > Coef of variation of probabilities by AUCroc ...
[10:37:13] -=-=-=-=-=-=-=-=-=-=-=-=-=-=-=-=-=-= Done -=-=-=-=-=-=-=-=-=-=-=-=-=-=-=-=-=-=
[10:37:13] > end.time <- Sys.time()
[10:37:13] > time.modeling_EM <- end.time - start.time
[10:37:13] > 
[10:37:13] > ### Models evaluations
[10:37:13] > myBiomodModelEval <- get_evaluations(myBiomodModelOut)
[10:37:13] > myBiomodModelEval_ensamble <- get_evaluations(myBiomodEM)
[10:37:13] > 
[10:37:13] > nome <- paste0("Eval_", sp.names[i], ".txt", sep = "")
[10:37:13] > write.table(myBiomodModelEval, file = nome, sep = "\t")
[10:37:13] > 
[10:37:13] > nome1 <- paste0("Eval_EM_", sp.names[i], ".txt", sep = "")
[10:37:13] > write.table(myBiomodModelEval_ensamble, file = nome1, sep = "\t")
[10:37:13] > 
[10:37:13] > ###########################################################################
[10:37:13] > ######################      PROJECTION ON ALPS        #####################
[10:37:13] > ###########################################################################
[10:37:13] > 
[10:37:13] > ###########################################################################
[10:37:13] > ###########################           CURRENT   ###########################
[10:37:13] > ###########################################################################
[10:37:13] > 
[10:37:13] > # 5. Individual models projections on current environmental conditions
[10:37:13] > start.time <- Sys.time()
[10:37:13] > myBiomodProj <- BIOMOD_Projection(
[10:37:13] +   bm.mod = myBiomodModelOut,
[10:37:13] +   proj.name = "current",
[10:37:13] +   new.env = cur_proj,
[10:37:13] +   models.chosen = "all",
[10:37:13] +   build.clamping.mask = T,
[10:37:13] +   nb.cpu = n_cpu
[10:37:13] + )
[10:37:13] 
[10:37:13] -=-=-=-=-=-=-=-=-=-=-=-=-= Do Single Models Projection -=-=-=-=-=-=-=-=-=-=-=-=-=
[10:37:36] 
[10:37:36] 	> Building clamping mask
[10:38:39] 
[10:39:19] 	> Projecting Galium.anisophyllon_PA1_RUN1_GLM ...
[10:54:18] 	> Projecting Galium.anisophyllon_PA1_RUN1_GBM ...
[10:55:18] 	> Projecting Galium.anisophyllon_PA1_RUN1_ANN ...
[10:56:13] 	> Projecting Galium.anisophyllon_PA1_RUN1_FDA ...
[10:57:03] 	> Projecting Galium.anisophyllon_PA1_RUN1_MAXNET ...
[10:57:36] 	> Projecting Galium.anisophyllon_PA1_RUN2_GLM ...
[11:12:30] 	> Projecting Galium.anisophyllon_PA1_RUN2_GBM ...
[11:13:32] 	> Projecting Galium.anisophyllon_PA1_RUN2_ANN ...
[11:14:22] 	> Projecting Galium.anisophyllon_PA1_RUN2_FDA ...
[11:15:11] 	> Projecting Galium.anisophyllon_PA1_RUN2_MAXNET ...
[11:15:47] 	> Projecting Galium.anisophyllon_PA2_RUN1_GLM ...
[11:30:18] 	> Projecting Galium.anisophyllon_PA2_RUN1_GBM ...
[11:31:13] 	> Projecting Galium.anisophyllon_PA2_RUN1_ANN ...
[11:31:53] 	> Projecting Galium.anisophyllon_PA2_RUN1_FDA ...
[11:32:37] 	> Projecting Galium.anisophyllon_PA2_RUN1_MAXNET ...
[11:33:09] 	> Projecting Galium.anisophyllon_PA2_RUN2_GLM ...
[11:47:43] 	> Projecting Galium.anisophyllon_PA2_RUN2_GBM ...
[11:48:41] 	> Projecting Galium.anisophyllon_PA2_RUN2_ANN ...
[11:49:26] 	> Projecting Galium.anisophyllon_PA2_RUN2_FDA ...
[11:50:05] 	> Projecting Galium.anisophyllon_PA2_RUN2_MAXNET ...
[11:50:38] 	> Projecting Galium.anisophyllon_PA3_RUN1_GLM ...
[12:05:20] 	> Projecting Galium.anisophyllon_PA3_RUN1_GBM ...
[12:06:09] 	> Projecting Galium.anisophyllon_PA3_RUN1_ANN ...
[12:06:49] 	> Projecting Galium.anisophyllon_PA3_RUN1_FDA ...
[12:07:29] 	> Projecting Galium.anisophyllon_PA3_RUN1_MAXNET ...
[12:08:07] 	> Projecting Galium.anisophyllon_PA3_RUN2_GLM ...
[12:22:31] 	> Projecting Galium.anisophyllon_PA3_RUN2_GBM ...
[12:23:25] 	> Projecting Galium.anisophyllon_PA3_RUN2_ANN ...
[12:24:10] 	> Projecting Galium.anisophyllon_PA3_RUN2_FDA ...
[12:29:00] 	> Projecting Galium.anisophyllon_PA3_RUN2_MAXNET ...
[12:29:00] -=-=-=-=-=-=-=-=-=-=-=-=-=-=-=-=-=-= Done -=-=-=-=-=-=-=-=-=-=-=-=-=-=-=-=-=-=
[12:29:00] > end.time <- Sys.time()
[12:29:00] > time.cur_proj <- end.time - start.time
[12:29:00] > 
[12:29:00] > # 6. Project ensemble models (reuse bm.proj to avoid internal re-projection)
[12:29:00] > start.time <- Sys.time()
[12:29:00] > myBiomodEMProj <- BIOMOD_EnsembleForecasting(
[12:29:00] +   bm.em = myBiomodEM,
[12:29:00] +   bm.proj = myBiomodProj, # reuse computed projection; biomod2 wants XOR(bm.proj, new.env)
[12:29:00] +   proj.name = "CurrentEM",
[12:29:00] +   models.chosen = "all",
[12:29:00] +   metric.binary = "all",
[12:29:00] +   metric.filter = "all",
[12:29:00] +   nb.cpu = 1
[12:29:00] + )
[12:29:00] 
[12:29:00] -=-=-=-=-=-=-=-=-=-=-=-= Do Ensemble Models Projection -=-=-=-=-=-=-=-=-=-=-=-=
[12:29:00] 
[12:29:00] Creating suitable Workdir...
[12:29:37] 
[12:39:11] 	> Projecting Galium.anisophyllon_EMmeanByAUCroc_mergedData_mergedRun_mergedAlgo ...
[12:54:41] 	> Projecting Galium.anisophyllon_EMcvByAUCroc_mergedData_mergedRun_mergedAlgo ...Error: [writeRaster] path does not exist
[12:54:41] Execution halted

real	191m31.307s
user	184m13.558s
sys	20m44.502s
